 ConEmu.x64

 Timestamp is 601f4ede (Sun Feb  7 03:22:22 2021)

 Preferred load address is 0000000180000000

 Start         Length     Name                   Class
 0001:00000000 00000010H .text$di                CODE
 0001:00000010 000310a0H .text$mn                CODE
 0001:000310b0 00000040H .text$mn$00             CODE
 0001:000310f0 000006f0H .text$x                 CODE
 0001:000317e0 0000003dH .text$yd                CODE
 0002:00000000 00000660H .idata$5                DATA
 0002:00000660 00000028H .00cfg                  DATA
 0002:00000688 00000008H .CRT$XCA                DATA
 0002:00000690 00000008H .CRT$XCU                DATA
 0002:00000698 00000008H .CRT$XCZ                DATA
 0002:000006a0 00000008H .CRT$XIA                DATA
 0002:000006a8 00000020H .CRT$XIC                DATA
 0002:000006c8 00000008H .CRT$XIZ                DATA
 0002:000006d0 00000008H .CRT$XLA                DATA
 0002:000006d8 00000008H .CRT$XLZ                DATA
 0002:000006e0 00000008H .CRT$XPA                DATA
 0002:000006e8 00000010H .CRT$XPX                DATA
 0002:000006f8 00000008H .CRT$XPXA               DATA
 0002:00000700 00000008H .CRT$XPZ                DATA
 0002:00000708 00000008H .CRT$XTA                DATA
 0002:00000710 00000010H .CRT$XTZ                DATA
 0002:00000718 00000000H .gehcont$y              DATA
 0002:00000718 00000000H .gfids$y                DATA
 0002:00000720 0000c5e0H .rdata                  DATA
 0002:0000cd00 00000000H .rdata$CastGuardVftablesA DATA
 0002:0000cd00 00000000H .rdata$CastGuardVftablesC DATA
 0002:0000cd00 00000028H .rdata$T                DATA
 0002:0000cd28 0000097cH .rdata$r                DATA
 0002:0000d6a4 0000040cH .rdata$zzzdbg           DATA
 0002:0000dab0 00000008H .rtc$IAA                DATA
 0002:0000dab8 00000008H .rtc$IZZ                DATA
 0002:0000dac0 00000008H .rtc$TAA                DATA
 0002:0000dac8 00000008H .rtc$TZZ                DATA
 0002:0000dad0 00000004H .tls                    DATA
 0002:0000dad4 00000004H .tls$                   DATA
 0002:0000dad8 00000008H .tls$ZZZ                DATA
 0002:0000dae0 00002670H .xdata                  DATA
 0002:00010150 00000260H .xdata$x                DATA
 0002:000103b0 000002e4H .edata                  DATA
 0002:00010694 00000064H .idata$2                DATA
 0002:000106f8 00000018H .idata$3                DATA
 0002:00010710 00000660H .idata$4                DATA
 0002:00010d70 00000e82H .idata$6                DATA
 0003:00000000 00000c80H .data                   DATA
 0003:00000c80 000001d0H .data$r                 DATA
 0003:00000e50 000002c0H .data$rs                DATA
 0003:00001110 0000bc30H .bss                    DATA
 0004:00000000 000028a4H .pdata                  DATA
 0005:00000000 00000100H _RDATA                  DATA
 0006:00000000 000000a0H .rsrc$01                DATA
 0006:000000a0 00000490H .rsrc$02                DATA

  Address         Publics by Value              Rva+Base               Lib:Object

 0000:00000000       ___safe_se_handler_table   0000000000000000     <absolute>
 0000:00000000       __arm64x_redirection_metadata 0000000000000000     <absolute>
 0000:00000000       __guard_iat_table          0000000000000000     <absolute>
 0000:00000000       __guard_longjmp_table      0000000000000000     <absolute>
 0000:00000000       __x64_code_ranges_to_entry_points 0000000000000000     <absolute>
 0000:00000000       __guard_iat_count          0000000000000000     <absolute>
 0000:00000000       __guard_longjmp_count      0000000000000000     <absolute>
 0000:00000000       __guard_fids_count         0000000000000000     <absolute>
 0000:00000000       __dynamic_value_reloc_table 0000000000000000     <absolute>
 0000:00000000       __x64_code_ranges_to_entry_points_count 0000000000000000     <absolute>
 0000:00000000       __arm64x_extra_rfe_table   0000000000000000     <absolute>
 0000:00000000       __hybrid_auxiliary_iat     0000000000000000     <absolute>
 0000:00000000       __hybrid_code_map          0000000000000000     <absolute>
 0000:00000000       __volatile_metadata        0000000000000000     <absolute>
 0000:00000000       __arm64x_extra_rfe_table_size 0000000000000000     <absolute>
 0000:00000000       ___safe_se_handler_count   0000000000000000     <absolute>
 0000:00000000       __AbsoluteZero             0000000000000000     <absolute>
 0000:00000000       __guard_fids_table         0000000000000000     <absolute>
 0000:00000000       __guard_eh_cont_count      0000000000000000     <absolute>
 0000:00000000       __arm64x_redirection_metadata_count 0000000000000000     <absolute>
 0000:00000000       __enclave_config           0000000000000000     <absolute>
 0000:00000000       __guard_eh_cont_table      0000000000000000     <absolute>
 0000:00000000       __arm64x_native_entrypoint 0000000000000000     <absolute>
 0000:00000000       __hybrid_code_map_count    0000000000000000     <absolute>
 0000:00000100       __guard_flags              0000000000000100     <absolute>
 0000:00000000       __ImageBase                0000000180000000     <linker-defined>
 0001:00000010       ??$swprintf_c@$0EA@@@YAHAEAY0EA@_WPEB_WZZ 0000000180001010 f i ConEmuInjects.obj
 0001:0000003c       ??$swprintf_c@$0IA@@@YAHAEAY0IA@_WPEB_WZZ 000000018000103c f i ConEmuInjects.obj
 0001:00000068       ??$swprintf_c@$0PP@@@YAHAEAY0PP@_WPEB_WZZ 0000000180001068 f i ConEmuInjects.obj
 0001:00000094       ?ShutdownHooks@@YAXXZ      0000000180001094 f   ConEmuInjects.obj
 0001:00000284       ?StartupConsoleHooks@@YAXXZ 0000000180001284 f   ConEmuInjects.obj
 0001:00000310       ?StartupHooks@@YA_NPEAUHINSTANCE__@@@Z 0000000180001310 f   ConEmuInjects.obj
 0001:000006f8       ?StringCchVPrintfW@@YAJPEA_W_KPEB_WPEAD@Z 00000001800016f8 f i ConEmuInjects.obj
 0001:0000079c       __local_stdio_printf_options 000000018000179c f i ConEmuInjects.obj
 0001:000007a4       ?ProcessSynchroEventW3@@YA_JPEAX@Z 00000001800017a4 f   ConEmuPlugin.obj
 0001:000007cc       ?ProcessEditorEventW3@@YA_JPEAX@Z 00000001800017cc f   ConEmuPlugin.obj
 0001:000007f4       ?ProcessViewerEventW3@@YA_JPEAX@Z 00000001800017f4 f   ConEmuPlugin.obj
 0001:0000081c       ?ExitFARW3@@YAXPEAX@Z      000000018000181c f   ConEmuPlugin.obj
 0001:00000874       ExitFARW                   0000000180001874 f   ConEmuPlugin.obj
 0001:000008cc       ?ProcessEditorEvent@@YAHHPEAX@Z 00000001800018cc f   ConEmuPlugin.obj
 0001:000008cc       ProcessEditorEventW        00000001800018cc f   ConEmuPlugin.obj
 0001:000008ec       ProcessSynchroEventW       00000001800018ec f   ConEmuPlugin.obj
 0001:00000918       ?ProcessViewerEvent@@YAHHPEAX@Z 0000000180001918 f   ConEmuPlugin.obj
 0001:00000918       ProcessViewerEventW        0000000180001918 f   ConEmuPlugin.obj
 0001:00000938       ?ActivateConsole@@YAHXZ    0000000180001938 f   ConEmuPlugin.obj
 0001:000009c8       ?ExitFAR@@YAXXZ            00000001800019c8 f   ConEmuPlugin.obj
 0001:00000a20       ?GetFarHWND2@@YAPEAUHWND__@@H@Z 0000000180001a20 f   ConEmuPlugin.obj
 0001:00000a8c       ?GetFarHWND@@YAPEAUHWND__@@XZ 0000000180001a8c f   ConEmuPlugin.obj
 0001:00000a94       ?GetFarVersion@@YAXPEAUFarVersion@@@Z 0000000180001a94 f   ConEmuPlugin.obj
 0001:00000ab0       ?GetMinFarVersion@@YAHXZ   0000000180001ab0 f   ConEmuPlugin.obj
 0001:00000ae0       ?GetPluginInfo@@YAXPEAX@Z  0000000180001ae0 f   ConEmuPlugin.obj
 0001:00000b34       ?GetPluginInfoW@@YAXPEAX@Z 0000000180001b34 f   ConEmuPlugin.obj
 0001:00000b54       ?IsConsoleActive@@YAHXZ    0000000180001b54 f   ConEmuPlugin.obj
 0001:00000bac       ?IsTerminalMode@@YAHXZ     0000000180001bac f   ConEmuPlugin.obj
 0001:00000bb4       ?OpenPlugin@@YAPEAXH_J@Z   0000000180001bb4 f   ConEmuPlugin.obj
 0001:00000be4       ?OpenW@@YAPEAXPEBX@Z       0000000180001be4 f   ConEmuPlugin.obj
 0001:00000c08       ?ProcessEditorInput@@YAHPEBU_INPUT_RECORD@@@Z 0000000180001c08 f   ConEmuPlugin.obj
 0001:00000c2c       ?RegisterBackground@@YAHPEAURegisterBackgroundArg@@@Z 0000000180001c2c f   ConEmuPlugin.obj
 0001:00000ca8       ?RegisterPanelView@@YAHPEAUPanelViewInit@@@Z 0000000180001ca8 f   ConEmuPlugin.obj
 0001:00000e10       ?SetStartupInfo@@YAXPEAX@Z 0000000180001e10 f   ConEmuPlugin.obj
 0001:00000e74       ?SetupExportsFar3@@YAXXZ   0000000180001e74 f   ConEmuPlugin.obj
 0001:00000fe4       ?SyncExecute@@YAHPEAUHINSTANCE__@@P6AX_J@Z1@Z 0000000180001fe4 f   ConEmuPlugin.obj
 0001:00001030       DllMain                    0000000180002030 f   ConEmuPlugin.obj
 0001:00001054       GetMinFarVersionW          0000000180002054 f   ConEmuPlugin.obj
 0001:0000105c       OpenPluginW                000000018000205c f   ConEmuPlugin.obj
 0001:0000109c       ProcessEditorInputW        000000018000209c f   ConEmuPlugin.obj
 0001:000010c0       SetStartupInfoW            00000001800020c0 f   ConEmuPlugin.obj
 0001:000010f0       ??0CPluginW1900@@QEAA@XZ   00000001800020f0 f   ConEmuPlugin1900.obj
 0001:00001294       ??_ECPluginW1900@@UEAAPEAXI@Z 0000000180002294 f i ConEmuPlugin1900.obj
 0001:00001294       ??_GCPluginW1900@@UEAAPEAXI@Z 0000000180002294 f i ConEmuPlugin1900.obj
 0001:0000179c       ?CheckPanelExist@CPluginW1900@@UEAA_NXZ 000000018000279c f   ConEmuPlugin1900.obj
 0001:000017d8       ?Color2BgIndex@Far3Color@@SAXKHAEAGPEBK@Z 00000001800027d8 f i ConEmuPlugin1900.obj
 0001:000018ec       ?Color2FgIndex@Far3Color@@SAXKAEAGPEBK@Z 00000001800028ec f i ConEmuPlugin1900.obj
 0001:000019dc       ?ExecuteSynchroApi@CPluginW1900@@UEAA_NXZ 00000001800029dc f   ConEmuPlugin1900.obj
 0001:00001a10       ?ExitFar@CPluginW1900@@UEAAXXZ 0000000180002a10 f   ConEmuPlugin1900.obj
 0001:00001a98       ?FarColor_3_2@@YAEAEBUFarColor@@_N@Z 0000000180002a98 f i ConEmuPlugin1900.obj
 0001:00001b58       ?GetActiveWindowType@CPluginW1900@@UEAAHXZ 0000000180002b58 f   ConEmuPlugin1900.obj
 0001:00001c04       ?GetEditorModifiedState@CPluginW1900@@UEAAKXZ 0000000180002c04 f   ConEmuPlugin1900.obj
 0001:00001c60       ?GetFarRect@CPluginW1900@@UEAA_NAEAU_SMALL_RECT@@@Z 0000000180002c60 f   ConEmuPlugin1900.obj
 0001:00001d0c       ?GetMacroArea@CPluginW1900@@UEAAHXZ 0000000180002d0c f   ConEmuPlugin1900.obj
 0001:00001d2c       ?GetMsg@CPluginW1900@@UEAAPEB_WHPEA_W_K@Z 0000000180002d2c f   ConEmuPlugin1900.obj
 0001:00001da0       ?GetPanelDir@CPluginW1900@@UEAAPEA_WKPEA_WH@Z 0000000180002da0 f   ConEmuPlugin1900.obj
 0001:00001f00       ?GetPanelInfo@CPluginW1900@@UEAA_NKPEAUCEPanelInfo@@@Z 0000000180002f00 f   ConEmuPlugin1900.obj
 0001:000021a0       ?GetPanelItemInfo@CPluginW1900@@UEAA_NAEBUCEPanelInfo@@_N_JAEAU_WIN32_FIND_DATAW@@PEAPEA_W@Z 00000001800031a0 f   ConEmuPlugin1900.obj
 0001:0000235c       ?GetPluginInfoPtr@CPluginW1900@@UEAAXPEAX@Z 000000018000335c f   ConEmuPlugin1900.obj
 0001:000023b8       ?GetWindowCount@CPluginW1900@@UEAAHXZ 00000001800033b8 f   ConEmuPlugin1900.obj
 0001:000023e8       ?GetWindowTypeName@CPluginW995@@UEAAPEB_WH@Z 00000001800033e8 f   ConEmuPlugin995.obj
 0001:000023e8       ?GetWindowTypeName@CPluginW2800@@UEAAPEB_WH@Z 00000001800033e8 f   ConEmuPlugin2800.obj
 0001:000023e8       ?GetWindowTypeName@CPluginW1900@@UEAAPEB_WH@Z 00000001800033e8 f   ConEmuPlugin1900.obj
 0001:000023e8       ?GetWindowTypeName@CPluginAnsi@@UEAAPEB_WH@Z 00000001800033e8 f   ConEmuPluginA.obj
 0001:00002440       ?GuiMacroDlg@CPluginW1900@@UEAAXXZ 0000000180003440 f   ConEmuPlugin1900.obj
 0001:00002448       ?InputBox@CPluginW1900@@UEAA_NPEB_W000AEAPEA_W@Z 0000000180003448 f   ConEmuPlugin1900.obj
 0001:000024f8       ?IsMacroActive@CPluginW1900@@UEAA_NXZ 00000001800034f8 f   ConEmuPlugin1900.obj
 0001:0000253c       ?LoadFarColors@CPluginW1900@@UEAAXAEAY0BAA@E@Z 000000018000353c f   ConEmuPlugin1900.obj
 0001:000026d0       ?LoadFarSettings@CPluginW1900@@UEAAXPEAUCEFarInterfaceSettings@@PEAUCEFarPanelSettings@@@Z 00000001800036d0 f   ConEmuPlugin1900.obj
 0001:00002810       ?Open@CPluginW1900@@UEAAPEAXPEBX@Z 0000000180003810 f   ConEmuPlugin1900.obj
 0001:000028ec       ?OpenEditor@CPluginW1900@@UEAA_NPEB_W_N11HH@Z 00000001800038ec f   ConEmuPlugin1900.obj
 0001:00002a00       ?PanelControlApi@CPluginW1900@@UEAA_JPEAXH_J0@Z 0000000180003a00 f   ConEmuPlugin1900.obj
 0001:00002a38       ?PostMacroApi@CPluginW1900@@UEAAXPEB_WPEAU_INPUT_RECORD@@_N@Z 0000000180003a38 f   ConEmuPlugin1900.obj
 0001:00002ff0       ?ProcessEditorEventPtr@CPluginW2800@@UEAAHPEAX@Z 0000000180003ff0 f   ConEmuPlugin2800.obj
 0001:00002ff0       ?ProcessEditorEventPtr@CPluginW1900@@UEAAHPEAX@Z 0000000180003ff0 f   ConEmuPlugin1900.obj
 0001:00002ffc       ?ProcessEditorInputPtr@CPluginW1900@@UEAAHPEBX@Z 0000000180003ffc f   ConEmuPlugin1900.obj
 0001:0000301c       ?ProcessSynchroEventPtr@CPluginW2800@@UEAAHPEAX@Z 000000018000401c f   ConEmuPlugin2800.obj
 0001:0000301c       ?ProcessSynchroEventPtr@CPluginW1900@@UEAAHPEAX@Z 000000018000401c f   ConEmuPlugin1900.obj
 0001:00003040       ?ProcessViewerEventPtr@CPluginW2800@@UEAAHPEAX@Z 0000000180004040 f   ConEmuPlugin2800.obj
 0001:00003040       ?ProcessViewerEventPtr@CPluginW1900@@UEAAHPEAX@Z 0000000180004040 f   ConEmuPlugin1900.obj
 0001:0000304c       ?RedrawAll@CPluginW1900@@UEAAXXZ 000000018000404c f   ConEmuPlugin1900.obj
 0001:00003084       ?SetStartupInfoPtr@CPluginW1900@@UEAAXPEAX@Z 0000000180004084 f   ConEmuPlugin1900.obj
 0001:000031d4       ?SetWindow@CPluginW1900@@UEAAXH@Z 00000001800041d4 f   ConEmuPlugin1900.obj
 0001:0000322c       ?ShowMessage@CPluginW1900@@UEAAHPEB_WH_N@Z 000000018000422c f   ConEmuPlugin1900.obj
 0001:00003294       ?ShowPluginMenu@CPluginW1900@@UEAAHPEAUConEmuPluginMenuItem@@HH@Z 0000000180004294 f   ConEmuPlugin1900.obj
 0001:000033e4       ?ShowUserScreen@CPluginW1900@@UEAAX_N@Z 00000001800043e4 f   ConEmuPlugin1900.obj
 0001:00003410       ?PlugServerInit@@YAXXZ     0000000180004410 f   PluginSrv.obj
 0001:00003410       ?StopWaitEndSynchro@CPluginW2800@@UEAAXXZ 0000000180004410 f   ConEmuPlugin2800.obj
 0001:00003410       _guard_check_icall_nop     0000000180004410 f   LIBCMT:guard_support.obj
 0001:00003410       ?WaitEndSynchro@CPluginW2800@@UEAAXXZ 0000000180004410 f   ConEmuPlugin2800.obj
 0001:00003410       ?WaitEndSynchro@CPluginW1900@@UEAAXXZ 0000000180004410 f   ConEmuPlugin1900.obj
 0001:00003410       ?_Doraise@exception@stdext@@MEBAXXZ 0000000180004410 f   common-kernel64:CEStr.obj
 0001:00003410       ?StopWaitEndSynchro@CPluginAnsi@@UEAAXXZ 0000000180004410 f   ConEmuPluginA.obj
 0001:00003410       ?ShutdownPluginStep@CPluginBase@@SAXPEB_WHHHH@Z 0000000180004410 f   ConEmuPluginBase.obj
 0001:00003410       ?StopWaitEndSynchro@CPluginW1900@@UEAAXXZ 0000000180004410 f   ConEmuPlugin1900.obj
 0001:00003410       ?WaitEndSynchro@CPluginAnsi@@UEAAXXZ 0000000180004410 f   ConEmuPluginA.obj
 0001:00003414       ?UpdateConEmuTabsApi@CPluginW1900@@UEAA_NH@Z 0000000180004414 f   ConEmuPlugin1900.obj
 0001:000038e4       ??$_Emplace_reallocate@AEBUWindowInfo@@@?$vector@UWindowInfo@@V?$MArrayAllocator@UWindowInfo@@@@@std@@QEAAPEAUWindowInfo@@QEAU2@AEBU2@@Z 00000001800048e4 f i ConEmuPlugin2800.obj
 0001:00003a88       ??$_Uninitialized_fill_n@V?$MArrayAllocator@UWindowInfo@@@@@std@@YAPEAUWindowInfo@@PEAU1@_KAEBU1@AEAV?$MArrayAllocator@UWindowInfo@@@@@Z 0000000180004a88 f i ConEmuPlugin2800.obj
 0001:00003ac8       ??0CPluginW2800@@QEAA@XZ   0000000180004ac8 f   ConEmuPlugin2800.obj
 0001:00003c6c       ??0bad_alloc@std@@QEAA@AEBV01@@Z 0000000180004c6c f i ConEmuPlugin2800.obj
 0001:00003ca8       ??0bad_alloc@std@@QEAA@XZ  0000000180004ca8 f i ConEmuPlugin2800.obj
 0001:00003cc8       ??0exception@std@@QEAA@AEBV01@@Z 0000000180004cc8 f i ConEmuPlugin2800.obj
 0001:00003cfc       ??1?$MArray@UWindowInfo@@@@QEAA@XZ 0000000180004cfc f i ConEmuPlugin2800.obj
 0001:00003d28       ??1bad_exception@std@@UEAA@XZ 0000000180004d28 f i libvcruntime:frame.obj
 0001:00003d28       ??1bad_function_call@std@@UEAA@XZ 0000000180004d28 f i libcpmt:xthrow.obj
 0001:00003d28       ??1length_error@std@@UEAA@XZ 0000000180004d28 f i libcpmt:xthrow.obj
 0001:00003d28       ??1bad_alloc@std@@UEAA@XZ  0000000180004d28 f i ConEmuPlugin2800.obj
 0001:00003d3c       ??_GCPluginW2800@@UEAAPEAXI@Z 0000000180004d3c f i ConEmuPlugin2800.obj
 0001:00003d3c       ??_ECPluginW2800@@UEAAPEAXI@Z 0000000180004d3c f i ConEmuPlugin2800.obj
 0001:00003d7c       ??_Gbad_function_call@std@@UEAAPEAXI@Z 0000000180004d7c f i libcpmt:xthrow.obj
 0001:00003d7c       ??_Glength_error@std@@UEAAPEAXI@Z 0000000180004d7c f i libcpmt:xthrow.obj
 0001:00003d7c       ??_Eexception@std@@UEAAPEAXI@Z 0000000180004d7c f i ConEmuPlugin2800.obj
 0001:00003d7c       ??_Glogic_error@std@@UEAAPEAXI@Z 0000000180004d7c f i libcpmt:xthrow.obj
 0001:00003d7c       ??_Gbad_exception@std@@UEAAPEAXI@Z 0000000180004d7c f i libvcruntime:frame.obj
 0001:00003d7c       ??_Elength_error@std@@UEAAPEAXI@Z 0000000180004d7c f i libcpmt:xthrow.obj
 0001:00003d7c       ??_Ebad_alloc@std@@UEAAPEAXI@Z 0000000180004d7c f i ConEmuPlugin2800.obj
 0001:00003d7c       ??_Gexception@std@@UEAAPEAXI@Z 0000000180004d7c f i ConEmuPlugin2800.obj
 0001:00003d7c       ??_Ebad_exception@std@@UEAAPEAXI@Z 0000000180004d7c f i libvcruntime:frame.obj
 0001:00003d7c       ??_Elogic_error@std@@UEAAPEAXI@Z 0000000180004d7c f i libcpmt:xthrow.obj
 0001:00003d7c       ??_Ebad_function_call@std@@UEAAPEAXI@Z 0000000180004d7c f i libcpmt:xthrow.obj
 0001:00003d7c       ??_Gbad_alloc@std@@UEAAPEAXI@Z 0000000180004d7c f i ConEmuPlugin2800.obj
 0001:0000430c       ?CheckPanelExist@CPluginW2800@@UEAA_NXZ 000000018000530c f   ConEmuPlugin2800.obj
 0001:00004348       ?ExecuteSynchroApi@CPluginW2800@@UEAA_NXZ 0000000180005348 f   ConEmuPlugin2800.obj
 0001:0000437c       ?ExitFar@CPluginW2800@@UEAAXXZ 000000018000537c f   ConEmuPlugin2800.obj
 0001:00004410       ?GetActiveWindowType@CPluginW2800@@UEAAHXZ 0000000180005410 f   ConEmuPlugin2800.obj
 0001:000044c8       ?GetEditorModifiedState@CPluginW2800@@UEAAKXZ 00000001800054c8 f   ConEmuPlugin2800.obj
 0001:00004528       ?GetFarRect@CPluginW2800@@UEAA_NAEAU_SMALL_RECT@@@Z 0000000180005528 f   ConEmuPlugin2800.obj
 0001:000045dc       ?GetMacroArea@CPluginW2800@@UEAAHXZ 00000001800055dc f   ConEmuPlugin2800.obj
 0001:000045fc       ?GetMsg@CPluginW2800@@UEAAPEB_WHPEA_W_K@Z 00000001800055fc f   ConEmuPlugin2800.obj
 0001:00004674       ?GetPanelDir@CPluginW2800@@UEAAPEA_WKPEA_WH@Z 0000000180005674 f   ConEmuPlugin2800.obj
 0001:000047d4       ?GetPanelInfo@CPluginW2800@@UEAA_NKPEAUCEPanelInfo@@@Z 00000001800057d4 f   ConEmuPlugin2800.obj
 0001:00004a74       ?GetPanelItemInfo@CPluginW2800@@UEAA_NAEBUCEPanelInfo@@_N_JAEAU_WIN32_FIND_DATAW@@PEAPEA_W@Z 0000000180005a74 f   ConEmuPlugin2800.obj
 0001:00004c50       ?GetPluginInfoPtr@CPluginW2800@@UEAAXPEAX@Z 0000000180005c50 f   ConEmuPlugin2800.obj
 0001:00004cac       ?GetWindowCount@CPluginW2800@@UEAAHXZ 0000000180005cac f   ConEmuPlugin2800.obj
 0001:00004cdc       ?GuiMacroDlg@CPluginW2800@@UEAAXXZ 0000000180005cdc f   ConEmuPlugin2800.obj
 0001:00004ce4       ?InputBox@CPluginW2800@@UEAA_NPEB_W000AEAPEA_W@Z 0000000180005ce4 f   ConEmuPlugin2800.obj
 0001:00004d94       ?IsMacroActive@CPluginW2800@@UEAA_NXZ 0000000180005d94 f   ConEmuPlugin2800.obj
 0001:00004dd8       ?LoadFarColors@CPluginW2800@@UEAAXAEAY0BAA@E@Z 0000000180005dd8 f   ConEmuPlugin2800.obj
 0001:00004f6c       ?LoadFarSettings@CPluginW2800@@UEAAXPEAUCEFarInterfaceSettings@@PEAUCEFarPanelSettings@@@Z 0000000180005f6c f   ConEmuPlugin2800.obj
 0001:000050ac       ?Open@CPluginW2800@@UEAAPEAXPEBX@Z 00000001800060ac f   ConEmuPlugin2800.obj
 0001:00005224       ?OpenEditor@CPluginW2800@@UEAA_NPEB_W_N11HH@Z 0000000180006224 f   ConEmuPlugin2800.obj
 0001:00005348       ?PanelControlApi@CPluginW2800@@UEAA_JPEAXH_J0@Z 0000000180006348 f   ConEmuPlugin2800.obj
 0001:00005380       ?PostMacroApi@CPluginW2800@@UEAAXPEB_WPEAU_INPUT_RECORD@@_N@Z 0000000180006380 f   ConEmuPlugin2800.obj
 0001:000056ec       ?ProcessEditorInputPtr@CPluginW2800@@UEAAHPEBX@Z 00000001800066ec f   ConEmuPlugin2800.obj
 0001:0000570c       ?RedrawAll@CPluginW2800@@UEAAXXZ 000000018000670c f   ConEmuPlugin2800.obj
 0001:00005744       ?SetStartupInfoPtr@CPluginW2800@@UEAAXPEAX@Z 0000000180006744 f   ConEmuPlugin2800.obj
 0001:00005894       ?SetWindow@CPluginW2800@@UEAAXH@Z 0000000180006894 f   ConEmuPlugin2800.obj
 0001:000059d0       ?ShowMessage@CPluginW2800@@UEAAHPEB_WH_N@Z 00000001800069d0 f   ConEmuPlugin2800.obj
 0001:00005a38       ?ShowPluginMenu@CPluginW2800@@UEAAHPEAUConEmuPluginMenuItem@@HH@Z 0000000180006a38 f   ConEmuPlugin2800.obj
 0001:00005b8c       ?ShowUserScreen@CPluginW2800@@UEAAX_N@Z 0000000180006b8c f   ConEmuPlugin2800.obj
 0001:00005bb8       ?UpdateConEmuTabsApi@CPluginW2800@@UEAA_NH@Z 0000000180006bb8 f   ConEmuPlugin2800.obj
 0001:00006534       ?_Getal@?$vector@UWindowInfo@@V?$MArrayAllocator@UWindowInfo@@@@@std@@AEAAAEAV?$MArrayAllocator@UWindowInfo@@@@XZ 0000000180007534 f i ConEmuPlugin2800.obj
 0001:00006538       ?_Xlength@?$vector@UWindowInfo@@V?$MArrayAllocator@UWindowInfo@@@@@std@@CAXXZ 0000000180007538 f i ConEmuPlugin2800.obj
 0001:00006538       ?_Xlength@?$vector@UtagPROCESSENTRY32W@@V?$MArrayAllocator@UtagPROCESSENTRY32W@@@@@std@@CAXXZ 0000000180007538 f i common-kernel64:MProcess.obj
 0001:0000654c       ?deallocate@?$MArrayAllocator@UWindowInfo@@@@QEAAXPEAUWindowInfo@@_K@Z 000000018000754c f i ConEmuPlugin2800.obj
 0001:00006564       ?erase@?$MArray@UWindowInfo@@@@QEAAX_J0@Z 0000000180007564 f i ConEmuPlugin2800.obj
 0001:000065f8       ?insert@?$MArray@UWindowInfo@@@@QEAA_J_JAEBUWindowInfo@@0@Z 00000001800075f8 f i ConEmuPlugin2800.obj
 0001:000066a0       ?insert@?$vector@UWindowInfo@@V?$MArrayAllocator@UWindowInfo@@@@@std@@QEAA?AV?$_Vector_iterator@V?$_Vector_val@U?$_Simple_types@UWindowInfo@@@std@@@std@@@2@V?$_Vector_const_iterator@V?$_Vector_val@U?$_Simple_types@UWindowInfo@@@std@@@std@@@2@_KAEBUWindowInfo@@@Z 00000001800076a0 f i ConEmuPlugin2800.obj
 0001:00006aa8       ?push_back@?$MArray@UWindowInfo@@@@QEAA_JAEBUWindowInfo@@@Z 0000000180007aa8 f i ConEmuPlugin2800.obj
 0001:00006b2c       ?what@exception@std@@UEBAPEBDXZ 0000000180007b2c f i ConEmuPlugin2800.obj
 0001:00006b40       GetGlobalInfoW             0000000180007b40 f   ConEmuPlugin2800.obj
 0001:00006bd8       ??0CPluginW995@@QEAA@XZ    0000000180007bd8 f   ConEmuPlugin995.obj
 0001:00006d70       ??_GCPluginW995@@UEAAPEAXI@Z 0000000180007d70 f i ConEmuPlugin995.obj
 0001:00006d70       ??_ECPluginW995@@UEAAPEAXI@Z 0000000180007d70 f i ConEmuPlugin995.obj
 0001:000071f0       ?CheckPanelExist@CPluginW995@@UEAA_NXZ 00000001800081f0 f   ConEmuPlugin995.obj
 0001:00007228       ?ExecuteSynchroApi@CPluginW995@@UEAA_NXZ 0000000180008228 f   ConEmuPlugin995.obj
 0001:00007258       ?ExitFar@CPluginW995@@UEAAXXZ 0000000180008258 f   ConEmuPlugin995.obj
 0001:000072e0       ?GetActiveWindowType@CPluginW995@@UEAAHXZ 00000001800082e0 f   ConEmuPlugin995.obj
 0001:000073c0       ?GetEditorModifiedState@CPluginW995@@UEAAKXZ 00000001800083c0 f   ConEmuPlugin995.obj
 0001:00007418       ?GetFarRect@CPluginW995@@UEAA_NAEAU_SMALL_RECT@@@Z 0000000180008418 f   ConEmuPlugin995.obj
 0001:00007470       ?GetMacroArea@CPluginW995@@UEAAHXZ 0000000180008470 f   ConEmuPlugin995.obj
 0001:000074c8       ?GetMsg@CPluginW995@@UEAAPEB_WHPEA_W_K@Z 00000001800084c8 f   ConEmuPlugin995.obj
 0001:00007538       ?GetPanelDir@CPluginW995@@UEAAPEA_WKPEA_WH@Z 0000000180008538 f   ConEmuPlugin995.obj
 0001:0000765c       ?GetPanelInfo@CPluginW995@@UEAA_NKPEAUCEPanelInfo@@@Z 000000018000865c f   ConEmuPlugin995.obj
 0001:0000789c       ?GetPanelItemInfo@CPluginW995@@UEAA_NAEBUCEPanelInfo@@_N_JAEAU_WIN32_FIND_DATAW@@PEAPEA_W@Z 000000018000889c f   ConEmuPlugin995.obj
 0001:00007a44       ?GetPluginInfoPtr@CPluginW995@@UEAAXPEAX@Z 0000000180008a44 f   ConEmuPlugin995.obj
 0001:00007ab0       ?GetWindowCount@CPluginW995@@UEAAHXZ 0000000180008ab0 f   ConEmuPlugin995.obj
 0001:00007adc       ?GuiMacroDlg@CPluginW995@@UEAAXXZ 0000000180008adc f   ConEmuPlugin995.obj
 0001:00007ae4       ?InputBox@CPluginW995@@UEAA_NPEB_W000AEAPEA_W@Z 0000000180008ae4 f   ConEmuPlugin995.obj
 0001:00007b94       ?IsMacroActive@CPluginW995@@UEAA_NXZ 0000000180008b94 f   ConEmuPlugin995.obj
 0001:00007c04       ?LoadFarColors@CPluginW995@@UEAAXAEAY0BAA@E@Z 0000000180008c04 f   ConEmuPlugin995.obj
 0001:00007cc0       ?LoadFarSettings@CPluginW995@@UEAAXPEAUCEFarInterfaceSettings@@PEAUCEFarPanelSettings@@@Z 0000000180008cc0 f   ConEmuPlugin995.obj
 0001:00007d1c       ?Open@CPluginAnsi@@UEAAPEAXPEBX@Z 0000000180008d1c f i ConEmuPluginA.obj
 0001:00007d1c       ?Open@CPluginW995@@UEAAPEAXPEBX@Z 0000000180008d1c f i ConEmuPlugin995.obj
 0001:00007d24       ?OpenEditor@CPluginW995@@UEAA_NPEB_W_N11HH@Z 0000000180008d24 f   ConEmuPlugin995.obj
 0001:00007e2c       ?PanelControlApi@CPluginW995@@UEAA_JPEAXH_J0@Z 0000000180008e2c f   ConEmuPlugin995.obj
 0001:00007e70       ?PostMacroApi@CPluginW995@@UEAAXPEB_WPEAU_INPUT_RECORD@@_N@Z 0000000180008e70 f   ConEmuPlugin995.obj
 0001:00007f18       ?ProcessSynchroEventPtr@CPluginW995@@UEAAHPEAX@Z 0000000180008f18 f i ConEmuPlugin995.obj
 0001:00007f18       ?ProcessEditorEventPtr@CPluginW995@@UEAAHPEAX@Z 0000000180008f18 f i ConEmuPlugin995.obj
 0001:00007f18       ?ProcessSynchroEventPtr@CPluginAnsi@@UEAAHPEAX@Z 0000000180008f18 f i ConEmuPluginA.obj
 0001:00007f18       ?ProcessEditorInputPtr@CPluginAnsi@@UEAAHPEBX@Z 0000000180008f18 f i ConEmuPluginA.obj
 0001:00007f18       ?ProcessViewerEventPtr@CPluginW995@@UEAAHPEAX@Z 0000000180008f18 f i ConEmuPlugin995.obj
 0001:00007f18       ?ProcessEditorEventPtr@CPluginAnsi@@UEAAHPEAX@Z 0000000180008f18 f i ConEmuPluginA.obj
 0001:00007f18       ?ProcessViewerEventPtr@CPluginAnsi@@UEAAHPEAX@Z 0000000180008f18 f i ConEmuPluginA.obj
 0001:00007f1c       ?ProcessEditorInputPtr@CPluginW995@@UEAAHPEBX@Z 0000000180008f1c f   ConEmuPlugin995.obj
 0001:00007f38       ?RedrawAll@CPluginW995@@UEAAXXZ 0000000180008f38 f   ConEmuPlugin995.obj
 0001:00007f68       ?SetStartupInfoPtr@CPluginW995@@UEAAXPEAX@Z 0000000180008f68 f   ConEmuPlugin995.obj
 0001:000080a8       ?SetWindow@CPluginW995@@UEAAXH@Z 00000001800090a8 f   ConEmuPlugin995.obj
 0001:000080f4       ?ShowMessage@CPluginW995@@UEAAHPEB_WH_N@Z 00000001800090f4 f   ConEmuPlugin995.obj
 0001:00008154       ?ShowPluginMenu@CPluginW995@@UEAAHPEAUConEmuPluginMenuItem@@HH@Z 0000000180009154 f   ConEmuPlugin995.obj
 0001:00008290       ?ShowUserScreen@CPluginW995@@UEAAX_N@Z 0000000180009290 f   ConEmuPlugin995.obj
 0001:000082bc       ?StopWaitEndSynchro@CPluginW995@@UEAAXXZ 00000001800092bc f   ConEmuPlugin995.obj
 0001:000082ec       ?UpdateConEmuTabsApi@CPluginW995@@UEAA_NH@Z 00000001800092ec f   ConEmuPlugin995.obj
 0001:00008564       ?WaitEndSynchro@CPluginW995@@UEAAXXZ 0000000180009564 f   ConEmuPlugin995.obj
 0001:000086f8       ??0CPluginAnsi@@QEAA@XZ    00000001800096f8 f   ConEmuPluginA.obj
 0001:0000885c       ??_ECPluginAnsi@@UEAAPEAXI@Z 000000018000985c f i ConEmuPluginA.obj
 0001:0000885c       ??_GCPluginAnsi@@UEAAPEAXI@Z 000000018000985c f i ConEmuPluginA.obj
 0001:00008e14       ?CheckPanelExist@CPluginAnsi@@UEAA_NXZ 0000000180009e14 f   ConEmuPluginA.obj
 0001:00008e4c       ?ExecuteSynchroApi@CPluginAnsi@@UEAA_NXZ 0000000180009e4c f i ConEmuPluginA.obj
 0001:00008e4c       ?GetFarRect@CPluginAnsi@@UEAA_NAEAU_SMALL_RECT@@@Z 0000000180009e4c f i ConEmuPluginA.obj
 0001:00008e50       ?ExitFar@CPluginAnsi@@UEAAXXZ 0000000180009e50 f   ConEmuPluginA.obj
 0001:00008e94       ?GetActiveWindowType@CPluginAnsi@@UEAAHXZ 0000000180009e94 f   ConEmuPluginA.obj
 0001:00008f18       ?GetEditorModifiedState@CPluginAnsi@@UEAAKXZ 0000000180009f18 f   ConEmuPluginA.obj
 0001:00008f70       _get_startup_argv_mode     0000000180009f70 f   LIBCMT:argv_mode.obj
 0001:00008f70       ?GetMacroArea@CPluginAnsi@@UEAAHXZ 0000000180009f70 f   ConEmuPluginA.obj
 0001:00008f78       ?GetMsg@CPluginAnsi@@UEAAPEB_WHPEA_W_K@Z 0000000180009f78 f   ConEmuPluginA.obj
 0001:00009018       ?GetPanelDir@CPluginAnsi@@UEAAPEA_WKPEA_WH@Z 000000018000a018 f   ConEmuPluginA.obj
 0001:00009110       ?GetPanelInfo@CPluginAnsi@@UEAA_NKPEAUCEPanelInfo@@@Z 000000018000a110 f   ConEmuPluginA.obj
 0001:00009368       ?GetPanelItemInfo@CPluginAnsi@@UEAA_NAEBUCEPanelInfo@@_N_JAEAU_WIN32_FIND_DATAW@@PEAPEA_W@Z 000000018000a368 f   ConEmuPluginA.obj
 0001:0000948c       ?GetPluginInfoPtr@CPluginAnsi@@UEAAXPEAX@Z 000000018000a48c f   ConEmuPluginA.obj
 0001:00009518       ?GetWindowCount@CPluginAnsi@@UEAAHXZ 000000018000a518 f   ConEmuPluginA.obj
 0001:00009544       ?GuiMacroDlg@CPluginAnsi@@UEAAXXZ 000000018000a544 f   ConEmuPluginA.obj
 0001:0000954c       ?InputBox@CPluginAnsi@@UEAA_NPEB_W000AEAPEA_W@Z 000000018000a54c f   ConEmuPluginA.obj
 0001:000096ac       ?IsMacroActive@CPluginAnsi@@UEAA_NXZ 000000018000a6ac f   ConEmuPluginA.obj
 0001:00009720       ?LoadFarColors@CPluginAnsi@@UEAAXAEAY0BAA@E@Z 000000018000a720 f   ConEmuPluginA.obj
 0001:000097e0       ?LoadFarSettings@CPluginAnsi@@UEAAXPEAUCEFarInterfaceSettings@@PEAUCEFarPanelSettings@@@Z 000000018000a7e0 f   ConEmuPluginA.obj
 0001:00009840       ?OpenEditor@CPluginAnsi@@UEAA_NPEB_W_N11HH@Z 000000018000a840 f   ConEmuPluginA.obj
 0001:0000997c       ?PanelControlApi@CPluginAnsi@@UEAA_JPEAXH_J0@Z 000000018000a97c f   ConEmuPluginA.obj
 0001:000099b8       ?PostMacroApi@CPluginAnsi@@UEAAXPEB_WPEAU_INPUT_RECORD@@_N@Z 000000018000a9b8 f   ConEmuPluginA.obj
 0001:00009a7c       ?RedrawAll@CPluginAnsi@@UEAAXXZ 000000018000aa7c f   ConEmuPluginA.obj
 0001:00009ab0       ?SetStartupInfoPtr@CPluginAnsi@@UEAAXPEAX@Z 000000018000aab0 f   ConEmuPluginA.obj
 0001:00009bf4       ?SetWindow@CPluginAnsi@@UEAAXH@Z 000000018000abf4 f   ConEmuPluginA.obj
 0001:00009c48       ?ShowMessage@CPluginAnsi@@UEAAHPEB_WH_N@Z 000000018000ac48 f   ConEmuPluginA.obj
 0001:00009d24       ?ShowPluginMenu@CPluginAnsi@@UEAAHPEAUConEmuPluginMenuItem@@HH@Z 000000018000ad24 f   ConEmuPluginA.obj
 0001:00009ec4       ?ShowUserScreen@CPluginAnsi@@UEAAX_N@Z 000000018000aec4 f   ConEmuPluginA.obj
 0001:00009ef0       ?UpdateConEmuTabsApi@CPluginAnsi@@UEAA_NH@Z 000000018000aef0 f   ConEmuPluginA.obj
 0001:0000a1ac       ??$swprintf_c@$0BAE@@@YAHAEAY0BAE@_WPEB_WZZ 000000018000b1ac f i ConEmuPluginBase.obj
 0001:0000a1d8       ??$swprintf_c@$0DAM@@@YAHAEAY0DAM@_WPEB_WZZ 000000018000b1d8 f i ConEmuPluginBase.obj
 0001:0000a204       ??$swprintf_c@$0EAA@@@YAHAEAY0EAA@_WPEB_WZZ 000000018000b204 f i ConEmuPluginBase.obj
 0001:0000a230       ??$swprintf_c@$0MI@@@YAHAEAY0MI@_WPEB_WZZ 000000018000b230 f i ConEmuPluginBase.obj
 0001:0000a25c       ??$wcscpy_c@$0BBE@@@YAHAEAY0BBE@_WPEB_W@Z 000000018000b25c f i ConEmuPluginBase.obj
 0001:0000a2a8       ??$wcscpy_c@$0CAI@@@YAHAEAY0CAI@_WPEB_W@Z 000000018000b2a8 f i ConEmuPluginBase.obj
 0001:0000a2f4       ??0CPluginBase@@QEAA@XZ    000000018000b2f4 f   ConEmuPluginBase.obj
 0001:0000a41c       ??0MWow64Disable@@QEAA@XZ  000000018000b41c f i ConEmuPluginBase.obj
 0001:0000a490       ??1?$MFileMapping@UConEmuGuiMapping@@@@QEAA@XZ 000000018000b490 f i common-user64:ConEmuCheckEx.obj
 0001:0000a490       ??1?$MFileMapping@UCESERVER_CONSOLE_MAPPING_HDR@@@@QEAA@XZ 000000018000b490 f i ConEmuPluginBase.obj
 0001:0000a490       ??1?$MFileMapping@UPanelViewSetMapping@@@@QEAA@XZ 000000018000b490 f i PluginBackground.obj
 0001:0000a4a4       ??1CPluginBase@@UEAA@XZ    000000018000b4a4 f   ConEmuPluginBase.obj
 0001:0000a4b0       ??1MWow64Disable@@QEAA@XZ  000000018000b4b0 f i ConEmuPluginBase.obj
 0001:0000a4d4       ??_ECPluginBase@@UEAAPEAXI@Z 000000018000b4d4 f i ConEmuPluginBase.obj
 0001:0000a4d4       ??_GCPluginBase@@UEAAPEAXI@Z 000000018000b4d4 f i ConEmuPluginBase.obj
 0001:0000a500       ?ActivatePlugin@CPluginBase@@QEAA_NKPEAXK@Z 000000018000b500 f   ConEmuPluginBase.obj
 0001:0000a6b4       ?AddTab@CPluginBase@@QEAA_NAEAHH_N1HPEB_W2HHHH@Z 000000018000b6b4 f   ConEmuPluginBase.obj
 0001:0000aa18       ?AddTabFinish@CPluginBase@@QEAAXH@Z 000000018000ba18 f   ConEmuPluginBase.obj
 0001:0000aa24       ?Attach2Gui@CPluginBase@@QEAA_N_N@Z 000000018000ba24 f   ConEmuPluginBase.obj
 0001:0000ae4c       ?BackgroundMacroError@CPluginBase@@SAKPEAX@Z 000000018000be4c f   ConEmuPluginBase.obj
 0001:0000ae74       ?CheckBufferEnabled@CPluginBase@@QEAA_NXZ 000000018000be74 f   ConEmuPluginBase.obj
 0001:0000aed8       ?CheckConEmuDetached@CPluginBase@@SAXXZ 000000018000bed8 f   ConEmuPluginBase.obj
 0001:0000b0c8       ?CheckResources@CPluginBase@@QEAAX_N@Z 000000018000c0c8 f   ConEmuPluginBase.obj
 0001:0000b2a8       ?CloseMap@?$MFileMapping@UCESERVER_CONSOLE_MAPPING_HDR@@@@QEAAXXZ 000000018000c2a8 f i ConEmuPluginBase.obj
 0001:0000b2a8       ?CloseMap@?$MFileMapping@UPanelViewSetMapping@@@@QEAAXXZ 000000018000c2a8 f i PluginBackground.obj
 0001:0000b2a8       ?CloseMap@?$MFileMapping@UConEmuGuiMapping@@@@QEAAXXZ 000000018000c2a8 f i common-kernel64:ConEmuCheck.obj
 0001:0000b30c       ?CloseMapHeader@CPluginBase@@SAXXZ 000000018000c30c f   ConEmuPluginBase.obj
 0001:0000b330       ?CloseTabs@CPluginBase@@SAXXZ 000000018000c330 f   ConEmuPluginBase.obj
 0001:0000b3d0       ?CommonPluginStartup@CPluginBase@@QEAAXXZ 000000018000c3d0 f   ConEmuPluginBase.obj
 0001:0000b4dc       ?CreateTabs@CPluginBase@@SA_NH@Z 000000018000c4dc f   ConEmuPluginBase.obj
 0001:0000b59c       ?DllCheckUnique@CPluginBase@@KA_N_N@Z 000000018000c59c f   ConEmuPluginBase.obj
 0001:0000b7d8       ?DllMain_ProcessAttach@CPluginBase@@KAXPEAUHINSTANCE__@@@Z 000000018000c7d8 f   ConEmuPluginBase.obj
 0001:0000b8c0       ?DllMain_ProcessDetach@CPluginBase@@KAXXZ 000000018000c8c0 f   ConEmuPluginBase.obj
 0001:0000b9a8       ?EditViewConsoleOutput@CPluginBase@@QEAAX_N@Z 000000018000c9a8 f   ConEmuPluginBase.obj
 0001:0000ba80       ?EmergencyShow@CPluginBase@@KAXXZ 000000018000ca80 f   ConEmuPluginBase.obj
 0001:0000badc       ?ExecuteSynchro@CPluginBase@@QEAAXXZ 000000018000cadc f   ConEmuPluginBase.obj
 0001:0000bb60       ?ExitFarCommon@CPluginBase@@QEAAX_N@Z 000000018000cb60 f   ConEmuPluginBase.obj
 0001:0000bb8c       ?FarSetConsoleSize@CPluginBase@@SA_NFF@Z 000000018000cb8c f   ConEmuPluginBase.obj
 0001:0000bc98       ?FillLoadedParm@CPluginBase@@SAXPEAUConEmuLoadedArg@@PEAUHINSTANCE__@@H@Z 000000018000cc98 f   ConEmuPluginBase.obj
 0001:0000bd70       ?FillUpdateBackground@CPluginBase@@QEAAXPEAUPaintBackgroundArg@@@Z 000000018000cd70 f   ConEmuPluginBase.obj
 0001:0000beec       ?FindServerCmd@CPluginBase@@QEAA_NKAEAK_N@Z 000000018000ceec f   ConEmuPluginBase.obj
 0001:0000bfe8       ?GetMainThreadId@CPluginBase@@SAKXZ 000000018000cfe8 f   ConEmuPluginBase.obj
 0001:0000c098       ?GetPanelInfo@CPluginBase@@QEAA_NKPEAUBkPanelInfo@@@Z 000000018000d098 f   ConEmuPluginBase.obj
 0001:0000c13c       ?InitHWND@CPluginBase@@SAXXZ 000000018000d13c f   ConEmuPluginBase.obj
 0001:0000c3dc       ?InitResources@CPluginBase@@QEAAXXZ 000000018000d3dc f   ConEmuPluginBase.obj
 0001:0000c600       ?InitRootRegKey@CPluginBase@@IEAAXXZ 000000018000d600 f   ConEmuPluginBase.obj
 0001:0000c6fc       ?InternalOpenCreate@?$MFileMapping@UConEmuGuiMapping@@@@IEAAPEAUConEmuGuiMapping@@_N0H@Z 000000018000d6fc f i common-kernel64:ConEmuCheck.obj
 0001:0000c6fc       ?InternalOpenCreate@?$MFileMapping@UPanelViewSetMapping@@@@IEAAPEAUPanelViewSetMapping@@_N0H@Z 000000018000d6fc f i PluginBackground.obj
 0001:0000c6fc       ?InternalOpenCreate@?$MFileMapping@UCESERVER_CONSOLE_MAPPING_HDR@@@@IEAAPEAUCESERVER_CONSOLE_MAPPING_HDR@@_N0H@Z 000000018000d6fc f i ConEmuPluginBase.obj
 0001:0000c9b0       ?IsCurrentTabModal@CPluginBase@@QEAA_NXZ 000000018000d9b0 f   ConEmuPluginBase.obj
 0001:0000cb6c       ?LoadFarVersion@CPluginBase@@SA_NXZ 000000018000db6c f   ConEmuPluginBase.obj
 0001:0000ce20       ?LoadPanelTabsFromRegistry@CPluginBase@@IEAAXXZ 000000018000de20 f   ConEmuPluginBase.obj
 0001:0000cf4c       ?MonitorThreadProcW@CPluginBase@@SAKPEAX@Z 000000018000df4c f   ConEmuPluginBase.obj
 0001:0000d350       ?NotifyConEmuUnloaded@CPluginBase@@SAXXZ 000000018000e350 f   ConEmuPluginBase.obj
 0001:0000d474       ?OnConsoleDetaching@CPluginBase@@SAHPEAUHookCallbackArg@@@Z 000000018000e474 f   ConEmuPluginBase.obj
 0001:0000d5b8       ?OnConsolePeekInput@CPluginBase@@SAHPEAUHookCallbackArg@@@Z 000000018000e5b8 f   ConEmuPluginBase.obj
 0001:0000d620       ?OnConsolePeekInputPost@CPluginBase@@SAHPEAUHookCallbackArg@@@Z 000000018000e620 f   ConEmuPluginBase.obj
 0001:0000d650       ?OnConsolePeekReadInput@CPluginBase@@SAX_N@Z 000000018000e650 f   ConEmuPluginBase.obj
 0001:0000d848       ?OnConsoleReadInput@CPluginBase@@SAHPEAUHookCallbackArg@@@Z 000000018000e848 f   ConEmuPluginBase.obj
 0001:0000d850       ?OnConsoleReadInputPost@CPluginBase@@SAHPEAUHookCallbackArg@@@Z 000000018000e850 f   ConEmuPluginBase.obj
 0001:0000da00       ?OnConsoleReadInputWork@CPluginBase@@SAHPEAUHookCallbackArg@@@Z 000000018000ea00 f   ConEmuPluginBase.obj
 0001:0000da74       ?OnConsoleWasAttached@CPluginBase@@SAHPEAUHookCallbackArg@@@Z 000000018000ea74 f   ConEmuPluginBase.obj
 0001:0000dadc       ?OnCurDirChanged@CPluginBase@@SAXXZ 000000018000eadc f   ConEmuPluginBase.obj
 0001:0000db40       ?OnGetNumberOfConsoleInputEventsPost@CPluginBase@@SAHPEAUHookCallbackArg@@@Z 000000018000eb40 f   ConEmuPluginBase.obj
 0001:0000db74       ?OnLibraryLoaded@CPluginBase@@SAXPEAUHINSTANCE__@@@Z 000000018000eb74 f   ConEmuPluginBase.obj
 0001:0000dc14       ?OnMainThreadActivated@CPluginBase@@QEAAXXZ 000000018000ec14 f   ConEmuPluginBase.obj
 0001:0000ddb8       ?OnPanelViewCallbacks@CPluginBase@@SA_NPEAUHookCallbackArg@@P6AHPEAXPEAU_INPUT_RECORD@@KPEAKPEAH@Z5@Z 000000018000edb8 f   ConEmuPluginBase.obj
 0001:0000de90       ?OnPostWriteConsoleOutput@CPluginBase@@SAHPEAUHookCallbackArg@@@Z 000000018000ee90 f   ConEmuPluginBase.obj
 0001:0000de9c       ?OnShellExecuteExW_Except@CPluginBase@@SAHPEAUHookCallbackArg@@@Z 000000018000ee9c f   ConEmuPluginBase.obj
 0001:0000dedc       ?OnWriteConsoleOutput@CPluginBase@@SAHPEAUHookCallbackArg@@@Z 000000018000eedc f   ConEmuPluginBase.obj
 0001:0000dfb0       ?OpenMapHeader@CPluginBase@@SAHXZ 000000018000efb0 f   ConEmuPluginBase.obj
 0001:0000e16c       ?OpenPluginCommon@CPluginBase@@QEAAPEAXH_J_N@Z 000000018000f16c f   ConEmuPluginBase.obj
 0001:0000e44c       ?OutDataAlloc@CPluginBase@@SA_NK@Z 000000018000f44c f   ConEmuPluginBase.obj
 0001:0000e4ac       ?OutDataRealloc@CPluginBase@@SA_NK@Z 000000018000f4ac f   ConEmuPluginBase.obj
 0001:0000e578       ?OutDataWrite@CPluginBase@@SA_NPEAXK@Z 000000018000f578 f   ConEmuPluginBase.obj
 0001:0000e618       ?PanelControl@CPluginBase@@QEAA_JPEAXH_J0@Z 000000018000f618 f   ConEmuPluginBase.obj
 0001:0000e6b0       ?Plugin@@YAPEAVCPluginBase@@XZ 000000018000f6b0 f   ConEmuPluginBase.obj
 0001:0000e778       ?PrintText@CPluginBase@@QEAA_NPEB_W@Z 000000018000f778 f   ConEmuPluginBase.obj
 0001:0000e8a4       ?ProcessCommand@CPluginBase@@QEAA_NKHPEAXPEAPEAUCESERVER_REQ@@_N@Z 000000018000f8a4 f   ConEmuPluginBase.obj
 0001:0000ed2c       ?ProcessCommandLine@CPluginBase@@QEAA_NPEA_W@Z 000000018000fd2c f   ConEmuPluginBase.obj
 0001:0000ed78       ?ProcessDragFrom@CPluginBase@@QEAAXXZ 000000018000fd78 f   ConEmuPluginBase.obj
 0001:0000f1fc       ?ProcessDragTo@CPluginBase@@QEAAXXZ 00000001800101fc f   ConEmuPluginBase.obj
 0001:0000f50c       ?ProcessEditorInputInternal@CPluginBase@@QEAAXAEBU_INPUT_RECORD@@@Z 000000018001050c f   ConEmuPluginBase.obj
 0001:0000f538       ?ProcessEditorViewerEvent@CPluginBase@@QEAAHHH@Z 0000000180010538 f   ConEmuPluginBase.obj
 0001:0000f5ec       ?ProcessSetWindowCommand@CPluginBase@@QEAAXXZ 00000001800105ec f   ConEmuPluginBase.obj
 0001:0000f710       ?ProcessSynchroEvent@CPluginBase@@QEAAHHPEAX@Z 0000000180010710 f   ConEmuPluginBase.obj
 0001:0000f794       ?ReloadFarInfo@CPluginBase@@QEAA_N_N@Z 0000000180010794 f   ConEmuPluginBase.obj
 0001:0000fa14       ?ReloadFarInfoApi@CPluginBase@@IEAA_NXZ 0000000180010a14 f   ConEmuPluginBase.obj
 0001:0000fbe8       ?RunExternalProgram@CPluginBase@@QEAA_NPEA_W@Z 0000000180010be8 f   ConEmuPluginBase.obj
 0001:0000fd78       ?RunExternalProgramW@CPluginBase@@SA_NPEA_W0_N@Z 0000000180010d78 f   ConEmuPluginBase.obj
 0001:0000ffdc       ?SendTabs@CPluginBase@@SAXH_N@Z 0000000180010fdc f   ConEmuPluginBase.obj
 0001:00010198       ?SetRootRegKey@CPluginBase@@IEAAXPEA_W@Z 0000000180011198 f   ConEmuPluginBase.obj
 0001:00010234       ?ShowConsoleInfo@CPluginBase@@QEAAXXZ 0000000180011234 f   ConEmuPluginBase.obj
 0001:00010438       ?ShowMessage@CPluginBase@@QEAAHHH@Z 0000000180011438 f   ConEmuPluginBase.obj
 0001:000104b4       ?ShowMessageBox@CPluginBase@@KAHPEB_WI@Z 00000001800114b4 f   ConEmuPluginBase.obj
 0001:00010598       ?ShowMessageGui@CPluginBase@@QEAAHHH@Z 0000000180011598 f   ConEmuPluginBase.obj
 0001:00010620       ?ShowPanelsList@CPluginBase@@QEAAXXZ 0000000180011620 f   ConEmuPluginBase.obj
 0001:00010774       ?ShowPluginMenu@CPluginBase@@QEAAXW4PluginCallCommands@@@Z 0000000180011774 f   ConEmuPluginBase.obj
 0001:00010988       ?ShowProtocolWarning@CPluginBase@@KAXXZ 0000000180011988 f   ConEmuPluginBase.obj
 0001:00010b00       ?ShowTabsList@CPluginBase@@QEAAXXZ 0000000180011b00 f   ConEmuPluginBase.obj
 0001:00010d8c       ?StartDebugger@CPluginBase@@QEAA_NXZ 0000000180011d8c f   ConEmuPluginBase.obj
 0001:00011040       ?StopThread@CPluginBase@@QEAAX_N@Z 0000000180012040 f   ConEmuPluginBase.obj
 0001:000112a4       ?StorePanelDirs@CPluginBase@@QEAA_NPEB_W0@Z 00000001800122a4 f   ConEmuPluginBase.obj
 0001:00011414       ?StringCchCatW@@YAJPEA_W_KPEB_W@Z 0000000180012414 f i ConEmuPluginBase.obj
 0001:000114d0       ?StringCchCopyW@@YAJPEA_W_KPEB_W@Z 00000001800124d0 f i ConEmuPluginBase.obj
 0001:0001153c       ?SwitchTabCommand@CPluginBase@@QEAAXW4PluginMenuCommands@@@Z 000000018001253c f   ConEmuPluginBase.obj
 0001:000115c0       ?ToOem@CPluginBase@@SAPEADPEB_W@Z 00000001800125c0 f   ConEmuPluginBase.obj
 0001:0001161c       ?ToOem@CPluginBase@@SAXPEB_WPEAD_J@Z 000000018001261c f   ConEmuPluginBase.obj
 0001:0001165c       ?ToUnicode@CPluginBase@@SAPEA_WPEBD@Z 000000018001265c f   ConEmuPluginBase.obj
 0001:000116dc       ?TouchReadPeekConsoleInputs@CPluginBase@@SAXH@Z 00000001800126dc f   ConEmuPluginBase.obj
 0001:00011728       ?UngetDummyMouseEvent@CPluginBase@@SA_N_NPEAUHookCallbackArg@@@Z 0000000180012728 f   ConEmuPluginBase.obj
 0001:000118d4       ?UpdateConEmuTabs@CPluginBase@@QEAA_N_N@Z 00000001800128d4 f   ConEmuPluginBase.obj
 0001:00011b54       ?UpdatePanelDirs@CPluginBase@@QEAAXXZ 0000000180012b54 f   ConEmuPluginBase.obj
 0001:00011d18       ?WaitPluginActivation@CPluginBase@@SAKKPEAPEAXHK@Z 0000000180012d18 f   ConEmuPluginBase.obj
 0001:00011e28       ?cmd_CloseQSearch@CPluginBase@@QEAAXXZ 0000000180012e28 f   ConEmuPluginBase.obj
 0001:00011e64       ?cmd_ConSetFont@CPluginBase@@QEAAXPEAX@Z 0000000180012e64 f   ConEmuPluginBase.obj
 0001:00011eb8       ?cmd_EMenu@CPluginBase@@QEAAXPEAX@Z 0000000180012eb8 f   ConEmuPluginBase.obj
 0001:00011fd4       ?cmd_ExternalCallback@CPluginBase@@QEAA_NPEAX@Z 0000000180012fd4 f   ConEmuPluginBase.obj
 0001:00012038       ?cmd_GuiChanged@CPluginBase@@QEAAXPEAX@Z 0000000180013038 f   ConEmuPluginBase.obj
 0001:000120c4       ?cmd_LeftClickSync@CPluginBase@@QEAAXPEAX@Z 00000001800130c4 f   ConEmuPluginBase.obj
 0001:000121b0       ?cmd_OpenEditorLine@CPluginBase@@QEAA_NPEAUCESERVER_REQ_FAREDITOR@@@Z 00000001800131b0 f   ConEmuPluginBase.obj
 0001:0001227c       ?cmd_RedrawFarCall@CPluginBase@@QEAA_NAEAPEAUCESERVER_REQ@@PEAPEAU2@@Z 000000018001327c f   ConEmuPluginBase.obj
 0001:00012350       ?cmd_SetWindow@CPluginBase@@QEAA_NPEAX_N@Z 0000000180013350 f   ConEmuPluginBase.obj
 0001:000123dc       ?isMacroActive@CPluginBase@@QEAA_NAEAH@Z 00000001800133dc f   ConEmuPluginBase.obj
 0001:00012418       ?isModalEditorViewer@CPluginBase@@QEAA_NXZ 0000000180013418 f   ConEmuPluginBase.obj
 0001:00012444       ?pcc_Disabled@CPluginBase@@SA_NW4PluginMenuCommands@@@Z 0000000180013444 f   ConEmuPluginBase.obj
 0001:000124b8       ?pcc_Selected@CPluginBase@@SA_NW4PluginMenuCommands@@@Z 00000001800134b8 f   ConEmuPluginBase.obj
 0001:00012514       ??0CPluginBackground@@QEAA@XZ 0000000180013514 f   PluginBackground.obj
 0001:000126cc       ??1CPluginBackground@@QEAA@XZ 00000001800136cc f   PluginBackground.obj
 0001:00012834       ?CheckPanelFolders@CPluginBackground@@IEAAXH@Z 0000000180013834 f   PluginBackground.obj
 0001:00012904       ?GetTo@?$MFileMapping@UPanelViewSetMapping@@@@QEAA_NPEAUPanelViewSetMapping@@H@Z 0000000180013904 f i PluginBackground.obj
 0001:000129d4       ?IsParmChanged@CPluginBackground@@IEAA_NPEAUPaintBackgroundArg@@0@Z 00000001800139d4 f   PluginBackground.obj
 0001:00012c4c       ?LoadThSet@CPluginBackground@@IEAAHH@Z 0000000180013c4c f   PluginBackground.obj
 0001:00012fc0       ?MonitorBackground@CPluginBackground@@QEAAXXZ 0000000180013fc0 f   PluginBackground.obj
 0001:00013028       ?OnMainThreadActivated@CPluginBackground@@QEAAXHH@Z 0000000180014028 f   PluginBackground.obj
 0001:000130ec       ?ReallocItems@CPluginBackground@@IEAAXH@Z 00000001800140ec f   PluginBackground.obj
 0001:00013154       ?RegisterSubplugin@CPluginBackground@@QEAAHPEAURegisterBackgroundArg@@@Z 0000000180014154 f   PluginBackground.obj
 0001:000133dc       ?SetDcPanelRect@CPluginBackground@@IEAAXPEAUtagRECT@@PEAUBkPanelInfo@@PEAUPaintBackgroundArg@@@Z 00000001800143dc f   PluginBackground.obj
 0001:000134b0       ?SetForceThLoad@CPluginBackground@@QEAAXXZ 00000001800144b0 f   PluginBackground.obj
 0001:000134c8       ?SetForceUpdate@CPluginBackground@@QEAAX_N@Z 00000001800144c8 f   PluginBackground.obj
 0001:000134e8       ?UpdateBackground@CPluginBackground@@IEAAXXZ 00000001800144e8 f   PluginBackground.obj
 0001:00013d5c       ?UpdateBackground_Exec@CPluginBackground@@KAXPEAURegisterBackgroundArg@@PEAUPaintBackgroundArg@@@Z 0000000180014d5c f   PluginBackground.obj
 0001:00013da0       ??$swprintf_c@$09@@YAHAEAY09_WPEB_WZZ 0000000180014da0 f i PluginSrv.obj
 0001:00013dcc       ??$wcscpy_c@$0BAE@@@YAHAEAY0BAE@_WPEB_W@Z 0000000180014dcc f i PluginSrv.obj
 0001:00013e18       ?DumpError@?$PipeServer@UCESERVER_REQ@@@@IEAAXPEAUPipeInst@1@PEB_WH@Z 0000000180014e18 f i PluginSrv.obj
 0001:00013f2c       ?PipeServerRead@?$PipeServer@UCESERVER_REQ@@@@IEAAHPEAUPipeInst@1@@Z 0000000180014f2c f i PluginSrv.obj
 0001:000141c8       ?PipeServerThread@?$PipeServer@UCESERVER_REQ@@@@IEAAKPEAUPipeInst@1@@Z 00000001800151c8 f i PluginSrv.obj
 0001:00014498       ?PipeServerWrite@?$PipeServer@UCESERVER_REQ@@@@IEAAHPEAUPipeInst@1@PEBXKPEAKH@Z 0000000180015498 f i PluginSrv.obj
 0001:000145c4       ?PlugServerCommand@@YAHPEAXPEAUCESERVER_REQ@@AEAPEAU1@AEAK3_J@Z 00000001800155c4 f   PluginSrv.obj
 0001:00014b04       ?PlugServerFree@@YAXPEAUCESERVER_REQ@@_J@Z 0000000180015b04 f   PluginSrv.obj
 0001:00014b1c       ?PlugServerStart@@YA_NXZ   0000000180015b1c f   PluginSrv.obj
 0001:00014c30       ?PlugServerStop@@YAX_N@Z   0000000180015c30 f   PluginSrv.obj
 0001:00014c78       ?StartPipeInstance@?$PipeServer@UCESERVER_REQ@@@@IEAA_NPEAUPipeInst@1@@Z 0000000180015c78 f i PluginSrv.obj
 0001:00014e08       ?StartPipeServer@?$PipeServer@UCESERVER_REQ@@@@QEAA_N_NPEB_W_JPEAU_SECURITY_ATTRIBUTES@@P6AHPEAXPEAUCESERVER_REQ@@AEAPEAU3@AEAK72@ZP6AX52@ZP6AH42@ZP6AH42@ZP6AH42@Z@Z 0000000180015e08 f i PluginSrv.obj
 0001:00014f8c       ?StopPipeServer@?$PipeServer@UCESERVER_REQ@@@@QEAAX_NAEA_N@Z 0000000180015f8c f i PluginSrv.obj
 0001:00015314       ?WaitForClient@?$PipeServer@UCESERVER_REQ@@@@IEAA_NPEAUPipeInst@1@AEAH1@Z 0000000180016314 f i PluginSrv.obj
 0001:0001562c       ?WaitOverlapped@?$PipeServer@UCESERVER_REQ@@@@IEAAHPEAUPipeInst@1@PEAK@Z 000000018001662c f i PluginSrv.obj
 0001:00015800       ?WriteDummyAnswer@?$PipeServer@UCESERVER_REQ@@@@IEAAHPEAUPipeInst@1@@Z 0000000180016800 f i PluginSrv.obj
 0001:00015880       ?_PipeServerThread@?$PipeServer@UCESERVER_REQ@@@@KAKPEAX@Z 0000000180016880 f i PluginSrv.obj
 0001:000158dc       ?cmd_FarSetChanged@@YAXPEAUFAR_REQ_FARSETCHANGED@@@Z 00000001800168dc f   PluginSrv.obj
 0001:00015936       GetFileVersionInfoSizeW    0000000180016936 f   version:VERSION.dll
 0001:0001593c       GetFileVersionInfoW        000000018001693c f   version:VERSION.dll
 0001:00015942       VerQueryValueW             0000000180016942 f   version:VERSION.dll
 0001:00015948       CreateToolhelp32Snapshot   0000000180016948 f   kernel32:KERNEL32.dll
 0001:0001594e       Thread32First              000000018001694e f   kernel32:KERNEL32.dll
 0001:00015954       Thread32Next               0000000180016954 f   kernel32:KERNEL32.dll
 0001:0001595a       Module32FirstW             000000018001695a f   kernel32:KERNEL32.dll
 0001:00015960       Module32NextW              0000000180016960 f   kernel32:KERNEL32.dll
 0001:00015968       ??2@YAPEAX_K@Z             0000000180016968 f   common-kernel64:Memory.obj
 0001:00015990       ??_V@YAXPEAX@Z             0000000180016990 f   common-kernel64:Memory.obj
 0001:00015990       ??3@YAXPEAX@Z              0000000180016990 f   common-kernel64:Memory.obj
 0001:00015998       ??_U@YAPEAX_K@Z            0000000180016998 f   common-kernel64:Memory.obj
 0001:000159a0       ?HeapDeinitialize@@YAXXZ   00000001800169a0 f   common-kernel64:Memory.obj
 0001:00015a00       ?HeapInitialize@@YA_NXZ    0000000180016a00 f   common-kernel64:Memory.obj
 0001:00015a3c       ?xf_calloc@@YAPEAX_K0@Z    0000000180016a3c f   common-kernel64:Memory.obj
 0001:00015a6c       ?xf_free@@YAXPEAX@Z        0000000180016a6c f   common-kernel64:Memory.obj
 0001:00015ae0       ?xf_malloc@@YAPEAX_K@Z     0000000180016ae0 f   common-kernel64:Memory.obj
 0001:00015b08       ?xf_realloc@@YAPEAXPEAX_K@Z 0000000180016b08 f   common-kernel64:Memory.obj
 0001:00015b30       ??$wcscpy_c@$0CA@@@YAHAEAY0CA@_WPEB_W@Z 0000000180016b30 f i common-kernel64:ConEmuCheck.obj
 0001:00015b7c       ?ExecuteCmd@@YAPEAUCESERVER_REQ@@PEB_WPEAU1@KPEAUHWND__@@HKH@Z 0000000180016b7c f   common-kernel64:ConEmuCheck.obj
 0001:00015d64       ?ExecuteFreeResult@@YAXAEAPEAUCESERVER_REQ@@@Z 0000000180016d64 f   common-kernel64:ConEmuCheck.obj
 0001:00015d84       ?ExecuteGuiCmd@@YAPEAUCESERVER_REQ@@PEAUHWND__@@PEAU1@0H@Z 0000000180016d84 f   common-kernel64:ConEmuCheck.obj
 0001:00015e44       ?ExecuteNewCmd@@YAPEAUCESERVER_REQ@@K_K@Z 0000000180016e44 f   common-kernel64:ConEmuCheck.obj
 0001:00015ea8       ?ExecuteNewCmd@@YA_NAEAPEAUCESERVER_REQ@@AEAKK_K@Z 0000000180016ea8 f   common-kernel64:ConEmuCheck.obj
 0001:00015f9c       ?ExecuteOpenPipe@@YAPEAXPEB_WAEAY0CAI@_W0KKHPEAXH@Z 0000000180016f9c f   common-kernel64:ConEmuCheck.obj
 0001:0001614c       ?ExecutePrepareCmd@@YAXPEAUCESERVER_REQ@@K_K@Z 000000018001714c f   common-kernel64:ConEmuCheck.obj
 0001:00016188       ?ExecutePrepareCmd@@YAXPEAUCESERVER_REQ_HDR@@K_K@Z 0000000180017188 f   common-kernel64:ConEmuCheck.obj
 0001:000161f8       ?ExecuteSrvCmd@@YAPEAUCESERVER_REQ@@KPEAU1@PEAUHWND__@@HKH@Z 00000001800171f8 f   common-kernel64:ConEmuCheck.obj
 0001:000162cc       ?GetConEmuHWND@@YAPEAUHWND__@@H@Z 00000001800172cc f   common-kernel64:ConEmuCheck.obj
 0001:00016410       ?GuiMessageBox@@YAHPEAUHWND__@@PEB_W1H@Z 0000000180017410 f   common-kernel64:ConEmuCheck.obj
 0001:00016578       ?LoadSrvMapping@@YAHPEAUHWND__@@AEAUCESERVER_CONSOLE_MAPPING_HDR@@@Z 0000000180017578 f   common-kernel64:ConEmuCheck.obj
 0001:0001677c       ?ModuleName@@YAPEB_WPEB_W@Z 000000018001777c f   common-kernel64:ConEmuCheck.obj
 0001:0001683c       ?isConsoleClass@@YA_NPEB_W@Z 000000018001783c f   common-kernel64:ConEmuCheck.obj
 0001:0001688c       ?isConsoleWindow@@YA_NPEAUHWND__@@@Z 000000018001788c f   common-kernel64:ConEmuCheck.obj
 0001:0001697c       ?myGetConsoleWindow@@YAPEAUHWND__@@XZ 000000018001797c f   common-kernel64:ConEmuCheck.obj
 0001:00016a18       ?StringCchVPrintfA@@YAJPEAD_KPEBD0@Z 0000000180017a18 f i common-kernel64:MStrSafe.obj
 0001:00016ac0       ?lstrcmpni@@YAHPEB_W0H@Z   0000000180017ac0 f   common-kernel64:MStrSafe.obj
 0001:00016be8       ?msprintf@@YAPEB_WPEA_W_KPEB_WZZ 0000000180017be8 f   common-kernel64:MStrSafe.obj
 0001:00016c08       ?mvsprintf@@YAPEB_WPEA_W_KPEB_WPEAD@Z 0000000180017c08 f   common-kernel64:MStrSafe.obj
 0001:000170a8       ?sprintf_c@@YAHPEAD_JPEBDZZ 00000001800180a8 f   common-kernel64:MStrSafe.obj
 0001:000170e8       ?swprintf_c@@YAHPEA_W_JPEB_WZZ 00000001800180e8 f   common-kernel64:MStrSafe.obj
 0001:00017128       ?IsFilePath@@YA_NPEB_W_N@Z 0000000180018128 f   common-kernel64:CmdLine.obj
 0001:000172c8       ?PointToExt@@YAPEB_WPEB_W@Z 00000001800182c8 f   common-kernel64:CmdLine.obj
 0001:000172ec       ?PointToName@@YAPEB_WPEB_W@Z 00000001800182ec f   common-kernel64:CmdLine.obj
 0001:00017348       ?Unquote@@YAPEB_WPEA_W_N@Z 0000000180018348 f   common-kernel64:CmdLine.obj
 0001:000173b0       ??$sprintf_c@$0CI@@@YAHAEAY0CI@DPEBDZZ 00000001800183b0 f i common-kernel64:WThreads.obj
 0001:000173dc       ?SetThreadName@@YAXKPEAD@Z 00000001800183dc f   common-kernel64:WThreads.obj
 0001:00017414       ?apiCreateThread@@YAPEAXP6AKPEAX@Z0PEAKPEBDH@Z 0000000180018414 f   common-kernel64:WThreads.obj
 0001:0001755c       ?apiTerminateThreadEx@@YAHPEAXKPEBDH@Z 000000018001855c f   common-kernel64:WThreads.obj
 0001:00017664       ?apiThreadHelper@@YAKPEAX@Z 0000000180018664 f   common-kernel64:WThreads.obj
 0001:00017870       ?lstrdup@@YAPEA_WPEB_W_K@Z 0000000180018870 f   common-kernel64:MStrDup.obj
 0001:000178e4       ?lstrmerge@@YAPEA_WPEB_W00000000@Z 00000001800188e4 f   common-kernel64:MStrDup.obj
 0001:00017a28       ?lstrmerge@@YA_NPEAPEA_WPEB_W1111111@Z 0000000180018a28 f   common-kernel64:MStrDup.obj
 0001:00017aa0       ??0CEStr@@QEAA@$$QEAPEA_W@Z 0000000180018aa0 f   common-kernel64:CEStr.obj
 0001:00017ac0       ??0CEStr@@QEAA@$$QEAU0@@Z  0000000180018ac0 f   common-kernel64:CEStr.obj
 0001:00017ae8       ??0CEStr@@QEAA@PEB_W00000000@Z 0000000180018ae8 f   common-kernel64:CEStr.obj
 0001:00017b80       ??0CEStr@@QEAA@XZ          0000000180018b80 f   common-kernel64:CEStr.obj
 0001:00017b90       ??0bad_alloc@stdext@@QEAA@AEBV01@@Z 0000000180018b90 f i common-kernel64:CEStr.obj
 0001:00017bb0       ??0bad_alloc@stdext@@QEAA@XZ 0000000180018bb0 f i common-kernel64:CEStr.obj
 0001:00017bcc       ??0exception@stdext@@QEAA@AEBV01@@Z 0000000180018bcc f i common-kernel64:CEStr.obj
 0001:00017be4       ??1CEStr@@QEAA@XZ          0000000180018be4 f   common-kernel64:CEStr.obj
 0001:00017bec       ??1bad_alloc@stdext@@UEAA@XZ 0000000180018bec f i common-kernel64:CEStr.obj
 0001:00017bf8       ??4CEStr@@QEAAAEAU0@$$QEAU0@@Z 0000000180018bf8 f   common-kernel64:CEStr.obj
 0001:00017c44       ??4CEStr@@QEAAAEAU0@PEB_W@Z 0000000180018c44 f   common-kernel64:CEStr.obj
 0001:00017c64       ?data@CEStr@@QEBAPEA_WXZ   0000000180018c64 f   common-kernel64:CEStr.obj
 0001:00017c64       ??BCEStr@@QEBAPEB_WXZ      0000000180018c64 f   common-kernel64:CEStr.obj
 0001:00017c68       ??BCEStr@@QEBA_NXZ         0000000180018c68 f   common-kernel64:CEStr.obj
 0001:00017c7c       ??_Eexception@stdext@@UEAAPEAXI@Z 0000000180018c7c f i common-kernel64:CEStr.obj
 0001:00017c7c       ??_Gexception@stdext@@UEAAPEAXI@Z 0000000180018c7c f i common-kernel64:CEStr.obj
 0001:00017c7c       ??_Ebad_alloc@stdext@@UEAAPEAXI@Z 0000000180018c7c f i common-kernel64:CEStr.obj
 0001:00017c7c       ??_Gbad_alloc@stdext@@UEAAPEAXI@Z 0000000180018c7c f i common-kernel64:CEStr.obj
 0001:00017ca8       ?AttachInt@CEStr@@AEAAPEB_WAEAPEA_W@Z 0000000180018ca8 f   common-kernel64:CEStr.obj
 0001:00017d28       ?Clear@CEStr@@QEAAXXZ      0000000180018d28 f   common-kernel64:CEStr.obj
 0001:00017d44       ?Compare@CEStr@@QEBAHPEB_W_N@Z 0000000180018d44 f   common-kernel64:CEStr.obj
 0001:00017d74       ?Detach@CEStr@@QEAAPEA_WXZ 0000000180018d74 f   common-kernel64:CEStr.obj
 0001:00017d84       ?GetBuffer@CEStr@@QEAAPEA_W_J@Z 0000000180018d84 f   common-kernel64:CEStr.obj
 0001:00017e50       ?GetLen@CEStr@@QEBA_JXZ    0000000180018e50 f   common-kernel64:CEStr.obj
 0001:00017e78       ?GetMaxCount@CEStr@@QEAA_JXZ 0000000180018e78 f   common-kernel64:CEStr.obj
 0001:00017ea4       ?Release@CEStr@@QEAAXXZ    0000000180018ea4 f   common-kernel64:CEStr.obj
 0001:00017ec8       ?Set@CEStr@@QEAAPEB_WPEB_W_J@Z 0000000180018ec8 f   common-kernel64:CEStr.obj
 0001:00017fb4       ?SetAt@CEStr@@QEAA_W_J_W@Z 0000000180018fb4 f   common-kernel64:CEStr.obj
 0001:00018010       ?StringCchCopyNW@@YAJPEA_W_KPEB_W1@Z 0000000180019010 f i common-kernel64:CEStr.obj
 0001:00018084       ?_Doraise@bad_alloc@stdext@@MEBAXXZ 0000000180019084 f i common-kernel64:CEStr.obj
 0001:000180a0       ?c_str@CEStr@@QEBAPEB_WPEB_W@Z 00000001800190a0 f   common-kernel64:CEStr.obj
 0001:000180ac       ?what@exception@stdext@@UEBAPEBDXZ 00000001800190ac f i common-kernel64:CEStr.obj
 0001:0001827c       ??0CEnvStrings@@QEAA@PEA_W@Z 000000018001927c f   common-kernel64:EnvVar.obj
 0001:000182d0       ??1CEnvStrings@@QEAA@XZ    00000001800192d0 f   common-kernel64:EnvVar.obj
 0001:000182f4       ?Clear@CEnvRestorer@@QEAAXXZ 00000001800192f4 f   common-kernel64:EnvVar.obj
 0001:00018318       ?ExpandEnvStr@@YA?AUCEStr@@PEB_W@Z 0000000180019318 f   common-kernel64:EnvVar.obj
 0001:0001833c       ?GetEnvVar@@YA?AUCEStr@@PEB_W@Z 000000018001933c f   common-kernel64:EnvVar.obj
 0001:00018460       ?SavePathVar@CEnvRestorer@@QEAAXPEB_W@Z 0000000180019460 f   common-kernel64:EnvVar.obj
 0001:00018494       ?CommonShutdown@@YAXXZ     0000000180019494 f   common-kernel64:Common.obj
 0001:000184a4       ?IsEnvBlockVariableValid@@YA_NPEB_W@Z 00000001800194a4 f   common-kernel64:Common.obj
 0001:000184d8       ?IsEnvBlockVariableValid@@YA_NPEB_WAEAPEB_W@Z 00000001800194d8 f   common-kernel64:Common.obj
 0001:0001852c       ?SetCommand@CESERVER_REQ_NEWCMD@@QEAAXPEB_W@Z 000000018001952c f   common-kernel64:Common.obj
 0001:00018594       ?SetEnvStrings@CESERVER_REQ_NEWCMD@@QEAAXPEB_WK@Z 0000000180019594 f   common-kernel64:Common.obj
 0001:000186ac       ??_GMNullDesc@@QEAAPEAXI@Z 00000001800196ac f i common-kernel64:MSecurity.obj
 0001:00018720       ?LoadAdvApi@MNullDesc@@IEAAHXZ 0000000180019720 f i common-kernel64:MSecurity.obj
 0001:00018848       ?LocalSecurity@@YAPEAU_SECURITY_ATTRIBUTES@@XZ 0000000180019848 f   common-kernel64:MSecurity.obj
 0001:000188a0       ?LocalSecurity@MNullDesc@@QEAAPEAU_SECURITY_ATTRIBUTES@@XZ 00000001800198a0 f i common-kernel64:MSecurity.obj
 0001:00018a1c       ?ShutdownSecurity@@YAXXZ   0000000180019a1c f   common-kernel64:MSecurity.obj
 0001:00018a44       ??0MHandle@@QEAA@PEAXV?$function@$$A6AXPEAX@Z@std@@@Z 0000000180019a44 f i common-kernel64:WObjects.obj
 0001:00018ab8       ??4?$function@$$A6AXPEAX@Z@std@@QEAAAEAV01@$$QEAV01@@Z 0000000180019ab8 f i common-kernel64:WObjects.obj
 0001:00018b30       ?Close@MHandle@@QEAAXXZ    0000000180019b30 f i common-kernel64:WObjects.obj
 0001:00018b94       ?FileExists@@YA_NPEB_WPEA_K@Z 0000000180019b94 f   common-kernel64:WObjects.obj
 0001:00018e30       ?IsWin6@@YA_NXZ            0000000180019e30 f   common-kernel64:WObjects.obj
 0001:00018e64       ?IsWin7@@YA_NXZ            0000000180019e64 f   common-kernel64:WObjects.obj
 0001:00018e98       ?IsWinVerOrHigher@@YA_NG@Z 0000000180019e98 f   common-kernel64:WObjects.obj
 0001:00018fb0       ?IsWindows64@@YA_NXZ       0000000180019fb0 f   common-kernel64:WObjects.obj
 0001:00018fd4       ?SetHandle@MHandle@@QEAA_NPEAXV?$function@$$A6AXPEAX@Z@std@@@Z 0000000180019fd4 f i common-kernel64:WObjects.obj
 0001:00019040       ?_Copy@?$_Func_impl_no_alloc@P6AHPEAX@ZXPEAX@std@@EEBAPEAV?$_Func_base@XPEAX@2@PEAX@Z 000000018001a040 f i common-kernel64:WObjects.obj
 0001:00019040       ?_Move@?$_Func_impl_no_alloc@P6AHPEAX@ZXPEAX@std@@EEAAPEAV?$_Func_base@XPEAX@2@PEAX@Z 000000018001a040 f i common-kernel64:WObjects.obj
 0001:00019058       ?_Delete_this@?$_Func_impl_no_alloc@V<lambda_217d18733db987cb8fc0adfd68028951>@@_NAEBUtagPROCESSENTRY32W@@@std@@EEAAX_N@Z 000000018001a058 f i common-kernel64:MProcess.obj
 0001:00019058       ?_Delete_this@?$_Func_impl_no_alloc@P6AHPEAX@ZXPEAX@std@@EEAAX_N@Z 000000018001a058 f i common-kernel64:WObjects.obj
 0001:00019070       ?_Do_call@?$_Func_impl_no_alloc@P6AHPEAX@ZXPEAX@std@@EEAAX$$QEAPEAX@Z 000000018001a070 f i common-kernel64:WObjects.obj
 0001:0001907c       ?_Get@?$_Func_impl_no_alloc@P6AHPEAX@ZXPEAX@std@@EEBAPEBXXZ 000000018001a07c f i common-kernel64:WObjects.obj
 0001:0001907c       ?_Get@?$_Func_impl_no_alloc@V<lambda_217d18733db987cb8fc0adfd68028951>@@_NAEBUtagPROCESSENTRY32W@@@std@@EEBAPEBXXZ 000000018001a07c f i common-kernel64:MProcess.obj
 0001:00019084       ?_Target_type@?$_Func_impl_no_alloc@P6AHPEAX@ZXPEAX@std@@EEBAAEBVtype_info@@XZ 000000018001a084 f i common-kernel64:WObjects.obj
 0001:0001908c       ?_VerifyVersionInfo@@YA_NPEAU_OSVERSIONINFOEXW@@K_K@Z 000000018001a08c f   common-kernel64:WObjects.obj
 0001:0001915c       ?Init@HkFunc@@QEAA_NPEB_WPEAUHINSTANCE__@@@Z 000000018001a15c f   common-kernel64:HkFunc.obj
 0001:000191ec       ?isConEmuHk@HkFunc@@QEAA_NXZ 000000018001a1ec f   common-kernel64:HkFunc.obj
 0001:000191f4       ??$_Emplace_reallocate@AEBUtagPROCESSENTRY32W@@@?$vector@UtagPROCESSENTRY32W@@V?$MArrayAllocator@UtagPROCESSENTRY32W@@@@@std@@QEAAPEAUtagPROCESSENTRY32W@@QEAU2@AEBU2@@Z 000000018001a1f4 f i common-kernel64:MProcess.obj
 0001:000193e4       ??$emplace_back@AEBUtagPROCESSENTRY32W@@@?$vector@UtagPROCESSENTRY32W@@V?$MArrayAllocator@UtagPROCESSENTRY32W@@@@@std@@QEAAXAEBUtagPROCESSENTRY32W@@@Z 000000018001a3e4 f i common-kernel64:MProcess.obj
 0001:00019480       ??0?$MToolHelp@UtagPROCESSENTRY32W@@$1?Process32FirstW@@YAHPEAXPEAU1@@Z$1?Process32NextW@@YAH01@Z@@QEAA@KK@Z 000000018001a480 f i common-kernel64:MProcess.obj
 0001:00019508       ??_E?$MToolHelp@UtagPROCESSENTRY32W@@$1?Process32FirstW@@YAHPEAXPEAU1@@Z$1?Process32NextW@@YAH01@Z@@UEAAPEAXI@Z 000000018001a508 f i common-kernel64:MProcess.obj
 0001:00019508       ??_GMToolHelpProcess@@UEAAPEAXI@Z 000000018001a508 f i common-kernel64:MProcess.obj
 0001:00019508       ??_EMToolHelpProcess@@UEAAPEAXI@Z 000000018001a508 f i common-kernel64:MProcess.obj
 0001:00019508       ??_G?$MToolHelp@UtagPROCESSENTRY32W@@$1?Process32FirstW@@YAHPEAXPEAU1@@Z$1?Process32NextW@@YAH01@Z@@UEAAPEAXI@Z 000000018001a508 f i common-kernel64:MProcess.obj
 0001:00019570       ?Close@?$MToolHelp@UtagPROCESSENTRY32W@@$1?Process32FirstW@@YAHPEAXPEAU1@@Z$1?Process32NextW@@YAH01@Z@@QEAAXXZ 000000018001a570 f i common-kernel64:MProcess.obj
 0001:000195f0       ?Filter@?$MToolHelp@UtagPROCESSENTRY32W@@$1?Process32FirstW@@YAHPEAXPEAU1@@Z$1?Process32NextW@@YAH01@Z@@MEAA_NAEBUtagPROCESSENTRY32W@@@Z 000000018001a5f0 f i common-kernel64:MProcess.obj
 0001:000195f0       __acrt_uninitialize_command_line 000000018001a5f0 f i libucrt:argv_data.obj
 0001:000195f4       ?Find@?$MToolHelp@UtagPROCESSENTRY32W@@$1?Process32FirstW@@YAHPEAXPEAU1@@Z$1?Process32NextW@@YAH01@Z@@QEAA_NAEBV?$function@$$A6A_NAEBUtagPROCESSENTRY32W@@@Z@std@@AEAUtagPROCESSENTRY32W@@@Z 000000018001a5f4 f i common-kernel64:MProcess.obj
 0001:00019708       ?Find@MToolHelpProcess@@QEAA_NKAEAUtagPROCESSENTRY32W@@@Z 000000018001a708 f i common-kernel64:MProcess.obj
 0001:00019774       ?Next@?$MToolHelp@UtagPROCESSENTRY32W@@$1?Process32FirstW@@YAHPEAXPEAU1@@Z$1?Process32NextW@@YAH01@Z@@QEAA_NAEAUtagPROCESSENTRY32W@@@Z 000000018001a774 f i common-kernel64:MProcess.obj
 0001:0001985c       ?Open@?$MToolHelp@UtagPROCESSENTRY32W@@$1?Process32FirstW@@YAHPEAXPEAU1@@Z$1?Process32NextW@@YAH01@Z@@QEAA_NXZ 000000018001a85c f i common-kernel64:MProcess.obj
 0001:000198cc       ?_Copy@?$_Func_impl_no_alloc@V<lambda_217d18733db987cb8fc0adfd68028951>@@_NAEBUtagPROCESSENTRY32W@@@std@@EEBAPEAV?$_Func_base@_NAEBUtagPROCESSENTRY32W@@@2@PEAX@Z 000000018001a8cc f i common-kernel64:MProcess.obj
 0001:000198cc       ?_Move@?$_Func_impl_no_alloc@V<lambda_217d18733db987cb8fc0adfd68028951>@@_NAEBUtagPROCESSENTRY32W@@@std@@EEAAPEAV?$_Func_base@_NAEBUtagPROCESSENTRY32W@@@2@PEAX@Z 000000018001a8cc f i common-kernel64:MProcess.obj
 0001:000198e0       ?_Do_call@?$_Func_impl_no_alloc@V<lambda_217d18733db987cb8fc0adfd68028951>@@_NAEBUtagPROCESSENTRY32W@@@std@@EEAA_NAEBUtagPROCESSENTRY32W@@@Z 000000018001a8e0 f i common-kernel64:MProcess.obj
 0001:000198ec       ?_Target_type@?$_Func_impl_no_alloc@V<lambda_217d18733db987cb8fc0adfd68028951>@@_NAEBUtagPROCESSENTRY32W@@@std@@EEBAAEBVtype_info@@XZ 000000018001a8ec f i common-kernel64:MProcess.obj
 0001:000198f4       ?getNext@?$MToolHelp@UtagPROCESSENTRY32W@@$1?Process32FirstW@@YAHPEAXPEAU1@@Z$1?Process32NextW@@YAH01@Z@@IEAA_NXZ 000000018001a8f4 f i common-kernel64:MProcess.obj
 0001:00019994       ?isTerminalMode@@YA_NXZ    000000018001a994 f   common-kernel64:MProcess.obj
 0001:00019ad0       ??0MSection@@QEAA@XZ       000000018001aad0 f   common-kernel64:MSection.obj
 0001:00019b58       ??0MSectionLock@@QEAA@XZ   000000018001ab58 f   common-kernel64:MSection.obj
 0001:00019b68       ??0MSectionThread@@QEAA@PEAVMSection@@@Z 000000018001ab68 f   common-kernel64:MSection.obj
 0001:00019b88       ??1MSection@@QEAA@XZ       000000018001ab88 f   common-kernel64:MSection.obj
 0001:00019bf0       ??1MSectionLock@@QEAA@XZ   000000018001abf0 f   common-kernel64:MSection.obj
 0001:00019c14       ??1MSectionThread@@QEAA@XZ 000000018001ac14 f   common-kernel64:MSection.obj
 0001:00019c50       ?AddRef@MSection@@IEAAXK@Z 000000018001ac50 f   common-kernel64:MSection.obj
 0001:00019ce4       ?Lock@MSection@@IEAAHHK@Z  000000018001ace4 f   common-kernel64:MSection.obj
 0001:00019de0       ?Lock@MSectionLock@@QEAAHPEAVMSection@@HK@Z 000000018001ade0 f   common-kernel64:MSection.obj
 0001:00019e34       ?MyEnterCriticalSection@MSection@@IEAA_NK@Z 000000018001ae34 f   common-kernel64:MSection.obj
 0001:00019f60       ?ReleaseRef@MSection@@IEAAHK@Z 000000018001af60 f   common-kernel64:MSection.obj
 0001:0001a000       ?Unlock@MSection@@IEAAXH@Z 000000018001b000 f   common-kernel64:MSection.obj
 0001:0001a058       ?Unlock@MSectionLock@@QEAAXXZ 000000018001b058 f   common-kernel64:MSection.obj
 0001:0001a084       ?WaitUnlocked@MSection@@IEAAXKK@Z 000000018001b084 f   common-kernel64:MSection.obj
 0001:0001a118       ?CheckCallbackPtr@@YA_NPEAUHINSTANCE__@@_KPEAP6A_JXZHHH@Z 000000018001b118 f   common-kernel64:WModuleCheck.obj
 0001:0001a220       ?IsModuleValid@@YA_NPEAUHINSTANCE__@@H@Z 000000018001b220 f   common-kernel64:WModuleCheck.obj
 0001:0001a328       ??0MModule@@QEAA@PEAUHINSTANCE__@@@Z 000000018001b328 f   common-kernel64:MModule.obj
 0001:0001a338       ??1MModule@@QEAA@XZ        000000018001b338 f   common-kernel64:MModule.obj
 0001:0001a340       ?Free@MModule@@QEAAXXZ     000000018001b340 f   common-kernel64:MModule.obj
 0001:0001a378       ??0MSectionSimple@@QEAA@_N@Z 000000018001b378 f   common-kernel64:MSectionSimple.obj
 0001:0001a3b0       ?Close@MSectionSimple@@QEAAXXZ 000000018001b3b0 f   common-kernel64:MSectionSimple.obj
 0001:0001a3b0       ??1MSectionSimple@@QEAA@XZ 000000018001b3b0 f   common-kernel64:MSectionSimple.obj
 0001:0001a3d0       ?Enter@MSectionSimple@@QEAAXXZ 000000018001b3d0 f   common-kernel64:MSectionSimple.obj
 0001:0001a3d8       ?Init@MSectionSimple@@QEAAXXZ 000000018001b3d8 f   common-kernel64:MSectionSimple.obj
 0001:0001a3f8       ?Leave@MSectionSimple@@QEAAXXZ 000000018001b3f8 f   common-kernel64:MSectionSimple.obj
 0001:0001a400       ?RecreateAndLock@MSectionSimple@@QEAA_NXZ 000000018001b400 f   common-kernel64:MSectionSimple.obj
 0001:0001a470       ?TryEnter@MSectionSimple@@QEAA_NXZ 000000018001b470 f   common-kernel64:MSectionSimple.obj
 0001:0001a498       ?SetConEmuEnvHWND@@YAXPEB_WPEAUHWND__@@@Z 000000018001b498 f   common-user64:SetEnvVar.obj
 0001:0001a4f0       ?SetConEmuEnvVar@@YAXPEAUHWND__@@@Z 000000018001b4f0 f   common-user64:SetEnvVar.obj
 0001:0001a574       ?SetConEmuEnvVarChild@@YAXPEAUHWND__@@0@Z 000000018001b574 f   common-user64:SetEnvVar.obj
 0001:0001a5a0       ??$wcscpy_c@$0BAF@@@YAHAEAY0BAF@_WPEB_W@Z 000000018001b5a0 f i common-user64:ConEmuCheckEx.obj
 0001:0001a5ec       ?FindConEmuBaseDir@@YAHAEAY0BAF@_W0PEAUHINSTANCE__@@@Z 000000018001b5ec f   common-user64:ConEmuCheckEx.obj
 0001:0001ad00       ?IsConEmuExeExist@@YAHPEB_WAEAY0BAF@_W@Z 000000018001bd00 f   common-user64:ConEmuCheckEx.obj
 0001:0001adac       ??$swprintf_c@$0FA@@@YAHAEAY0FA@_WPEB_WZZ 000000018001bdac f i common-user64:EmergencyShow.obj
 0001:0001add8       ?CorrectConsolePos@@YAXPEAUHWND__@@@Z 000000018001bdd8 f   common-user64:EmergencyShow.obj
 0001:0001aef4       ?EmergencyShow@@YAXPEAUHWND__@@HH@Z 000000018001bef4 f   common-user64:EmergencyShow.obj
 0001:0001b034       ?EvaluateDefaultFontWidth@@YAHHPEB_W@Z 000000018001c034 f   common-user64:EmergencyShow.obj
 0001:0001b158       ?SetUserFriendlyFont@@YAXPEAUHWND__@@HH@Z 000000018001c158 f   common-user64:EmergencyShow.obj
 0001:0001b4bc       ??0MSetter@@QEAA@PEAJ@Z    000000018001c4bc f   common-user64:MSetter.obj
 0001:0001b4d4       ??1MSetter@@QEAA@XZ        000000018001c4d4 f   common-user64:MSetter.obj
 0001:0001b4dc       ?Unlock@MSetter@@QEAAXXZ   000000018001c4dc f   common-user64:MSetter.obj
 0001:0001b53c       ?IsDotsName@@YA_NPEB_W@Z   000000018001c53c f   common-user64:WFiles.obj
 0001:0001b560       ?SearchAppPaths@@YA_NPEB_WAEAUCEStr@@_NPEAVCEnvRestorer@@@Z 000000018001c560 f   common-user64:WFiles.obj
 0001:0001b9f0       ?GetConsoleSizeInfo@@YAXPEAUCONSOLE_INFO@@@Z 000000018001c9f0 f   common-user64:WConsoleEx.obj
 0001:0001ba7c       ?SetConsoleFontSizeTo@@YAXPEAUHWND__@@HHPEB_WGG@Z 000000018001ca7c f   common-user64:WConsoleEx.obj
 0001:0001be64       ?SetConsoleInfo@@YAHPEAUHWND__@@PEAUCONSOLE_INFO@@@Z 000000018001ce64 f   common-user64:WConsoleEx.obj
 0001:0001c06c       ?SetEnvVarExpanded@@YAXPEB_W0@Z 000000018001d06c f   common-user64:WUser.obj
 0001:0001c154       ?UpdateComspec@@YAXPEAUConEmuComspec@@_N@Z 000000018001d154 f   common-user64:WUser.obj
 0001:0001c49c       ?apiShowWindow@@YA_NPEAUHWND__@@H@Z 000000018001d49c f   common-user64:WUser.obj
 0001:0001c4b0       ?apiShowWindowAsync@@YA_NPEAUHWND__@@H@Z 000000018001d4b0 f   common-user64:WUser.obj
 0001:0001c4c4       ?RegGetStringValue@@YAHPEAUHKEY__@@PEB_W1AEAUCEStr@@K@Z 000000018001d4c4 f   common-user64:WRegistry.obj
 0001:0001c69c       ?FindMonitorsWorkspace@@YAHPEAUHMONITOR__@@PEAUHDC__@@PEAUtagRECT@@_J@Z 000000018001d69c f   common-user64:Monitors.obj
 0001:0001c6d8       ?GetAllMonitorsWorkspace@@YA?AUtagRECT@@XZ 000000018001d6d8 f   common-user64:Monitors.obj
 0001:0001c738       ??0bad_function_call@std@@QEAA@AEBV01@@Z 000000018001d738 f i libcpmt:xthrow.obj
 0001:0001c774       ??0bad_function_call@std@@QEAA@XZ 000000018001d774 f i libcpmt:xthrow.obj
 0001:0001c78c       ??0length_error@std@@QEAA@AEBV01@@Z 000000018001d78c f i libcpmt:xthrow.obj
 0001:0001c7c8       ??0length_error@std@@QEAA@PEBD@Z 000000018001d7c8 f i libcpmt:xthrow.obj
 0001:0001c810       ??0logic_error@std@@QEAA@AEBV01@@Z 000000018001d810 f i libcpmt:xthrow.obj
 0001:0001c84c       ?_Xbad_function_call@std@@YAXXZ 000000018001d84c f   libcpmt:xthrow.obj
 0001:0001c86c       ?_Xlength_error@std@@YAXPEBD@Z 000000018001d86c f   libcpmt:xthrow.obj
 0001:0001c890       ?what@bad_function_call@std@@UEBAPEBDXZ 000000018001d890 f i libcpmt:xthrow.obj
 0001:0001c898       __GSHandlerCheck           000000018001d898 f   LIBCMT:gshandler.obj
 0001:0001c8b8       __GSHandlerCheckCommon     000000018001d8b8 f   LIBCMT:gshandler.obj
 0001:0001c930       __security_check_cookie    000000018001d930 f   LIBCMT:amdsecgs.obj
 0001:0001c954       ??3@YAXPEAX_K@Z            000000018001d954 f   LIBCMT:delete_scalar_size.obj
 0001:0001c970       __chkstk                   000000018001d970 f   LIBCMT:chkstk.obj
 0001:0001c970       _alloca_probe              000000018001d970 f   LIBCMT:chkstk.obj
 0001:0001c9c4       ??_Etype_info@@UEAAPEAXI@Z 000000018001d9c4 f i LIBCMT:std_type_info_static.obj
 0001:0001c9c4       ??_Gtype_info@@UEAAPEAXI@Z 000000018001d9c4 f i LIBCMT:std_type_info_static.obj
 0001:0001c9f0       __GSHandlerCheck_EH4       000000018001d9f0 f   LIBCMT:gshandlereh4.obj
 0001:0001cb68       _Init_thread_footer        000000018001db68 f   LIBCMT:thread_safe_statics.obj
 0001:0001cbc8       _Init_thread_header        000000018001dbc8 f   LIBCMT:thread_safe_statics.obj
 0001:0001cc30       _Init_thread_notify        000000018001dc30 f   LIBCMT:thread_safe_statics.obj
 0001:0001cc74       _Init_thread_wait          000000018001dc74 f   LIBCMT:thread_safe_statics.obj
 0001:0001cff8       _DllMainCRTStartup         000000018001dff8 f   LIBCMT:dll_dllmain.obj
 0001:0001d038       __scrt_acquire_startup_lock 000000018001e038 f   LIBCMT:utility.obj
 0001:0001d074       __scrt_dllmain_after_initialize_c 000000018001e074 f   LIBCMT:utility.obj
 0001:0001d0a8       __scrt_dllmain_before_initialize_c 000000018001e0a8 f   LIBCMT:utility.obj
 0001:0001d0c0       __scrt_dllmain_crt_thread_attach 000000018001e0c0 f   LIBCMT:utility.obj
 0001:0001d0e8       __scrt_dllmain_crt_thread_detach 000000018001e0e8 f   LIBCMT:utility.obj
 0001:0001d100       __scrt_dllmain_exception_filter 000000018001e100 f   LIBCMT:utility.obj
 0001:0001d160       __scrt_dllmain_uninitialize_c 000000018001e160 f   LIBCMT:utility.obj
 0001:0001d190       __scrt_dllmain_uninitialize_critical 000000018001e190 f   LIBCMT:utility.obj
 0001:0001d1a4       __scrt_initialize_crt      000000018001e1a4 f   LIBCMT:utility.obj
 0001:0001d1f0       __scrt_initialize_onexit_tables 000000018001e1f0 f   LIBCMT:utility.obj
 0001:0001d27c       __scrt_is_nonwritable_in_current_image 000000018001e27c f   LIBCMT:utility.obj
 0001:0001d314       __scrt_release_startup_lock 000000018001e314 f   LIBCMT:utility.obj
 0001:0001d338       __scrt_uninitialize_crt    000000018001e338 f   LIBCMT:utility.obj
 0001:0001d364       _onexit                    000000018001e364 f   LIBCMT:utility.obj
 0001:0001d3a0       atexit                     000000018001e3a0 f   LIBCMT:utility.obj
 0001:0001d3b8       __raise_securityfailure    000000018001e3b8 f   LIBCMT:gs_report.obj
 0001:0001d3ec       __report_gsfailure         000000018001e3ec f   LIBCMT:gs_report.obj
 0001:0001d4c0       __report_rangecheckfailure 000000018001e4c0 f   LIBCMT:gs_report.obj
 0001:0001d4d4       __report_securityfailure   000000018001e4d4 f   LIBCMT:gs_report.obj
 0001:0001d654       __crt_debugger_hook        000000018001e654 f   LIBCMT:utility_desktop.obj
 0001:0001d65c       __scrt_fastfail            000000018001e65c f   LIBCMT:utility_desktop.obj
 0001:0001d7a8       __security_init_cookie     000000018001e7a8 f   LIBCMT:gs_support.obj
 0001:0001d854       ?__scrt_initialize_type_info@@YAXXZ 000000018001e854 f   LIBCMT:tncleanup.obj
 0001:0001d864       ?__scrt_uninitialize_type_info@@YAXXZ 000000018001e864 f   LIBCMT:tncleanup.obj
 0001:0001d870       __local_stdio_scanf_options 000000018001e870 f i LIBCMT:default_local_stdio_options.obj
 0001:0001d878       __scrt_initialize_default_local_stdio_options 000000018001e878 f   LIBCMT:default_local_stdio_options.obj
 0001:0001d894       __scrt_get_dyn_tls_init_callback 000000018001e894 f   LIBCMT:dyn_tls_init.obj
 0001:0001d89c       _RTC_Initialize            000000018001e89c f   LIBCMT:initsect.obj
 0001:0001d8d8       _RTC_Terminate             000000018001e8d8 f   LIBCMT:initsect.obj
 0001:0001d914       __isa_available_init       000000018001e914 f   LIBCMT:cpu_disp.obj
 0001:0001dab8       __scrt_is_ucrt_dll_in_use  000000018001eab8 f   LIBCMT:ucrt_detection.obj
 0001:0001dad0       ??$_CallSETranslator@V__FrameHandler4@@@@YAHPEAUEHExceptionRecord@@PEA_KPEAU_CONTEXT@@PEAU_xDISPATCHER_CONTEXT@@PEAUFuncInfo4@FH4@@K1H@Z 000000018001ead0 f i libvcruntime:risctrnsctrl.obj
 0001:0001db24       ?DecompFuncInfo@FH4@@YA_JPEAEAEAUFuncInfo4@1@_KH_N@Z 000000018001eb24 f i libvcruntime:risctrnsctrl.obj
 0001:0001dc48       ?ExecutionInCatch@__FrameHandler4@@SA_NPEAU_xDISPATCHER_CONTEXT@@PEAUFuncInfo4@FH4@@@Z 000000018001ec48 f   libvcruntime:risctrnsctrl.obj
 0001:0001dc50       ?FrameUnwindToEmptyState@__FrameHandler4@@SAXPEA_KPEAU_xDISPATCHER_CONTEXT@@PEAUFuncInfo4@FH4@@@Z 000000018001ec50 f   libvcruntime:risctrnsctrl.obj
 0001:0001dc84       ?GetEstablisherFrame@__FrameHandler4@@SAPEA_KPEA_KPEAU_xDISPATCHER_CONTEXT@@PEAUFuncInfo4@FH4@@0@Z 000000018001ec84 f   libvcruntime:risctrnsctrl.obj
 0001:0001dca8       ?GetRangeOfTrysToCheck@__FrameHandler4@@SA?AU?$pair@Viterator@TryBlockMap4@FH4@@V123@@std@@AEAVTryBlockMap4@FH4@@HPEAU_xDISPATCHER_CONTEXT@@PEAUFuncInfo4@5@H@Z 000000018001eca8 f   libvcruntime:risctrnsctrl.obj
 0001:0001de10       ?UnwindNestedFrames@__FrameHandler4@@SAXPEA_KPEAUEHExceptionRecord@@PEAU_CONTEXT@@0PEAXPEAUFuncInfo4@FH4@@HHPEAUHandlerType4@5@PEAU_xDISPATCHER_CONTEXT@@E@Z 000000018001ee10 f   libvcruntime:risctrnsctrl.obj
 0001:0001df30       ?setBuffer@TryBlockMap4@FH4@@QEAAXViterator@12@@Z 000000018001ef30 f i libvcruntime:risctrnsctrl.obj
 0001:0001e0f0       _CreateFrameInfo           000000018001f0f0 f   libvcruntime:risctrnsctrl.obj
 0001:0001e12c       _FindAndUnlinkFrame        000000018001f12c f   libvcruntime:risctrnsctrl.obj
 0001:0001e180       _GetImageBase              000000018001f180 f   libvcruntime:risctrnsctrl.obj
 0001:0001e194       _GetThrowImageBase         000000018001f194 f   libvcruntime:risctrnsctrl.obj
 0001:0001e1a8       _SetImageBase              000000018001f1a8 f   libvcruntime:risctrnsctrl.obj
 0001:0001e1c0       _SetThrowImageBase         000000018001f1c0 f   libvcruntime:risctrnsctrl.obj
 0001:0001e1d8       __CxxFrameHandler4         000000018001f1d8 f   libvcruntime:risctrnsctrl.obj
 0001:0001e2b0       memcpy_repmovs             000000018001f2b0 f   libvcruntime:memcpy.obj
 0001:0001e2d0       memcpy                     000000018001f2d0 f   libvcruntime:memcpy.obj
 0001:0001e2d0       memmove                    000000018001f2d0 f   libvcruntime:memcpy.obj
 0001:0001e6a8       wcschr                     000000018001f6a8 f   libvcruntime:wcschr.obj
 0001:0001e724       wcsstr                     000000018001f724 f   libvcruntime:wcsstr.obj
 0001:0001e950       memset_repmovs             000000018001f950 f   libvcruntime:memset.obj
 0001:0001e970       memset                     000000018001f970 f   libvcruntime:memset.obj
 0001:0001eb10       __DestructExceptionObject  000000018001fb10 f   libvcruntime:ehhelpers.obj
 0001:0001eb80       ?_CallMemberFunction0@@YAXQEAX0@Z 000000018001fb80 f i libvcruntime:ehhelpers.obj
 0001:0001eb84       _IsExceptionObjectToBeDestroyed 000000018001fb84 f   libvcruntime:ehhelpers.obj
 0001:0001ebb4       __AdjustPointer            000000018001fbb4 f   libvcruntime:ehhelpers.obj
 0001:0001ebd8       __FrameUnwindFilter        000000018001fbd8 f   libvcruntime:ehhelpers.obj
 0001:0001ec40       __std_terminate            000000018001fc40 f   libvcruntime:ehhelpers.obj
 0001:0001ec4c       __std_exception_copy       000000018001fc4c f   libvcruntime:std_exception.obj
 0001:0001ecdc       __std_exception_destroy    000000018001fcdc f   libvcruntime:std_exception.obj
 0001:0001ed04       _CxxThrowException         000000018001fd04 f   libvcruntime:throw.obj
[...]
 0002:0000fd20       $unwind$?__mbsrtowcs_utf8@__crt_mbstring@@YA_KPEA_WPEAPEBD_KPEAU_Mbstatet@@@Z 0000000180042d20     libucrt:mbrtowc.obj
 0002:0000fd38       $unwind$__acrt_update_thread_locale_data 0000000180042d38     libucrt:locale_refcounting.obj
 0002:0000fd5c       $unwind$__acrt_fltout      0000000180042d5c     libucrt:cfout.obj
 0002:0000fd7c       $unwind$?divide@__crt_strtox@@YA_KAEAUbig_integer@1@AEBU21@@Z 0000000180042d7c     libucrt:cfout.obj
 0002:0000fd94       $chain$0$?divide@__crt_strtox@@YA_KAEAUbig_integer@1@AEBU21@@Z 0000000180042d94     libucrt:cfout.obj
 0002:0000fda8       $chain$1$?divide@__crt_strtox@@YA_KAEAUbig_integer@1@AEBU21@@Z 0000000180042da8     libucrt:cfout.obj
 0002:0000fdb8       $unwind$_fcloseall         0000000180042db8     libucrt:closeall.obj
 0002:0000fddc       $unwind$__acrt_locale_free_monetary 0000000180042ddc     libucrt:initmon.obj
 0002:0000fde4       $unwind$__acrt_locale_free_time 0000000180042de4     libucrt:inittime.obj
 0002:0000fdf4       $unwind$__acrt_GetStringTypeA 0000000180042df4     libucrt:getstringtypea.obj
 0002:0000fe1c       $unwind$__acrt_lowio_destroy_handle_array 0000000180042e1c     libucrt:osfinfo.obj
 0002:0000fe2c       $unwind$__acrt_lowio_ensure_fh_exists 0000000180042e2c     libucrt:osfinfo.obj
 0002:0000fe58       $unwind$qsort              0000000180042e58     libucrt:qsort.obj
 0002:0000fe70       $chain$4$qsort             0000000180042e70     libucrt:qsort.obj
 0002:0000fe94       $chain$5$qsort             0000000180042e94     libucrt:qsort.obj
 0002:0000fea4       $unwind$strpbrk            0000000180042ea4     libucrt:strpbrk.obj
 0002:0000feb4       $unwind$__acrt_LCMapStringA 0000000180042eb4     libucrt:lcmapstringa.obj
 0002:0000fec4       $unwind$?__acrt_LCMapStringA_stat@@YAHPEAU__crt_locale_pointers@@PEB_WKPEBDHPEADHHH@Z 0000000180042ec4     libucrt:lcmapstringa.obj
 0002:0000feec       $unwind$_close             0000000180042eec     libucrt:close.obj
 0002:0000feec       $unwind$_commit            0000000180042eec     libucrt:commit.obj
 0002:0000fef4       $unwind$??$?RV<lambda_a37b2b86f63e897a80ea819b0eb08c01>@@AEAV<lambda_38ce7e780aa69e748d6df282ebc68efe>@@V<lambda_99fb1378e971ab6e7edea83e3a7a83a2>@@@?$__crt_seh_guarded_call@H@@QEAAH$$QEAV<lambda_a37b2b86f63e897a80ea819b0eb08c01>@@AEAV<lambda_38ce7e780aa69e748d6df282ebc68efe>@@$$QEAV<lambda_99fb1378e971ab6e7edea83e3a7a83a2>@@@Z 0000000180042ef4     libucrt:commit.obj
 0002:0000ff18       $unwind$_write             0000000180042f18     libucrt:write.obj
 0002:0000ff48       $unwind$_write_nolock      0000000180042f48     libucrt:write.obj
 0002:0000ff60       $unwind$?write_double_translated_ansi_nolock@@YA?AUwrite_result@?A0x17268360@@HQEBDI@Z 0000000180042f60     libucrt:write.obj
 0002:0000ff84       $unwind$?write_text_ansi_nolock@@YA?AUwrite_result@?A0x17268360@@HQEBDI@Z 0000000180042f84     libucrt:write.obj
 0002:0000ff84       $unwind$?write_text_utf16le_nolock@@YA?AUwrite_result@?A0x17268360@@HQEBDI@Z 0000000180042f84     libucrt:write.obj
 0002:0000ffa4       $unwind$?write_text_utf8_nolock@@YA?AUwrite_result@?A0x17268360@@HQEBDI@Z 0000000180042fa4     libucrt:write.obj
 0002:0000ffc8       $unwind$?__mbrtoc32_utf8@__crt_mbstring@@YA_KPEA_UPEBD_KPEAU_Mbstatet@@@Z 0000000180042fc8     libucrt:mbrtoc32.obj
 0002:0000ffe8       $xdatasym                  0000000180042fe8     libucrt:log10.obj
 0002:0000fff4       $unwind$__acrt_fenv_set_control 0000000180042ff4     libucrt:_fenvutils.obj
 0002:00010004       $unwind$fclose             0000000180043004     libucrt:fclose.obj
 0002:00010028       $unwind$common_control87   0000000180043028     libucrt:ieee.obj
 0002:00010054       $unwind$_handle_error      0000000180043054     libucrt:libm_error.obj
 0002:00010074       $unwind$__acrt_initialize_fma3 0000000180043074     libucrt:fma3_available.obj
 0002:0001007c       $unwind$_log_special_common 000000018004307c     libucrt:log_special.obj
 0002:00010088       $unwind$??$?RV<lambda_751a882b2c74d4b022dec766aa51a29a>@@AEAV<lambda_628dfdc04ba53c8bfc02c9951375f3f5>@@V<lambda_f6c7be5f7998530c34de24c7437d6b54>@@@?$__crt_seh_guarded_call@H@@QEAAH$$QEAV<lambda_751a882b2c74d4b022dec766aa51a29a>@@AEAV<lambda_628dfdc04ba53c8bfc02c9951375f3f5>@@$$QEAV<lambda_f6c7be5f7998530c34de24c7437d6b54>@@@Z 0000000180043088     libucrt:close.obj
 0002:000100b0       $xdatasym                  00000001800430b0     libucrt:fpsr.obj
 0002:000100b8       $unwind$_raise_exc_ex      00000001800430b8     libucrt:fpexcept.obj
 0002:000100cc       $unwind$_ctrlfp            00000001800430cc     libucrt:fpctrl.obj
 0002:000100f4       $unwind$?apiGetConsoleFontSize@@YAHPEAXAEAH1AEAY0CA@_W@Z 00000001800430f4     common-kernel64:WConsole.obj
 0002:00010110       $unwind$?apiSetConsoleFontSize@@YAHPEAXHHPEB_W@Z 0000000180043110     common-kernel64:WConsole.obj
 0002:0001012c       $unwind$_IsNonwritableInCurrentImage 000000018004312c     LIBCMT:pesect.obj
 0002:000103b0       .edata                     00000001800433b0     ConEmu.x64.exp
 0002:000103d8       rgpv                       00000001800433d8     ConEmu.x64.exp
 0002:00010444       rgszName                   0000000180043444     ConEmu.x64.exp
 0002:000104b0       rgwOrd                     00000001800434b0     ConEmu.x64.exp
 0002:000104e6       szName                     00000001800434e6     ConEmu.x64.exp
 0002:000104f5       $N00001                    00000001800434f5     ConEmu.x64.exp
 0002:00010505       $N00002                    0000000180043505     ConEmu.x64.exp
 0002:0001050d       $N00003                    000000018004350d     ConEmu.x64.exp
 0002:00010519       $N00004                    0000000180043519     ConEmu.x64.exp
 0002:00010524       $N00005                    0000000180043524     ConEmu.x64.exp
 0002:00010532       $N00006                    0000000180043532     ConEmu.x64.exp
 0002:00010543       $N00007                    0000000180043543     ConEmu.x64.exp
 0002:00010551       $N00008                    0000000180043551     ConEmu.x64.exp
 0002:00010560       $N00009                    0000000180043560     ConEmu.x64.exp
 0002:00010570       $N00010                    0000000180043570     ConEmu.x64.exp
 0002:0001057b       $N00011                    000000018004357b     ConEmu.x64.exp
 0002:00010581       $N00012                    0000000180043581     ConEmu.x64.exp
 0002:00010594       $N00013                    0000000180043594     ConEmu.x64.exp
 0002:000105a7       $N00014                    00000001800435a7     ConEmu.x64.exp
 0002:000105ba       $N00015                    00000001800435ba     ConEmu.x64.exp
 0002:000105cd       $N00016                    00000001800435cd     ConEmu.x64.exp
 0002:000105df       $N00017                    00000001800435df     ConEmu.x64.exp
 0002:000105ee       $N00018                    00000001800435ee     ConEmu.x64.exp
 0002:000105fa       $N00019                    00000001800435fa     ConEmu.x64.exp
 0002:00010603       $N00020                    0000000180043603     ConEmu.x64.exp
 0002:00010612       $N00021                    0000000180043612     ConEmu.x64.exp
 0002:00010624       $N00022                    0000000180043624     ConEmu.x64.exp
 0002:00010630       $N00023                    0000000180043630     ConEmu.x64.exp
 0002:00010644       $N00024                    0000000180043644     ConEmu.x64.exp
 0002:00010658       $N00025                    0000000180043658     ConEmu.x64.exp
 0002:0001066d       $N00026                    000000018004366d     ConEmu.x64.exp
 0002:00010681       $N00027                    0000000180043681     ConEmu.x64.exp
 0002:00010db2       .idata$6                   0000000180043db2     version:VERSION.dll
 0002:000112ec       .idata$6                   00000001800442ec     kernel32:KERNEL32.dll
 0002:000113fa       .idata$6                   00000001800443fa     user32:USER32.dll
 0002:0001149a       .idata$6                   000000018004449a     gdi32:GDI32.dll
 0002:000114d6       .idata$6                   00000001800444d6     advapi32:ADVAPI32.dll
 0003:00000140       ?val@?CE@??Open@CPluginW2800@@UEAAPEAXPEBX@Z@4UFarMacroValue@@A 0000000180045140     ConEmuPlugin2800.obj
 0003:000002a0       ?__vcrt_flsindex@@3KA      00000001800452a0     libvcruntime:per_thread_data.obj
 0003:000002b0       ?errno_no_memory@@3HA      00000001800452b0     libucrt:errno.obj
 0003:000002b4       ?doserrno_no_memory@@3KA   00000001800452b4     libucrt:errno.obj
 0003:000002c0       ?__acrt_flsindex@@3KA      00000001800452c0     libucrt:per_thread_data.obj
 0003:00000790       _mbctypes                  0000000180045790     libucrt:mbctype.obj
 0003:000008a0       _mbcasemaps                00000001800458a0     libucrt:mbctype.obj
 0003:000009a0       ?__rgctypeflag@@3PADA      00000001800459a0     libucrt:mbctype.obj
 0003:000009b0       ?__rgcode_page_info@@3PAUcode_page_info@@A 00000001800459b0     libucrt:mbctype.obj
 0003:00000c50       ?dazSupported@?1??common_control87@@9@9 0000000180045c50     libucrt:ieee.obj
 0003:00000c60       ?__dcrt_lowio_console_output_handle@@3PEAXEA 0000000180045c60     libucrt:initcon.obj
 0003:00000c70       ?dazSupported@?1??_ctrlfp@@9@9 0000000180045c70     libucrt:fpctrl.obj
 0003:00001170       ?store@?M@??GetPanelInfo@CPluginW1900@@UEAA_NKPEAUCEPanelInfo@@@Z@4UPanelInfo@@A 0000000180046170     ConEmuPlugin1900.obj
 0003:000011e0       ?szMenu@?1??GetPluginInfoPtr@CPluginW1900@@UEAAXPEAX@Z@4PAPEA_WA 00000001800461e0     ConEmuPlugin1900.obj
 0003:000011f0       ?szMenu1@?1??GetPluginInfoPtr@CPluginW1900@@UEAAXPEAX@Z@4PA_WA 00000001800461f0     ConEmuPlugin1900.obj
 0003:000013f0       ?WLastActive@?1??UpdateConEmuTabsApi@CPluginW1900@@UEAA_NH@Z@4UWindowInfo@@A 00000001800463f0     ConEmuPlugin1900.obj
 0003:00001438       ?pwList@@3PEAV?$MArray@UWindowInfo@@@@EA 0000000180046438     ConEmuPlugin2800.obj
 0003:00001440       ?store@?M@??GetPanelInfo@CPluginW2800@@UEAA_NKPEAUCEPanelInfo@@@Z@4UPanelInfo@@A 0000000180046440     ConEmuPlugin2800.obj
 0003:000014a8       ?szMenu@?1??GetPluginInfoPtr@CPluginW2800@@UEAAXPEAX@Z@4PAPEA_WA 00000001800464a8     ConEmuPlugin2800.obj
 0003:000014b0       ?szMenu1@?1??GetPluginInfoPtr@CPluginW2800@@UEAAXPEAX@Z@4PA_WA 00000001800464b0     ConEmuPlugin2800.obj
 0003:000016b0       ?WLastActive@?1??UpdateConEmuTabsApi@CPluginW2800@@UEAA_NH@Z@4UWindowInfo@@A 00000001800466b0     ConEmuPlugin2800.obj
 0003:000016f8       ?rc@?CE@??Open@CPluginW2800@@UEAAPEAXPEBX@Z@4UFarMacroCall@@A 00000001800466f8     ConEmuPlugin2800.obj
 0003:00001730       ?ghSyncDlg@@3PEAXEA        0000000180046730     ConEmuPlugin995.obj
 0003:00001740       ?store@?M@??GetPanelInfo@CPluginW995@@UEAA_NKPEAUCEPanelInfo@@@Z@4UPanelInfo@@A 0000000180046740     ConEmuPlugin995.obj
 0003:00001788       ?szMenu@?1??GetPluginInfoPtr@CPluginW995@@UEAAXPEAX@Z@4PAPEA_WA 0000000180046788     ConEmuPlugin995.obj
 0003:00001790       ?szMenu1@?1??GetPluginInfoPtr@CPluginW995@@UEAAXPEAX@Z@4PA_WA 0000000180046790     ConEmuPlugin995.obj
 0003:000019a0       ?store@?M@??GetPanelInfo@CPluginAnsi@@UEAA_NKPEAUCEPanelInfo@@@Z@4UPanelInfo@@A 00000001800469a0     ConEmuPluginA.obj
 0003:00001ba0       ?szMenu@?1??GetPluginInfoPtr@CPluginAnsi@@UEAAXPEAX@Z@4PAPEADA 0000000180046ba0     ConEmuPluginA.obj
 0003:00001bb0       ?szMenu1@?1??GetPluginInfoPtr@CPluginAnsi@@UEAAXPEAX@Z@4PADA 0000000180046bb0     ConEmuPluginA.obj
 0003:00002f2c       ?gbTryOpenMapHeader@@3HA   0000000180047f2c     ConEmuPluginBase.obj
 0003:00002f30       ?gbStartupHooksAfterMap@@3HA 0000000180047f30     ConEmuPluginBase.obj
 0003:00002f34       ?siEnabled@?1??CheckBufferEnabled@CPluginBase@@QEAA_NXZ@4HA 0000000180047f34     ConEmuPluginBase.obj
 0003:00002f38       ?dwLastTickCount@?7??CheckResources@CPluginBase@@QEAAX_N@Z@4KA 0000000180047f38     ConEmuPluginBase.obj
 0003:00002f3c       ?$TSS0@?7??CheckResources@CPluginBase@@QEAAX_N@Z@4HA 0000000180047f3c     ConEmuPluginBase.obj
 0003:00002f40       ?dwLastTickCount@?9??OnConsolePeekReadInput@CPluginBase@@SAX_N@Z@4KA 0000000180047f40     ConEmuPluginBase.obj
 0003:000031a8       ?gHeapInit@?A0x333b15f0@@3U?$atomic@H@std@@A 00000001800481a8     common-kernel64:Memory.obj
 0003:000031ac       ?gHeapCounter@?A0x333b15f0@@3U?$atomic@H@std@@A 00000001800481ac     common-kernel64:Memory.obj
 0003:000031b0       ?ghHeap@?A0x333b15f0@@3PEAXEA 00000001800481b0     common-kernel64:Memory.obj
 0003:000031d0       ?szFile@?1??ModuleName@@YAPEB_WPEB_W@Z@4PA_WA 00000001800481d0     common-kernel64:ConEmuCheck.obj
 0003:00003220       ?g_Threads@@3PAUConEmuThreadInfo@@A 0000000180048220     common-kernel64:WThreads.obj
 0003:0000ba20       ?gh_UnknownTerminatedThread@@3PEAXEA 0000000180050a20     common-kernel64:WThreads.obj
 0003:0000ba2c       ?szNil@?1??GetCommand@CESERVER_REQ_NEWCMD@@QEAAPEA_WXZ@4PA_WA 0000000180050a2c     common-kernel64:Common.obj
 0003:0000ba40       ?rtlVerifyVersionInfo@?1??_VerifyVersionInfo@@YA_NPEAU_OSVERSIONINFOEXW@@K_K@Z@4P6AH0K1@ZEA 0000000180050a40     common-kernel64:WObjects.obj
 0003:0000ba48       ?hasRtl@?1??_VerifyVersionInfo@@YA_NPEAU_OSVERSIONINFOEXW@@K_K@Z@4HA 0000000180050a48     common-kernel64:WObjects.obj
 0003:0000ba4c       ?ibIsWin6@?1??IsWin6@@YA_NXZ@4HA 0000000180050a4c     common-kernel64:WObjects.obj
 0003:0000ba50       ?ibIsWin7@?1??IsWin7@@YA_NXZ@4HA 0000000180050a50     common-kernel64:WObjects.obj
 0003:0000ba54       ?is64bitOs@?1??IsWindows64@@YA_NXZ@4_NA 0000000180050a54     common-kernel64:WObjects.obj
 0003:0000ba55       ?isOsChecked@?1??IsWindows64@@YA_NXZ@4_NA 0000000180050a55     common-kernel64:WObjects.obj
 0003:0000ba5c       ?terminalMode@?1??isTerminalMode@@YA_NXZ@4_NA 0000000180050a5c     common-kernel64:MProcess.obj
 0003:0000ba5d       ?terminalChecked@?1??isTerminalMode@@YA_NXZ@4_NA 0000000180050a5d     common-kernel64:MProcess.obj
 0003:0000ba5e       ?bSysInfoRetrieved@?1??IsModuleValid@@YA_NPEAUHINSTANCE__@@H@Z@4_NA 0000000180050a5e     common-kernel64:WModuleCheck.obj
 0003:0000ba60       ?si@?1??IsModuleValid@@YA_NPEAUHINSTANCE__@@H@Z@4U_SYSTEM_INFO@@A 0000000180050a60     common-kernel64:WModuleCheck.obj
 0003:0000baa8       ?g_tss_cv@@3U_RTL_CONDITION_VARIABLE@@A 0000000180050aa8     LIBCMT:thread_safe_statics.obj
 0003:0000bab0       ?g_tss_event@@3PEAXEA      0000000180050ab0     LIBCMT:thread_safe_statics.obj
 0003:0000bab8       ?g_tss_mutex@@3U_RTL_CRITICAL_SECTION@@A 0000000180050ab8     LIBCMT:thread_safe_statics.obj
 0003:0000bae0       ?g_sleep_condition_variable_cs@@3P6AHPEAU_RTL_CONDITION_VARIABLE@@PEAU_RTL_CRITICAL_SECTION@@K@ZEA 0000000180050ae0     LIBCMT:thread_safe_statics.obj
 0003:0000bae8       ?g_wake_all_condition_variable@@3P6AXPEAU_RTL_CONDITION_VARIABLE@@@ZEA 0000000180050ae8     LIBCMT:thread_safe_statics.obj
 0003:0000baf0       ?__proc_attached@@3HA      0000000180050af0     LIBCMT:dll_dllmain.obj
 0003:0000bb08       ?is_initialized_as_dll@@3_NA 0000000180050b08     LIBCMT:utility.obj
 0003:0000bb09       ?module_local_atexit_table_initialized@@3_NA 0000000180050b09     LIBCMT:utility.obj
 0003:0000bb10       ?module_local_atexit_table@@3U_onexit_table_t@@A 0000000180050b10     LIBCMT:utility.obj
 0003:0000bb28       ?module_local_at_quick_exit_table@@3U_onexit_table_t@@A 0000000180050b28     LIBCMT:utility.obj
 0003:0000bb40       GS_ExceptionRecord         0000000180050b40     LIBCMT:gs_report.obj
 0003:0000bbe0       GS_ContextRecord           0000000180050be0     LIBCMT:gs_report.obj
 0003:0000c0f0       ?__vcrt_startup_thread_ptd@@3U__vcrt_ptd@@A 00000001800510f0     libvcruntime:per_thread_data.obj
 0003:0000c178       __vcrt_lock_table          0000000180051178     libvcruntime:locks.obj
 0003:0000c1a0       __vcrt_locks_initialized   00000001800511a0     libvcruntime:locks.obj
 0003:0000c1e8       ?heap@@3V_HeapManager@@A   00000001800511e8     libvcruntime:undname.obj
 0003:0000c210       ?module_handles@@3PAPEAUHINSTANCE__@@A 0000000180051210     libvcruntime:winapi_downlevel.obj
 0003:0000c228       ?function_pointers@@3PAPEAXA 0000000180051228     libvcruntime:winapi_downlevel.obj
 0003:0000c250       ?__acrt_invalid_parameter_handler@@3V?$dual_state_global@P6AXPEB_W00I_K@Z@__crt_state_management@@A 0000000180051250     libucrt:invalid_parameter.obj
 0003:0000c258       ?c_termination_complete@@3JA 0000000180051258     libucrt:exit.obj
 0003:0000c260       ?thread_local_exit_callback_func@@3P6AXPEAXK0@ZEA 0000000180051260     libucrt:exit.obj
 0003:0000c270       ?program_name@?1???$common_configure_argv@D@@YAHW4_crt_argv_mode@@@Z@4PADA 0000000180051270     libucrt:argv_parsing.obj
 0003:0000c3c8       ?internal_state@?1??_mbtowc_l@@9@4U_Mbstatet@@A 00000001800513c8     libucrt:mbtowc.obj
 0003:0000c3e0       ?enable_percent_n@@3_KA    00000001800513e0     libucrt:printf_count_output.obj
 0003:0000c820       ?__acrt_lock_table@@3PAU_RTL_CRITICAL_SECTION@@A 0000000180051820     libucrt:locks.obj
 0003:0000ca50       ?__acrt_locks_initialized@@3IA 0000000180051a50     libucrt:locks.obj
 0003:0000ca70       ?fSystemSet@@3HA           0000000180051a70     libucrt:mbctype.obj
 0003:0000ca74       ?initialized@?1??__acrt_initialize_multibyte@@9@4_NA 0000000180051a74     libucrt:mbctype.obj
 0003:0000cab0       ?module_handles@@3PAPEAUHINSTANCE__@@A 0000000180051ab0     libucrt:winapi_thunks.obj
 0003:0000cb50       ?encoded_function_pointers@@3PAPEAXA 0000000180051b50     libucrt:winapi_thunks.obj
 0003:0000cc68       ?__acrt_new_handler@@3V?$dual_state_global@P6AH_K@Z@__crt_state_management@@A 0000000180051c68     libucrt:new_handler.obj
 0003:0000cc70       ?ctrlc_action@@3V?$dual_state_global@P6AXH@Z@__crt_state_management@@A 0000000180051c70     libucrt:signal.obj
 0003:0000cc78       ?ctrlbreak_action@@3V?$dual_state_global@P6AXH@Z@__crt_state_management@@A 0000000180051c78     libucrt:signal.obj
 0003:0000cc80       ?abort_action@@3V?$dual_state_global@P6AXH@Z@__crt_state_management@@A 0000000180051c80     libucrt:signal.obj
 0003:0000cc88       ?term_action@@3V?$dual_state_global@P6AXH@Z@__crt_state_management@@A 0000000180051c88     libucrt:signal.obj
 0003:0000cc90       ?user_matherr@@3V?$dual_state_global@P6AHPEAU_exception@@@Z@__crt_state_management@@A 0000000180051c90     libucrt:matherr.obj
 0003:0000cc98       ?__acrt_global_new_mode@@3V?$dual_state_global@J@__crt_state_management@@A 0000000180051c98     libucrt:new_mode.obj
 0003:0000cca8       ?internal_pst@?1??__mbrtoc32_utf8@__crt_mbstring@@YA_KPEA_UPEBD_KPEAU_Mbstatet@@@Z@4U3@A 0000000180051ca8     libucrt:mbrtoc32.obj
 0003:0000ccb0       ?__acrt_app_type@@3W4_crt_app_type@@A 0000000180051cb0     libucrt:report_runtime_error.obj
 0003:0000cd14       ?gbPauseConsoleWasRequested@@3_NA 0000000180051d14     common-kernel64:WConsole.obj
 0003:0000cd18       ?GetCurrentConsoleFontEx@?1??apiGetCurrentConsoleFontEx@@YAHPEAXHPEAUMY_CONSOLE_FONT_INFOEX@@@Z@4P6AH0H1@ZEA 0000000180051d18     common-kernel64:WConsole.obj
 0003:0000cd20       ?bFuncChecked@?1??apiGetCurrentConsoleFontEx@@YAHPEAXHPEAUMY_CONSOLE_FONT_INFOEX@@@Z@4_NA 0000000180051d20     common-kernel64:WConsole.obj
 0003:0000cd28       ?SetCurrentConsoleFontEx@?1??apiSetCurrentConsoleFontEx@@YAHPEAXHPEAUMY_CONSOLE_FONT_INFOEX@@@Z@4P6AH0H1@ZEA 0000000180051d28     common-kernel64:WConsole.obj
 0003:0000cd30       ?bFuncChecked@?1??apiSetCurrentConsoleFontEx@@YAHPEAXHPEAUMY_CONSOLE_FONT_INFOEX@@@Z@4_NA 0000000180051d30     common-kernel64:WConsole.obj
 0005:00000000       MoveSmall                  0000000180055000     libvcruntime:memcpy.obj
 0005:00000080       MsetTab                    0000000180055080     libvcruntime:memset.obj
 0006:000000a0       $R000000                   00000001800560a0     ConEmu.res
 0006:000003b0       $R000310                   00000001800563b0     ConEmu.res
