 ConEmu.x64

 Timestamp is 5f837c5f (Sun Oct 11 23:42:55 2020)

 Preferred load address is 0000000180000000

 Start         Length     Name                   Class
 0001:00000000 00000010H .text$di                CODE
 0001:00000010 0002ffa0H .text$mn                CODE
 0001:0002ffb0 00000040H .text$mn$00             CODE
 0001:0002fff0 00000680H .text$x                 CODE
 0001:00030670 0000003dH .text$yd                CODE
 0002:00000000 00000660H .idata$5                DATA
 0002:00000660 00000028H .00cfg                  DATA
 0002:00000688 00000008H .CRT$XCA                DATA
 0002:00000690 00000008H .CRT$XCU                DATA
 0002:00000698 00000008H .CRT$XCZ                DATA
 0002:000006a0 00000008H .CRT$XIA                DATA
 0002:000006a8 00000020H .CRT$XIC                DATA
 0002:000006c8 00000008H .CRT$XIZ                DATA
 0002:000006d0 00000008H .CRT$XLA                DATA
 0002:000006d8 00000008H .CRT$XLZ                DATA
 0002:000006e0 00000008H .CRT$XPA                DATA
 0002:000006e8 00000010H .CRT$XPX                DATA
 0002:000006f8 00000008H .CRT$XPXA               DATA
 0002:00000700 00000008H .CRT$XPZ                DATA
 0002:00000708 00000008H .CRT$XTA                DATA
 0002:00000710 00000010H .CRT$XTZ                DATA
 0002:00000718 00000000H .gehcont$y              DATA
 0002:00000718 00000000H .gfids$y                DATA
 0002:00000720 0000c410H .rdata                  DATA
 0002:0000cb30 00000028H .rdata$T                DATA
 0002:0000cb58 0000075cH .rdata$r                DATA
 0002:0000d2b4 000003f4H .rdata$zzzdbg           DATA
 0002:0000d6a8 00000008H .rtc$IAA                DATA
 0002:0000d6b0 00000008H .rtc$IZZ                DATA
 0002:0000d6b8 00000008H .rtc$TAA                DATA
 0002:0000d6c0 00000008H .rtc$TZZ                DATA
 0002:0000d6c8 00000004H .tls                    DATA
 0002:0000d6cc 00000004H .tls$                   DATA
 0002:0000d6d0 00000008H .tls$ZZZ                DATA
 0002:0000d6d8 00002568H .xdata                  DATA
 0002:0000fc40 00000200H .xdata$x                DATA
 0002:0000fe40 000002e4H .edata                  DATA
 0002:00010124 00000064H .idata$2                DATA
 0002:00010188 00000018H .idata$3                DATA
 0002:000101a0 00000660H .idata$4                DATA
 0002:00010800 00000e82H .idata$6                DATA
 0003:00000000 00000c90H .data                   DATA
 0003:00000c90 000002a0H .data$r                 DATA
 0003:00000f30 0000bc00H .bss                    DATA
 0004:00000000 0000279cH .pdata                  DATA
 0005:00000000 00000100H _RDATA                  DATA
 0006:00000000 000000a0H .rsrc$01                DATA
 0006:000000a0 00000490H .rsrc$02                DATA

  Address         Publics by Value              Rva+Base               Lib:Object

 0000:00000000       __arm64x_redirection_metadata_count 0000000000000000     <absolute>
 0000:00000000       __guard_fids_count         0000000000000000     <absolute>
 0000:00000000       __hybrid_code_map_count    0000000000000000     <absolute>
 0000:00000000       __x64_code_ranges_to_entry_points 0000000000000000     <absolute>
 0000:00000000       __guard_longjmp_table      0000000000000000     <absolute>
 0000:00000000       __arm64x_redirection_metadata 0000000000000000     <absolute>
 0000:00000000       __guard_iat_table          0000000000000000     <absolute>
 0000:00000000       __hybrid_code_map          0000000000000000     <absolute>
 0000:00000000       __guard_iat_count          0000000000000000     <absolute>
 0000:00000000       __guard_eh_cont_count      0000000000000000     <absolute>
 0000:00000000       __arm64x_native_entrypoint 0000000000000000     <absolute>
 0000:00000000       __volatile_metadata        0000000000000000     <absolute>
 0000:00000000       __guard_longjmp_count      0000000000000000     <absolute>
 0000:00000000       __guard_eh_cont_table      0000000000000000     <absolute>
 0000:00000000       __enclave_config           0000000000000000     <absolute>
 0000:00000000       __arm64x_extra_rfe_table   0000000000000000     <absolute>
 0000:00000000       __x64_code_ranges_to_entry_points_count 0000000000000000     <absolute>
 0000:00000000       ___safe_se_handler_count   0000000000000000     <absolute>
 0000:00000000       __AbsoluteZero             0000000000000000     <absolute>
 0000:00000000       ___safe_se_handler_table   0000000000000000     <absolute>
 0000:00000000       __arm64x_extra_rfe_table_size 0000000000000000     <absolute>
 0000:00000000       __guard_fids_table         0000000000000000     <absolute>
 0000:00000000       __dynamic_value_reloc_table 0000000000000000     <absolute>
 0000:00000000       __hybrid_auxiliary_iat     0000000000000000     <absolute>
 0000:00000100       __guard_flags              0000000000000100     <absolute>
 0000:00000000       __ImageBase                0000000180000000     <linker-defined>
 0001:00000010       ??$swprintf_c@$0EA@@@YAHAEAY0EA@_WPEB_WZZ 0000000180001010 f i ConEmuInjects.obj
 0001:0000003c       ??$swprintf_c@$0IA@@@YAHAEAY0IA@_WPEB_WZZ 000000018000103c f i ConEmuInjects.obj
 0001:00000068       ??$swprintf_c@$0PP@@@YAHAEAY0PP@_WPEB_WZZ 0000000180001068 f i ConEmuInjects.obj
 0001:00000094       ?ShutdownHooks@@YAXXZ      0000000180001094 f   ConEmuInjects.obj
 0001:00000284       ?StartupConsoleHooks@@YAXXZ 0000000180001284 f   ConEmuInjects.obj
 0001:00000310       ?StartupHooks@@YA_NPEAUHINSTANCE__@@@Z 0000000180001310 f   ConEmuInjects.obj
 0001:000006f8       ?StringCchVPrintfW@@YAJPEA_W_KPEB_WPEAD@Z 00000001800016f8 f i ConEmuInjects.obj
 0001:0000079c       __local_stdio_printf_options 000000018000179c f i ConEmuInjects.obj
 0001:000007a4       ExitFARW                   00000001800017a4 f   ConEmuPlugin.obj
 0001:000007fc       ProcessEditorEventW        00000001800017fc f   ConEmuPlugin.obj
 0001:000007fc       ?ProcessEditorEvent@@YAHHPEAX@Z 00000001800017fc f   ConEmuPlugin.obj
 0001:0000081c       ProcessSynchroEventW       000000018000181c f   ConEmuPlugin.obj
 0001:00000848       ?ProcessViewerEvent@@YAHHPEAX@Z 0000000180001848 f   ConEmuPlugin.obj
 0001:00000848       ProcessViewerEventW        0000000180001848 f   ConEmuPlugin.obj
 0001:00000868       ?ProcessSynchroEventW3@@YA_JPEAX@Z 0000000180001868 f   ConEmuPlugin.obj
 0001:00000890       ?ProcessEditorEventW3@@YA_JPEAX@Z 0000000180001890 f   ConEmuPlugin.obj
 0001:000008b8       ?ProcessViewerEventW3@@YA_JPEAX@Z 00000001800018b8 f   ConEmuPlugin.obj
 0001:000008e0       ?ExitFARW3@@YAXPEAX@Z      00000001800018e0 f   ConEmuPlugin.obj
 0001:00000938       ?ActivateConsole@@YAHXZ    0000000180001938 f   ConEmuPlugin.obj
 0001:000009c8       ?ExitFAR@@YAXXZ            00000001800019c8 f   ConEmuPlugin.obj
 0001:00000a20       ?GetFarHWND2@@YAPEAUHWND__@@H@Z 0000000180001a20 f   ConEmuPlugin.obj
 0001:00000a8c       ?GetFarHWND@@YAPEAUHWND__@@XZ 0000000180001a8c f   ConEmuPlugin.obj
 0001:00000a94       ?GetFarVersion@@YAXPEAUFarVersion@@@Z 0000000180001a94 f   ConEmuPlugin.obj
 0001:00000ab0       ?GetMinFarVersion@@YAHXZ   0000000180001ab0 f   ConEmuPlugin.obj
 0001:00000ae0       ?GetPluginInfo@@YAXPEAX@Z  0000000180001ae0 f   ConEmuPlugin.obj
 0001:00000b34       ?GetPluginInfoW@@YAXPEAX@Z 0000000180001b34 f   ConEmuPlugin.obj
 0001:00000b54       ?IsConsoleActive@@YAHXZ    0000000180001b54 f   ConEmuPlugin.obj
 0001:00000bac       ?IsTerminalMode@@YAHXZ     0000000180001bac f   ConEmuPlugin.obj
 0001:00000bb4       ?OpenPlugin@@YAPEAXH_J@Z   0000000180001bb4 f   ConEmuPlugin.obj
 0001:00000be4       ?OpenW@@YAPEAXPEBX@Z       0000000180001be4 f   ConEmuPlugin.obj
 0001:00000c08       ?ProcessEditorInput@@YAHPEBU_INPUT_RECORD@@@Z 0000000180001c08 f   ConEmuPlugin.obj
 0001:00000c2c       ?RegisterBackground@@YAHPEAURegisterBackgroundArg@@@Z 0000000180001c2c f   ConEmuPlugin.obj
 0001:00000ca8       ?RegisterPanelView@@YAHPEAUPanelViewInit@@@Z 0000000180001ca8 f   ConEmuPlugin.obj
 0001:00000e10       ?SetStartupInfo@@YAXPEAX@Z 0000000180001e10 f   ConEmuPlugin.obj
 0001:00000e74       ?SetupExportsFar3@@YAXXZ   0000000180001e74 f   ConEmuPlugin.obj
 0001:00000fe4       ?SyncExecute@@YAHPEAUHINSTANCE__@@P6AX_J@Z1@Z 0000000180001fe4 f   ConEmuPlugin.obj
 0001:00001030       DllMain                    0000000180002030 f   ConEmuPlugin.obj
 0001:00001054       GetMinFarVersionW          0000000180002054 f   ConEmuPlugin.obj
 0001:0000105c       OpenPluginW                000000018000205c f   ConEmuPlugin.obj
 0001:0000109c       ProcessEditorInputW        000000018000209c f   ConEmuPlugin.obj
 0001:000010c0       SetStartupInfoW            00000001800020c0 f   ConEmuPlugin.obj
 0001:000010f0       ??0CPluginW1900@@QEAA@XZ   00000001800020f0 f   ConEmuPlugin1900.obj
 0001:00001294       ??_GCPluginW1900@@UEAAPEAXI@Z 0000000180002294 f i ConEmuPlugin1900.obj
 0001:00001294       ??_ECPluginW1900@@UEAAPEAXI@Z 0000000180002294 f i ConEmuPlugin1900.obj
 0001:0000179c       ?CheckPanelExist@CPluginW1900@@UEAA_NXZ 000000018000279c f   ConEmuPlugin1900.obj
 0001:000017d8       ?Color2BgIndex@Far3Color@@SAXKHAEAGPEBK@Z 00000001800027d8 f i ConEmuPlugin1900.obj
 0001:000018ec       ?Color2FgIndex@Far3Color@@SAXKAEAGPEBK@Z 00000001800028ec f i ConEmuPlugin1900.obj
 0001:000019dc       ?ExecuteSynchroApi@CPluginW1900@@UEAA_NXZ 00000001800029dc f   ConEmuPlugin1900.obj
 0001:00001a10       ?ExitFar@CPluginW1900@@UEAAXXZ 0000000180002a10 f   ConEmuPlugin1900.obj
 0001:00001a98       ?FarColor_3_2@@YAEAEBUFarColor@@_N@Z 0000000180002a98 f i ConEmuPlugin1900.obj
 0001:00001b58       ?GetActiveWindowType@CPluginW1900@@UEAAHXZ 0000000180002b58 f   ConEmuPlugin1900.obj
 0001:00001c04       ?GetEditorModifiedState@CPluginW1900@@UEAAKXZ 0000000180002c04 f   ConEmuPlugin1900.obj
 0001:00001c60       ?GetFarRect@CPluginW1900@@UEAA_NAEAU_SMALL_RECT@@@Z 0000000180002c60 f   ConEmuPlugin1900.obj
 0001:00001d0c       ?GetMacroArea@CPluginW1900@@UEAAHXZ 0000000180002d0c f   ConEmuPlugin1900.obj
 0001:00001d2c       ?GetMsg@CPluginW1900@@UEAAPEB_WHPEA_W_K@Z 0000000180002d2c f   ConEmuPlugin1900.obj
 0001:00001da0       ?GetPanelDir@CPluginW1900@@UEAAPEA_WKPEA_WH@Z 0000000180002da0 f   ConEmuPlugin1900.obj
 0001:00001f00       ?GetPanelInfo@CPluginW1900@@UEAA_NKPEAUCEPanelInfo@@@Z 0000000180002f00 f   ConEmuPlugin1900.obj
 0001:000021a0       ?GetPanelItemInfo@CPluginW1900@@UEAA_NAEBUCEPanelInfo@@_N_JAEAU_WIN32_FIND_DATAW@@PEAPEA_W@Z 00000001800031a0 f   ConEmuPlugin1900.obj
 0001:0000235c       ?GetPluginInfoPtr@CPluginW1900@@UEAAXPEAX@Z 000000018000335c f   ConEmuPlugin1900.obj
 0001:000023b8       ?GetWindowCount@CPluginW1900@@UEAAHXZ 00000001800033b8 f   ConEmuPlugin1900.obj
 0001:000023e8       ?GetWindowTypeName@CPluginW2800@@UEAAPEB_WH@Z 00000001800033e8 f   ConEmuPlugin2800.obj
 0001:000023e8       ?GetWindowTypeName@CPluginW995@@UEAAPEB_WH@Z 00000001800033e8 f   ConEmuPlugin995.obj
 0001:000023e8       ?GetWindowTypeName@CPluginAnsi@@UEAAPEB_WH@Z 00000001800033e8 f   ConEmuPluginA.obj
 0001:000023e8       ?GetWindowTypeName@CPluginW1900@@UEAAPEB_WH@Z 00000001800033e8 f   ConEmuPlugin1900.obj
 0001:00002440       ?GuiMacroDlg@CPluginW1900@@UEAAXXZ 0000000180003440 f   ConEmuPlugin1900.obj
 0001:00002448       ?InputBox@CPluginW1900@@UEAA_NPEB_W000AEAPEA_W@Z 0000000180003448 f   ConEmuPlugin1900.obj
 0001:000024f8       ?IsMacroActive@CPluginW1900@@UEAA_NXZ 00000001800034f8 f   ConEmuPlugin1900.obj
 0001:0000253c       ?LoadFarColors@CPluginW1900@@UEAAXAEAY0BAA@E@Z 000000018000353c f   ConEmuPlugin1900.obj
 0001:000026d0       ?LoadFarSettings@CPluginW1900@@UEAAXPEAUCEFarInterfaceSettings@@PEAUCEFarPanelSettings@@@Z 00000001800036d0 f   ConEmuPlugin1900.obj
 0001:00002810       ?Open@CPluginW1900@@UEAAPEAXPEBX@Z 0000000180003810 f   ConEmuPlugin1900.obj
 0001:000028ec       ?OpenEditor@CPluginW1900@@UEAA_NPEB_W_N11HH@Z 00000001800038ec f   ConEmuPlugin1900.obj
 0001:00002a00       ?PanelControlApi@CPluginW1900@@UEAA_JPEAXH_J0@Z 0000000180003a00 f   ConEmuPlugin1900.obj
 0001:00002a38       ?PostMacroApi@CPluginW1900@@UEAAXPEB_WPEAU_INPUT_RECORD@@_N@Z 0000000180003a38 f   ConEmuPlugin1900.obj
 0001:00002ff0       ?ProcessEditorEventPtr@CPluginW1900@@UEAAHPEAX@Z 0000000180003ff0 f   ConEmuPlugin1900.obj
 0001:00002ff0       ?ProcessEditorEventPtr@CPluginW2800@@UEAAHPEAX@Z 0000000180003ff0 f   ConEmuPlugin2800.obj
 0001:00002ffc       ?ProcessEditorInputPtr@CPluginW1900@@UEAAHPEBX@Z 0000000180003ffc f   ConEmuPlugin1900.obj
 0001:0000301c       ?ProcessSynchroEventPtr@CPluginW1900@@UEAAHPEAX@Z 000000018000401c f   ConEmuPlugin1900.obj
 0001:0000301c       ?ProcessSynchroEventPtr@CPluginW2800@@UEAAHPEAX@Z 000000018000401c f   ConEmuPlugin2800.obj
 0001:00003040       ?ProcessViewerEventPtr@CPluginW1900@@UEAAHPEAX@Z 0000000180004040 f   ConEmuPlugin1900.obj
 0001:00003040       ?ProcessViewerEventPtr@CPluginW2800@@UEAAHPEAX@Z 0000000180004040 f   ConEmuPlugin2800.obj
 0001:0000304c       ?RedrawAll@CPluginW1900@@UEAAXXZ 000000018000404c f   ConEmuPlugin1900.obj
 0001:00003084       ?SetStartupInfoPtr@CPluginW1900@@UEAAXPEAX@Z 0000000180004084 f   ConEmuPlugin1900.obj
 0001:000031d4       ?SetWindow@CPluginW1900@@UEAAXH@Z 00000001800041d4 f   ConEmuPlugin1900.obj
 0001:0000322c       ?ShowMessage@CPluginW1900@@UEAAHPEB_WH_N@Z 000000018000422c f   ConEmuPlugin1900.obj
 0001:00003294       ?ShowPluginMenu@CPluginW1900@@UEAAHPEAUConEmuPluginMenuItem@@HH@Z 0000000180004294 f   ConEmuPlugin1900.obj
 0001:000033e4       ?ShowUserScreen@CPluginW1900@@UEAAX_N@Z 00000001800043e4 f   ConEmuPlugin1900.obj
 0001:00003410       ?ShutdownPluginStep@CPluginBase@@SAXPEB_WHHHH@Z 0000000180004410 f   ConEmuPluginBase.obj
 0001:00003410       ?StopWaitEndSynchro@CPluginW2800@@UEAAXXZ 0000000180004410 f   ConEmuPlugin2800.obj
 0001:00003410       _guard_check_icall_nop     0000000180004410 f   LIBCMT:guard_support.obj
 0001:00003410       ?StopWaitEndSynchro@CPluginW1900@@UEAAXXZ 0000000180004410 f   ConEmuPlugin1900.obj
 0001:00003410       ?WaitEndSynchro@CPluginAnsi@@UEAAXXZ 0000000180004410 f   ConEmuPluginA.obj
 0001:00003410       ?_Doraise@exception@stdext@@MEBAXXZ 0000000180004410 f   common-kernel64:CEStr.obj
 0001:00003410       ?WaitEndSynchro@CPluginW1900@@UEAAXXZ 0000000180004410 f   ConEmuPlugin1900.obj
 0001:00003410       ?PlugServerInit@@YAXXZ     0000000180004410 f   PluginSrv.obj
 0001:00003410       ?StopWaitEndSynchro@CPluginAnsi@@UEAAXXZ 0000000180004410 f   ConEmuPluginA.obj
 0001:00003410       ?WaitEndSynchro@CPluginW2800@@UEAAXXZ 0000000180004410 f   ConEmuPlugin2800.obj
 0001:00003414       ?UpdateConEmuTabsApi@CPluginW1900@@UEAA_NH@Z 0000000180004414 f   ConEmuPlugin1900.obj
 0001:000038e4       ??$_Emplace_reallocate@AEBUWindowInfo@@@?$vector@UWindowInfo@@V?$MArrayAllocator@UWindowInfo@@@@@std@@QEAAPEAUWindowInfo@@QEAU2@AEBU2@@Z 00000001800048e4 f i ConEmuPlugin2800.obj
 0001:00003a90       ??$_Uninitialized_fill_n@V?$MArrayAllocator@UWindowInfo@@@@@std@@YAPEAUWindowInfo@@PEAU1@_KAEBU1@AEAV?$MArrayAllocator@UWindowInfo@@@@@Z 0000000180004a90 f i ConEmuPlugin2800.obj
 0001:00003ad0       ??0CPluginW2800@@QEAA@XZ   0000000180004ad0 f   ConEmuPlugin2800.obj
 0001:00003c74       ??0bad_alloc@std@@QEAA@AEBV01@@Z 0000000180004c74 f i ConEmuPlugin2800.obj
 0001:00003cb0       ??0bad_alloc@std@@QEAA@XZ  0000000180004cb0 f i ConEmuPlugin2800.obj
 0001:00003cd0       ??0exception@std@@QEAA@AEBV01@@Z 0000000180004cd0 f i ConEmuPlugin2800.obj
 0001:00003d04       ??1?$MArray@UWindowInfo@@@@QEAA@XZ 0000000180004d04 f i ConEmuPlugin2800.obj
 0001:00003d30       ??1bad_exception@std@@UEAA@XZ 0000000180004d30 f i libvcruntime:frame.obj
 0001:00003d30       ??1bad_alloc@std@@UEAA@XZ  0000000180004d30 f i ConEmuPlugin2800.obj
 0001:00003d30       ??1length_error@std@@UEAA@XZ 0000000180004d30 f i libcpmt:xthrow.obj
 0001:00003d44       ??_ECPluginW2800@@UEAAPEAXI@Z 0000000180004d44 f i ConEmuPlugin2800.obj
 0001:00003d44       ??_GCPluginW2800@@UEAAPEAXI@Z 0000000180004d44 f i ConEmuPlugin2800.obj
 0001:00003d84       ??_Ebad_alloc@std@@UEAAPEAXI@Z 0000000180004d84 f i ConEmuPlugin2800.obj
 0001:00003d84       ??_Glogic_error@std@@UEAAPEAXI@Z 0000000180004d84 f i libcpmt:xthrow.obj
 0001:00003d84       ??_Elogic_error@std@@UEAAPEAXI@Z 0000000180004d84 f i libcpmt:xthrow.obj
 0001:00003d84       ??_Gexception@std@@UEAAPEAXI@Z 0000000180004d84 f i ConEmuPlugin2800.obj
 0001:00003d84       ??_Gbad_exception@std@@UEAAPEAXI@Z 0000000180004d84 f i libvcruntime:frame.obj
 0001:00003d84       ??_Ebad_exception@std@@UEAAPEAXI@Z 0000000180004d84 f i libvcruntime:frame.obj
 0001:00003d84       ??_Elength_error@std@@UEAAPEAXI@Z 0000000180004d84 f i libcpmt:xthrow.obj
 0001:00003d84       ??_Eexception@std@@UEAAPEAXI@Z 0000000180004d84 f i ConEmuPlugin2800.obj
 0001:00003d84       ??_Glength_error@std@@UEAAPEAXI@Z 0000000180004d84 f i libcpmt:xthrow.obj
 0001:00003d84       ??_Gbad_alloc@std@@UEAAPEAXI@Z 0000000180004d84 f i ConEmuPlugin2800.obj
 0001:00004314       ?CheckPanelExist@CPluginW2800@@UEAA_NXZ 0000000180005314 f   ConEmuPlugin2800.obj
 0001:00004350       ?ExecuteSynchroApi@CPluginW2800@@UEAA_NXZ 0000000180005350 f   ConEmuPlugin2800.obj
 0001:00004384       ?ExitFar@CPluginW2800@@UEAAXXZ 0000000180005384 f   ConEmuPlugin2800.obj
 0001:00004418       ?GetActiveWindowType@CPluginW2800@@UEAAHXZ 0000000180005418 f   ConEmuPlugin2800.obj
 0001:000044d0       ?GetEditorModifiedState@CPluginW2800@@UEAAKXZ 00000001800054d0 f   ConEmuPlugin2800.obj
 0001:00004530       ?GetFarRect@CPluginW2800@@UEAA_NAEAU_SMALL_RECT@@@Z 0000000180005530 f   ConEmuPlugin2800.obj
 0001:000045e4       ?GetMacroArea@CPluginW2800@@UEAAHXZ 00000001800055e4 f   ConEmuPlugin2800.obj
 0001:00004604       ?GetMsg@CPluginW2800@@UEAAPEB_WHPEA_W_K@Z 0000000180005604 f   ConEmuPlugin2800.obj
 0001:0000467c       ?GetPanelDir@CPluginW2800@@UEAAPEA_WKPEA_WH@Z 000000018000567c f   ConEmuPlugin2800.obj
 0001:000047dc       ?GetPanelInfo@CPluginW2800@@UEAA_NKPEAUCEPanelInfo@@@Z 00000001800057dc f   ConEmuPlugin2800.obj
 0001:00004a7c       ?GetPanelItemInfo@CPluginW2800@@UEAA_NAEBUCEPanelInfo@@_N_JAEAU_WIN32_FIND_DATAW@@PEAPEA_W@Z 0000000180005a7c f   ConEmuPlugin2800.obj
 0001:00004c58       ?GetPluginInfoPtr@CPluginW2800@@UEAAXPEAX@Z 0000000180005c58 f   ConEmuPlugin2800.obj
 0001:00004cb4       ?GetWindowCount@CPluginW2800@@UEAAHXZ 0000000180005cb4 f   ConEmuPlugin2800.obj
 0001:00004ce4       ?GuiMacroDlg@CPluginW2800@@UEAAXXZ 0000000180005ce4 f   ConEmuPlugin2800.obj
 0001:00004cec       ?InputBox@CPluginW2800@@UEAA_NPEB_W000AEAPEA_W@Z 0000000180005cec f   ConEmuPlugin2800.obj
 0001:00004d9c       ?IsMacroActive@CPluginW2800@@UEAA_NXZ 0000000180005d9c f   ConEmuPlugin2800.obj
 0001:00004de0       ?LoadFarColors@CPluginW2800@@UEAAXAEAY0BAA@E@Z 0000000180005de0 f   ConEmuPlugin2800.obj
 0001:00004f74       ?LoadFarSettings@CPluginW2800@@UEAAXPEAUCEFarInterfaceSettings@@PEAUCEFarPanelSettings@@@Z 0000000180005f74 f   ConEmuPlugin2800.obj
 0001:000050b4       ?Open@CPluginW2800@@UEAAPEAXPEBX@Z 00000001800060b4 f   ConEmuPlugin2800.obj
 0001:00005204       ?OpenEditor@CPluginW2800@@UEAA_NPEB_W_N11HH@Z 0000000180006204 f   ConEmuPlugin2800.obj
 0001:00005328       ?PanelControlApi@CPluginW2800@@UEAA_JPEAXH_J0@Z 0000000180006328 f   ConEmuPlugin2800.obj
 0001:00005360       ?PostMacroApi@CPluginW2800@@UEAAXPEB_WPEAU_INPUT_RECORD@@_N@Z 0000000180006360 f   ConEmuPlugin2800.obj
 0001:000056d4       ?ProcessEditorInputPtr@CPluginW2800@@UEAAHPEBX@Z 00000001800066d4 f   ConEmuPlugin2800.obj
 0001:000056f4       ?RedrawAll@CPluginW2800@@UEAAXXZ 00000001800066f4 f   ConEmuPlugin2800.obj
 0001:0000572c       ?SetStartupInfoPtr@CPluginW2800@@UEAAXPEAX@Z 000000018000672c f   ConEmuPlugin2800.obj
 0001:0000587c       ?SetWindow@CPluginW2800@@UEAAXH@Z 000000018000687c f   ConEmuPlugin2800.obj
 0001:000059b8       ?ShowMessage@CPluginW2800@@UEAAHPEB_WH_N@Z 00000001800069b8 f   ConEmuPlugin2800.obj
 0001:00005a20       ?ShowPluginMenu@CPluginW2800@@UEAAHPEAUConEmuPluginMenuItem@@HH@Z 0000000180006a20 f   ConEmuPlugin2800.obj
 0001:00005b74       ?ShowUserScreen@CPluginW2800@@UEAAX_N@Z 0000000180006b74 f   ConEmuPlugin2800.obj
 0001:00005ba0       ?UpdateConEmuTabsApi@CPluginW2800@@UEAA_NH@Z 0000000180006ba0 f   ConEmuPlugin2800.obj
 0001:0000651c       ?_Getal@?$vector@UWindowInfo@@V?$MArrayAllocator@UWindowInfo@@@@@std@@AEAAAEAV?$MArrayAllocator@UWindowInfo@@@@XZ 000000018000751c f i ConEmuPlugin2800.obj
 0001:00006520       ?_Xlength@?$vector@UtagPROCESSENTRY32W@@V?$MArrayAllocator@UtagPROCESSENTRY32W@@@@@std@@CAXXZ 0000000180007520 f i common-kernel64:MProcess.obj
 0001:00006520       ?_Xlength@?$vector@UWindowInfo@@V?$MArrayAllocator@UWindowInfo@@@@@std@@CAXXZ 0000000180007520 f i ConEmuPlugin2800.obj
 0001:00006534       ?deallocate@?$MArrayAllocator@UWindowInfo@@@@QEAAXPEAUWindowInfo@@_K@Z 0000000180007534 f i ConEmuPlugin2800.obj
 0001:0000654c       ?erase@?$MArray@UWindowInfo@@@@QEAAX_J0@Z 000000018000754c f i ConEmuPlugin2800.obj
 0001:000065e0       ?insert@?$MArray@UWindowInfo@@@@QEAA_J_JAEBUWindowInfo@@0@Z 00000001800075e0 f i ConEmuPlugin2800.obj
 0001:00006688       ?insert@?$vector@UWindowInfo@@V?$MArrayAllocator@UWindowInfo@@@@@std@@QEAA?AV?$_Vector_iterator@V?$_Vector_val@U?$_Simple_types@UWindowInfo@@@std@@@std@@@2@V?$_Vector_const_iterator@V?$_Vector_val@U?$_Simple_types@UWindowInfo@@@std@@@std@@@2@_KAEBUWindowInfo@@@Z 0000000180007688 f i ConEmuPlugin2800.obj
 0001:00006a94       ?push_back@?$MArray@UWindowInfo@@@@QEAA_JAEBUWindowInfo@@@Z 0000000180007a94 f i ConEmuPlugin2800.obj
 0001:00006b18       ?what@exception@std@@UEBAPEBDXZ 0000000180007b18 f i ConEmuPlugin2800.obj
 0001:00006b2c       GetGlobalInfoW             0000000180007b2c f   ConEmuPlugin2800.obj
 0001:00006bc4       ??0CPluginW995@@QEAA@XZ    0000000180007bc4 f   ConEmuPlugin995.obj
 0001:00006d5c       ??_ECPluginW995@@UEAAPEAXI@Z 0000000180007d5c f i ConEmuPlugin995.obj
 0001:00006d5c       ??_GCPluginW995@@UEAAPEAXI@Z 0000000180007d5c f i ConEmuPlugin995.obj
 0001:000071dc       ?CheckPanelExist@CPluginW995@@UEAA_NXZ 00000001800081dc f   ConEmuPlugin995.obj
 0001:00007214       ?ExecuteSynchroApi@CPluginW995@@UEAA_NXZ 0000000180008214 f   ConEmuPlugin995.obj
 0001:00007244       ?ExitFar@CPluginW995@@UEAAXXZ 0000000180008244 f   ConEmuPlugin995.obj
 0001:000072cc       ?GetActiveWindowType@CPluginW995@@UEAAHXZ 00000001800082cc f   ConEmuPlugin995.obj
 0001:000073ac       ?GetEditorModifiedState@CPluginW995@@UEAAKXZ 00000001800083ac f   ConEmuPlugin995.obj
 0001:00007404       ?GetFarRect@CPluginW995@@UEAA_NAEAU_SMALL_RECT@@@Z 0000000180008404 f   ConEmuPlugin995.obj
 0001:0000745c       ?GetMacroArea@CPluginW995@@UEAAHXZ 000000018000845c f   ConEmuPlugin995.obj
 0001:000074b4       ?GetMsg@CPluginW995@@UEAAPEB_WHPEA_W_K@Z 00000001800084b4 f   ConEmuPlugin995.obj
 0001:00007524       ?GetPanelDir@CPluginW995@@UEAAPEA_WKPEA_WH@Z 0000000180008524 f   ConEmuPlugin995.obj
 0001:00007648       ?GetPanelInfo@CPluginW995@@UEAA_NKPEAUCEPanelInfo@@@Z 0000000180008648 f   ConEmuPlugin995.obj
 0001:00007888       ?GetPanelItemInfo@CPluginW995@@UEAA_NAEBUCEPanelInfo@@_N_JAEAU_WIN32_FIND_DATAW@@PEAPEA_W@Z 0000000180008888 f   ConEmuPlugin995.obj
 0001:00007a30       ?GetPluginInfoPtr@CPluginW995@@UEAAXPEAX@Z 0000000180008a30 f   ConEmuPlugin995.obj
 0001:00007a9c       ?GetWindowCount@CPluginW995@@UEAAHXZ 0000000180008a9c f   ConEmuPlugin995.obj
 0001:00007ac8       ?GuiMacroDlg@CPluginW995@@UEAAXXZ 0000000180008ac8 f   ConEmuPlugin995.obj
 0001:00007ad0       ?InputBox@CPluginW995@@UEAA_NPEB_W000AEAPEA_W@Z 0000000180008ad0 f   ConEmuPlugin995.obj
 0001:00007b80       ?IsMacroActive@CPluginW995@@UEAA_NXZ 0000000180008b80 f   ConEmuPlugin995.obj
 0001:00007bf0       ?LoadFarColors@CPluginW995@@UEAAXAEAY0BAA@E@Z 0000000180008bf0 f   ConEmuPlugin995.obj
 0001:00007cac       ?LoadFarSettings@CPluginW995@@UEAAXPEAUCEFarInterfaceSettings@@PEAUCEFarPanelSettings@@@Z 0000000180008cac f   ConEmuPlugin995.obj
 0001:00007d08       ?Open@CPluginAnsi@@UEAAPEAXPEBX@Z 0000000180008d08 f i ConEmuPluginA.obj
 0001:00007d08       ?Open@CPluginW995@@UEAAPEAXPEBX@Z 0000000180008d08 f i ConEmuPlugin995.obj
 0001:00007d10       ?OpenEditor@CPluginW995@@UEAA_NPEB_W_N11HH@Z 0000000180008d10 f   ConEmuPlugin995.obj
 0001:00007e18       ?PanelControlApi@CPluginW995@@UEAA_JPEAXH_J0@Z 0000000180008e18 f   ConEmuPlugin995.obj
 0001:00007e5c       ?PostMacroApi@CPluginW995@@UEAAXPEB_WPEAU_INPUT_RECORD@@_N@Z 0000000180008e5c f   ConEmuPlugin995.obj
 0001:00007f04       ?ProcessEditorInputPtr@CPluginAnsi@@UEAAHPEBX@Z 0000000180008f04 f i ConEmuPluginA.obj
 0001:00007f04       ?ProcessSynchroEventPtr@CPluginW995@@UEAAHPEAX@Z 0000000180008f04 f i ConEmuPlugin995.obj
 0001:00007f04       ?ProcessViewerEventPtr@CPluginAnsi@@UEAAHPEAX@Z 0000000180008f04 f i ConEmuPluginA.obj
 0001:00007f04       ?ProcessSynchroEventPtr@CPluginAnsi@@UEAAHPEAX@Z 0000000180008f04 f i ConEmuPluginA.obj
 0001:00007f04       ?ProcessEditorEventPtr@CPluginAnsi@@UEAAHPEAX@Z 0000000180008f04 f i ConEmuPluginA.obj
 0001:00007f04       ?ProcessEditorEventPtr@CPluginW995@@UEAAHPEAX@Z 0000000180008f04 f i ConEmuPlugin995.obj
 0001:00007f04       ?ProcessViewerEventPtr@CPluginW995@@UEAAHPEAX@Z 0000000180008f04 f i ConEmuPlugin995.obj
 0001:00007f08       ?ProcessEditorInputPtr@CPluginW995@@UEAAHPEBX@Z 0000000180008f08 f   ConEmuPlugin995.obj
 0001:00007f24       ?RedrawAll@CPluginW995@@UEAAXXZ 0000000180008f24 f   ConEmuPlugin995.obj
 0001:00007f54       ?SetStartupInfoPtr@CPluginW995@@UEAAXPEAX@Z 0000000180008f54 f   ConEmuPlugin995.obj
 0001:00008094       ?SetWindow@CPluginW995@@UEAAXH@Z 0000000180009094 f   ConEmuPlugin995.obj
 0001:000080e0       ?ShowMessage@CPluginW995@@UEAAHPEB_WH_N@Z 00000001800090e0 f   ConEmuPlugin995.obj
 0001:00008140       ?ShowPluginMenu@CPluginW995@@UEAAHPEAUConEmuPluginMenuItem@@HH@Z 0000000180009140 f   ConEmuPlugin995.obj
 0001:0000827c       ?ShowUserScreen@CPluginW995@@UEAAX_N@Z 000000018000927c f   ConEmuPlugin995.obj
 0001:000082a8       ?StopWaitEndSynchro@CPluginW995@@UEAAXXZ 00000001800092a8 f   ConEmuPlugin995.obj
 0001:000082d8       ?UpdateConEmuTabsApi@CPluginW995@@UEAA_NH@Z 00000001800092d8 f   ConEmuPlugin995.obj
 0001:00008550       ?WaitEndSynchro@CPluginW995@@UEAAXXZ 0000000180009550 f   ConEmuPlugin995.obj
 0001:000086e4       ??0CPluginAnsi@@QEAA@XZ    00000001800096e4 f   ConEmuPluginA.obj
 0001:00008848       ??_ECPluginAnsi@@UEAAPEAXI@Z 0000000180009848 f i ConEmuPluginA.obj
 0001:00008848       ??_GCPluginAnsi@@UEAAPEAXI@Z 0000000180009848 f i ConEmuPluginA.obj
 0001:00008e00       ?CheckPanelExist@CPluginAnsi@@UEAA_NXZ 0000000180009e00 f   ConEmuPluginA.obj
 0001:00008e38       ?ExecuteSynchroApi@CPluginAnsi@@UEAA_NXZ 0000000180009e38 f i ConEmuPluginA.obj
 0001:00008e38       ?GetFarRect@CPluginAnsi@@UEAA_NAEAU_SMALL_RECT@@@Z 0000000180009e38 f i ConEmuPluginA.obj
 0001:00008e3c       ?ExitFar@CPluginAnsi@@UEAAXXZ 0000000180009e3c f   ConEmuPluginA.obj
 0001:00008e80       ?GetActiveWindowType@CPluginAnsi@@UEAAHXZ 0000000180009e80 f   ConEmuPluginA.obj
 0001:00008f04       ?GetEditorModifiedState@CPluginAnsi@@UEAAKXZ 0000000180009f04 f   ConEmuPluginA.obj
 0001:00008f5c       ?GetMacroArea@CPluginAnsi@@UEAAHXZ 0000000180009f5c f   ConEmuPluginA.obj
 0001:00008f5c       _get_startup_argv_mode     0000000180009f5c f   LIBCMT:argv_mode.obj
 0001:00008f64       ?GetMsg@CPluginAnsi@@UEAAPEB_WHPEA_W_K@Z 0000000180009f64 f   ConEmuPluginA.obj
 0001:00009004       ?GetPanelDir@CPluginAnsi@@UEAAPEA_WKPEA_WH@Z 000000018000a004 f   ConEmuPluginA.obj
 0001:000090fc       ?GetPanelInfo@CPluginAnsi@@UEAA_NKPEAUCEPanelInfo@@@Z 000000018000a0fc f   ConEmuPluginA.obj
 0001:00009350       ?GetPanelItemInfo@CPluginAnsi@@UEAA_NAEBUCEPanelInfo@@_N_JAEAU_WIN32_FIND_DATAW@@PEAPEA_W@Z 000000018000a350 f   ConEmuPluginA.obj
 0001:00009474       ?GetPluginInfoPtr@CPluginAnsi@@UEAAXPEAX@Z 000000018000a474 f   ConEmuPluginA.obj
 0001:00009500       ?GetWindowCount@CPluginAnsi@@UEAAHXZ 000000018000a500 f   ConEmuPluginA.obj
 0001:0000952c       ?GuiMacroDlg@CPluginAnsi@@UEAAXXZ 000000018000a52c f   ConEmuPluginA.obj
 0001:00009534       ?InputBox@CPluginAnsi@@UEAA_NPEB_W000AEAPEA_W@Z 000000018000a534 f   ConEmuPluginA.obj
 0001:00009694       ?IsMacroActive@CPluginAnsi@@UEAA_NXZ 000000018000a694 f   ConEmuPluginA.obj
 0001:00009708       ?LoadFarColors@CPluginAnsi@@UEAAXAEAY0BAA@E@Z 000000018000a708 f   ConEmuPluginA.obj
 0001:000097c8       ?LoadFarSettings@CPluginAnsi@@UEAAXPEAUCEFarInterfaceSettings@@PEAUCEFarPanelSettings@@@Z 000000018000a7c8 f   ConEmuPluginA.obj
 0001:00009828       ?OpenEditor@CPluginAnsi@@UEAA_NPEB_W_N11HH@Z 000000018000a828 f   ConEmuPluginA.obj
 0001:00009964       ?PanelControlApi@CPluginAnsi@@UEAA_JPEAXH_J0@Z 000000018000a964 f   ConEmuPluginA.obj
 0001:000099a0       ?PostMacroApi@CPluginAnsi@@UEAAXPEB_WPEAU_INPUT_RECORD@@_N@Z 000000018000a9a0 f   ConEmuPluginA.obj
 0001:00009a64       ?RedrawAll@CPluginAnsi@@UEAAXXZ 000000018000aa64 f   ConEmuPluginA.obj
 0001:00009a98       ?SetStartupInfoPtr@CPluginAnsi@@UEAAXPEAX@Z 000000018000aa98 f   ConEmuPluginA.obj
 0001:00009bdc       ?SetWindow@CPluginAnsi@@UEAAXH@Z 000000018000abdc f   ConEmuPluginA.obj
 0001:00009c30       ?ShowMessage@CPluginAnsi@@UEAAHPEB_WH_N@Z 000000018000ac30 f   ConEmuPluginA.obj
 0001:00009d0c       ?ShowPluginMenu@CPluginAnsi@@UEAAHPEAUConEmuPluginMenuItem@@HH@Z 000000018000ad0c f   ConEmuPluginA.obj
 0001:00009eac       ?ShowUserScreen@CPluginAnsi@@UEAAX_N@Z 000000018000aeac f   ConEmuPluginA.obj
 0001:00009ed8       ?UpdateConEmuTabsApi@CPluginAnsi@@UEAA_NH@Z 000000018000aed8 f   ConEmuPluginA.obj
 0001:0000a194       ??$swprintf_c@$0BAE@@@YAHAEAY0BAE@_WPEB_WZZ 000000018000b194 f i ConEmuPluginBase.obj
 0001:0000a1c0       ??$swprintf_c@$0DAM@@@YAHAEAY0DAM@_WPEB_WZZ 000000018000b1c0 f i ConEmuPluginBase.obj
 0001:0000a1ec       ??$swprintf_c@$0EAA@@@YAHAEAY0EAA@_WPEB_WZZ 000000018000b1ec f i ConEmuPluginBase.obj
 0001:0000a218       ??$swprintf_c@$0MI@@@YAHAEAY0MI@_WPEB_WZZ 000000018000b218 f i ConEmuPluginBase.obj
 0001:0000a244       ??$wcscpy_c@$0BBE@@@YAHAEAY0BBE@_WPEB_W@Z 000000018000b244 f i ConEmuPluginBase.obj
 0001:0000a290       ??$wcscpy_c@$0CAI@@@YAHAEAY0CAI@_WPEB_W@Z 000000018000b290 f i ConEmuPluginBase.obj
 0001:0000a2dc       ??0CPluginBase@@QEAA@XZ    000000018000b2dc f   ConEmuPluginBase.obj
 0001:0000a404       ??0MWow64Disable@@QEAA@XZ  000000018000b404 f i ConEmuPluginBase.obj
 0001:0000a478       ??1?$MFileMapping@UPanelViewSetMapping@@@@QEAA@XZ 000000018000b478 f i PluginBackground.obj
 0001:0000a478       ??1?$MFileMapping@UConEmuGuiMapping@@@@QEAA@XZ 000000018000b478 f i common-user64:ConEmuCheckEx.obj
 0001:0000a478       ??1?$MFileMapping@UCESERVER_CONSOLE_MAPPING_HDR@@@@QEAA@XZ 000000018000b478 f i ConEmuPluginBase.obj
 0001:0000a4cc       ??1CPluginBase@@UEAA@XZ    000000018000b4cc f   ConEmuPluginBase.obj
 0001:0000a4d8       ??1MWow64Disable@@QEAA@XZ  000000018000b4d8 f i ConEmuPluginBase.obj
 0001:0000a4fc       ??_ECPluginBase@@UEAAPEAXI@Z 000000018000b4fc f i ConEmuPluginBase.obj
 0001:0000a4fc       ??_GCPluginBase@@UEAAPEAXI@Z 000000018000b4fc f i ConEmuPluginBase.obj
 0001:0000a528       ?ActivatePlugin@CPluginBase@@QEAA_NKPEAXK@Z 000000018000b528 f   ConEmuPluginBase.obj
 0001:0000a6f4       ?AddTab@CPluginBase@@QEAA_NAEAHH_N1HPEB_W2HHHH@Z 000000018000b6f4 f   ConEmuPluginBase.obj
 0001:0000aa58       ?AddTabFinish@CPluginBase@@QEAAXH@Z 000000018000ba58 f   ConEmuPluginBase.obj
 0001:0000aa64       ?Attach2Gui@CPluginBase@@QEAA_N_N@Z 000000018000ba64 f   ConEmuPluginBase.obj
 0001:0000ae8c       ?BackgroundMacroError@CPluginBase@@SAKPEAX@Z 000000018000be8c f   ConEmuPluginBase.obj
 0001:0000aeb4       ?CheckBufferEnabled@CPluginBase@@QEAA_NXZ 000000018000beb4 f   ConEmuPluginBase.obj
 0001:0000af18       ?CheckConEmuDetached@CPluginBase@@SAXXZ 000000018000bf18 f   ConEmuPluginBase.obj
 0001:0000b14c       ?CheckResources@CPluginBase@@QEAAX_N@Z 000000018000c14c f   ConEmuPluginBase.obj
 0001:0000b32c       ?CloseMapHeader@CPluginBase@@SAXXZ 000000018000c32c f   ConEmuPluginBase.obj
 0001:0000b388       ?CloseTabs@CPluginBase@@SAXXZ 000000018000c388 f   ConEmuPluginBase.obj
 0001:0000b428       ?CommonPluginStartup@CPluginBase@@QEAAXXZ 000000018000c428 f   ConEmuPluginBase.obj
 0001:0000b534       ?CreateTabs@CPluginBase@@SA_NH@Z 000000018000c534 f   ConEmuPluginBase.obj
 0001:0000b5f4       ?DllCheckUnique@CPluginBase@@KA_N_N@Z 000000018000c5f4 f   ConEmuPluginBase.obj
 0001:0000b830       ?DllMain_ProcessAttach@CPluginBase@@KAXPEAUHINSTANCE__@@@Z 000000018000c830 f   ConEmuPluginBase.obj
 0001:0000b918       ?DllMain_ProcessDetach@CPluginBase@@KAXXZ 000000018000c918 f   ConEmuPluginBase.obj
 0001:0000ba00       ?EditViewConsoleOutput@CPluginBase@@QEAAX_N@Z 000000018000ca00 f   ConEmuPluginBase.obj
 0001:0000bad8       ?EmergencyShow@CPluginBase@@KAXXZ 000000018000cad8 f   ConEmuPluginBase.obj
 0001:0000bb34       ?ExecuteSynchro@CPluginBase@@QEAAXXZ 000000018000cb34 f   ConEmuPluginBase.obj
 0001:0000bbb8       ?ExitFarCommon@CPluginBase@@QEAAX_N@Z 000000018000cbb8 f   ConEmuPluginBase.obj
 0001:0000bbe4       ?FarSetConsoleSize@CPluginBase@@SA_NFF@Z 000000018000cbe4 f   ConEmuPluginBase.obj
 0001:0000bcf0       ?FillLoadedParm@CPluginBase@@SAXPEAUConEmuLoadedArg@@PEAUHINSTANCE__@@H@Z 000000018000ccf0 f   ConEmuPluginBase.obj
 0001:0000bdc8       ?FillUpdateBackground@CPluginBase@@QEAAXPEAUPaintBackgroundArg@@@Z 000000018000cdc8 f   ConEmuPluginBase.obj
 0001:0000bf44       ?FindServerCmd@CPluginBase@@QEAA_NKAEAK_N@Z 000000018000cf44 f   ConEmuPluginBase.obj
 0001:0000c040       ?GetMainThreadId@CPluginBase@@SAKXZ 000000018000d040 f   ConEmuPluginBase.obj
 0001:0000c0f0       ?GetPanelInfo@CPluginBase@@QEAA_NKPEAUBkPanelInfo@@@Z 000000018000d0f0 f   ConEmuPluginBase.obj
 0001:0000c194       ?InitHWND@CPluginBase@@SAXXZ 000000018000d194 f   ConEmuPluginBase.obj
 0001:0000c434       ?InitResources@CPluginBase@@QEAAXXZ 000000018000d434 f   ConEmuPluginBase.obj
 0001:0000c658       ?InitRootRegKey@CPluginBase@@IEAAXXZ 000000018000d658 f   ConEmuPluginBase.obj
 0001:0000c754       ?IsCurrentTabModal@CPluginBase@@QEAA_NXZ 000000018000d754 f   ConEmuPluginBase.obj
 0001:0000c910       ?LoadFarVersion@CPluginBase@@SA_NXZ 000000018000d910 f   ConEmuPluginBase.obj
 0001:0000cbc4       ?LoadPanelTabsFromRegistry@CPluginBase@@IEAAXXZ 000000018000dbc4 f   ConEmuPluginBase.obj
 0001:0000ccf0       ?MonitorThreadProcW@CPluginBase@@SAKPEAX@Z 000000018000dcf0 f   ConEmuPluginBase.obj
 0001:0000d0f4       ?NotifyConEmuUnloaded@CPluginBase@@SAXXZ 000000018000e0f4 f   ConEmuPluginBase.obj
 0001:0000d218       ?OnConsoleDetaching@CPluginBase@@SAHPEAUHookCallbackArg@@@Z 000000018000e218 f   ConEmuPluginBase.obj
 0001:0000d344       ?OnConsolePeekInput@CPluginBase@@SAHPEAUHookCallbackArg@@@Z 000000018000e344 f   ConEmuPluginBase.obj
 0001:0000d3ac       ?OnConsolePeekInputPost@CPluginBase@@SAHPEAUHookCallbackArg@@@Z 000000018000e3ac f   ConEmuPluginBase.obj
 0001:0000d3dc       ?OnConsolePeekReadInput@CPluginBase@@SAX_N@Z 000000018000e3dc f   ConEmuPluginBase.obj
 0001:0000d5d4       ?OnConsoleReadInput@CPluginBase@@SAHPEAUHookCallbackArg@@@Z 000000018000e5d4 f   ConEmuPluginBase.obj
 0001:0000d5dc       ?OnConsoleReadInputPost@CPluginBase@@SAHPEAUHookCallbackArg@@@Z 000000018000e5dc f   ConEmuPluginBase.obj
 0001:0000d78c       ?OnConsoleReadInputWork@CPluginBase@@SAHPEAUHookCallbackArg@@@Z 000000018000e78c f   ConEmuPluginBase.obj
 0001:0000d800       ?OnConsoleWasAttached@CPluginBase@@SAHPEAUHookCallbackArg@@@Z 000000018000e800 f   ConEmuPluginBase.obj
 0001:0000d868       ?OnCurDirChanged@CPluginBase@@SAXXZ 000000018000e868 f   ConEmuPluginBase.obj
 0001:0000d8cc       ?OnGetNumberOfConsoleInputEventsPost@CPluginBase@@SAHPEAUHookCallbackArg@@@Z 000000018000e8cc f   ConEmuPluginBase.obj
 0001:0000d900       ?OnLibraryLoaded@CPluginBase@@SAXPEAUHINSTANCE__@@@Z 000000018000e900 f   ConEmuPluginBase.obj
 0001:0000d9a0       ?OnMainThreadActivated@CPluginBase@@QEAAXXZ 000000018000e9a0 f   ConEmuPluginBase.obj
 0001:0000db44       ?OnPanelViewCallbacks@CPluginBase@@SA_NPEAUHookCallbackArg@@P6AHPEAXPEAU_INPUT_RECORD@@KPEAKPEAH@Z5@Z 000000018000eb44 f   ConEmuPluginBase.obj
 0001:0000dc1c       ?OnPostWriteConsoleOutput@CPluginBase@@SAHPEAUHookCallbackArg@@@Z 000000018000ec1c f   ConEmuPluginBase.obj
 0001:0000dc28       ?OnShellExecuteExW_Except@CPluginBase@@SAHPEAUHookCallbackArg@@@Z 000000018000ec28 f   ConEmuPluginBase.obj
 0001:0000dc68       ?OnWriteConsoleOutput@CPluginBase@@SAHPEAUHookCallbackArg@@@Z 000000018000ec68 f   ConEmuPluginBase.obj
 0001:0000dd3c       ?OpenMapHeader@CPluginBase@@SAHXZ 000000018000ed3c f   ConEmuPluginBase.obj
 0001:0000df98       ?OpenPluginCommon@CPluginBase@@QEAAPEAXH_J_N@Z 000000018000ef98 f   ConEmuPluginBase.obj
 0001:0000e278       ?OutDataAlloc@CPluginBase@@SA_NK@Z 000000018000f278 f   ConEmuPluginBase.obj
 0001:0000e2d8       ?OutDataRealloc@CPluginBase@@SA_NK@Z 000000018000f2d8 f   ConEmuPluginBase.obj
 0001:0000e3a4       ?OutDataWrite@CPluginBase@@SA_NPEAXK@Z 000000018000f3a4 f   ConEmuPluginBase.obj
 0001:0000e444       ?PanelControl@CPluginBase@@QEAA_JPEAXH_J0@Z 000000018000f444 f   ConEmuPluginBase.obj
 0001:0000e4dc       ?Plugin@@YAPEAVCPluginBase@@XZ 000000018000f4dc f   ConEmuPluginBase.obj
 0001:0000e5a4       ?PrintText@CPluginBase@@QEAA_NPEB_W@Z 000000018000f5a4 f   ConEmuPluginBase.obj
 0001:0000e6d0       ?ProcessCommand@CPluginBase@@QEAA_NKHPEAXPEAPEAUCESERVER_REQ@@_N@Z 000000018000f6d0 f   ConEmuPluginBase.obj
 0001:0000eb58       ?ProcessCommandLine@CPluginBase@@QEAA_NPEA_W@Z 000000018000fb58 f   ConEmuPluginBase.obj
 0001:0000eba4       ?ProcessDragFrom@CPluginBase@@QEAAXXZ 000000018000fba4 f   ConEmuPluginBase.obj
 0001:0000f028       ?ProcessDragTo@CPluginBase@@QEAAXXZ 0000000180010028 f   ConEmuPluginBase.obj
 0001:0000f338       ?ProcessEditorInputInternal@CPluginBase@@QEAAXAEBU_INPUT_RECORD@@@Z 0000000180010338 f   ConEmuPluginBase.obj
 0001:0000f364       ?ProcessEditorViewerEvent@CPluginBase@@QEAAHHH@Z 0000000180010364 f   ConEmuPluginBase.obj
 0001:0000f418       ?ProcessSetWindowCommand@CPluginBase@@QEAAXXZ 0000000180010418 f   ConEmuPluginBase.obj
 0001:0000f53c       ?ProcessSynchroEvent@CPluginBase@@QEAAHHPEAX@Z 000000018001053c f   ConEmuPluginBase.obj
 0001:0000f5c0       ?ReloadFarInfo@CPluginBase@@QEAA_N_N@Z 00000001800105c0 f   ConEmuPluginBase.obj
 0001:0000f840       ?ReloadFarInfoApi@CPluginBase@@IEAA_NXZ 0000000180010840 f   ConEmuPluginBase.obj
 0001:0000fa14       ?RunExternalProgram@CPluginBase@@QEAA_NPEA_W@Z 0000000180010a14 f   ConEmuPluginBase.obj
 0001:0000fb90       ?RunExternalProgramW@CPluginBase@@SA_NPEA_W0_N@Z 0000000180010b90 f   ConEmuPluginBase.obj
 0001:0000fdf4       ?SendTabs@CPluginBase@@SAXH_N@Z 0000000180010df4 f   ConEmuPluginBase.obj
 0001:0000ffb0       ?SetRootRegKey@CPluginBase@@IEAAXPEA_W@Z 0000000180010fb0 f   ConEmuPluginBase.obj
 0001:0001004c       ?ShowConsoleInfo@CPluginBase@@QEAAXXZ 000000018001104c f   ConEmuPluginBase.obj
 0001:00010250       ?ShowMessage@CPluginBase@@QEAAHHH@Z 0000000180011250 f   ConEmuPluginBase.obj
 0001:000102cc       ?ShowMessageBox@CPluginBase@@KAHPEB_WI@Z 00000001800112cc f   ConEmuPluginBase.obj
 0001:000103b0       ?ShowMessageGui@CPluginBase@@QEAAHHH@Z 00000001800113b0 f   ConEmuPluginBase.obj
 0001:00010438       ?ShowPanelsList@CPluginBase@@QEAAXXZ 0000000180011438 f   ConEmuPluginBase.obj
 0001:0001058c       ?ShowPluginMenu@CPluginBase@@QEAAXW4PluginCallCommands@@@Z 000000018001158c f   ConEmuPluginBase.obj
 0001:000107a0       ?ShowProtocolWarning@CPluginBase@@KAXXZ 00000001800117a0 f   ConEmuPluginBase.obj
 0001:00010918       ?ShowTabsList@CPluginBase@@QEAAXXZ 0000000180011918 f   ConEmuPluginBase.obj
 0001:00010ba4       ?StartDebugger@CPluginBase@@QEAA_NXZ 0000000180011ba4 f   ConEmuPluginBase.obj
 0001:00010e58       ?StopThread@CPluginBase@@QEAAX_N@Z 0000000180011e58 f   ConEmuPluginBase.obj
 0001:00011120       ?StorePanelDirs@CPluginBase@@QEAA_NPEB_W0@Z 0000000180012120 f   ConEmuPluginBase.obj
 0001:00011290       ?StringCchCatW@@YAJPEA_W_KPEB_W@Z 0000000180012290 f i ConEmuPluginBase.obj
 0001:00011350       ?StringCchCopyW@@YAJPEA_W_KPEB_W@Z 0000000180012350 f i ConEmuPluginBase.obj
 0001:000113bc       ?SwitchTabCommand@CPluginBase@@QEAAXW4PluginMenuCommands@@@Z 00000001800123bc f   ConEmuPluginBase.obj
 0001:00011440       ?ToOem@CPluginBase@@SAPEADPEB_W@Z 0000000180012440 f   ConEmuPluginBase.obj
 0001:0001149c       ?ToOem@CPluginBase@@SAXPEB_WPEAD_J@Z 000000018001249c f   ConEmuPluginBase.obj
 0001:000114dc       ?ToUnicode@CPluginBase@@SAPEA_WPEBD@Z 00000001800124dc f   ConEmuPluginBase.obj
 0001:0001155c       ?TouchReadPeekConsoleInputs@CPluginBase@@SAXH@Z 000000018001255c f   ConEmuPluginBase.obj
 0001:000115a8       ?UngetDummyMouseEvent@CPluginBase@@SA_N_NPEAUHookCallbackArg@@@Z 00000001800125a8 f   ConEmuPluginBase.obj
 0001:00011754       ?UpdateConEmuTabs@CPluginBase@@QEAA_N_N@Z 0000000180012754 f   ConEmuPluginBase.obj
 0001:000119d4       ?UpdatePanelDirs@CPluginBase@@QEAAXXZ 00000001800129d4 f   ConEmuPluginBase.obj
 0001:00011b98       ?WaitPluginActivation@CPluginBase@@SAKKPEAPEAXHK@Z 0000000180012b98 f   ConEmuPluginBase.obj
 0001:00011ca8       ?cmd_CloseQSearch@CPluginBase@@QEAAXXZ 0000000180012ca8 f   ConEmuPluginBase.obj
 0001:00011ce4       ?cmd_ConSetFont@CPluginBase@@QEAAXPEAX@Z 0000000180012ce4 f   ConEmuPluginBase.obj
 0001:00011d38       ?cmd_EMenu@CPluginBase@@QEAAXPEAX@Z 0000000180012d38 f   ConEmuPluginBase.obj
 0001:00011e54       ?cmd_ExternalCallback@CPluginBase@@QEAA_NPEAX@Z 0000000180012e54 f   ConEmuPluginBase.obj
 0001:00011eb8       ?cmd_GuiChanged@CPluginBase@@QEAAXPEAX@Z 0000000180012eb8 f   ConEmuPluginBase.obj
 0001:00011f44       ?cmd_LeftClickSync@CPluginBase@@QEAAXPEAX@Z 0000000180012f44 f   ConEmuPluginBase.obj
 0001:00012030       ?cmd_OpenEditorLine@CPluginBase@@QEAA_NPEAUCESERVER_REQ_FAREDITOR@@@Z 0000000180013030 f   ConEmuPluginBase.obj
 0001:000120fc       ?cmd_RedrawFarCall@CPluginBase@@QEAA_NAEAPEAUCESERVER_REQ@@PEAPEAU2@@Z 00000001800130fc f   ConEmuPluginBase.obj
 0001:000121d0       ?cmd_SetWindow@CPluginBase@@QEAA_NPEAX_N@Z 00000001800131d0 f   ConEmuPluginBase.obj
 0001:0001225c       ?isMacroActive@CPluginBase@@QEAA_NAEAH@Z 000000018001325c f   ConEmuPluginBase.obj
 0001:00012298       ?isModalEditorViewer@CPluginBase@@QEAA_NXZ 0000000180013298 f   ConEmuPluginBase.obj
 0001:000122c4       ?pcc_Disabled@CPluginBase@@SA_NW4PluginMenuCommands@@@Z 00000001800132c4 f   ConEmuPluginBase.obj
 0001:00012338       ?pcc_Selected@CPluginBase@@SA_NW4PluginMenuCommands@@@Z 0000000180013338 f   ConEmuPluginBase.obj
 0001:00012394       ??0CPluginBackground@@QEAA@XZ 0000000180013394 f   PluginBackground.obj
 0001:0001254c       ??1CPluginBackground@@QEAA@XZ 000000018001354c f   PluginBackground.obj
 0001:000126b4       ?CheckPanelFolders@CPluginBackground@@IEAAXH@Z 00000001800136b4 f   PluginBackground.obj
 0001:00012784       ?IsParmChanged@CPluginBackground@@IEAA_NPEAUPaintBackgroundArg@@0@Z 0000000180013784 f   PluginBackground.obj
 0001:000129fc       ?LoadThSet@CPluginBackground@@IEAAHH@Z 00000001800139fc f   PluginBackground.obj
 0001:00012df8       ?MonitorBackground@CPluginBackground@@QEAAXXZ 0000000180013df8 f   PluginBackground.obj
 0001:00012e60       ?OnMainThreadActivated@CPluginBackground@@QEAAXHH@Z 0000000180013e60 f   PluginBackground.obj
 0001:00012f24       ?ReallocItems@CPluginBackground@@IEAAXH@Z 0000000180013f24 f   PluginBackground.obj
 0001:00012f8c       ?RegisterSubplugin@CPluginBackground@@QEAAHPEAURegisterBackgroundArg@@@Z 0000000180013f8c f   PluginBackground.obj
 0001:00013214       ?SetDcPanelRect@CPluginBackground@@IEAAXPEAUtagRECT@@PEAUBkPanelInfo@@PEAUPaintBackgroundArg@@@Z 0000000180014214 f   PluginBackground.obj
 0001:000132e8       ?SetForceThLoad@CPluginBackground@@QEAAXXZ 00000001800142e8 f   PluginBackground.obj
 0001:00013300       ?SetForceUpdate@CPluginBackground@@QEAAX_N@Z 0000000180014300 f   PluginBackground.obj
 0001:00013320       ?UpdateBackground@CPluginBackground@@IEAAXXZ 0000000180014320 f   PluginBackground.obj
 0001:00013b94       ?UpdateBackground_Exec@CPluginBackground@@KAXPEAURegisterBackgroundArg@@PEAUPaintBackgroundArg@@@Z 0000000180014b94 f   PluginBackground.obj
 0001:00013bd8       ??$swprintf_c@$09@@YAHAEAY09_WPEB_WZZ 0000000180014bd8 f i PluginSrv.obj
 0001:00013c04       ??$wcscpy_c@$0BAE@@@YAHAEAY0BAE@_WPEB_W@Z 0000000180014c04 f i PluginSrv.obj
 0001:00013c50       ?DumpError@?$PipeServer@UCESERVER_REQ@@@@IEAAXPEAUPipeInst@1@PEB_WH@Z 0000000180014c50 f i PluginSrv.obj
 0001:00013d64       ?PipeServerRead@?$PipeServer@UCESERVER_REQ@@@@IEAAHPEAUPipeInst@1@@Z 0000000180014d64 f i PluginSrv.obj
 0001:00014000       ?PipeServerThread@?$PipeServer@UCESERVER_REQ@@@@IEAAKPEAUPipeInst@1@@Z 0000000180015000 f i PluginSrv.obj
 0001:000142d0       ?PipeServerWrite@?$PipeServer@UCESERVER_REQ@@@@IEAAHPEAUPipeInst@1@PEBXKPEAKH@Z 00000001800152d0 f i PluginSrv.obj
 0001:000143fc       ?PlugServerCommand@@YAHPEAXPEAUCESERVER_REQ@@AEAPEAU1@AEAK3_J@Z 00000001800153fc f   PluginSrv.obj
 0001:0001493c       ?PlugServerFree@@YAXPEAUCESERVER_REQ@@_J@Z 000000018001593c f   PluginSrv.obj
 0001:00014954       ?PlugServerStart@@YA_NXZ   0000000180015954 f   PluginSrv.obj
 0001:00014a68       ?PlugServerStop@@YAX_N@Z   0000000180015a68 f   PluginSrv.obj
 0001:00014ab0       ?StartPipeInstance@?$PipeServer@UCESERVER_REQ@@@@IEAA_NPEAUPipeInst@1@@Z 0000000180015ab0 f i PluginSrv.obj
 0001:00014c40       ?StartPipeServer@?$PipeServer@UCESERVER_REQ@@@@QEAA_N_NPEB_W_JPEAU_SECURITY_ATTRIBUTES@@P6AHPEAXPEAUCESERVER_REQ@@AEAPEAU3@AEAK72@ZP6AX52@ZP6AH42@ZP6AH42@ZP6AH42@Z@Z 0000000180015c40 f i PluginSrv.obj
 0001:00014dc4       ?StopPipeServer@?$PipeServer@UCESERVER_REQ@@@@QEAAX_NAEA_N@Z 0000000180015dc4 f i PluginSrv.obj
 0001:0001514c       ?WaitForClient@?$PipeServer@UCESERVER_REQ@@@@IEAA_NPEAUPipeInst@1@AEAH1@Z 000000018001614c f i PluginSrv.obj
 0001:00015464       ?WaitOverlapped@?$PipeServer@UCESERVER_REQ@@@@IEAAHPEAUPipeInst@1@PEAK@Z 0000000180016464 f i PluginSrv.obj
 0001:00015638       ?WriteDummyAnswer@?$PipeServer@UCESERVER_REQ@@@@IEAAHPEAUPipeInst@1@@Z 0000000180016638 f i PluginSrv.obj
 0001:000156b8       ?_PipeServerThread@?$PipeServer@UCESERVER_REQ@@@@KAKPEAX@Z 00000001800166b8 f i PluginSrv.obj
 0001:00015714       ?cmd_FarSetChanged@@YAXPEAUFAR_REQ_FARSETCHANGED@@@Z 0000000180016714 f   PluginSrv.obj
 0001:0001576e       GetFileVersionInfoSizeW    000000018001676e f   version:VERSION.dll
 0001:00015774       GetFileVersionInfoW        0000000180016774 f   version:VERSION.dll
 0001:0001577a       VerQueryValueW             000000018001677a f   version:VERSION.dll
 0001:00015780       CreateToolhelp32Snapshot   0000000180016780 f   kernel32:KERNEL32.dll
 0001:00015786       Thread32First              0000000180016786 f   kernel32:KERNEL32.dll
 0001:0001578c       Thread32Next               000000018001678c f   kernel32:KERNEL32.dll
 0001:00015792       Module32FirstW             0000000180016792 f   kernel32:KERNEL32.dll
 0001:00015798       Module32NextW              0000000180016798 f   kernel32:KERNEL32.dll
 0001:000157a0       ??2@YAPEAX_K@Z             00000001800167a0 f   common-kernel64:Memory.obj
 0001:000157c8       ??_V@YAXPEAX@Z             00000001800167c8 f   common-kernel64:Memory.obj
 0001:000157c8       ??3@YAXPEAX@Z              00000001800167c8 f   common-kernel64:Memory.obj
 0001:000157d0       ??_U@YAPEAX_K@Z            00000001800167d0 f   common-kernel64:Memory.obj
 0001:000157d8       ?HeapDeinitialize@@YAXXZ   00000001800167d8 f   common-kernel64:Memory.obj
 0001:00015838       ?HeapInitialize@@YA_NXZ    0000000180016838 f   common-kernel64:Memory.obj
 0001:00015874       ?xf_calloc@@YAPEAX_K0@Z    0000000180016874 f   common-kernel64:Memory.obj
 0001:000158a4       ?xf_free@@YAXPEAX@Z        00000001800168a4 f   common-kernel64:Memory.obj
 0001:00015918       ?xf_malloc@@YAPEAX_K@Z     0000000180016918 f   common-kernel64:Memory.obj
 0001:00015940       ?xf_realloc@@YAPEAXPEAX_K@Z 0000000180016940 f   common-kernel64:Memory.obj
 0001:00015968       ??$wcscpy_c@$0CA@@@YAHAEAY0CA@_WPEB_W@Z 0000000180016968 f i common-kernel64:ConEmuCheck.obj
 0001:000159b4       ?ExecuteCmd@@YAPEAUCESERVER_REQ@@PEB_WPEAU1@KPEAUHWND__@@HKH@Z 00000001800169b4 f   common-kernel64:ConEmuCheck.obj
 0001:00015b9c       ?ExecuteFreeResult@@YAXAEAPEAUCESERVER_REQ@@@Z 0000000180016b9c f   common-kernel64:ConEmuCheck.obj
 0001:00015bbc       ?ExecuteGuiCmd@@YAPEAUCESERVER_REQ@@PEAUHWND__@@PEAU1@0H@Z 0000000180016bbc f   common-kernel64:ConEmuCheck.obj
 0001:00015c7c       ?ExecuteNewCmd@@YAPEAUCESERVER_REQ@@K_K@Z 0000000180016c7c f   common-kernel64:ConEmuCheck.obj
 0001:00015ce0       ?ExecuteNewCmd@@YA_NAEAPEAUCESERVER_REQ@@AEAKK_K@Z 0000000180016ce0 f   common-kernel64:ConEmuCheck.obj
 0001:00015dd4       ?ExecuteOpenPipe@@YAPEAXPEB_WAEAY0CAI@_W0KKHPEAXH@Z 0000000180016dd4 f   common-kernel64:ConEmuCheck.obj
 0001:00015f84       ?ExecutePrepareCmd@@YAXPEAUCESERVER_REQ@@K_K@Z 0000000180016f84 f   common-kernel64:ConEmuCheck.obj
 0001:00015fc0       ?ExecutePrepareCmd@@YAXPEAUCESERVER_REQ_HDR@@K_K@Z 0000000180016fc0 f   common-kernel64:ConEmuCheck.obj
 0001:00016030       ?ExecuteSrvCmd@@YAPEAUCESERVER_REQ@@KPEAU1@PEAUHWND__@@HKH@Z 0000000180017030 f   common-kernel64:ConEmuCheck.obj
 0001:00016104       ?GetConEmuHWND@@YAPEAUHWND__@@H@Z 0000000180017104 f   common-kernel64:ConEmuCheck.obj
 0001:00016248       ?GuiMessageBox@@YAHPEAUHWND__@@PEB_W1H@Z 0000000180017248 f   common-kernel64:ConEmuCheck.obj
 0001:000163b0       ?LoadSrvMapping@@YAHPEAUHWND__@@AEAUCESERVER_CONSOLE_MAPPING_HDR@@@Z 00000001800173b0 f   common-kernel64:ConEmuCheck.obj
 0001:00016618       ?ModuleName@@YAPEB_WPEB_W@Z 0000000180017618 f   common-kernel64:ConEmuCheck.obj
 0001:000166d8       ?isConsoleClass@@YA_NPEB_W@Z 00000001800176d8 f   common-kernel64:ConEmuCheck.obj
 0001:00016728       ?isConsoleWindow@@YA_NPEAUHWND__@@@Z 0000000180017728 f   common-kernel64:ConEmuCheck.obj
 0001:00016818       ?myGetConsoleWindow@@YAPEAUHWND__@@XZ 0000000180017818 f   common-kernel64:ConEmuCheck.obj
 0001:000168b4       ?StringCchVPrintfA@@YAJPEAD_KPEBD0@Z 00000001800178b4 f i common-kernel64:MStrSafe.obj
 0001:0001695c       ?lstrcmpni@@YAHPEB_W0H@Z   000000018001795c f   common-kernel64:MStrSafe.obj
 0001:00016a70       ?msprintf@@YAPEB_WPEA_W_KPEB_WZZ 0000000180017a70 f   common-kernel64:MStrSafe.obj
 0001:00016e80       ?sprintf_c@@YAHPEAD_JPEBDZZ 0000000180017e80 f   common-kernel64:MStrSafe.obj
 0001:00016ec0       ?swprintf_c@@YAHPEA_W_JPEB_WZZ 0000000180017ec0 f   common-kernel64:MStrSafe.obj
 0001:00016f00       ?IsFilePath@@YA_NPEB_W_N@Z 0000000180017f00 f   common-kernel64:CmdLine.obj
 0001:00017050       ?PointToExt@@YAPEB_WPEB_W@Z 0000000180018050 f   common-kernel64:CmdLine.obj
 0001:00017074       ?PointToName@@YAPEB_WPEB_W@Z 0000000180018074 f   common-kernel64:CmdLine.obj
 0001:000170d0       ?Unquote@@YAPEB_WPEA_W_N@Z 00000001800180d0 f   common-kernel64:CmdLine.obj
 0001:00017138       ??$sprintf_c@$0CI@@@YAHAEAY0CI@DPEBDZZ 0000000180018138 f i common-kernel64:WThreads.obj
 0001:00017164       ?SetThreadName@@YAXKPEAD@Z 0000000180018164 f   common-kernel64:WThreads.obj
 0001:0001719c       ?apiCreateThread@@YAPEAXP6AKPEAX@Z0PEAKPEBDH@Z 000000018001819c f   common-kernel64:WThreads.obj
 0001:000172e4       ?apiTerminateThreadEx@@YAHPEAXKPEBDH@Z 00000001800182e4 f   common-kernel64:WThreads.obj
 0001:000173ec       ?apiThreadHelper@@YAKPEAX@Z 00000001800183ec f   common-kernel64:WThreads.obj
 0001:000175f8       ?lstrdup@@YAPEA_WPEB_W_K@Z 00000001800185f8 f   common-kernel64:MStrDup.obj
 0001:0001766c       ?lstrmerge@@YAPEA_WPEB_W00000000@Z 000000018001866c f   common-kernel64:MStrDup.obj
 0001:000177b0       ?lstrmerge@@YA_NPEAPEA_WPEB_W1111111@Z 00000001800187b0 f   common-kernel64:MStrDup.obj
 0001:00017828       ??0CEnvStrings@@QEAA@PEA_W@Z 0000000180018828 f   common-kernel64:EnvVar.obj
 0001:0001789c       ??1CEnvStrings@@QEAA@XZ    000000018001889c f   common-kernel64:EnvVar.obj
 0001:000178c0       ?Clear@CEnvRestorer@@QEAAXXZ 00000001800188c0 f   common-kernel64:EnvVar.obj
 0001:000178e8       ?ExpandEnvStr@@YAPEA_WPEB_W@Z 00000001800188e8 f   common-kernel64:EnvVar.obj
 0001:00017994       ?GetEnvVar@@YAPEA_WPEB_W@Z 0000000180018994 f   common-kernel64:EnvVar.obj
 0001:00017a38       ?SavePathVar@CEnvRestorer@@QEAAXPEB_W@Z 0000000180018a38 f   common-kernel64:EnvVar.obj
 0001:00017a6c       ?CommonShutdown@@YAXXZ     0000000180018a6c f   common-kernel64:Common.obj
 0001:00017a7c       ?IsEnvBlockVariableValid@@YA_NPEB_W@Z 0000000180018a7c f   common-kernel64:Common.obj
 0001:00017ab0       ?IsEnvBlockVariableValid@@YA_NPEB_WAEAPEB_W@Z 0000000180018ab0 f   common-kernel64:Common.obj
 0001:00017b04       ?SetCommand@CESERVER_REQ_NEWCMD@@QEAAXPEB_W@Z 0000000180018b04 f   common-kernel64:Common.obj
 0001:00017b6c       ?SetEnvStrings@CESERVER_REQ_NEWCMD@@QEAAXPEB_WK@Z 0000000180018b6c f   common-kernel64:Common.obj
 0001:00017c84       ??_GMNullDesc@@QEAAPEAXI@Z 0000000180018c84 f i common-kernel64:MSecurity.obj
 0001:00017cf8       ?LoadAdvApi@MNullDesc@@IEAAHXZ 0000000180018cf8 f i common-kernel64:MSecurity.obj
 0001:00017eac       ?LocalSecurity@@YAPEAU_SECURITY_ATTRIBUTES@@XZ 0000000180018eac f   common-kernel64:MSecurity.obj
 0001:00017f04       ?LocalSecurity@MNullDesc@@QEAAPEAU_SECURITY_ATTRIBUTES@@XZ 0000000180018f04 f i common-kernel64:MSecurity.obj
 0001:00018080       ?ShutdownSecurity@@YAXXZ   0000000180019080 f   common-kernel64:MSecurity.obj
 0001:000180a8       ??0CEStr@@QEAA@$$QEAPEA_W@Z 00000001800190a8 f   common-kernel64:CEStr.obj
 0001:000180c8       ??0CEStr@@QEAA@PEB_W00000000@Z 00000001800190c8 f   common-kernel64:CEStr.obj
 0001:00018160       ??0CEStr@@QEAA@XZ          0000000180019160 f   common-kernel64:CEStr.obj
 0001:00018170       ??0bad_alloc@stdext@@QEAA@AEBV01@@Z 0000000180019170 f i common-kernel64:CEStr.obj
 0001:00018190       ??0bad_alloc@stdext@@QEAA@XZ 0000000180019190 f i common-kernel64:CEStr.obj
 0001:000181ac       ??0exception@stdext@@QEAA@AEBV01@@Z 00000001800191ac f i common-kernel64:CEStr.obj
 0001:000181c4       ??1CEStr@@QEAA@XZ          00000001800191c4 f   common-kernel64:CEStr.obj
 0001:000181e4       ??1bad_alloc@stdext@@UEAA@XZ 00000001800191e4 f i common-kernel64:CEStr.obj
 0001:000181f0       ??4CEStr@@QEAAAEAU0@PEB_W@Z 00000001800191f0 f   common-kernel64:CEStr.obj
 0001:00018210       ??BCEStr@@QEBAPEB_WXZ      0000000180019210 f   common-kernel64:CEStr.obj
 0001:00018214       ??_Gexception@stdext@@UEAAPEAXI@Z 0000000180019214 f i common-kernel64:CEStr.obj
 0001:00018214       ??_Eexception@stdext@@UEAAPEAXI@Z 0000000180019214 f i common-kernel64:CEStr.obj
 0001:00018214       ??_Ebad_alloc@stdext@@UEAAPEAXI@Z 0000000180019214 f i common-kernel64:CEStr.obj
 0001:00018214       ??_Gbad_alloc@stdext@@UEAAPEAXI@Z 0000000180019214 f i common-kernel64:CEStr.obj
 0001:00018240       ?AttachInt@CEStr@@AEAAPEB_WAEAPEA_W@Z 0000000180019240 f   common-kernel64:CEStr.obj
 0001:000182b8       ?Clear@CEStr@@QEAAXW4StrClearFlags@@@Z 00000001800192b8 f   common-kernel64:CEStr.obj
 0001:000182e0       ?GetBuffer@CEStr@@QEAAPEA_W_J@Z 00000001800192e0 f   common-kernel64:CEStr.obj
 0001:000183a0       ?GetLen@CEStr@@QEBA_JXZ    00000001800193a0 f   common-kernel64:CEStr.obj
 0001:000183c8       ?GetMaxCount@CEStr@@QEAA_JXZ 00000001800193c8 f   common-kernel64:CEStr.obj
 0001:000183f4       ?Set@CEStr@@QEAAPEB_WPEB_W_J@Z 00000001800193f4 f   common-kernel64:CEStr.obj
 0001:000184dc       ?StringCchCopyNW@@YAJPEA_W_KPEB_W1@Z 00000001800194dc f i common-kernel64:CEStr.obj
 0001:00018550       ?_Doraise@bad_alloc@stdext@@MEBAXXZ 0000000180019550 f i common-kernel64:CEStr.obj
 0001:0001856c       ?what@exception@stdext@@UEBAPEBDXZ 000000018001956c f i common-kernel64:CEStr.obj
 0001:00018580       ?FileExists@@YA_NPEB_WPEAK@Z 0000000180019580 f   common-kernel64:WObjects.obj
 0001:00018700       ?IsWin6@@YA_NXZ            0000000180019700 f   common-kernel64:WObjects.obj
 0001:00018734       ?IsWinVerOrHigher@@YA_NG@Z 0000000180019734 f   common-kernel64:WObjects.obj
 0001:000187c8       ?IsWindows64@@YA_NXZ       00000001800197c8 f   common-kernel64:WObjects.obj
 0001:000187ec       ?_VerifyVersionInfo@@YA_NPEAU_OSVERSIONINFOEXW@@K_K@Z 00000001800197ec f   common-kernel64:WObjects.obj
 0001:0001889c       ?Init@HkFunc@@QEAA_NPEB_WPEAUHINSTANCE__@@@Z 000000018001989c f   common-kernel64:HkFunc.obj
 0001:0001892c       ?isConEmuHk@HkFunc@@QEAA_NXZ 000000018001992c f   common-kernel64:HkFunc.obj
 0001:00018934       ??$_Emplace_reallocate@AEBUtagPROCESSENTRY32W@@@?$vector@UtagPROCESSENTRY32W@@V?$MArrayAllocator@UtagPROCESSENTRY32W@@@@@std@@QEAAPEAUtagPROCESSENTRY32W@@QEAU2@AEBU2@@Z 0000000180019934 f i common-kernel64:MProcess.obj
 0001:00018b24       ??$emplace_back@AEBUtagPROCESSENTRY32W@@@?$vector@UtagPROCESSENTRY32W@@V?$MArrayAllocator@UtagPROCESSENTRY32W@@@@@std@@QEAAXAEBUtagPROCESSENTRY32W@@@Z 0000000180019b24 f i common-kernel64:MProcess.obj
 0001:00018bc0       ??0?$MToolHelp@UtagPROCESSENTRY32W@@$1?Process32FirstW@@YAHPEAXPEAU1@@Z$1?Process32NextW@@YAH01@Z@@QEAA@KK@Z 0000000180019bc0 f i common-kernel64:MProcess.obj
 0001:00018c2c       ??_EMToolHelpProcess@@UEAAPEAXI@Z 0000000180019c2c f i common-kernel64:MProcess.obj
 0001:00018c2c       ??_G?$MToolHelp@UtagPROCESSENTRY32W@@$1?Process32FirstW@@YAHPEAXPEAU1@@Z$1?Process32NextW@@YAH01@Z@@UEAAPEAXI@Z 0000000180019c2c f i common-kernel64:MProcess.obj
 0001:00018c2c       ??_GMToolHelpProcess@@UEAAPEAXI@Z 0000000180019c2c f i common-kernel64:MProcess.obj
 0001:00018c2c       ??_E?$MToolHelp@UtagPROCESSENTRY32W@@$1?Process32FirstW@@YAHPEAXPEAU1@@Z$1?Process32NextW@@YAH01@Z@@UEAAPEAXI@Z 0000000180019c2c f i common-kernel64:MProcess.obj
 0001:00018c98       ?Close@?$MToolHelp@UtagPROCESSENTRY32W@@$1?Process32FirstW@@YAHPEAXPEAU1@@Z$1?Process32NextW@@YAH01@Z@@QEAAX_N@Z 0000000180019c98 f i common-kernel64:MProcess.obj
 0001:00018d18       __acrt_uninitialize_command_line 0000000180019d18 f i libucrt:argv_data.obj
 0001:00018d18       ?Filter@?$MToolHelp@UtagPROCESSENTRY32W@@$1?Process32FirstW@@YAHPEAXPEAU1@@Z$1?Process32NextW@@YAH01@Z@@MEAA_NPEAUtagPROCESSENTRY32W@@@Z 0000000180019d18 f i common-kernel64:MProcess.obj
 0001:00018d1c       ?Find@?$MToolHelp@UtagPROCESSENTRY32W@@$1?Process32FirstW@@YAHPEAXPEAU1@@Z$1?Process32NextW@@YAH01@Z@@QEAA_NP6A_NPEAUtagPROCESSENTRY32W@@_J@Z10@Z 0000000180019d1c f i common-kernel64:MProcess.obj
 0001:00018e24       ?Next@?$MToolHelp@UtagPROCESSENTRY32W@@$1?Process32FirstW@@YAHPEAXPEAU1@@Z$1?Process32NextW@@YAH01@Z@@QEAA_NPEAUtagPROCESSENTRY32W@@@Z 0000000180019e24 f i common-kernel64:MProcess.obj
 0001:00018ea4       ?compare@cmp@?1??Find@MToolHelpProcess@@QEAA_NKPEAUtagPROCESSENTRY32W@@@Z@SA_N0_J@Z 0000000180019ea4 f i common-kernel64:MProcess.obj
 0001:00018eac       ?getNext@?$MToolHelp@UtagPROCESSENTRY32W@@$1?Process32FirstW@@YAHPEAXPEAU1@@Z$1?Process32NextW@@YAH01@Z@@IEAA_NXZ 0000000180019eac f i common-kernel64:MProcess.obj
 0001:00018f70       ?isTerminalMode@@YA_NXZ    0000000180019f70 f   common-kernel64:MProcess.obj
 0001:000190c8       ??0MSection@@QEAA@XZ       000000018001a0c8 f   common-kernel64:MSection.obj
 0001:00019150       ??0MSectionLock@@QEAA@XZ   000000018001a150 f   common-kernel64:MSection.obj
 0001:00019160       ??0MSectionThread@@QEAA@PEAVMSection@@@Z 000000018001a160 f   common-kernel64:MSection.obj
 0001:00019180       ??1MSection@@QEAA@XZ       000000018001a180 f   common-kernel64:MSection.obj
 0001:000191e8       ??1MSectionLock@@QEAA@XZ   000000018001a1e8 f   common-kernel64:MSection.obj
 0001:0001920c       ??1MSectionThread@@QEAA@XZ 000000018001a20c f   common-kernel64:MSection.obj
 0001:00019248       ?AddRef@MSection@@IEAAXK@Z 000000018001a248 f   common-kernel64:MSection.obj
 0001:000192dc       ?Lock@MSection@@IEAAHHK@Z  000000018001a2dc f   common-kernel64:MSection.obj
 0001:000193d8       ?Lock@MSectionLock@@QEAAHPEAVMSection@@HK@Z 000000018001a3d8 f   common-kernel64:MSection.obj
 0001:0001942c       ?MyEnterCriticalSection@MSection@@IEAA_NK@Z 000000018001a42c f   common-kernel64:MSection.obj
 0001:00019558       ?ReleaseRef@MSection@@IEAAHK@Z 000000018001a558 f   common-kernel64:MSection.obj
 0001:000195f8       ?Unlock@MSection@@IEAAXH@Z 000000018001a5f8 f   common-kernel64:MSection.obj
 0001:00019650       ?Unlock@MSectionLock@@QEAAXXZ 000000018001a650 f   common-kernel64:MSection.obj
 0001:0001967c       ?WaitUnlocked@MSection@@IEAAXKK@Z 000000018001a67c f   common-kernel64:MSection.obj
 0001:00019710       ?CheckCallbackPtr@@YA_NPEAUHINSTANCE__@@_KPEAP6A_JXZHHH@Z 000000018001a710 f   common-kernel64:WModuleCheck.obj
 0001:00019818       ?IsModuleValid@@YA_NPEAUHINSTANCE__@@H@Z 000000018001a818 f   common-kernel64:WModuleCheck.obj
 0001:00019920       ??0MModule@@QEAA@PEAUHINSTANCE__@@@Z 000000018001a920 f   common-kernel64:MModule.obj
 0001:0001992c       ??1MModule@@QEAA@XZ        000000018001a92c f   common-kernel64:MModule.obj
 0001:00019934       ?Free@MModule@@QEAAXXZ     000000018001a934 f   common-kernel64:MModule.obj
 0001:00019964       ??0MSectionSimple@@QEAA@_N@Z 000000018001a964 f   common-kernel64:MSectionSimple.obj
 0001:000199a0       ?Close@MSectionSimple@@QEAAXXZ 000000018001a9a0 f   common-kernel64:MSectionSimple.obj
 0001:000199a0       ??1MSectionSimple@@QEAA@XZ 000000018001a9a0 f   common-kernel64:MSectionSimple.obj
 0001:000199c0       ?Enter@MSectionSimple@@QEAAXXZ 000000018001a9c0 f   common-kernel64:MSectionSimple.obj
 0001:000199c8       ?Init@MSectionSimple@@QEAAXXZ 000000018001a9c8 f   common-kernel64:MSectionSimple.obj
 0001:000199e8       ?Leave@MSectionSimple@@QEAAXXZ 000000018001a9e8 f   common-kernel64:MSectionSimple.obj
 0001:000199f0       ?RecreateAndLock@MSectionSimple@@QEAA_NXZ 000000018001a9f0 f   common-kernel64:MSectionSimple.obj
 0001:00019a60       ?TryEnter@MSectionSimple@@QEAA_NXZ 000000018001aa60 f   common-kernel64:MSectionSimple.obj
 0001:00019a88       ?SetConEmuEnvHWND@@YAXPEB_WPEAUHWND__@@@Z 000000018001aa88 f   common-user64:SetEnvVar.obj
 0001:00019ae0       ?SetConEmuEnvVar@@YAXPEAUHWND__@@@Z 000000018001aae0 f   common-user64:SetEnvVar.obj
 0001:00019b64       ?SetConEmuEnvVarChild@@YAXPEAUHWND__@@0@Z 000000018001ab64 f   common-user64:SetEnvVar.obj
 0001:00019b90       ??$wcscpy_c@$0BAF@@@YAHAEAY0BAF@_WPEB_W@Z 000000018001ab90 f i common-user64:ConEmuCheckEx.obj
 0001:00019bdc       ?FindConEmuBaseDir@@YAHAEAY0BAF@_W0PEAUHINSTANCE__@@@Z 000000018001abdc f   common-user64:ConEmuCheckEx.obj
 0001:0001a408       ?IsConEmuExeExist@@YAHPEB_WAEAY0BAF@_W@Z 000000018001b408 f   common-user64:ConEmuCheckEx.obj
 0001:0001a4b4       ??$swprintf_c@$0FA@@@YAHAEAY0FA@_WPEB_WZZ 000000018001b4b4 f i common-user64:EmergencyShow.obj
 0001:0001a4e0       ?CorrectConsolePos@@YAXPEAUHWND__@@@Z 000000018001b4e0 f   common-user64:EmergencyShow.obj
 0001:0001a5fc       ?EmergencyShow@@YAXPEAUHWND__@@HH@Z 000000018001b5fc f   common-user64:EmergencyShow.obj
 0001:0001a73c       ?EvaluateDefaultFontWidth@@YAHHPEB_W@Z 000000018001b73c f   common-user64:EmergencyShow.obj
 0001:0001a860       ?SetUserFriendlyFont@@YAXPEAUHWND__@@HH@Z 000000018001b860 f   common-user64:EmergencyShow.obj
 0001:0001ac40       ??0MSetter@@QEAA@PEAJ@Z    000000018001bc40 f   common-user64:MSetter.obj
 0001:0001ac58       ??1MSetter@@QEAA@XZ        000000018001bc58 f   common-user64:MSetter.obj
 0001:0001ac60       ?Unlock@MSetter@@QEAAXXZ   000000018001bc60 f   common-user64:MSetter.obj
 0001:0001acc0       ?IsDotsName@@YA_NPEB_W@Z   000000018001bcc0 f   common-user64:WFiles.obj
 0001:0001ace4       ?SearchAppPaths@@YA_NPEB_WAEAUCEStr@@_NPEAVCEnvRestorer@@@Z 000000018001bce4 f   common-user64:WFiles.obj
 0001:0001b0e4       ?GetConsoleSizeInfo@@YAXPEAUCONSOLE_INFO@@@Z 000000018001c0e4 f   common-user64:WConsoleEx.obj
 0001:0001b170       ?SetConsoleFontSizeTo@@YAXPEAUHWND__@@HHPEB_WGG@Z 000000018001c170 f   common-user64:WConsoleEx.obj
 0001:0001b558       ?SetConsoleInfo@@YAHPEAUHWND__@@PEAUCONSOLE_INFO@@@Z 000000018001c558 f   common-user64:WConsoleEx.obj
 0001:0001b750       ?SetEnvVarExpanded@@YAXPEB_W0@Z 000000018001c750 f   common-user64:WUser.obj
 0001:0001b838       ?UpdateComspec@@YAXPEAUConEmuComspec@@_N@Z 000000018001c838 f   common-user64:WUser.obj
 0001:0001badc       ?apiShowWindow@@YA_NPEAUHWND__@@H@Z 000000018001cadc f   common-user64:WUser.obj
 0001:0001baf0       ?apiShowWindowAsync@@YA_NPEAUHWND__@@H@Z 000000018001caf0 f   common-user64:WUser.obj
 0001:0001bb04       ?FindMonitorsWorkspace@@YAHPEAUHMONITOR__@@PEAUHDC__@@PEAUtagRECT@@_J@Z 000000018001cb04 f   common-user64:Monitors.obj
 0001:0001bb40       ?GetAllMonitorsWorkspace@@YA?AUtagRECT@@XZ 000000018001cb40 f   common-user64:Monitors.obj
 0001:0001bba0       ??0length_error@std@@QEAA@AEBV01@@Z 000000018001cba0 f i libcpmt:xthrow.obj
 0001:0001bbdc       ??0length_error@std@@QEAA@PEBD@Z 000000018001cbdc f i libcpmt:xthrow.obj
 0001:0001bc24       ??0logic_error@std@@QEAA@AEBV01@@Z 000000018001cc24 f i libcpmt:xthrow.obj
 0001:0001bc60       ?_Xlength_error@std@@YAXPEBD@Z 000000018001cc60 f   libcpmt:xthrow.obj
 0001:0001bc84       __GSHandlerCheck           000000018001cc84 f   LIBCMT:gshandler.obj
 0001:0001bca4       __GSHandlerCheckCommon     000000018001cca4 f   LIBCMT:gshandler.obj
 0001:0001bd10       __security_check_cookie    000000018001cd10 f   LIBCMT:amdsecgs.obj
 0001:0001bd34       ??3@YAXPEAX_K@Z            000000018001cd34 f   LIBCMT:delete_scalar_size.obj
 0001:0001bd50       __chkstk                   000000018001cd50 f   LIBCMT:chkstk.obj
 0001:0001bd50       _alloca_probe              000000018001cd50 f   LIBCMT:chkstk.obj
 0001:0001bda4       ??_Etype_info@@UEAAPEAXI@Z 000000018001cda4 f i LIBCMT:std_type_info_static.obj
 0001:0001bda4       ??_Gtype_info@@UEAAPEAXI@Z 000000018001cda4 f i LIBCMT:std_type_info_static.obj
 0001:0001bdd0       __GSHandlerCheck_EH4       000000018001cdd0 f   LIBCMT:gshandlereh4.obj
 0001:0001bf48       _Init_thread_footer        000000018001cf48 f   LIBCMT:thread_safe_statics.obj
 0001:0001bfa8       _Init_thread_header        000000018001cfa8 f   LIBCMT:thread_safe_statics.obj
 0001:0001c010       _Init_thread_notify        000000018001d010 f   LIBCMT:thread_safe_statics.obj
 0001:0001c054       _Init_thread_wait          000000018001d054 f   LIBCMT:thread_safe_statics.obj
 0001:0001c3d8       _DllMainCRTStartup         000000018001d3d8 f   LIBCMT:dll_dllmain.obj
 0001:0001c418       __scrt_acquire_startup_lock 000000018001d418 f   LIBCMT:utility.obj
 0001:0001c454       __scrt_dllmain_after_initialize_c 000000018001d454 f   LIBCMT:utility.obj
 0001:0001c488       __scrt_dllmain_before_initialize_c 000000018001d488 f   LIBCMT:utility.obj
 0001:0001c4a0       __scrt_dllmain_crt_thread_attach 000000018001d4a0 f   LIBCMT:utility.obj
 0001:0001c4c8       __scrt_dllmain_crt_thread_detach 000000018001d4c8 f   LIBCMT:utility.obj
 0001:0001c4e0       __scrt_dllmain_exception_filter 000000018001d4e0 f   LIBCMT:utility.obj
 0001:0001c540       __scrt_dllmain_uninitialize_c 000000018001d540 f   LIBCMT:utility.obj
 0001:0001c570       __scrt_dllmain_uninitialize_critical 000000018001d570 f   LIBCMT:utility.obj
 0001:0001c584       __scrt_initialize_crt      000000018001d584 f   LIBCMT:utility.obj
 0001:0001c5d0       __scrt_initialize_onexit_tables 000000018001d5d0 f   LIBCMT:utility.obj
 0001:0001c65c       __scrt_is_nonwritable_in_current_image 000000018001d65c f   LIBCMT:utility.obj
 0001:0001c6f4       __scrt_release_startup_lock 000000018001d6f4 f   LIBCMT:utility.obj
 0001:0001c718       __scrt_uninitialize_crt    000000018001d718 f   LIBCMT:utility.obj
 0001:0001c744       _onexit                    000000018001d744 f   LIBCMT:utility.obj
 0001:0001c780       atexit                     000000018001d780 f   LIBCMT:utility.obj
 0001:0001c798       __raise_securityfailure    000000018001d798 f   LIBCMT:gs_report.obj
 0001:0001c7cc       __report_gsfailure         000000018001d7cc f   LIBCMT:gs_report.obj
 0001:0001c8a0       __report_rangecheckfailure 000000018001d8a0 f   LIBCMT:gs_report.obj
 0001:0001c8b4       __report_securityfailure   000000018001d8b4 f   LIBCMT:gs_report.obj
 0001:0001ca34       __crt_debugger_hook        000000018001da34 f   LIBCMT:utility_desktop.obj
 0001:0001ca3c       __scrt_fastfail            000000018001da3c f   LIBCMT:utility_desktop.obj
 0001:0001cb88       __security_init_cookie     000000018001db88 f   LIBCMT:gs_support.obj
 0001:0001cc34       ?__scrt_initialize_type_info@@YAXXZ 000000018001dc34 f   LIBCMT:tncleanup.obj
 0001:0001cc44       ?__scrt_uninitialize_type_info@@YAXXZ 000000018001dc44 f   LIBCMT:tncleanup.obj
 0001:0001cc50       __local_stdio_scanf_options 000000018001dc50 f i LIBCMT:default_local_stdio_options.obj
 0001:0001cc58       __scrt_initialize_default_local_stdio_options 000000018001dc58 f   LIBCMT:default_local_stdio_options.obj
 0001:0001cc74       __scrt_get_dyn_tls_init_callback 000000018001dc74 f   LIBCMT:dyn_tls_init.obj
 0001:0001cc7c       _RTC_Initialize            000000018001dc7c f   LIBCMT:initsect.obj
 0001:0001ccb8       _RTC_Terminate             000000018001dcb8 f   LIBCMT:initsect.obj
 0001:0001ccf4       __isa_available_init       000000018001dcf4 f   LIBCMT:cpu_disp.obj
 0001:0001ce98       __scrt_is_ucrt_dll_in_use  000000018001de98 f   LIBCMT:ucrt_detection.obj
 0001:0001ceb0       ??$_CallSETranslator@V__FrameHandler4@@@@YAHPEAUEHExceptionRecord@@PEA_KPEAU_CONTEXT@@PEAU_xDISPATCHER_CONTEXT@@PEAUFuncInfo4@FH4@@K1H@Z 000000018001deb0 f i libvcruntime:risctrnsctrl.obj
 0001:0001cf04       ?DecompFuncInfo@FH4@@YA_JPEAEAEAUFuncInfo4@1@_KH_N@Z 000000018001df04 f i libvcruntime:risctrnsctrl.obj
 0001:0001d028       ?ExecutionInCatch@__FrameHandler4@@SA_NPEAU_xDISPATCHER_CONTEXT@@PEAUFuncInfo4@FH4@@@Z 000000018001e028 f   libvcruntime:risctrnsctrl.obj
 0001:0001d030       ?FrameUnwindToEmptyState@__FrameHandler4@@SAXPEA_KPEAU_xDISPATCHER_CONTEXT@@PEAUFuncInfo4@FH4@@@Z 000000018001e030 f   libvcruntime:risctrnsctrl.obj
 0001:0001d064       ?GetEstablisherFrame@__FrameHandler4@@SAPEA_KPEA_KPEAU_xDISPATCHER_CONTEXT@@PEAUFuncInfo4@FH4@@0@Z 000000018001e064 f   libvcruntime:risctrnsctrl.obj
 0001:0001d088       ?GetRangeOfTrysToCheck@__FrameHandler4@@SA?AU?$pair@Viterator@TryBlockMap4@FH4@@V123@@std@@AEAVTryBlockMap4@FH4@@HPEAU_xDISPATCHER_CONTEXT@@PEAUFuncInfo4@5@H@Z 000000018001e088 f   libvcruntime:risctrnsctrl.obj
 0001:0001d1e4       ?UnwindNestedFrames@__FrameHandler4@@SAXPEA_KPEAUEHExceptionRecord@@PEAU_CONTEXT@@0PEAXPEAUFuncInfo4@FH4@@HHPEAUHandlerType4@5@PEAU_xDISPATCHER_CONTEXT@@E@Z 000000018001e1e4 f   libvcruntime:risctrnsctrl.obj
 0001:0001d304       ?setBuffer@TryBlockMap4@FH4@@QEAAXViterator@12@@Z 000000018001e304 f i libvcruntime:risctrnsctrl.obj
 0001:0001d4c4       _CreateFrameInfo           000000018001e4c4 f   libvcruntime:risctrnsctrl.obj
 0001:0001d500       _FindAndUnlinkFrame        000000018001e500 f   libvcruntime:risctrnsctrl.obj
 0001:0001d554       _GetImageBase              000000018001e554 f   libvcruntime:risctrnsctrl.obj
 0001:0001d568       _GetThrowImageBase         000000018001e568 f   libvcruntime:risctrnsctrl.obj
 0001:0001d57c       _SetImageBase              000000018001e57c f   libvcruntime:risctrnsctrl.obj
 0001:0001d594       _SetThrowImageBase         000000018001e594 f   libvcruntime:risctrnsctrl.obj
 0001:0001d5ac       __CxxFrameHandler4         000000018001e5ac f   libvcruntime:risctrnsctrl.obj
 0001:0001d680       memcpy_repmovs             000000018001e680 f   libvcruntime:memcpy.obj
 0001:0001d6a0       memcpy                     000000018001e6a0 f   libvcruntime:memcpy.obj
 0001:0001d6a0       memmove                    000000018001e6a0 f   libvcruntime:memcpy.obj
 0001:0001da78       wcschr                     000000018001ea78 f   libvcruntime:wcschr.obj
 0001:0001daf4       wcsstr                     000000018001eaf4 f   libvcruntime:wcsstr.obj
 0001:0001dd20       memset_repmovs             000000018001ed20 f   libvcruntime:memset.obj
 0001:0001dd40       memset                     000000018001ed40 f   libvcruntime:memset.obj
 0001:0001dee0       __DestructExceptionObject  000000018001eee0 f   libvcruntime:ehhelpers.obj
 0001:0001df50       ?_CallMemberFunction0@@YAXQEAX0@Z 000000018001ef50 f i libvcruntime:ehhelpers.obj
 0001:0001df54       _IsExceptionObjectToBeDestroyed 000000018001ef54 f   libvcruntime:ehhelpers.obj
 0001:0001df84       __AdjustPointer            000000018001ef84 f   libvcruntime:ehhelpers.obj
 0001:0001dfa8       __FrameUnwindFilter        000000018001efa8 f   libvcruntime:ehhelpers.obj
 0001:0001e010       __std_terminate            000000018001f010 f   libvcruntime:ehhelpers.obj
 0001:0001e01c       __std_exception_copy       000000018001f01c f   libvcruntime:std_exception.obj
 0001:0001e0ac       __std_exception_destroy    000000018001f0ac f   libvcruntime:std_exception.obj
 0001:0001e0d4       _CxxThrowException         000000018001f0d4 f   libvcruntime:throw.obj
 0001:0001e174       _get_purecall_handler      000000018001f174 f   libvcruntime:purevirt.obj
 0001:0001e17c       _purecall                  000000018001f17c f   libvcruntime:purevirt.obj
 0001:0001e198       wcsrchr                    000000018001f198 f   libvcruntime:wcsrchr.obj
 0001:0001e260       memcmp                     000000018001f260 f   libvcruntime:memcmp.obj
 0001:0001e328       strrchr                    000000018001f328 f   libvcruntime:strrchr.obj
 0001:0001e458       strchr                     000000018001f458 f   libvcruntime:strchr.obj
 0001:0001e4d8       __C_specific_handler       000000018001f4d8 f   libvcruntime:riscchandler.obj
 0001:0001e6ec       __vcrt_initialize          000000018001f6ec f   libvcruntime:initialization.obj
 0001:0001e714       __vcrt_thread_attach       000000018001f714 f   libvcruntime:initialization.obj
 0001:0001e728       __vcrt_thread_detach       000000018001f728 f   libvcruntime:initialization.obj
 0001:0001e73c       __vcrt_uninitialize        000000018001f73c f   libvcruntime:initialization.obj
 0001:0001e758       __vcrt_uninitialize_critical 000000018001f758 f   libvcruntime:initialization.obj
 0001:0001e768       __std_type_info_compare    000000018001f768 f   libvcruntime:std_type_info.obj
 0001:0001e790       __std_type_info_destroy_list 000000018001f790 f   libvcruntime:std_type_info.obj
 0001:0001e7bc       __vcrt_freefls             000000018001f7bc f   libvcruntime:per_thread_data.obj
 0001:0001e7dc       __vcrt_freeptd             000000018001f7dc f   libvcruntime:per_thread_data.obj
 0001:0001e82c       __vcrt_getptd              000000018001f82c f   libvcruntime:per_thread_data.obj
 0001:0001e848       __vcrt_getptd_noexit       000000018001f848 f   libvcruntime:per_thread_data.obj
 0001:0001e908       __vcrt_initialize_ptd      000000018001f908 f   libvcruntime:per_thread_data.obj
 0001:0001e950       __vcrt_uninitialize_ptd    000000018001f950 f   libvcruntime:per_thread_data.obj
 0001:0001e974       ?StateFromControlPc@__FrameHandler4@@SAHPEAUFuncInfo4@FH4@@PEAU_xDISPATCHER_CONTEXT@@@Z 000000018001f974 f   libvcruntime:ehstate.obj
 0001:0001e97c       ?StateFromIp@__FrameHandler4@@SAHPEAUFuncInfo4@FH4@@PEAU_xDISPATCHER_CONTEXT@@_K@Z 000000018001f97c f   libvcruntime:ehstate.obj
 0001:0001f61c       ??$TypeMatchHelper@V__FrameHandler3@@@@YAHPEBU_s_HandlerType@@PEBU_s_CatchableType@@PEBU_s_ThrowInfo@@@Z 000000018002061c f i libvcruntime:frame.obj
 0001:0001f75c       ??$TypeMatchHelper@V__FrameHandler4@@@@YAHPEAUHandlerType4@FH4@@PEBU_s_CatchableType@@PEBU_s_ThrowInfo@@@Z 000000018002075c f i libvcruntime:frame.obj
 0001:0001f8a0       ??$__InternalCxxFrameHandler@V__FrameHandler4@@@@YA?AW4_EXCEPTION_DISPOSITION@@PEAUEHExceptionRecord@@PEA_KPEAU_CONTEXT@@PEAU_xDISPATCHER_CONTEXT@@PEAUFuncInfo4@FH4@@H1E@Z 00000001800208a0 f i libvcruntime:frame.obj
 0001:0001fb40       ??0HandlerMap4@FH4@@QEAA@PEBUTryBlockMapEntry4@1@_KH@Z 0000000180020b40 f i libvcruntime:frame.obj
 0001:0001fbbc       ??0TryBlockMap4@FH4@@QEAA@PEBUFuncInfo4@1@_K@Z 0000000180020bbc f i libvcruntime:frame.obj
 0001:0001fc94       ??0bad_exception@std@@QEAA@AEBV01@@Z 0000000180020c94 f i libvcruntime:frame.obj
 0001:0001fcd0       ??0bad_exception@std@@QEAA@XZ 0000000180020cd0 f i libvcruntime:frame.obj
 0001:0001fcf0       ?CxxCallCatchBlock@__FrameHandler4@@SAPEAXPEAU_EXCEPTION_RECORD@@@Z 0000000180020cf0 f   libvcruntime:frame.obj
 0001:0001ff4c       ?DecompHandler@HandlerMap4@FH4@@AEAAXXZ 0000000180020f4c f i libvcruntime:frame.obj
 0001:0002018c       ?FrameUnwindToState@__FrameHandler4@@SAXPEA_KPEAU_xDISPATCHER_CONTEXT@@PEAUFuncInfo4@FH4@@H@Z 000000018002118c f   libvcruntime:frame.obj
 0001:000205ec       ?ReadEntry@UWMap4@FH4@@AEAAXPEAPEAE@Z 00000001800215ec f i libvcruntime:frame.obj
 0001:0002068c       ?_CallMemberFunction1@@YAXQEAX00@Z 000000018002168c f i libvcruntime:frame.obj
 0001:00020698       ?_CallMemberFunction2@@YAXQEAX00H@Z 0000000180021698 f i libvcruntime:frame.obj
 0001:000206a8       ?getStartStop@UWMap4@FH4@@QEAAXHHAEAViterator@12@0@Z 00000001800216a8 f i libvcruntime:frame.obj
 0001:00020778       ?getStateFromIterators@UWMap4@FH4@@SAHAEBViterator@12@H0H0@Z 0000000180021778 f i libvcruntime:frame.obj
 0001:00020850       _NLG_Notify                0000000180021850 f   libvcruntime:notify.obj
 0001:00020870       __NLG_Dispatch2            0000000180021870 f   libvcruntime:notify.obj
 0001:00020880       __NLG_Return2              0000000180021880 f   libvcruntime:notify.obj
 0001:00020884       __except_validate_context_record 0000000180021884 f   libvcruntime:jbcxrval.obj
 0001:000208bc       __vcrt_initialize_locks    00000001800218bc f   libvcruntime:locks.obj
 0001:000208f0       __vcrt_uninitialize_locks  00000001800218f0 f   libvcruntime:locks.obj
 0001:00020a74       __vcrt_FlsAlloc            0000000180021a74 f   libvcruntime:winapi_downlevel.obj
 0001:00020abc       __vcrt_FlsFree             0000000180021abc f   libvcruntime:winapi_downlevel.obj
 0001:00020b04       __vcrt_FlsGetValue         0000000180021b04 f   libvcruntime:winapi_downlevel.obj
 0001:00020b4c       __vcrt_FlsSetValue         0000000180021b4c f   libvcruntime:winapi_downlevel.obj
 0001:00020ba0       __vcrt_InitializeCriticalSectionEx 0000000180021ba0 f   libvcruntime:winapi_downlevel.obj
 0001:00020c20       _CallSettingFrame          0000000180021c20 f   libvcruntime:handlers.obj
 0001:00020c70       _CallSettingFrame_LookupContinuationIndex 0000000180021c70 f   libvcruntime:handlers.obj
 0001:00020ca0       _CallSettingFrame_NotifyContinuationAddr 0000000180021ca0 f   libvcruntime:handlers.obj
 0001:00020cd0       _CallSettingFrameEncoded   0000000180021cd0 f   libvcruntime:handlers.obj
 0001:000210b8       ??$ensure_buffer_is_big_enough@D@formatting_buffer@__crt_stdio_output@@QEAA_N_K@Z 00000001800220b8 f i libucrt:output.obj
[...]
 0002:0000f854       $unwind$?__mbsrtowcs_utf8@__crt_mbstring@@YA_KPEA_WPEAPEBD_KPEAU_Mbstatet@@@Z 0000000180041854     libucrt:mbrtowc.obj
 0002:0000f86c       $unwind$__acrt_update_thread_locale_data 000000018004186c     libucrt:locale_refcounting.obj
 0002:0000f890       $unwind$__acrt_fltout      0000000180041890     libucrt:cfout.obj
 0002:0000f8b0       $unwind$?divide@__crt_strtox@@YA_KAEAUbig_integer@1@AEBU21@@Z 00000001800418b0     libucrt:cfout.obj
 0002:0000f8c8       $chain$0$?divide@__crt_strtox@@YA_KAEAUbig_integer@1@AEBU21@@Z 00000001800418c8     libucrt:cfout.obj
 0002:0000f8dc       $chain$1$?divide@__crt_strtox@@YA_KAEAUbig_integer@1@AEBU21@@Z 00000001800418dc     libucrt:cfout.obj
 0002:0000f8ec       $unwind$_fcloseall         00000001800418ec     libucrt:closeall.obj
 0002:0000f910       $unwind$__acrt_locale_free_monetary 0000000180041910     libucrt:initmon.obj
 0002:0000f918       $unwind$__acrt_locale_free_time 0000000180041918     libucrt:inittime.obj
 0002:0000f928       $unwind$__acrt_GetStringTypeA 0000000180041928     libucrt:getstringtypea.obj
 0002:0000f950       $unwind$__acrt_lowio_destroy_handle_array 0000000180041950     libucrt:osfinfo.obj
 0002:0000f960       $unwind$__acrt_lowio_ensure_fh_exists 0000000180041960     libucrt:osfinfo.obj
 0002:0000f98c       $unwind$qsort              000000018004198c     libucrt:qsort.obj
 0002:0000f9a4       $chain$4$qsort             00000001800419a4     libucrt:qsort.obj
 0002:0000f9c8       $chain$5$qsort             00000001800419c8     libucrt:qsort.obj
 0002:0000f9d8       $unwind$__acrt_LCMapStringA 00000001800419d8     libucrt:lcmapstringa.obj
 0002:0000f9e8       $unwind$?__acrt_LCMapStringA_stat@@YAHPEAU__crt_locale_pointers@@PEB_WKPEBDHPEADHHH@Z 00000001800419e8     libucrt:lcmapstringa.obj
 0002:0000fa10       $unwind$_close             0000000180041a10     libucrt:close.obj
 0002:0000fa10       $unwind$_commit            0000000180041a10     libucrt:commit.obj
 0002:0000fa18       $unwind$??$?RV<lambda_a37b2b86f63e897a80ea819b0eb08c01>@@AEAV<lambda_38ce7e780aa69e748d6df282ebc68efe>@@V<lambda_99fb1378e971ab6e7edea83e3a7a83a2>@@@?$__crt_seh_guarded_call@H@@QEAAH$$QEAV<lambda_a37b2b86f63e897a80ea819b0eb08c01>@@AEAV<lambda_38ce7e780aa69e748d6df282ebc68efe>@@$$QEAV<lambda_99fb1378e971ab6e7edea83e3a7a83a2>@@@Z 0000000180041a18     libucrt:commit.obj
 0002:0000fa3c       $unwind$_write             0000000180041a3c     libucrt:write.obj
 0002:0000fa6c       $unwind$_write_nolock      0000000180041a6c     libucrt:write.obj
 0002:0000fa84       $unwind$?write_double_translated_ansi_nolock@@YA?AUwrite_result@?A0x17268360@@HQEBDI@Z 0000000180041a84     libucrt:write.obj
 0002:0000faa8       $unwind$?write_text_ansi_nolock@@YA?AUwrite_result@?A0x17268360@@HQEBDI@Z 0000000180041aa8     libucrt:write.obj
 0002:0000faa8       $unwind$?write_text_utf16le_nolock@@YA?AUwrite_result@?A0x17268360@@HQEBDI@Z 0000000180041aa8     libucrt:write.obj
 0002:0000fac8       $unwind$?write_text_utf8_nolock@@YA?AUwrite_result@?A0x17268360@@HQEBDI@Z 0000000180041ac8     libucrt:write.obj
 0002:0000faec       $unwind$?__mbrtoc32_utf8@__crt_mbstring@@YA_KPEA_UPEBD_KPEAU_Mbstatet@@@Z 0000000180041aec     libucrt:mbrtoc32.obj
 0002:0000fb08       $xdatasym                  0000000180041b08     libucrt:log10.obj
 0002:0000fb14       $unwind$fclose             0000000180041b14     libucrt:fclose.obj
 0002:0000fb38       $unwind$__acrt_fenv_set_control 0000000180041b38     libucrt:_fenvutils.obj
 0002:0000fb48       $unwind$_handle_error      0000000180041b48     libucrt:libm_error.obj
 0002:0000fb68       $unwind$__acrt_initialize_fma3 0000000180041b68     libucrt:fma3_available.obj
 0002:0000fb70       $unwind$_log_special_common 0000000180041b70     libucrt:log_special.obj
 0002:0000fb7c       $unwind$??$?RV<lambda_751a882b2c74d4b022dec766aa51a29a>@@AEAV<lambda_628dfdc04ba53c8bfc02c9951375f3f5>@@V<lambda_f6c7be5f7998530c34de24c7437d6b54>@@@?$__crt_seh_guarded_call@H@@QEAAH$$QEAV<lambda_751a882b2c74d4b022dec766aa51a29a>@@AEAV<lambda_628dfdc04ba53c8bfc02c9951375f3f5>@@$$QEAV<lambda_f6c7be5f7998530c34de24c7437d6b54>@@@Z 0000000180041b7c     libucrt:close.obj
 0002:0000fba0       $xdatasym                  0000000180041ba0     libucrt:fpsr.obj
 0002:0000fba8       $unwind$_raise_exc_ex      0000000180041ba8     libucrt:fpexcept.obj
 0002:0000fbbc       $unwind$_ctrlfp            0000000180041bbc     libucrt:fpctrl.obj
 0002:0000fbe4       $unwind$?apiGetConsoleFontSize@@YAHPEAXAEAH1AEAY0CA@_W@Z 0000000180041be4     common-kernel64:WConsole.obj
 0002:0000fc00       $unwind$?apiSetConsoleFontSize@@YAHPEAXHHPEB_W@Z 0000000180041c00     common-kernel64:WConsole.obj
 0002:0000fc1c       $unwind$_IsNonwritableInCurrentImage 0000000180041c1c     LIBCMT:pesect.obj
 0002:0000fe40       .edata                     0000000180041e40     ConEmu.x64.exp
 0002:0000fe68       rgpv                       0000000180041e68     ConEmu.x64.exp
 0002:0000fed4       rgszName                   0000000180041ed4     ConEmu.x64.exp
 0002:0000ff40       rgwOrd                     0000000180041f40     ConEmu.x64.exp
 0002:0000ff76       szName                     0000000180041f76     ConEmu.x64.exp
 0002:0000ff85       $N00001                    0000000180041f85     ConEmu.x64.exp
 0002:0000ff95       $N00002                    0000000180041f95     ConEmu.x64.exp
 0002:0000ff9d       $N00003                    0000000180041f9d     ConEmu.x64.exp
 0002:0000ffa9       $N00004                    0000000180041fa9     ConEmu.x64.exp
 0002:0000ffb4       $N00005                    0000000180041fb4     ConEmu.x64.exp
 0002:0000ffc2       $N00006                    0000000180041fc2     ConEmu.x64.exp
 0002:0000ffd3       $N00007                    0000000180041fd3     ConEmu.x64.exp
 0002:0000ffe1       $N00008                    0000000180041fe1     ConEmu.x64.exp
 0002:0000fff0       $N00009                    0000000180041ff0     ConEmu.x64.exp
 0002:00010000       $N00010                    0000000180042000     ConEmu.x64.exp
 0002:0001000b       $N00011                    000000018004200b     ConEmu.x64.exp
 0002:00010011       $N00012                    0000000180042011     ConEmu.x64.exp
 0002:00010024       $N00013                    0000000180042024     ConEmu.x64.exp
 0002:00010037       $N00014                    0000000180042037     ConEmu.x64.exp
 0002:0001004a       $N00015                    000000018004204a     ConEmu.x64.exp
 0002:0001005d       $N00016                    000000018004205d     ConEmu.x64.exp
 0002:0001006f       $N00017                    000000018004206f     ConEmu.x64.exp
 0002:0001007e       $N00018                    000000018004207e     ConEmu.x64.exp
 0002:0001008a       $N00019                    000000018004208a     ConEmu.x64.exp
 0002:00010093       $N00020                    0000000180042093     ConEmu.x64.exp
 0002:000100a2       $N00021                    00000001800420a2     ConEmu.x64.exp
 0002:000100b4       $N00022                    00000001800420b4     ConEmu.x64.exp
 0002:000100c0       $N00023                    00000001800420c0     ConEmu.x64.exp
 0002:000100d4       $N00024                    00000001800420d4     ConEmu.x64.exp
 0002:000100e8       $N00025                    00000001800420e8     ConEmu.x64.exp
 0002:000100fd       $N00026                    00000001800420fd     ConEmu.x64.exp
 0002:00010111       $N00027                    0000000180042111     ConEmu.x64.exp
 0002:00010842       .idata$6                   0000000180042842     version:VERSION.dll
 0002:00010d6c       .idata$6                   0000000180042d6c     kernel32:KERNEL32.dll
 0002:00010e7a       .idata$6                   0000000180042e7a     user32:USER32.dll
 0002:00010f1a       .idata$6                   0000000180042f1a     gdi32:GDI32.dll
 0002:00010f56       .idata$6                   0000000180042f56     advapi32:ADVAPI32.dll
 0003:00000140       ?rc@?CE@??Open@CPluginW2800@@UEAAPEAXPEBX@Z@4UFarMacroCall@@A 0000000180044140     ConEmuPlugin2800.obj
 0003:00000168       ?val@?CE@??Open@CPluginW2800@@UEAAPEAXPEBX@Z@4UFarMacroValue@@A 0000000180044168     ConEmuPlugin2800.obj
 0003:000002c0       ?__vcrt_flsindex@@3KA      00000001800442c0     libvcruntime:per_thread_data.obj
 0003:000002d0       ?errno_no_memory@@3HA      00000001800442d0     libucrt:errno.obj
 0003:000002d4       ?doserrno_no_memory@@3KA   00000001800442d4     libucrt:errno.obj
 0003:000002e0       ?__acrt_flsindex@@3KA      00000001800442e0     libucrt:per_thread_data.obj
 0003:000007b0       _mbctypes                  00000001800447b0     libucrt:mbctype.obj
 0003:000008c0       _mbcasemaps                00000001800448c0     libucrt:mbctype.obj
 0003:000009c0       ?__rgctypeflag@@3PADA      00000001800449c0     libucrt:mbctype.obj
 0003:000009d0       ?__rgcode_page_info@@3PAUcode_page_info@@A 00000001800449d0     libucrt:mbctype.obj
 0003:00000c70       ?__dcrt_lowio_console_output_handle@@3PEAXEA 0000000180044c70     libucrt:initcon.obj
 0003:00000c80       ?dazSupported@?1??_ctrlfp@@9@9 0000000180044c80     libucrt:fpctrl.obj
 0003:00000f90       ?store@?M@??GetPanelInfo@CPluginW1900@@UEAA_NKPEAUCEPanelInfo@@@Z@4UPanelInfo@@A 0000000180044f90     ConEmuPlugin1900.obj
 0003:00001000       ?szMenu@?1??GetPluginInfoPtr@CPluginW1900@@UEAAXPEAX@Z@4PAPEA_WA 0000000180045000     ConEmuPlugin1900.obj
 0003:00001010       ?szMenu1@?1??GetPluginInfoPtr@CPluginW1900@@UEAAXPEAX@Z@4PA_WA 0000000180045010     ConEmuPlugin1900.obj
 0003:00001210       ?WLastActive@?1??UpdateConEmuTabsApi@CPluginW1900@@UEAA_NH@Z@4UWindowInfo@@A 0000000180045210     ConEmuPlugin1900.obj
 0003:00001258       ?pwList@@3PEAV?$MArray@UWindowInfo@@@@EA 0000000180045258     ConEmuPlugin2800.obj
 0003:00001260       ?store@?M@??GetPanelInfo@CPluginW2800@@UEAA_NKPEAUCEPanelInfo@@@Z@4UPanelInfo@@A 0000000180045260     ConEmuPlugin2800.obj
 0003:000012c8       ?szMenu@?1??GetPluginInfoPtr@CPluginW2800@@UEAAXPEAX@Z@4PAPEA_WA 00000001800452c8     ConEmuPlugin2800.obj
 0003:000012d0       ?szMenu1@?1??GetPluginInfoPtr@CPluginW2800@@UEAAXPEAX@Z@4PA_WA 00000001800452d0     ConEmuPlugin2800.obj
 0003:000014d0       ?WLastActive@?1??UpdateConEmuTabsApi@CPluginW2800@@UEAA_NH@Z@4UWindowInfo@@A 00000001800454d0     ConEmuPlugin2800.obj
 0003:00001528       ?ghSyncDlg@@3PEAXEA        0000000180045528     ConEmuPlugin995.obj
 0003:00001530       ?store@?M@??GetPanelInfo@CPluginW995@@UEAA_NKPEAUCEPanelInfo@@@Z@4UPanelInfo@@A 0000000180045530     ConEmuPlugin995.obj
 0003:00001578       ?szMenu@?1??GetPluginInfoPtr@CPluginW995@@UEAAXPEAX@Z@4PAPEA_WA 0000000180045578     ConEmuPlugin995.obj
 0003:00001580       ?szMenu1@?1??GetPluginInfoPtr@CPluginW995@@UEAAXPEAX@Z@4PA_WA 0000000180045580     ConEmuPlugin995.obj
 0003:00001790       ?store@?M@??GetPanelInfo@CPluginAnsi@@UEAA_NKPEAUCEPanelInfo@@@Z@4UPanelInfo@@A 0000000180045790     ConEmuPluginA.obj
 0003:00001990       ?szMenu@?1??GetPluginInfoPtr@CPluginAnsi@@UEAAXPEAX@Z@4PAPEADA 0000000180045990     ConEmuPluginA.obj
 0003:000019a0       ?szMenu1@?1??GetPluginInfoPtr@CPluginAnsi@@UEAAXPEAX@Z@4PADA 00000001800459a0     ConEmuPluginA.obj
 0003:00002d1c       ?gbTryOpenMapHeader@@3HA   0000000180046d1c     ConEmuPluginBase.obj
 0003:00002d20       ?gbStartupHooksAfterMap@@3HA 0000000180046d20     ConEmuPluginBase.obj
 0003:00002d24       ?siEnabled@?1??CheckBufferEnabled@CPluginBase@@QEAA_NXZ@4HA 0000000180046d24     ConEmuPluginBase.obj
 0003:00002d28       ?dwLastTickCount@?7??CheckResources@CPluginBase@@QEAAX_N@Z@4KA 0000000180046d28     ConEmuPluginBase.obj
 0003:00002d2c       ?$TSS0@?7??CheckResources@CPluginBase@@QEAAX_N@Z@4HA 0000000180046d2c     ConEmuPluginBase.obj
 0003:00002d30       ?dwLastTickCount@?9??OnConsolePeekReadInput@CPluginBase@@SAX_N@Z@4KA 0000000180046d30     ConEmuPluginBase.obj
 0003:00002f98       ?gHeapInit@?A0x333b15f0@@3U?$atomic@H@std@@A 0000000180046f98     common-kernel64:Memory.obj
 0003:00002f9c       ?gHeapCounter@?A0x333b15f0@@3U?$atomic@H@std@@A 0000000180046f9c     common-kernel64:Memory.obj
 0003:00002fa0       ?ghHeap@?A0x333b15f0@@3PEAXEA 0000000180046fa0     common-kernel64:Memory.obj
 0003:00002fc0       ?szFile@?1??ModuleName@@YAPEB_WPEB_W@Z@4PA_WA 0000000180046fc0     common-kernel64:ConEmuCheck.obj
 0003:00003010       ?g_Threads@@3PAUConEmuThreadInfo@@A 0000000180047010     common-kernel64:WThreads.obj
 0003:0000b810       ?gh_UnknownTerminatedThread@@3PEAXEA 000000018004f810     common-kernel64:WThreads.obj
 0003:0000b81c       ?szNil@?1??GetCommand@CESERVER_REQ_NEWCMD@@QEAAPEA_WXZ@4PA_WA 000000018004f81c     common-kernel64:Common.obj
 0003:0000b830       ?rtlVerifyVersionInfo@?1??_VerifyVersionInfo@@YA_NPEAU_OSVERSIONINFOEXW@@K_K@Z@4P6AH0K1@ZEA 000000018004f830     common-kernel64:WObjects.obj
 0003:0000b838       ?hasRtl@?1??_VerifyVersionInfo@@YA_NPEAU_OSVERSIONINFOEXW@@K_K@Z@4HA 000000018004f838     common-kernel64:WObjects.obj
 0003:0000b83c       ?ibIsWin6@?1??IsWin6@@YA_NXZ@4HA 000000018004f83c     common-kernel64:WObjects.obj
 0003:0000b840       ?is64bitOs@?1??IsWindows64@@YA_NXZ@4_NA 000000018004f840     common-kernel64:WObjects.obj
 0003:0000b841       ?isOsChecked@?1??IsWindows64@@YA_NXZ@4_NA 000000018004f841     common-kernel64:WObjects.obj
 0003:0000b848       ?TerminalMode@?1??isTerminalMode@@YA_NXZ@4_NA 000000018004f848     common-kernel64:MProcess.obj
 0003:0000b849       ?TerminalChecked@?1??isTerminalMode@@YA_NXZ@4_NA 000000018004f849     common-kernel64:MProcess.obj
 0003:0000b84a       ?bSysInfoRetrieved@?1??IsModuleValid@@YA_NPEAUHINSTANCE__@@H@Z@4_NA 000000018004f84a     common-kernel64:WModuleCheck.obj
 0003:0000b850       ?si@?1??IsModuleValid@@YA_NPEAUHINSTANCE__@@H@Z@4U_SYSTEM_INFO@@A 000000018004f850     common-kernel64:WModuleCheck.obj
 0003:0000b898       ?g_tss_cv@@3U_RTL_CONDITION_VARIABLE@@A 000000018004f898     LIBCMT:thread_safe_statics.obj
 0003:0000b8a0       ?g_tss_event@@3PEAXEA      000000018004f8a0     LIBCMT:thread_safe_statics.obj
 0003:0000b8a8       ?g_tss_mutex@@3U_RTL_CRITICAL_SECTION@@A 000000018004f8a8     LIBCMT:thread_safe_statics.obj
 0003:0000b8d0       ?g_sleep_condition_variable_cs@@3P6AHPEAU_RTL_CONDITION_VARIABLE@@PEAU_RTL_CRITICAL_SECTION@@K@ZEA 000000018004f8d0     LIBCMT:thread_safe_statics.obj
 0003:0000b8d8       ?g_wake_all_condition_variable@@3P6AXPEAU_RTL_CONDITION_VARIABLE@@@ZEA 000000018004f8d8     LIBCMT:thread_safe_statics.obj
 0003:0000b8e0       ?__proc_attached@@3HA      000000018004f8e0     LIBCMT:dll_dllmain.obj
 0003:0000b8f8       ?is_initialized_as_dll@@3_NA 000000018004f8f8     LIBCMT:utility.obj
 0003:0000b8f9       ?module_local_atexit_table_initialized@@3_NA 000000018004f8f9     LIBCMT:utility.obj
 0003:0000b900       ?module_local_atexit_table@@3U_onexit_table_t@@A 000000018004f900     LIBCMT:utility.obj
 0003:0000b918       ?module_local_at_quick_exit_table@@3U_onexit_table_t@@A 000000018004f918     LIBCMT:utility.obj
 0003:0000b930       GS_ExceptionRecord         000000018004f930     LIBCMT:gs_report.obj
 0003:0000b9d0       GS_ContextRecord           000000018004f9d0     LIBCMT:gs_report.obj
 0003:0000bee0       ?__vcrt_startup_thread_ptd@@3U__vcrt_ptd@@A 000000018004fee0     libvcruntime:per_thread_data.obj
 0003:0000bf68       __vcrt_lock_table          000000018004ff68     libvcruntime:locks.obj
 0003:0000bf90       __vcrt_locks_initialized   000000018004ff90     libvcruntime:locks.obj
 0003:0000bfd8       ?heap@@3V_HeapManager@@A   000000018004ffd8     libvcruntime:undname.obj
 0003:0000c000       ?module_handles@@3PAPEAUHINSTANCE__@@A 0000000180050000     libvcruntime:winapi_downlevel.obj
 0003:0000c018       ?function_pointers@@3PAPEAXA 0000000180050018     libvcruntime:winapi_downlevel.obj
 0003:0000c040       ?__acrt_invalid_parameter_handler@@3V?$dual_state_global@P6AXPEB_W00I_K@Z@__crt_state_management@@A 0000000180050040     libucrt:invalid_parameter.obj
 0003:0000c048       ?c_termination_complete@@3JA 0000000180050048     libucrt:exit.obj
 0003:0000c050       ?thread_local_exit_callback_func@@3P6AXPEAXK0@ZEA 0000000180050050     libucrt:exit.obj
 0003:0000c060       ?program_name@?1???$common_configure_argv@D@@YAHW4_crt_argv_mode@@@Z@4PADA 0000000180050060     libucrt:argv_parsing.obj
 0003:0000c1b8       ?internal_state@?1??_mbtowc_l@@9@4U_Mbstatet@@A 00000001800501b8     libucrt:mbtowc.obj
 0003:0000c1d0       ?enable_percent_n@@3_KA    00000001800501d0     libucrt:printf_count_output.obj
 0003:0000c610       ?__acrt_lock_table@@3PAU_RTL_CRITICAL_SECTION@@A 0000000180050610     libucrt:locks.obj
 0003:0000c840       ?__acrt_locks_initialized@@3IA 0000000180050840     libucrt:locks.obj
 0003:0000c860       ?fSystemSet@@3HA           0000000180050860     libucrt:mbctype.obj
 0003:0000c864       ?initialized@?1??__acrt_initialize_multibyte@@9@4_NA 0000000180050864     libucrt:mbctype.obj
 0003:0000c8a0       ?module_handles@@3PAPEAUHINSTANCE__@@A 00000001800508a0     libucrt:winapi_thunks.obj
 0003:0000c940       ?encoded_function_pointers@@3PAPEAXA 0000000180050940     libucrt:winapi_thunks.obj
 0003:0000ca58       ?__acrt_new_handler@@3V?$dual_state_global@P6AH_K@Z@__crt_state_management@@A 0000000180050a58     libucrt:new_handler.obj
 0003:0000ca60       ?ctrlc_action@@3V?$dual_state_global@P6AXH@Z@__crt_state_management@@A 0000000180050a60     libucrt:signal.obj
 0003:0000ca68       ?ctrlbreak_action@@3V?$dual_state_global@P6AXH@Z@__crt_state_management@@A 0000000180050a68     libucrt:signal.obj
 0003:0000ca70       ?abort_action@@3V?$dual_state_global@P6AXH@Z@__crt_state_management@@A 0000000180050a70     libucrt:signal.obj
 0003:0000ca78       ?term_action@@3V?$dual_state_global@P6AXH@Z@__crt_state_management@@A 0000000180050a78     libucrt:signal.obj
 0003:0000ca80       ?user_matherr@@3V?$dual_state_global@P6AHPEAU_exception@@@Z@__crt_state_management@@A 0000000180050a80     libucrt:matherr.obj
 0003:0000ca88       ?__acrt_global_new_mode@@3V?$dual_state_global@J@__crt_state_management@@A 0000000180050a88     libucrt:new_mode.obj
 0003:0000ca98       ?internal_pst@?1??__mbrtoc32_utf8@__crt_mbstring@@YA_KPEA_UPEBD_KPEAU_Mbstatet@@@Z@4U3@A 0000000180050a98     libucrt:mbrtoc32.obj
 0003:0000caa0       ?__acrt_app_type@@3W4_crt_app_type@@A 0000000180050aa0     libucrt:report_runtime_error.obj
 0003:0000cb04       ?gbPauseConsoleWasRequested@@3_NA 0000000180050b04     common-kernel64:WConsole.obj
 0003:0000cb08       ?GetCurrentConsoleFontEx@?1??apiGetCurrentConsoleFontEx@@YAHPEAXHPEAUMY_CONSOLE_FONT_INFOEX@@@Z@4P6AH0H1@ZEA 0000000180050b08     common-kernel64:WConsole.obj
 0003:0000cb10       ?bFuncChecked@?1??apiGetCurrentConsoleFontEx@@YAHPEAXHPEAUMY_CONSOLE_FONT_INFOEX@@@Z@4_NA 0000000180050b10     common-kernel64:WConsole.obj
 0003:0000cb18       ?SetCurrentConsoleFontEx@?1??apiSetCurrentConsoleFontEx@@YAHPEAXHPEAUMY_CONSOLE_FONT_INFOEX@@@Z@4P6AH0H1@ZEA 0000000180050b18     common-kernel64:WConsole.obj
 0003:0000cb20       ?bFuncChecked@?1??apiSetCurrentConsoleFontEx@@YAHPEAXHPEAUMY_CONSOLE_FONT_INFOEX@@@Z@4_NA 0000000180050b20     common-kernel64:WConsole.obj
 0005:00000000       MoveSmall                  0000000180054000     libvcruntime:memcpy.obj
 0005:00000080       MsetTab                    0000000180054080     libvcruntime:memset.obj
 0006:000000a0       $R000000                   00000001800550a0     ConEmu.res
 0006:000003b0       $R000310                   00000001800553b0     ConEmu.res
