 ConEmu.x64

 Timestamp is 5f7250a7 (Mon Sep 28 23:07:51 2020)

 Preferred load address is 0000000180000000

 Start         Length     Name                   Class
 0001:00000000 00000010H .text$di                CODE
 0001:00000010 00030ba0H .text$mn                CODE
 0001:00030bb0 00000040H .text$mn$00             CODE
 0001:00030bf0 000006a0H .text$x                 CODE
 0001:00031290 0000003dH .text$yd                CODE
 0002:00000000 00000660H .idata$5                DATA
 0002:00000660 00000028H .00cfg                  DATA
 0002:00000688 00000008H .CRT$XCA                DATA
 0002:00000690 00000008H .CRT$XCU                DATA
 0002:00000698 00000008H .CRT$XCZ                DATA
 0002:000006a0 00000008H .CRT$XIA                DATA
 0002:000006a8 00000020H .CRT$XIC                DATA
 0002:000006c8 00000008H .CRT$XIZ                DATA
 0002:000006d0 00000008H .CRT$XLA                DATA
 0002:000006d8 00000008H .CRT$XLZ                DATA
 0002:000006e0 00000008H .CRT$XPA                DATA
 0002:000006e8 00000010H .CRT$XPX                DATA
 0002:000006f8 00000008H .CRT$XPXA               DATA
 0002:00000700 00000008H .CRT$XPZ                DATA
 0002:00000708 00000008H .CRT$XTA                DATA
 0002:00000710 00000010H .CRT$XTZ                DATA
 0002:00000718 00000000H .gehcont$y              DATA
 0002:00000718 00000000H .gfids$y                DATA
 0002:00000720 0000c950H .rdata                  DATA
 0002:0000d070 00000028H .rdata$T                DATA
 0002:0000d098 0000075cH .rdata$r                DATA
 0002:0000d7f4 000003f4H .rdata$zzzdbg           DATA
 0002:0000dbe8 00000008H .rtc$IAA                DATA
 0002:0000dbf0 00000008H .rtc$IZZ                DATA
 0002:0000dbf8 00000008H .rtc$TAA                DATA
 0002:0000dc00 00000008H .rtc$TZZ                DATA
 0002:0000dc08 00000004H .tls                    DATA
 0002:0000dc0c 00000004H .tls$                   DATA
 0002:0000dc10 00000008H .tls$ZZZ                DATA
 0002:0000dc18 00002568H .xdata                  DATA
 0002:00010180 00000200H .xdata$x                DATA
 0002:00010380 000002e4H .edata                  DATA
 0002:00010664 00000064H .idata$2                DATA
 0002:000106c8 00000018H .idata$3                DATA
 0002:000106e0 00000660H .idata$4                DATA
 0002:00010d40 00000e82H .idata$6                DATA
 0003:00000000 00000c90H .data                   DATA
 0003:00000c90 000002a0H .data$r                 DATA
 0003:00000f30 0000bc00H .bss                    DATA
 0004:00000000 000027c0H .pdata                  DATA
 0005:00000000 00000100H _RDATA                  DATA
 0006:00000000 000000a0H .rsrc$01                DATA
 0006:000000a0 00000490H .rsrc$02                DATA

  Address         Publics by Value              Rva+Base               Lib:Object

 0000:00000000       __arm64x_redirection_metadata_count 0000000000000000     <absolute>
 0000:00000000       __guard_fids_count         0000000000000000     <absolute>
 0000:00000000       __hybrid_code_map_count    0000000000000000     <absolute>
 0000:00000000       __x64_code_ranges_to_entry_points 0000000000000000     <absolute>
 0000:00000000       __guard_longjmp_table      0000000000000000     <absolute>
 0000:00000000       __arm64x_redirection_metadata 0000000000000000     <absolute>
 0000:00000000       __guard_iat_table          0000000000000000     <absolute>
 0000:00000000       __hybrid_code_map          0000000000000000     <absolute>
 0000:00000000       __guard_iat_count          0000000000000000     <absolute>
 0000:00000000       __guard_eh_cont_count      0000000000000000     <absolute>
 0000:00000000       __arm64x_native_entrypoint 0000000000000000     <absolute>
 0000:00000000       __volatile_metadata        0000000000000000     <absolute>
 0000:00000000       __guard_longjmp_count      0000000000000000     <absolute>
 0000:00000000       __guard_eh_cont_table      0000000000000000     <absolute>
 0000:00000000       __enclave_config           0000000000000000     <absolute>
 0000:00000000       __arm64x_extra_rfe_table   0000000000000000     <absolute>
 0000:00000000       __x64_code_ranges_to_entry_points_count 0000000000000000     <absolute>
 0000:00000000       ___safe_se_handler_count   0000000000000000     <absolute>
 0000:00000000       __AbsoluteZero             0000000000000000     <absolute>
 0000:00000000       ___safe_se_handler_table   0000000000000000     <absolute>
 0000:00000000       __arm64x_extra_rfe_table_size 0000000000000000     <absolute>
 0000:00000000       __guard_fids_table         0000000000000000     <absolute>
 0000:00000000       __dynamic_value_reloc_table 0000000000000000     <absolute>
 0000:00000000       __hybrid_auxiliary_iat     0000000000000000     <absolute>
 0000:00000100       __guard_flags              0000000000000100     <absolute>
 0000:00000000       __ImageBase                0000000180000000     <linker-defined>
 0001:00000010       ??$swprintf_c@$0EA@@@YAHAEAY0EA@_WPEB_WZZ 0000000180001010 f i ConEmuInjects.obj
 0001:0000003c       ??$swprintf_c@$0IA@@@YAHAEAY0IA@_WPEB_WZZ 000000018000103c f i ConEmuInjects.obj
 0001:00000068       ??$swprintf_c@$0PP@@@YAHAEAY0PP@_WPEB_WZZ 0000000180001068 f i ConEmuInjects.obj
 0001:00000094       ?ShutdownHooks@@YAXXZ      0000000180001094 f   ConEmuInjects.obj
 0001:00000284       ?StartupConsoleHooks@@YAXXZ 0000000180001284 f   ConEmuInjects.obj
 0001:00000310       ?StartupHooks@@YA_NPEAUHINSTANCE__@@@Z 0000000180001310 f   ConEmuInjects.obj
 0001:000006f8       ?StringCchVPrintfW@@YAJPEA_W_KPEB_WPEAD@Z 00000001800016f8 f i ConEmuInjects.obj
 0001:0000079c       __local_stdio_printf_options 000000018000179c f i ConEmuInjects.obj
 0001:000007a4       ExitFARW                   00000001800017a4 f   ConEmuPlugin.obj
 0001:000007fc       ?ProcessEditorEvent@@YAHHPEAX@Z 00000001800017fc f   ConEmuPlugin.obj
 0001:000007fc       ProcessEditorEventW        00000001800017fc f   ConEmuPlugin.obj
 0001:0000081c       ProcessSynchroEventW       000000018000181c f   ConEmuPlugin.obj
 0001:00000848       ?ProcessViewerEvent@@YAHHPEAX@Z 0000000180001848 f   ConEmuPlugin.obj
 0001:00000848       ProcessViewerEventW        0000000180001848 f   ConEmuPlugin.obj
 0001:00000868       ?ProcessSynchroEventW3@@YA_JPEAX@Z 0000000180001868 f   ConEmuPlugin.obj
 0001:00000890       ?ProcessEditorEventW3@@YA_JPEAX@Z 0000000180001890 f   ConEmuPlugin.obj
 0001:000008b8       ?ProcessViewerEventW3@@YA_JPEAX@Z 00000001800018b8 f   ConEmuPlugin.obj
 0001:000008e0       ?ExitFARW3@@YAXPEAX@Z      00000001800018e0 f   ConEmuPlugin.obj
 0001:00000938       ?ActivateConsole@@YAHXZ    0000000180001938 f   ConEmuPlugin.obj
 0001:000009c8       ?ExitFAR@@YAXXZ            00000001800019c8 f   ConEmuPlugin.obj
 0001:00000a20       ?GetFarHWND2@@YAPEAUHWND__@@H@Z 0000000180001a20 f   ConEmuPlugin.obj
 0001:00000a8c       ?GetFarHWND@@YAPEAUHWND__@@XZ 0000000180001a8c f   ConEmuPlugin.obj
 0001:00000a94       ?GetFarVersion@@YAXPEAUFarVersion@@@Z 0000000180001a94 f   ConEmuPlugin.obj
 0001:00000ab0       ?GetMinFarVersion@@YAHXZ   0000000180001ab0 f   ConEmuPlugin.obj
 0001:00000ae0       ?GetPluginInfo@@YAXPEAX@Z  0000000180001ae0 f   ConEmuPlugin.obj
 0001:00000b34       ?GetPluginInfoW@@YAXPEAX@Z 0000000180001b34 f   ConEmuPlugin.obj
 0001:00000b54       ?IsConsoleActive@@YAHXZ    0000000180001b54 f   ConEmuPlugin.obj
 0001:00000bac       ?IsTerminalMode@@YAHXZ     0000000180001bac f   ConEmuPlugin.obj
 0001:00000bb4       ?OpenPlugin@@YAPEAXH_J@Z   0000000180001bb4 f   ConEmuPlugin.obj
 0001:00000be4       ?OpenW@@YAPEAXPEBX@Z       0000000180001be4 f   ConEmuPlugin.obj
 0001:00000c08       ?ProcessEditorInput@@YAHPEBU_INPUT_RECORD@@@Z 0000000180001c08 f   ConEmuPlugin.obj
 0001:00000c2c       ?RegisterBackground@@YAHPEAURegisterBackgroundArg@@@Z 0000000180001c2c f   ConEmuPlugin.obj
 0001:00000ca8       ?RegisterPanelView@@YAHPEAUPanelViewInit@@@Z 0000000180001ca8 f   ConEmuPlugin.obj
 0001:00000e10       ?SetStartupInfo@@YAXPEAX@Z 0000000180001e10 f   ConEmuPlugin.obj
 0001:00000e74       ?SetupExportsFar3@@YAXXZ   0000000180001e74 f   ConEmuPlugin.obj
 0001:00000fe4       ?SyncExecute@@YAHPEAUHINSTANCE__@@P6AX_J@Z1@Z 0000000180001fe4 f   ConEmuPlugin.obj
 0001:00001030       DllMain                    0000000180002030 f   ConEmuPlugin.obj
 0001:00001054       GetMinFarVersionW          0000000180002054 f   ConEmuPlugin.obj
 0001:0000105c       OpenPluginW                000000018000205c f   ConEmuPlugin.obj
 0001:0000109c       ProcessEditorInputW        000000018000209c f   ConEmuPlugin.obj
 0001:000010c0       SetStartupInfoW            00000001800020c0 f   ConEmuPlugin.obj
 0001:000010f0       ??0CPluginW1900@@QEAA@XZ   00000001800020f0 f   ConEmuPlugin1900.obj
 0001:00001294       ??_ECPluginW1900@@UEAAPEAXI@Z 0000000180002294 f i ConEmuPlugin1900.obj
 0001:00001294       ??_GCPluginW1900@@UEAAPEAXI@Z 0000000180002294 f i ConEmuPlugin1900.obj
 0001:0000179c       ?CheckPanelExist@CPluginW1900@@UEAA_NXZ 000000018000279c f   ConEmuPlugin1900.obj
 0001:000017d8       ?Color2BgIndex@Far3Color@@SAXKHAEAGPEBK@Z 00000001800027d8 f i ConEmuPlugin1900.obj
 0001:000018ec       ?Color2FgIndex@Far3Color@@SAXKAEAGPEBK@Z 00000001800028ec f i ConEmuPlugin1900.obj
 0001:000019dc       ?ExecuteSynchroApi@CPluginW1900@@UEAA_NXZ 00000001800029dc f   ConEmuPlugin1900.obj
 0001:00001a10       ?ExitFar@CPluginW1900@@UEAAXXZ 0000000180002a10 f   ConEmuPlugin1900.obj
 0001:00001ab4       ?FarColor_3_2@@YAEAEBUFarColor@@_N@Z 0000000180002ab4 f i ConEmuPlugin1900.obj
 0001:00001b74       ?GetActiveWindowType@CPluginW1900@@UEAAHXZ 0000000180002b74 f   ConEmuPlugin1900.obj
 0001:00001c20       ?GetEditorModifiedState@CPluginW1900@@UEAAKXZ 0000000180002c20 f   ConEmuPlugin1900.obj
 0001:00001c7c       ?GetFarRect@CPluginW1900@@UEAA_NAEAU_SMALL_RECT@@@Z 0000000180002c7c f   ConEmuPlugin1900.obj
 0001:00001d28       ?GetMacroArea@CPluginW1900@@UEAAHXZ 0000000180002d28 f   ConEmuPlugin1900.obj
 0001:00001d48       ?GetMsg@CPluginW1900@@UEAAPEB_WHPEA_W_K@Z 0000000180002d48 f   ConEmuPlugin1900.obj
 0001:00001dbc       ?GetPanelDir@CPluginW1900@@UEAAPEA_WKPEA_WH@Z 0000000180002dbc f   ConEmuPlugin1900.obj
 0001:00001f3c       ?GetPanelInfo@CPluginW1900@@UEAA_NKPEAUCEPanelInfo@@@Z 0000000180002f3c f   ConEmuPlugin1900.obj
 0001:000021dc       ?GetPanelItemInfo@CPluginW1900@@UEAA_NAEBUCEPanelInfo@@_N_JAEAU_WIN32_FIND_DATAW@@PEAPEA_W@Z 00000001800031dc f   ConEmuPlugin1900.obj
 0001:000023c8       ?GetPluginInfoPtr@CPluginW1900@@UEAAXPEAX@Z 00000001800033c8 f   ConEmuPlugin1900.obj
 0001:00002424       ?GetWindowCount@CPluginW1900@@UEAAHXZ 0000000180003424 f   ConEmuPlugin1900.obj
 0001:00002454       ?GetWindowTypeName@CPluginW995@@UEAAPEB_WH@Z 0000000180003454 f   ConEmuPlugin995.obj
 0001:00002454       ?GetWindowTypeName@CPluginW2800@@UEAAPEB_WH@Z 0000000180003454 f   ConEmuPlugin2800.obj
 0001:00002454       ?GetWindowTypeName@CPluginAnsi@@UEAAPEB_WH@Z 0000000180003454 f   ConEmuPluginA.obj
 0001:00002454       ?GetWindowTypeName@CPluginW1900@@UEAAPEB_WH@Z 0000000180003454 f   ConEmuPlugin1900.obj
 0001:000024ac       ?GuiMacroDlg@CPluginW1900@@UEAAXXZ 00000001800034ac f   ConEmuPlugin1900.obj
 0001:000024b4       ?InputBox@CPluginW1900@@UEAA_NPEB_W000AEAPEA_W@Z 00000001800034b4 f   ConEmuPlugin1900.obj
 0001:00002564       ?IsMacroActive@CPluginW1900@@UEAA_NXZ 0000000180003564 f   ConEmuPlugin1900.obj
 0001:000025a8       ?LoadFarColors@CPluginW1900@@UEAAXAEAY0BAA@E@Z 00000001800035a8 f   ConEmuPlugin1900.obj
 0001:00002758       ?LoadFarSettings@CPluginW1900@@UEAAXPEAUCEFarInterfaceSettings@@PEAUCEFarPanelSettings@@@Z 0000000180003758 f   ConEmuPlugin1900.obj
 0001:00002898       ?Open@CPluginW1900@@UEAAPEAXPEBX@Z 0000000180003898 f   ConEmuPlugin1900.obj
 0001:00002974       ?OpenEditor@CPluginW1900@@UEAA_NPEB_W_N11HH@Z 0000000180003974 f   ConEmuPlugin1900.obj
 0001:00002a88       ?PanelControlApi@CPluginW1900@@UEAA_JPEAXH_J0@Z 0000000180003a88 f   ConEmuPlugin1900.obj
 0001:00002ac0       ?PostMacroApi@CPluginW1900@@UEAAXPEB_WPEAU_INPUT_RECORD@@_N@Z 0000000180003ac0 f   ConEmuPlugin1900.obj
 0001:000030e0       ?ProcessEditorEventPtr@CPluginW1900@@UEAAHPEAX@Z 00000001800040e0 f   ConEmuPlugin1900.obj
 0001:000030e0       ?ProcessEditorEventPtr@CPluginW2800@@UEAAHPEAX@Z 00000001800040e0 f   ConEmuPlugin2800.obj
 0001:000030ec       ?ProcessEditorInputPtr@CPluginW1900@@UEAAHPEBX@Z 00000001800040ec f   ConEmuPlugin1900.obj
 0001:0000310c       ?ProcessSynchroEventPtr@CPluginW1900@@UEAAHPEAX@Z 000000018000410c f   ConEmuPlugin1900.obj
 0001:0000310c       ?ProcessSynchroEventPtr@CPluginW2800@@UEAAHPEAX@Z 000000018000410c f   ConEmuPlugin2800.obj
 0001:00003130       ?ProcessViewerEventPtr@CPluginW2800@@UEAAHPEAX@Z 0000000180004130 f   ConEmuPlugin2800.obj
 0001:00003130       ?ProcessViewerEventPtr@CPluginW1900@@UEAAHPEAX@Z 0000000180004130 f   ConEmuPlugin1900.obj
 0001:0000313c       ?RedrawAll@CPluginW1900@@UEAAXXZ 000000018000413c f   ConEmuPlugin1900.obj
 0001:00003174       ?SetStartupInfoPtr@CPluginW1900@@UEAAXPEAX@Z 0000000180004174 f   ConEmuPlugin1900.obj
 0001:000032dc       ?SetWindow@CPluginW1900@@UEAAXH@Z 00000001800042dc f   ConEmuPlugin1900.obj
 0001:00003334       ?ShowMessage@CPluginW1900@@UEAAHPEB_WH_N@Z 0000000180004334 f   ConEmuPlugin1900.obj
 0001:0000339c       ?ShowPluginMenu@CPluginW1900@@UEAAHPEAUConEmuPluginMenuItem@@HH@Z 000000018000439c f   ConEmuPlugin1900.obj
 0001:00003504       ?ShowUserScreen@CPluginW1900@@UEAAX_N@Z 0000000180004504 f   ConEmuPlugin1900.obj
 0001:00003530       ?StopWaitEndSynchro@CPluginW2800@@UEAAXXZ 0000000180004530 f   ConEmuPlugin2800.obj
 0001:00003530       ?PlugServerInit@@YAXXZ     0000000180004530 f   PluginSrv.obj
 0001:00003530       ?_Doraise@exception@stdext@@MEBAXXZ 0000000180004530 f   common-kernel64:CEStr.obj
 0001:00003530       ?StopWaitEndSynchro@CPluginW1900@@UEAAXXZ 0000000180004530 f   ConEmuPlugin1900.obj
 0001:00003530       ?ShutdownPluginStep@CPluginBase@@SAXPEB_WHHHH@Z 0000000180004530 f   ConEmuPluginBase.obj
 0001:00003530       ?WaitEndSynchro@CPluginW2800@@UEAAXXZ 0000000180004530 f   ConEmuPlugin2800.obj
 0001:00003530       ?StopWaitEndSynchro@CPluginAnsi@@UEAAXXZ 0000000180004530 f   ConEmuPluginA.obj
 0001:00003530       ?WaitEndSynchro@CPluginW1900@@UEAAXXZ 0000000180004530 f   ConEmuPlugin1900.obj
 0001:00003530       ?WaitEndSynchro@CPluginAnsi@@UEAAXXZ 0000000180004530 f   ConEmuPluginA.obj
 0001:00003530       _guard_check_icall_nop     0000000180004530 f   LIBCMT:guard_support.obj
 0001:00003534       ?UpdateConEmuTabsApi@CPluginW1900@@UEAA_NH@Z 0000000180004534 f   ConEmuPlugin1900.obj
 0001:00003a04       ??$_Emplace_reallocate@AEBUWindowInfo@@@?$vector@UWindowInfo@@V?$MArrayAllocator@UWindowInfo@@@@@std@@QEAAPEAUWindowInfo@@QEAU2@AEBU2@@Z 0000000180004a04 f i ConEmuPlugin2800.obj
 0001:00003bc4       ??$_Uninitialized_fill_n@V?$MArrayAllocator@UWindowInfo@@@@@std@@YAPEAUWindowInfo@@PEAU1@_KAEBU1@AEAV?$MArrayAllocator@UWindowInfo@@@@@Z 0000000180004bc4 f i ConEmuPlugin2800.obj
 0001:00003c04       ??0CPluginW2800@@QEAA@XZ   0000000180004c04 f   ConEmuPlugin2800.obj
 0001:00003da8       ??0bad_alloc@std@@QEAA@AEBV01@@Z 0000000180004da8 f i ConEmuPlugin2800.obj
 0001:00003de4       ??0bad_alloc@std@@QEAA@XZ  0000000180004de4 f i ConEmuPlugin2800.obj
 0001:00003e04       ??0exception@std@@QEAA@AEBV01@@Z 0000000180004e04 f i ConEmuPlugin2800.obj
 0001:00003e38       ??1?$MArray@UWindowInfo@@@@QEAA@XZ 0000000180004e38 f i ConEmuPlugin2800.obj
 0001:00003e70       ??1length_error@std@@UEAA@XZ 0000000180004e70 f i libcpmt:xthrow.obj
 0001:00003e70       ??1bad_alloc@std@@UEAA@XZ  0000000180004e70 f i ConEmuPlugin2800.obj
 0001:00003e70       ??1bad_exception@std@@UEAA@XZ 0000000180004e70 f i libvcruntime:frame.obj
 0001:00003e84       ??_GCPluginW2800@@UEAAPEAXI@Z 0000000180004e84 f i ConEmuPlugin2800.obj
 0001:00003e84       ??_ECPluginW2800@@UEAAPEAXI@Z 0000000180004e84 f i ConEmuPlugin2800.obj
 0001:00003ec4       ??_Elogic_error@std@@UEAAPEAXI@Z 0000000180004ec4 f i libcpmt:xthrow.obj
 0001:00003ec4       ??_Ebad_alloc@std@@UEAAPEAXI@Z 0000000180004ec4 f i ConEmuPlugin2800.obj
 0001:00003ec4       ??_Elength_error@std@@UEAAPEAXI@Z 0000000180004ec4 f i libcpmt:xthrow.obj
 0001:00003ec4       ??_Ebad_exception@std@@UEAAPEAXI@Z 0000000180004ec4 f i libvcruntime:frame.obj
 0001:00003ec4       ??_Glogic_error@std@@UEAAPEAXI@Z 0000000180004ec4 f i libcpmt:xthrow.obj
 0001:00003ec4       ??_Eexception@std@@UEAAPEAXI@Z 0000000180004ec4 f i ConEmuPlugin2800.obj
 0001:00003ec4       ??_Glength_error@std@@UEAAPEAXI@Z 0000000180004ec4 f i libcpmt:xthrow.obj
 0001:00003ec4       ??_Gexception@std@@UEAAPEAXI@Z 0000000180004ec4 f i ConEmuPlugin2800.obj
 0001:00003ec4       ??_Gbad_alloc@std@@UEAAPEAXI@Z 0000000180004ec4 f i ConEmuPlugin2800.obj
 0001:00003ec4       ??_Gbad_exception@std@@UEAAPEAXI@Z 0000000180004ec4 f i libvcruntime:frame.obj
 0001:00004454       ?CheckPanelExist@CPluginW2800@@UEAA_NXZ 0000000180005454 f   ConEmuPlugin2800.obj
 0001:00004490       ?ExecuteSynchroApi@CPluginW2800@@UEAA_NXZ 0000000180005490 f   ConEmuPlugin2800.obj
 0001:000044c4       ?ExitFar@CPluginW2800@@UEAAXXZ 00000001800054c4 f   ConEmuPlugin2800.obj
 0001:00004580       ?GetActiveWindowType@CPluginW2800@@UEAAHXZ 0000000180005580 f   ConEmuPlugin2800.obj
 0001:00004638       ?GetEditorModifiedState@CPluginW2800@@UEAAKXZ 0000000180005638 f   ConEmuPlugin2800.obj
 0001:00004698       ?GetFarRect@CPluginW2800@@UEAA_NAEAU_SMALL_RECT@@@Z 0000000180005698 f   ConEmuPlugin2800.obj
 0001:0000474c       ?GetMacroArea@CPluginW2800@@UEAAHXZ 000000018000574c f   ConEmuPlugin2800.obj
 0001:0000476c       ?GetMsg@CPluginW2800@@UEAAPEB_WHPEA_W_K@Z 000000018000576c f   ConEmuPlugin2800.obj
 0001:000047e4       ?GetPanelDir@CPluginW2800@@UEAAPEA_WKPEA_WH@Z 00000001800057e4 f   ConEmuPlugin2800.obj
 0001:00004964       ?GetPanelInfo@CPluginW2800@@UEAA_NKPEAUCEPanelInfo@@@Z 0000000180005964 f   ConEmuPlugin2800.obj
 0001:00004c04       ?GetPanelItemInfo@CPluginW2800@@UEAA_NAEBUCEPanelInfo@@_N_JAEAU_WIN32_FIND_DATAW@@PEAPEA_W@Z 0000000180005c04 f   ConEmuPlugin2800.obj
 0001:00004e08       ?GetPluginInfoPtr@CPluginW2800@@UEAAXPEAX@Z 0000000180005e08 f   ConEmuPlugin2800.obj
 0001:00004e64       ?GetWindowCount@CPluginW2800@@UEAAHXZ 0000000180005e64 f   ConEmuPlugin2800.obj
 0001:00004e94       ?GuiMacroDlg@CPluginW2800@@UEAAXXZ 0000000180005e94 f   ConEmuPlugin2800.obj
 0001:00004e9c       ?InputBox@CPluginW2800@@UEAA_NPEB_W000AEAPEA_W@Z 0000000180005e9c f   ConEmuPlugin2800.obj
 0001:00004f4c       ?IsMacroActive@CPluginW2800@@UEAA_NXZ 0000000180005f4c f   ConEmuPlugin2800.obj
 0001:00004f90       ?LoadFarColors@CPluginW2800@@UEAAXAEAY0BAA@E@Z 0000000180005f90 f   ConEmuPlugin2800.obj
 0001:00005140       ?LoadFarSettings@CPluginW2800@@UEAAXPEAUCEFarInterfaceSettings@@PEAUCEFarPanelSettings@@@Z 0000000180006140 f   ConEmuPlugin2800.obj
 0001:00005280       ?Open@CPluginW2800@@UEAAPEAXPEBX@Z 0000000180006280 f   ConEmuPlugin2800.obj
 0001:000053d0       ?OpenEditor@CPluginW2800@@UEAA_NPEB_W_N11HH@Z 00000001800063d0 f   ConEmuPlugin2800.obj
 0001:000054f4       ?PanelControlApi@CPluginW2800@@UEAA_JPEAXH_J0@Z 00000001800064f4 f   ConEmuPlugin2800.obj
 0001:0000552c       ?PostMacroApi@CPluginW2800@@UEAAXPEB_WPEAU_INPUT_RECORD@@_N@Z 000000018000652c f   ConEmuPlugin2800.obj
 0001:000058d4       ?ProcessEditorInputPtr@CPluginW2800@@UEAAHPEBX@Z 00000001800068d4 f   ConEmuPlugin2800.obj
 0001:000058f4       ?RedrawAll@CPluginW2800@@UEAAXXZ 00000001800068f4 f   ConEmuPlugin2800.obj
 0001:0000592c       ?SetStartupInfoPtr@CPluginW2800@@UEAAXPEAX@Z 000000018000692c f   ConEmuPlugin2800.obj
 0001:00005a94       ?SetWindow@CPluginW2800@@UEAAXH@Z 0000000180006a94 f   ConEmuPlugin2800.obj
 0001:00005be0       ?ShowMessage@CPluginW2800@@UEAAHPEB_WH_N@Z 0000000180006be0 f   ConEmuPlugin2800.obj
 0001:00005c48       ?ShowPluginMenu@CPluginW2800@@UEAAHPEAUConEmuPluginMenuItem@@HH@Z 0000000180006c48 f   ConEmuPlugin2800.obj
 0001:00005db4       ?ShowUserScreen@CPluginW2800@@UEAAX_N@Z 0000000180006db4 f   ConEmuPlugin2800.obj
 0001:00005de0       ?UpdateConEmuTabsApi@CPluginW2800@@UEAA_NH@Z 0000000180006de0 f   ConEmuPlugin2800.obj
 0001:00006768       ?_Getal@?$vector@UWindowInfo@@V?$MArrayAllocator@UWindowInfo@@@@@std@@AEAAAEAV?$MArrayAllocator@UWindowInfo@@@@XZ 0000000180007768 f i ConEmuPlugin2800.obj
 0001:0000676c       ?_Xlength@?$vector@UtagPROCESSENTRY32W@@V?$MArrayAllocator@UtagPROCESSENTRY32W@@@@@std@@CAXXZ 000000018000776c f i common-kernel64:MProcess.obj
 0001:0000676c       ?_Xlength@?$vector@UWindowInfo@@V?$MArrayAllocator@UWindowInfo@@@@@std@@CAXXZ 000000018000776c f i ConEmuPlugin2800.obj
 0001:00006780       ?deallocate@?$MArrayAllocator@UWindowInfo@@@@QEAAXPEAUWindowInfo@@_K@Z 0000000180007780 f i ConEmuPlugin2800.obj
 0001:000067a8       ?erase@?$MArray@UWindowInfo@@@@QEAAX_J0@Z 00000001800077a8 f i ConEmuPlugin2800.obj
 0001:0000683c       ?insert@?$MArray@UWindowInfo@@@@QEAA_J_JAEBUWindowInfo@@0@Z 000000018000783c f i ConEmuPlugin2800.obj
 0001:000068e4       ?insert@?$vector@UWindowInfo@@V?$MArrayAllocator@UWindowInfo@@@@@std@@QEAA?AV?$_Vector_iterator@V?$_Vector_val@U?$_Simple_types@UWindowInfo@@@std@@@std@@@2@V?$_Vector_const_iterator@V?$_Vector_val@U?$_Simple_types@UWindowInfo@@@std@@@std@@@2@_KAEBUWindowInfo@@@Z 00000001800078e4 f i ConEmuPlugin2800.obj
 0001:00006d08       ?push_back@?$MArray@UWindowInfo@@@@QEAA_JAEBUWindowInfo@@@Z 0000000180007d08 f i ConEmuPlugin2800.obj
 0001:00006d8c       ?what@exception@std@@UEBAPEBDXZ 0000000180007d8c f i ConEmuPlugin2800.obj
 0001:00006da0       GetGlobalInfoW             0000000180007da0 f   ConEmuPlugin2800.obj
 0001:00006e38       ??0CPluginW995@@QEAA@XZ    0000000180007e38 f   ConEmuPlugin995.obj
 0001:00006fd0       ??_GCPluginW995@@UEAAPEAXI@Z 0000000180007fd0 f i ConEmuPlugin995.obj
 0001:00006fd0       ??_ECPluginW995@@UEAAPEAXI@Z 0000000180007fd0 f i ConEmuPlugin995.obj
 0001:00007450       ?CheckPanelExist@CPluginW995@@UEAA_NXZ 0000000180008450 f   ConEmuPlugin995.obj
 0001:00007488       ?ExecuteSynchroApi@CPluginW995@@UEAA_NXZ 0000000180008488 f   ConEmuPlugin995.obj
 0001:000074b8       ?ExitFar@CPluginW995@@UEAAXXZ 00000001800084b8 f   ConEmuPlugin995.obj
 0001:0000755c       ?GetActiveWindowType@CPluginW995@@UEAAHXZ 000000018000855c f   ConEmuPlugin995.obj
 0001:0000763c       ?GetEditorModifiedState@CPluginW995@@UEAAKXZ 000000018000863c f   ConEmuPlugin995.obj
 0001:00007694       ?GetFarRect@CPluginW995@@UEAA_NAEAU_SMALL_RECT@@@Z 0000000180008694 f   ConEmuPlugin995.obj
 0001:000076ec       ?GetMacroArea@CPluginW995@@UEAAHXZ 00000001800086ec f   ConEmuPlugin995.obj
 0001:00007744       ?GetMsg@CPluginW995@@UEAAPEB_WHPEA_W_K@Z 0000000180008744 f   ConEmuPlugin995.obj
 0001:000077b4       ?GetPanelDir@CPluginW995@@UEAAPEA_WKPEA_WH@Z 00000001800087b4 f   ConEmuPlugin995.obj
 0001:000078fc       ?GetPanelInfo@CPluginW995@@UEAA_NKPEAUCEPanelInfo@@@Z 00000001800088fc f   ConEmuPlugin995.obj
 0001:00007b3c       ?GetPanelItemInfo@CPluginW995@@UEAA_NAEBUCEPanelInfo@@_N_JAEAU_WIN32_FIND_DATAW@@PEAPEA_W@Z 0000000180008b3c f   ConEmuPlugin995.obj
 0001:00007d14       ?GetPluginInfoPtr@CPluginW995@@UEAAXPEAX@Z 0000000180008d14 f   ConEmuPlugin995.obj
 0001:00007d80       ?GetWindowCount@CPluginW995@@UEAAHXZ 0000000180008d80 f   ConEmuPlugin995.obj
 0001:00007dac       ?GuiMacroDlg@CPluginW995@@UEAAXXZ 0000000180008dac f   ConEmuPlugin995.obj
 0001:00007db4       ?InputBox@CPluginW995@@UEAA_NPEB_W000AEAPEA_W@Z 0000000180008db4 f   ConEmuPlugin995.obj
 0001:00007e64       ?IsMacroActive@CPluginW995@@UEAA_NXZ 0000000180008e64 f   ConEmuPlugin995.obj
 0001:00007ed4       ?LoadFarColors@CPluginW995@@UEAAXAEAY0BAA@E@Z 0000000180008ed4 f   ConEmuPlugin995.obj
 0001:00007f90       ?LoadFarSettings@CPluginW995@@UEAAXPEAUCEFarInterfaceSettings@@PEAUCEFarPanelSettings@@@Z 0000000180008f90 f   ConEmuPlugin995.obj
 0001:00007fec       ?Open@CPluginAnsi@@UEAAPEAXPEBX@Z 0000000180008fec f i ConEmuPluginA.obj
 0001:00007fec       ?Open@CPluginW995@@UEAAPEAXPEBX@Z 0000000180008fec f i ConEmuPlugin995.obj
 0001:00007ff4       ?OpenEditor@CPluginW995@@UEAA_NPEB_W_N11HH@Z 0000000180008ff4 f   ConEmuPlugin995.obj
 0001:000080fc       ?PanelControlApi@CPluginW995@@UEAA_JPEAXH_J0@Z 00000001800090fc f   ConEmuPlugin995.obj
 0001:00008140       ?PostMacroApi@CPluginW995@@UEAAXPEB_WPEAU_INPUT_RECORD@@_N@Z 0000000180009140 f   ConEmuPlugin995.obj
 0001:000081e8       ?ProcessEditorInputPtr@CPluginAnsi@@UEAAHPEBX@Z 00000001800091e8 f i ConEmuPluginA.obj
 0001:000081e8       ?ProcessEditorEventPtr@CPluginW995@@UEAAHPEAX@Z 00000001800091e8 f i ConEmuPlugin995.obj
 0001:000081e8       ?ProcessViewerEventPtr@CPluginW995@@UEAAHPEAX@Z 00000001800091e8 f i ConEmuPlugin995.obj
 0001:000081e8       ?ProcessSynchroEventPtr@CPluginW995@@UEAAHPEAX@Z 00000001800091e8 f i ConEmuPlugin995.obj
 0001:000081e8       ?ProcessViewerEventPtr@CPluginAnsi@@UEAAHPEAX@Z 00000001800091e8 f i ConEmuPluginA.obj
 0001:000081e8       ?ProcessEditorEventPtr@CPluginAnsi@@UEAAHPEAX@Z 00000001800091e8 f i ConEmuPluginA.obj
 0001:000081e8       ?ProcessSynchroEventPtr@CPluginAnsi@@UEAAHPEAX@Z 00000001800091e8 f i ConEmuPluginA.obj
 0001:000081ec       ?ProcessEditorInputPtr@CPluginW995@@UEAAHPEBX@Z 00000001800091ec f   ConEmuPlugin995.obj
 0001:00008208       ?RedrawAll@CPluginW995@@UEAAXXZ 0000000180009208 f   ConEmuPlugin995.obj
 0001:00008238       ?SetStartupInfoPtr@CPluginW995@@UEAAXPEAX@Z 0000000180009238 f   ConEmuPlugin995.obj
 0001:00008390       ?SetWindow@CPluginW995@@UEAAXH@Z 0000000180009390 f   ConEmuPlugin995.obj
 0001:000083dc       ?ShowMessage@CPluginW995@@UEAAHPEB_WH_N@Z 00000001800093dc f   ConEmuPlugin995.obj
 0001:0000843c       ?ShowPluginMenu@CPluginW995@@UEAAHPEAUConEmuPluginMenuItem@@HH@Z 000000018000943c f   ConEmuPlugin995.obj
 0001:00008590       ?ShowUserScreen@CPluginW995@@UEAAX_N@Z 0000000180009590 f   ConEmuPlugin995.obj
 0001:000085bc       ?StopWaitEndSynchro@CPluginW995@@UEAAXXZ 00000001800095bc f   ConEmuPlugin995.obj
 0001:000085ec       ?UpdateConEmuTabsApi@CPluginW995@@UEAA_NH@Z 00000001800095ec f   ConEmuPlugin995.obj
 0001:00008864       ?WaitEndSynchro@CPluginW995@@UEAAXXZ 0000000180009864 f   ConEmuPlugin995.obj
 0001:000089f8       ??0CPluginAnsi@@QEAA@XZ    00000001800099f8 f   ConEmuPluginA.obj
 0001:00008b5c       ??_ECPluginAnsi@@UEAAPEAXI@Z 0000000180009b5c f i ConEmuPluginA.obj
 0001:00008b5c       ??_GCPluginAnsi@@UEAAPEAXI@Z 0000000180009b5c f i ConEmuPluginA.obj
 0001:00009144       ?CheckPanelExist@CPluginAnsi@@UEAA_NXZ 000000018000a144 f   ConEmuPluginA.obj
 0001:0000917c       ?GetFarRect@CPluginAnsi@@UEAA_NAEAU_SMALL_RECT@@@Z 000000018000a17c f i ConEmuPluginA.obj
 0001:0000917c       ?ExecuteSynchroApi@CPluginAnsi@@UEAA_NXZ 000000018000a17c f i ConEmuPluginA.obj
 0001:00009180       ?ExitFar@CPluginAnsi@@UEAAXXZ 000000018000a180 f   ConEmuPluginA.obj
 0001:000091dc       ?GetActiveWindowType@CPluginAnsi@@UEAAHXZ 000000018000a1dc f   ConEmuPluginA.obj
 0001:00009260       ?GetEditorModifiedState@CPluginAnsi@@UEAAKXZ 000000018000a260 f   ConEmuPluginA.obj
 0001:000092b8       _get_startup_argv_mode     000000018000a2b8 f   LIBCMT:argv_mode.obj
 0001:000092b8       ?GetMacroArea@CPluginAnsi@@UEAAHXZ 000000018000a2b8 f   ConEmuPluginA.obj
 0001:000092c0       ?GetMsg@CPluginAnsi@@UEAAPEB_WHPEA_W_K@Z 000000018000a2c0 f   ConEmuPluginA.obj
 0001:00009360       ?GetPanelDir@CPluginAnsi@@UEAAPEA_WKPEA_WH@Z 000000018000a360 f   ConEmuPluginA.obj
 0001:00009458       ?GetPanelInfo@CPluginAnsi@@UEAA_NKPEAUCEPanelInfo@@@Z 000000018000a458 f   ConEmuPluginA.obj
 0001:000096ac       ?GetPanelItemInfo@CPluginAnsi@@UEAA_NAEBUCEPanelInfo@@_N_JAEAU_WIN32_FIND_DATAW@@PEAPEA_W@Z 000000018000a6ac f   ConEmuPluginA.obj
 0001:000097d0       ?GetPluginInfoPtr@CPluginAnsi@@UEAAXPEAX@Z 000000018000a7d0 f   ConEmuPluginA.obj
 0001:0000985c       ?GetWindowCount@CPluginAnsi@@UEAAHXZ 000000018000a85c f   ConEmuPluginA.obj
 0001:00009888       ?GuiMacroDlg@CPluginAnsi@@UEAAXXZ 000000018000a888 f   ConEmuPluginA.obj
 0001:00009890       ?InputBox@CPluginAnsi@@UEAA_NPEB_W000AEAPEA_W@Z 000000018000a890 f   ConEmuPluginA.obj
 0001:000099f0       ?IsMacroActive@CPluginAnsi@@UEAA_NXZ 000000018000a9f0 f   ConEmuPluginA.obj
 0001:00009a64       ?LoadFarColors@CPluginAnsi@@UEAAXAEAY0BAA@E@Z 000000018000aa64 f   ConEmuPluginA.obj
 0001:00009b24       ?LoadFarSettings@CPluginAnsi@@UEAAXPEAUCEFarInterfaceSettings@@PEAUCEFarPanelSettings@@@Z 000000018000ab24 f   ConEmuPluginA.obj
 0001:00009b84       ?OpenEditor@CPluginAnsi@@UEAA_NPEB_W_N11HH@Z 000000018000ab84 f   ConEmuPluginA.obj
 0001:00009cc0       ?PanelControlApi@CPluginAnsi@@UEAA_JPEAXH_J0@Z 000000018000acc0 f   ConEmuPluginA.obj
 0001:00009cfc       ?PostMacroApi@CPluginAnsi@@UEAAXPEB_WPEAU_INPUT_RECORD@@_N@Z 000000018000acfc f   ConEmuPluginA.obj
 0001:00009dd4       ?RedrawAll@CPluginAnsi@@UEAAXXZ 000000018000add4 f   ConEmuPluginA.obj
 0001:00009e08       ?SetStartupInfoPtr@CPluginAnsi@@UEAAXPEAX@Z 000000018000ae08 f   ConEmuPluginA.obj
 0001:00009f64       ?SetWindow@CPluginAnsi@@UEAAXH@Z 000000018000af64 f   ConEmuPluginA.obj
 0001:00009fb8       ?ShowMessage@CPluginAnsi@@UEAAHPEB_WH_N@Z 000000018000afb8 f   ConEmuPluginA.obj
 0001:0000a0b0       ?ShowPluginMenu@CPluginAnsi@@UEAAHPEAUConEmuPluginMenuItem@@HH@Z 000000018000b0b0 f   ConEmuPluginA.obj
 0001:0000a268       ?ShowUserScreen@CPluginAnsi@@UEAAX_N@Z 000000018000b268 f   ConEmuPluginA.obj
 0001:0000a294       ?UpdateConEmuTabsApi@CPluginAnsi@@UEAA_NH@Z 000000018000b294 f   ConEmuPluginA.obj
 0001:0000a550       ??$swprintf_c@$0BAE@@@YAHAEAY0BAE@_WPEB_WZZ 000000018000b550 f i ConEmuPluginBase.obj
 0001:0000a57c       ??$swprintf_c@$0DAM@@@YAHAEAY0DAM@_WPEB_WZZ 000000018000b57c f i ConEmuPluginBase.obj
 0001:0000a5a8       ??$swprintf_c@$0EAA@@@YAHAEAY0EAA@_WPEB_WZZ 000000018000b5a8 f i ConEmuPluginBase.obj
 0001:0000a5d4       ??$swprintf_c@$0MI@@@YAHAEAY0MI@_WPEB_WZZ 000000018000b5d4 f i ConEmuPluginBase.obj
 0001:0000a600       ??$wcscpy_c@$0BBE@@@YAHAEAY0BBE@_WPEB_W@Z 000000018000b600 f i ConEmuPluginBase.obj
 0001:0000a64c       ??$wcscpy_c@$0CAI@@@YAHAEAY0CAI@_WPEB_W@Z 000000018000b64c f i ConEmuPluginBase.obj
 0001:0000a698       ??0CPluginBase@@QEAA@XZ    000000018000b698 f   ConEmuPluginBase.obj
 0001:0000a7c0       ??0MWow64Disable@@QEAA@XZ  000000018000b7c0 f i ConEmuPluginBase.obj
 0001:0000a834       ??1?$MFileMapping@UCESERVER_CONSOLE_MAPPING_HDR@@@@QEAA@XZ 000000018000b834 f i ConEmuPluginBase.obj
 0001:0000a834       ??1?$MFileMapping@UConEmuGuiMapping@@@@QEAA@XZ 000000018000b834 f i common-user64:ConEmuCheckEx.obj
 0001:0000a834       ??1?$MFileMapping@UPanelViewSetMapping@@@@QEAA@XZ 000000018000b834 f i PluginBackground.obj
 0001:0000a888       ??1CPluginBase@@UEAA@XZ    000000018000b888 f   ConEmuPluginBase.obj
 0001:0000a894       ??1MWow64Disable@@QEAA@XZ  000000018000b894 f i ConEmuPluginBase.obj
 0001:0000a8b8       ??_GCPluginBase@@UEAAPEAXI@Z 000000018000b8b8 f i ConEmuPluginBase.obj
 0001:0000a8b8       ??_ECPluginBase@@UEAAPEAXI@Z 000000018000b8b8 f i ConEmuPluginBase.obj
 0001:0000a8e4       ?ActivatePlugin@CPluginBase@@QEAA_NKPEAXK@Z 000000018000b8e4 f   ConEmuPluginBase.obj
 0001:0000aab0       ?AddTab@CPluginBase@@QEAA_NAEAHH_N1HPEB_W2HHHH@Z 000000018000bab0 f   ConEmuPluginBase.obj
 0001:0000ae14       ?AddTabFinish@CPluginBase@@QEAAXH@Z 000000018000be14 f   ConEmuPluginBase.obj
 0001:0000ae20       ?Attach2Gui@CPluginBase@@QEAA_N_N@Z 000000018000be20 f   ConEmuPluginBase.obj
 0001:0000b248       ?BackgroundMacroError@CPluginBase@@SAKPEAX@Z 000000018000c248 f   ConEmuPluginBase.obj
 0001:0000b280       ?CheckBufferEnabled@CPluginBase@@QEAA_NXZ 000000018000c280 f   ConEmuPluginBase.obj
 0001:0000b2e4       ?CheckConEmuDetached@CPluginBase@@SAXXZ 000000018000c2e4 f   ConEmuPluginBase.obj
 0001:0000b518       ?CheckResources@CPluginBase@@QEAAX_N@Z 000000018000c518 f   ConEmuPluginBase.obj
 0001:0000b6f8       ?CloseMapHeader@CPluginBase@@SAXXZ 000000018000c6f8 f   ConEmuPluginBase.obj
 0001:0000b754       ?CloseTabs@CPluginBase@@SAXXZ 000000018000c754 f   ConEmuPluginBase.obj
 0001:0000b7f4       ?CommonPluginStartup@CPluginBase@@QEAAXXZ 000000018000c7f4 f   ConEmuPluginBase.obj
 0001:0000b900       ?CreateTabs@CPluginBase@@SA_NH@Z 000000018000c900 f   ConEmuPluginBase.obj
 0001:0000b9e0       ?DllCheckUnique@CPluginBase@@KA_N_N@Z 000000018000c9e0 f   ConEmuPluginBase.obj
 0001:0000bc1c       ?DllMain_ProcessAttach@CPluginBase@@KAXPEAUHINSTANCE__@@@Z 000000018000cc1c f   ConEmuPluginBase.obj
 0001:0000bd04       ?DllMain_ProcessDetach@CPluginBase@@KAXXZ 000000018000cd04 f   ConEmuPluginBase.obj
 0001:0000bdec       ?EditViewConsoleOutput@CPluginBase@@QEAAX_N@Z 000000018000cdec f   ConEmuPluginBase.obj
 0001:0000bec4       ?EmergencyShow@CPluginBase@@KAXXZ 000000018000cec4 f   ConEmuPluginBase.obj
 0001:0000bf20       ?ExecuteSynchro@CPluginBase@@QEAAXXZ 000000018000cf20 f   ConEmuPluginBase.obj
 0001:0000bfa4       ?ExitFarCommon@CPluginBase@@QEAAX_N@Z 000000018000cfa4 f   ConEmuPluginBase.obj
 0001:0000bfd0       ?FarSetConsoleSize@CPluginBase@@SA_NFF@Z 000000018000cfd0 f   ConEmuPluginBase.obj
 0001:0000c0dc       ?FillLoadedParm@CPluginBase@@SAXPEAUConEmuLoadedArg@@PEAUHINSTANCE__@@H@Z 000000018000d0dc f   ConEmuPluginBase.obj
 0001:0000c1b4       ?FillUpdateBackground@CPluginBase@@QEAAXPEAUPaintBackgroundArg@@@Z 000000018000d1b4 f   ConEmuPluginBase.obj
 0001:0000c330       ?FindServerCmd@CPluginBase@@QEAA_NKAEAK_N@Z 000000018000d330 f   ConEmuPluginBase.obj
 0001:0000c42c       ?GetMainThreadId@CPluginBase@@SAKXZ 000000018000d42c f   ConEmuPluginBase.obj
 0001:0000c4dc       ?GetPanelInfo@CPluginBase@@QEAA_NKPEAUBkPanelInfo@@@Z 000000018000d4dc f   ConEmuPluginBase.obj
 0001:0000c580       ?InitHWND@CPluginBase@@SAXXZ 000000018000d580 f   ConEmuPluginBase.obj
 0001:0000c820       ?InitResources@CPluginBase@@QEAAXXZ 000000018000d820 f   ConEmuPluginBase.obj
 0001:0000ca5c       ?InitRootRegKey@CPluginBase@@IEAAXXZ 000000018000da5c f   ConEmuPluginBase.obj
 0001:0000cb64       ?IsCurrentTabModal@CPluginBase@@QEAA_NXZ 000000018000db64 f   ConEmuPluginBase.obj
 0001:0000cd20       ?LoadFarVersion@CPluginBase@@SA_NXZ 000000018000dd20 f   ConEmuPluginBase.obj
 0001:0000cff0       ?LoadPanelTabsFromRegistry@CPluginBase@@IEAAXXZ 000000018000dff0 f   ConEmuPluginBase.obj
 0001:0000d12c       ?MonitorThreadProcW@CPluginBase@@SAKPEAX@Z 000000018000e12c f   ConEmuPluginBase.obj
 0001:0000d530       ?NotifyConEmuUnloaded@CPluginBase@@SAXXZ 000000018000e530 f   ConEmuPluginBase.obj
 0001:0000d654       ?OnConsoleDetaching@CPluginBase@@SAHPEAUHookCallbackArg@@@Z 000000018000e654 f   ConEmuPluginBase.obj
 0001:0000d780       ?OnConsolePeekInput@CPluginBase@@SAHPEAUHookCallbackArg@@@Z 000000018000e780 f   ConEmuPluginBase.obj
 0001:0000d7e8       ?OnConsolePeekInputPost@CPluginBase@@SAHPEAUHookCallbackArg@@@Z 000000018000e7e8 f   ConEmuPluginBase.obj
 0001:0000d818       ?OnConsolePeekReadInput@CPluginBase@@SAX_N@Z 000000018000e818 f   ConEmuPluginBase.obj
 0001:0000da10       ?OnConsoleReadInput@CPluginBase@@SAHPEAUHookCallbackArg@@@Z 000000018000ea10 f   ConEmuPluginBase.obj
 0001:0000da18       ?OnConsoleReadInputPost@CPluginBase@@SAHPEAUHookCallbackArg@@@Z 000000018000ea18 f   ConEmuPluginBase.obj
 0001:0000dbc8       ?OnConsoleReadInputWork@CPluginBase@@SAHPEAUHookCallbackArg@@@Z 000000018000ebc8 f   ConEmuPluginBase.obj
 0001:0000dc3c       ?OnConsoleWasAttached@CPluginBase@@SAHPEAUHookCallbackArg@@@Z 000000018000ec3c f   ConEmuPluginBase.obj
 0001:0000dca4       ?OnCurDirChanged@CPluginBase@@SAXXZ 000000018000eca4 f   ConEmuPluginBase.obj
 0001:0000dd08       ?OnGetNumberOfConsoleInputEventsPost@CPluginBase@@SAHPEAUHookCallbackArg@@@Z 000000018000ed08 f   ConEmuPluginBase.obj
 0001:0000dd3c       ?OnLibraryLoaded@CPluginBase@@SAXPEAUHINSTANCE__@@@Z 000000018000ed3c f   ConEmuPluginBase.obj
 0001:0000dddc       ?OnMainThreadActivated@CPluginBase@@QEAAXXZ 000000018000eddc f   ConEmuPluginBase.obj
 0001:0000df80       ?OnPanelViewCallbacks@CPluginBase@@SA_NPEAUHookCallbackArg@@P6AHPEAXPEAU_INPUT_RECORD@@KPEAKPEAH@Z5@Z 000000018000ef80 f   ConEmuPluginBase.obj
 0001:0000e058       ?OnPostWriteConsoleOutput@CPluginBase@@SAHPEAUHookCallbackArg@@@Z 000000018000f058 f   ConEmuPluginBase.obj
 0001:0000e064       ?OnShellExecuteExW_Except@CPluginBase@@SAHPEAUHookCallbackArg@@@Z 000000018000f064 f   ConEmuPluginBase.obj
 0001:0000e0a4       ?OnWriteConsoleOutput@CPluginBase@@SAHPEAUHookCallbackArg@@@Z 000000018000f0a4 f   ConEmuPluginBase.obj
 0001:0000e178       ?OpenMapHeader@CPluginBase@@SAHXZ 000000018000f178 f   ConEmuPluginBase.obj
 0001:0000e3d4       ?OpenPluginCommon@CPluginBase@@QEAAPEAXH_J_N@Z 000000018000f3d4 f   ConEmuPluginBase.obj
 0001:0000e6e0       ?OutDataAlloc@CPluginBase@@SA_NK@Z 000000018000f6e0 f   ConEmuPluginBase.obj
 0001:0000e750       ?OutDataRealloc@CPluginBase@@SA_NK@Z 000000018000f750 f   ConEmuPluginBase.obj
 0001:0000e838       ?OutDataWrite@CPluginBase@@SA_NPEAXK@Z 000000018000f838 f   ConEmuPluginBase.obj
 0001:0000e8d8       ?PanelControl@CPluginBase@@QEAA_JPEAXH_J0@Z 000000018000f8d8 f   ConEmuPluginBase.obj
 0001:0000e970       ?Plugin@@YAPEAVCPluginBase@@XZ 000000018000f970 f   ConEmuPluginBase.obj
 0001:0000ea38       ?PrintText@CPluginBase@@QEAA_NPEB_W@Z 000000018000fa38 f   ConEmuPluginBase.obj
 0001:0000eb80       ?ProcessCommand@CPluginBase@@QEAA_NKHPEAXPEAPEAUCESERVER_REQ@@_N@Z 000000018000fb80 f   ConEmuPluginBase.obj
 0001:0000f024       ?ProcessCommandLine@CPluginBase@@QEAA_NPEA_W@Z 0000000180010024 f   ConEmuPluginBase.obj
 0001:0000f070       ?ProcessDragFrom@CPluginBase@@QEAAXXZ 0000000180010070 f   ConEmuPluginBase.obj
 0001:0000f548       ?ProcessDragTo@CPluginBase@@QEAAXXZ 0000000180010548 f   ConEmuPluginBase.obj
 0001:0000f8a4       ?ProcessEditorInputInternal@CPluginBase@@QEAAXAEBU_INPUT_RECORD@@@Z 00000001800108a4 f   ConEmuPluginBase.obj
 0001:0000f8d0       ?ProcessEditorViewerEvent@CPluginBase@@QEAAHHH@Z 00000001800108d0 f   ConEmuPluginBase.obj
 0001:0000f984       ?ProcessSetWindowCommand@CPluginBase@@QEAAXXZ 0000000180010984 f   ConEmuPluginBase.obj
 0001:0000faa8       ?ProcessSynchroEvent@CPluginBase@@QEAAHHPEAX@Z 0000000180010aa8 f   ConEmuPluginBase.obj
 0001:0000fb2c       ?ReloadFarInfo@CPluginBase@@QEAA_N_N@Z 0000000180010b2c f   ConEmuPluginBase.obj
 0001:0000fdb8       ?ReloadFarInfoApi@CPluginBase@@IEAA_NXZ 0000000180010db8 f   ConEmuPluginBase.obj
 0001:0000ff8c       ?RunExternalProgram@CPluginBase@@QEAA_NPEA_W@Z 0000000180010f8c f   ConEmuPluginBase.obj
 0001:00010108       ?RunExternalProgramW@CPluginBase@@SA_NPEA_W0_N@Z 0000000180011108 f   ConEmuPluginBase.obj
 0001:0001036c       ?SendTabs@CPluginBase@@SAXH_N@Z 000000018001136c f   ConEmuPluginBase.obj
 0001:00010528       ?SetRootRegKey@CPluginBase@@IEAAXPEA_W@Z 0000000180011528 f   ConEmuPluginBase.obj
 0001:000105e0       ?ShowConsoleInfo@CPluginBase@@QEAAXXZ 00000001800115e0 f   ConEmuPluginBase.obj
 0001:000107e4       ?ShowMessage@CPluginBase@@QEAAHHH@Z 00000001800117e4 f   ConEmuPluginBase.obj
 0001:00010860       ?ShowMessageBox@CPluginBase@@KAHPEB_WI@Z 0000000180011860 f   ConEmuPluginBase.obj
 0001:00010944       ?ShowMessageGui@CPluginBase@@QEAAHHH@Z 0000000180011944 f   ConEmuPluginBase.obj
 0001:000109cc       ?ShowPanelsList@CPluginBase@@QEAAXXZ 00000001800119cc f   ConEmuPluginBase.obj
 0001:00010b38       ?ShowPluginMenu@CPluginBase@@QEAAXW4PluginCallCommands@@@Z 0000000180011b38 f   ConEmuPluginBase.obj
 0001:00010d4c       ?ShowProtocolWarning@CPluginBase@@KAXXZ 0000000180011d4c f   ConEmuPluginBase.obj
 0001:00010ec4       ?ShowTabsList@CPluginBase@@QEAAXXZ 0000000180011ec4 f   ConEmuPluginBase.obj
 0001:0001116c       ?StartDebugger@CPluginBase@@QEAA_NXZ 000000018001216c f   ConEmuPluginBase.obj
 0001:00011420       ?StopThread@CPluginBase@@QEAAX_N@Z 0000000180012420 f   ConEmuPluginBase.obj
 0001:000116fc       ?StorePanelDirs@CPluginBase@@QEAA_NPEB_W0@Z 00000001800126fc f   ConEmuPluginBase.obj
 0001:0001186c       ?StringCchCatW@@YAJPEA_W_KPEB_W@Z 000000018001286c f i ConEmuPluginBase.obj
 0001:0001192c       ?StringCchCopyW@@YAJPEA_W_KPEB_W@Z 000000018001292c f i ConEmuPluginBase.obj
 0001:00011998       ?SwitchTabCommand@CPluginBase@@QEAAXW4PluginMenuCommands@@@Z 0000000180012998 f   ConEmuPluginBase.obj
 0001:00011a1c       ?ToOem@CPluginBase@@SAPEADPEB_W@Z 0000000180012a1c f   ConEmuPluginBase.obj
 0001:00011a88       ?ToOem@CPluginBase@@SAXPEB_WPEAD_J@Z 0000000180012a88 f   ConEmuPluginBase.obj
 0001:00011ac8       ?ToUnicode@CPluginBase@@SAPEA_WPEBD@Z 0000000180012ac8 f   ConEmuPluginBase.obj
 0001:00011b54       ?TouchReadPeekConsoleInputs@CPluginBase@@SAXH@Z 0000000180012b54 f   ConEmuPluginBase.obj
 0001:00011ba0       ?UngetDummyMouseEvent@CPluginBase@@SA_N_NPEAUHookCallbackArg@@@Z 0000000180012ba0 f   ConEmuPluginBase.obj
 0001:00011d4c       ?UpdateConEmuTabs@CPluginBase@@QEAA_N_N@Z 0000000180012d4c f   ConEmuPluginBase.obj
 0001:00011fcc       ?UpdatePanelDirs@CPluginBase@@QEAAXXZ 0000000180012fcc f   ConEmuPluginBase.obj
 0001:00012190       ?WaitPluginActivation@CPluginBase@@SAKKPEAPEAXHK@Z 0000000180013190 f   ConEmuPluginBase.obj
 0001:000122a0       ?cmd_CloseQSearch@CPluginBase@@QEAAXXZ 00000001800132a0 f   ConEmuPluginBase.obj
 0001:000122dc       ?cmd_ConSetFont@CPluginBase@@QEAAXPEAX@Z 00000001800132dc f   ConEmuPluginBase.obj
 0001:00012330       ?cmd_EMenu@CPluginBase@@QEAAXPEAX@Z 0000000180013330 f   ConEmuPluginBase.obj
 0001:0001244c       ?cmd_ExternalCallback@CPluginBase@@QEAA_NPEAX@Z 000000018001344c f   ConEmuPluginBase.obj
 0001:000124b0       ?cmd_GuiChanged@CPluginBase@@QEAAXPEAX@Z 00000001800134b0 f   ConEmuPluginBase.obj
 0001:0001253c       ?cmd_LeftClickSync@CPluginBase@@QEAAXPEAX@Z 000000018001353c f   ConEmuPluginBase.obj
 0001:00012628       ?cmd_OpenEditorLine@CPluginBase@@QEAA_NPEAUCESERVER_REQ_FAREDITOR@@@Z 0000000180013628 f   ConEmuPluginBase.obj
 0001:000126f4       ?cmd_RedrawFarCall@CPluginBase@@QEAA_NAEAPEAUCESERVER_REQ@@PEAPEAU2@@Z 00000001800136f4 f   ConEmuPluginBase.obj
 0001:000127c8       ?cmd_SetWindow@CPluginBase@@QEAA_NPEAX_N@Z 00000001800137c8 f   ConEmuPluginBase.obj
 0001:00012854       ?isMacroActive@CPluginBase@@QEAA_NAEAH@Z 0000000180013854 f   ConEmuPluginBase.obj
 0001:00012890       ?isModalEditorViewer@CPluginBase@@QEAA_NXZ 0000000180013890 f   ConEmuPluginBase.obj
 0001:000128bc       ?pcc_Disabled@CPluginBase@@SA_NW4PluginMenuCommands@@@Z 00000001800138bc f   ConEmuPluginBase.obj
 0001:00012930       ?pcc_Selected@CPluginBase@@SA_NW4PluginMenuCommands@@@Z 0000000180013930 f   ConEmuPluginBase.obj
 0001:0001298c       ??0CPluginBackground@@QEAA@XZ 000000018001398c f   PluginBackground.obj
 0001:00012bb0       ??1CPluginBackground@@QEAA@XZ 0000000180013bb0 f   PluginBackground.obj
 0001:00012d8c       ?CheckPanelFolders@CPluginBackground@@IEAAXH@Z 0000000180013d8c f   PluginBackground.obj
 0001:00012e5c       ?IsParmChanged@CPluginBackground@@IEAA_NPEAUPaintBackgroundArg@@0@Z 0000000180013e5c f   PluginBackground.obj
 0001:000130d4       ?LoadThSet@CPluginBackground@@IEAAHH@Z 00000001800140d4 f   PluginBackground.obj
 0001:000134d0       ?MonitorBackground@CPluginBackground@@QEAAXXZ 00000001800144d0 f   PluginBackground.obj
 0001:00013538       ?OnMainThreadActivated@CPluginBackground@@QEAAXHH@Z 0000000180014538 f   PluginBackground.obj
 0001:000135fc       ?ReallocItems@CPluginBackground@@IEAAXH@Z 00000001800145fc f   PluginBackground.obj
 0001:00013680       ?RegisterSubplugin@CPluginBackground@@QEAAHPEAURegisterBackgroundArg@@@Z 0000000180014680 f   PluginBackground.obj
 0001:00013908       ?SetDcPanelRect@CPluginBackground@@IEAAXPEAUtagRECT@@PEAUBkPanelInfo@@PEAUPaintBackgroundArg@@@Z 0000000180014908 f   PluginBackground.obj
 0001:000139dc       ?SetForceThLoad@CPluginBackground@@QEAAXXZ 00000001800149dc f   PluginBackground.obj
 0001:000139f4       ?SetForceUpdate@CPluginBackground@@QEAAX_N@Z 00000001800149f4 f   PluginBackground.obj
 0001:00013a14       ?UpdateBackground@CPluginBackground@@IEAAXXZ 0000000180014a14 f   PluginBackground.obj
 0001:00014288       ?UpdateBackground_Exec@CPluginBackground@@KAXPEAURegisterBackgroundArg@@PEAUPaintBackgroundArg@@@Z 0000000180015288 f   PluginBackground.obj
 0001:000142cc       ??$swprintf_c@$09@@YAHAEAY09_WPEB_WZZ 00000001800152cc f i PluginSrv.obj
 0001:000142f8       ??$wcscpy_c@$0BAE@@@YAHAEAY0BAE@_WPEB_W@Z 00000001800152f8 f i PluginSrv.obj
 0001:00014344       ?DumpError@?$PipeServer@UCESERVER_REQ@@@@IEAAXPEAUPipeInst@1@PEB_WH@Z 0000000180015344 f i PluginSrv.obj
 0001:00014458       ?PipeServerRead@?$PipeServer@UCESERVER_REQ@@@@IEAAHPEAUPipeInst@1@@Z 0000000180015458 f i PluginSrv.obj
 0001:0001472c       ?PipeServerThread@?$PipeServer@UCESERVER_REQ@@@@IEAAKPEAUPipeInst@1@@Z 000000018001572c f i PluginSrv.obj
 0001:000149fc       ?PipeServerWrite@?$PipeServer@UCESERVER_REQ@@@@IEAAHPEAUPipeInst@1@PEBXKPEAKH@Z 00000001800159fc f i PluginSrv.obj
 0001:00014b28       ?PlugServerCommand@@YAHPEAXPEAUCESERVER_REQ@@AEAPEAU1@AEAK3_J@Z 0000000180015b28 f   PluginSrv.obj
 0001:000150d8       ?PlugServerFree@@YAXPEAUCESERVER_REQ@@_J@Z 00000001800160d8 f   PluginSrv.obj
 0001:000150f0       ?PlugServerStart@@YA_NXZ   00000001800160f0 f   PluginSrv.obj
 0001:00015210       ?PlugServerStop@@YAX_N@Z   0000000180016210 f   PluginSrv.obj
 0001:00015264       ?StartPipeInstance@?$PipeServer@UCESERVER_REQ@@@@IEAA_NPEAUPipeInst@1@@Z 0000000180016264 f i PluginSrv.obj
 0001:000153f4       ?StartPipeServer@?$PipeServer@UCESERVER_REQ@@@@QEAA_N_NPEB_W_JPEAU_SECURITY_ATTRIBUTES@@P6AHPEAXPEAUCESERVER_REQ@@AEAPEAU3@AEAK72@ZP6AX52@ZP6AH42@ZP6AH42@ZP6AH42@Z@Z 00000001800163f4 f i PluginSrv.obj
 0001:00015584       ?StopPipeServer@?$PipeServer@UCESERVER_REQ@@@@QEAAX_NAEA_N@Z 0000000180016584 f i PluginSrv.obj
 0001:00015924       ?WaitForClient@?$PipeServer@UCESERVER_REQ@@@@IEAA_NPEAUPipeInst@1@AEAH1@Z 0000000180016924 f i PluginSrv.obj
 0001:00015c3c       ?WaitOverlapped@?$PipeServer@UCESERVER_REQ@@@@IEAAHPEAUPipeInst@1@PEAK@Z 0000000180016c3c f i PluginSrv.obj
 0001:00015e10       ?WriteDummyAnswer@?$PipeServer@UCESERVER_REQ@@@@IEAAHPEAUPipeInst@1@@Z 0000000180016e10 f i PluginSrv.obj
 0001:00015ea8       ?_PipeServerThread@?$PipeServer@UCESERVER_REQ@@@@KAKPEAX@Z 0000000180016ea8 f i PluginSrv.obj
 0001:00015f04       ?cmd_FarSetChanged@@YAXPEAUFAR_REQ_FARSETCHANGED@@@Z 0000000180016f04 f   PluginSrv.obj
 0001:00015f5e       GetFileVersionInfoSizeW    0000000180016f5e f   version:VERSION.dll
 0001:00015f64       GetFileVersionInfoW        0000000180016f64 f   version:VERSION.dll
 0001:00015f6a       VerQueryValueW             0000000180016f6a f   version:VERSION.dll
 0001:00015f70       CreateToolhelp32Snapshot   0000000180016f70 f   kernel32:KERNEL32.dll
 0001:00015f76       Thread32First              0000000180016f76 f   kernel32:KERNEL32.dll
 0001:00015f7c       Thread32Next               0000000180016f7c f   kernel32:KERNEL32.dll
 0001:00015f82       Module32FirstW             0000000180016f82 f   kernel32:KERNEL32.dll
 0001:00015f88       Module32NextW              0000000180016f88 f   kernel32:KERNEL32.dll
 0001:00015f90       ??2@YAPEAX_K@Z             0000000180016f90 f   common-kernel64:Memory.obj
 0001:00015fc4       ??3@YAXPEAX@Z              0000000180016fc4 f   common-kernel64:Memory.obj
 0001:00015fd8       ??_U@YAPEAX_K@Z            0000000180016fd8 f   common-kernel64:Memory.obj
 0001:00015fec       ??_V@YAXPEAX@Z             0000000180016fec f   common-kernel64:Memory.obj
 0001:00016000       ?HeapDeinitialize@@YAXXZ   0000000180017000 f   common-kernel64:Memory.obj
 0001:00016060       ?HeapInitialize@@YA_NXZ    0000000180017060 f   common-kernel64:Memory.obj
 0001:0001609c       ?xf_calloc@@YAPEAX_K0PEBDH@Z 000000018001709c f   common-kernel64:Memory.obj
 0001:0001613c       ?xf_free@@YAXPEAXPEBDH@Z   000000018001713c f   common-kernel64:Memory.obj
 0001:000161cc       ?xf_malloc@@YAPEAX_KPEBDH@Z 00000001800171cc f   common-kernel64:Memory.obj
 0001:00016268       ?xf_realloc@@YAPEAXPEAX_KPEBDH@Z 0000000180017268 f   common-kernel64:Memory.obj
 0001:00016330       ?xf_set_tag@@YAXPEAXPEBDH_N@Z 0000000180017330 f   common-kernel64:Memory.obj
 0001:000163d8       ??$wcscpy_c@$0CA@@@YAHAEAY0CA@_WPEB_W@Z 00000001800173d8 f i common-kernel64:ConEmuCheck.obj
 0001:00016424       ?ExecuteCmd@@YAPEAUCESERVER_REQ@@PEB_WPEAU1@KPEAUHWND__@@HKH@Z 0000000180017424 f   common-kernel64:ConEmuCheck.obj
 0001:00016630       ?ExecuteFreeResult@@YAXAEAPEAUCESERVER_REQ@@@Z 0000000180017630 f   common-kernel64:ConEmuCheck.obj
 0001:0001665c       ?ExecuteGuiCmd@@YAPEAUCESERVER_REQ@@PEAUHWND__@@PEAU1@0H@Z 000000018001765c f   common-kernel64:ConEmuCheck.obj
 0001:0001671c       ?ExecuteNewCmd@@YAPEAUCESERVER_REQ@@K_K@Z 000000018001771c f   common-kernel64:ConEmuCheck.obj
 0001:0001678c       ?ExecuteNewCmd@@YA_NAEAPEAUCESERVER_REQ@@AEAKK_K@Z 000000018001778c f   common-kernel64:ConEmuCheck.obj
 0001:0001681c       ?ExecuteOpenPipe@@YAPEAXPEB_WAEAY0CAI@_W0KKHPEAXH@Z 000000018001781c f   common-kernel64:ConEmuCheck.obj
 0001:000169cc       ?ExecutePrepareCmd@@YAXPEAUCESERVER_REQ@@K_K@Z 00000001800179cc f   common-kernel64:ConEmuCheck.obj
 0001:00016a08       ?ExecutePrepareCmd@@YAXPEAUCESERVER_REQ_HDR@@K_K@Z 0000000180017a08 f   common-kernel64:ConEmuCheck.obj
 0001:00016a78       ?ExecuteSrvCmd@@YAPEAUCESERVER_REQ@@KPEAU1@PEAUHWND__@@HKH@Z 0000000180017a78 f   common-kernel64:ConEmuCheck.obj
 0001:00016b4c       ?GetConEmuHWND@@YAPEAUHWND__@@H@Z 0000000180017b4c f   common-kernel64:ConEmuCheck.obj
 0001:00016ca8       ?GuiMessageBox@@YAHPEAUHWND__@@PEB_W1H@Z 0000000180017ca8 f   common-kernel64:ConEmuCheck.obj
 0001:00016e30       ?LoadSrvMapping@@YAHPEAUHWND__@@AEAUCESERVER_CONSOLE_MAPPING_HDR@@@Z 0000000180017e30 f   common-kernel64:ConEmuCheck.obj
 0001:00017098       ?ModuleName@@YAPEB_WPEB_W@Z 0000000180018098 f   common-kernel64:ConEmuCheck.obj
 0001:00017158       ?isConsoleClass@@YA_NPEB_W@Z 0000000180018158 f   common-kernel64:ConEmuCheck.obj
 0001:000171a8       ?isConsoleWindow@@YA_NPEAUHWND__@@@Z 00000001800181a8 f   common-kernel64:ConEmuCheck.obj
 0001:00017298       ?myGetConsoleWindow@@YAPEAUHWND__@@XZ 0000000180018298 f   common-kernel64:ConEmuCheck.obj
 0001:00017334       ?StringCchVPrintfA@@YAJPEAD_KPEBD0@Z 0000000180018334 f i common-kernel64:MStrSafe.obj
 0001:000173dc       ?lstrcmpni@@YAHPEB_W0H@Z   00000001800183dc f   common-kernel64:MStrSafe.obj
 0001:000174f0       ?msprintf@@YAPEB_WPEA_W_KPEB_WZZ 00000001800184f0 f   common-kernel64:MStrSafe.obj
 0001:00017900       ?sprintf_c@@YAHPEAD_JPEBDZZ 0000000180018900 f   common-kernel64:MStrSafe.obj
 0001:00017940       ?swprintf_c@@YAHPEA_W_JPEB_WZZ 0000000180018940 f   common-kernel64:MStrSafe.obj
 0001:00017980       ?IsFilePath@@YA_NPEB_W_N@Z 0000000180018980 f   common-kernel64:CmdLine.obj
 0001:00017ad0       ?PointToExt@@YAPEB_WPEB_W@Z 0000000180018ad0 f   common-kernel64:CmdLine.obj
 0001:00017af4       ?PointToName@@YAPEB_WPEB_W@Z 0000000180018af4 f   common-kernel64:CmdLine.obj
 0001:00017b50       ?Unquote@@YAPEB_WPEA_W_N@Z 0000000180018b50 f   common-kernel64:CmdLine.obj
 0001:00017bb8       ??$sprintf_c@$0CI@@@YAHAEAY0CI@DPEBDZZ 0000000180018bb8 f i common-kernel64:WThreads.obj
 0001:00017be4       ?SetThreadName@@YAXKPEAD@Z 0000000180018be4 f   common-kernel64:WThreads.obj
 0001:00017c1c       ?apiCreateThread@@YAPEAXP6AKPEAX@Z0PEAKPEBDH@Z 0000000180018c1c f   common-kernel64:WThreads.obj
 0001:00017d64       ?apiTerminateThreadEx@@YAHPEAXKPEBDH@Z 0000000180018d64 f   common-kernel64:WThreads.obj
 0001:00017e6c       ?apiThreadHelper@@YAKPEAX@Z 0000000180018e6c f   common-kernel64:WThreads.obj
 0001:00018078       ?lstrdup@@YAPEA_WPEB_W_K@Z 0000000180019078 f   common-kernel64:MStrDup.obj
 0001:000180f8       ?lstrmerge@@YAPEA_WPEB_W00000000@Z 00000001800190f8 f   common-kernel64:MStrDup.obj
 0001:00018244       ?lstrmerge@@YA_NPEAPEA_WPEB_W1111111@Z 0000000180019244 f   common-kernel64:MStrDup.obj
 0001:000182cc       ??0CEnvStrings@@QEAA@PEA_W@Z 00000001800192cc f   common-kernel64:EnvVar.obj
 0001:00018340       ??1CEnvStrings@@QEAA@XZ    0000000180019340 f   common-kernel64:EnvVar.obj
 0001:00018364       ?Clear@CEnvRestorer@@QEAAXXZ 0000000180019364 f   common-kernel64:EnvVar.obj
 0001:0001838c       ?ExpandEnvStr@@YAPEA_WPEB_W@Z 000000018001938c f   common-kernel64:EnvVar.obj
 0001:00018458       ?GetEnvVar@@YAPEA_WPEB_W@Z 0000000180019458 f   common-kernel64:EnvVar.obj
 0001:00018528       ?SavePathVar@CEnvRestorer@@QEAAXPEB_W@Z 0000000180019528 f   common-kernel64:EnvVar.obj
 0001:0001855c       ?CommonShutdown@@YAXXZ     000000018001955c f   common-kernel64:Common.obj
 0001:0001856c       ?IsEnvBlockVariableValid@@YA_NPEB_W@Z 000000018001956c f   common-kernel64:Common.obj
 0001:000185a0       ?IsEnvBlockVariableValid@@YA_NPEB_WAEAPEB_W@Z 00000001800195a0 f   common-kernel64:Common.obj
 0001:000185f4       ?SetCommand@CESERVER_REQ_NEWCMD@@QEAAXPEB_W@Z 00000001800195f4 f   common-kernel64:Common.obj
 0001:0001865c       ?SetEnvStrings@CESERVER_REQ_NEWCMD@@QEAAXPEB_WK@Z 000000018001965c f   common-kernel64:Common.obj
 0001:00018774       ??_GMNullDesc@@QEAAPEAXI@Z 0000000180019774 f i common-kernel64:MSecurity.obj
 0001:000187e8       ?LoadAdvApi@MNullDesc@@IEAAHXZ 00000001800197e8 f i common-kernel64:MSecurity.obj
 0001:0001899c       ?LocalSecurity@@YAPEAU_SECURITY_ATTRIBUTES@@XZ 000000018001999c f   common-kernel64:MSecurity.obj
 0001:000189f4       ?LocalSecurity@MNullDesc@@QEAAPEAU_SECURITY_ATTRIBUTES@@XZ 00000001800199f4 f i common-kernel64:MSecurity.obj
 0001:00018b70       ?ShutdownSecurity@@YAXXZ   0000000180019b70 f   common-kernel64:MSecurity.obj
 0001:00018b98       ??0CEStr@@QEAA@$$QEAPEA_W@Z 0000000180019b98 f   common-kernel64:CEStr.obj
 0001:00018bb8       ??0CEStr@@QEAA@PEB_W00000000@Z 0000000180019bb8 f   common-kernel64:CEStr.obj
 0001:00018c50       ??0CEStr@@QEAA@XZ          0000000180019c50 f   common-kernel64:CEStr.obj
 0001:00018c60       ??0bad_alloc@stdext@@QEAA@AEBV01@@Z 0000000180019c60 f i common-kernel64:CEStr.obj
 0001:00018c80       ??0bad_alloc@stdext@@QEAA@XZ 0000000180019c80 f i common-kernel64:CEStr.obj
 0001:00018c9c       ??0exception@stdext@@QEAA@AEBV01@@Z 0000000180019c9c f i common-kernel64:CEStr.obj
 0001:00018cb4       ??1CEStr@@QEAA@XZ          0000000180019cb4 f   common-kernel64:CEStr.obj
 0001:00018ce4       ??1bad_alloc@stdext@@UEAA@XZ 0000000180019ce4 f i common-kernel64:CEStr.obj
 0001:00018cf0       ??4CEStr@@QEAAAEAU0@PEB_W@Z 0000000180019cf0 f   common-kernel64:CEStr.obj
 0001:00018d10       ??BCEStr@@QEBAPEB_WXZ      0000000180019d10 f   common-kernel64:CEStr.obj
 0001:00018d14       ??_Gexception@stdext@@UEAAPEAXI@Z 0000000180019d14 f i common-kernel64:CEStr.obj
 0001:00018d14       ??_Eexception@stdext@@UEAAPEAXI@Z 0000000180019d14 f i common-kernel64:CEStr.obj
 0001:00018d14       ??_Ebad_alloc@stdext@@UEAAPEAXI@Z 0000000180019d14 f i common-kernel64:CEStr.obj
 0001:00018d14       ??_Gbad_alloc@stdext@@UEAAPEAXI@Z 0000000180019d14 f i common-kernel64:CEStr.obj
 0001:00018d40       ?AttachInt@CEStr@@AEAAPEB_WAEAPEA_W@Z 0000000180019d40 f   common-kernel64:CEStr.obj
 0001:00018dc4       ?Clear@CEStr@@QEAAXW4StrClearFlags@@@Z 0000000180019dc4 f   common-kernel64:CEStr.obj
 0001:00018dfc       ?GetBuffer@CEStr@@QEAAPEA_W_J@Z 0000000180019dfc f   common-kernel64:CEStr.obj
 0001:00018edc       ?GetLen@CEStr@@QEBA_JXZ    0000000180019edc f   common-kernel64:CEStr.obj
 0001:00018f04       ?GetMaxCount@CEStr@@QEAA_JXZ 0000000180019f04 f   common-kernel64:CEStr.obj
 0001:00018f30       ?Set@CEStr@@QEAAPEB_WPEB_W_J@Z 0000000180019f30 f   common-kernel64:CEStr.obj
 0001:00019018       ?StringCchCopyNW@@YAJPEA_W_KPEB_W1@Z 000000018001a018 f i common-kernel64:CEStr.obj
 0001:0001908c       ?_Doraise@bad_alloc@stdext@@MEBAXXZ 000000018001a08c f i common-kernel64:CEStr.obj
 0001:000190a8       ?what@exception@stdext@@UEBAPEBDXZ 000000018001a0a8 f i common-kernel64:CEStr.obj
 0001:000190bc       ?FileExists@@YA_NPEB_WPEAK@Z 000000018001a0bc f   common-kernel64:WObjects.obj
 0001:0001923c       ?IsWin6@@YA_NXZ            000000018001a23c f   common-kernel64:WObjects.obj
 0001:00019270       ?IsWinVerOrHigher@@YA_NG@Z 000000018001a270 f   common-kernel64:WObjects.obj
 0001:00019304       ?IsWindows64@@YA_NXZ       000000018001a304 f   common-kernel64:WObjects.obj
 0001:00019328       ?_VerifyVersionInfo@@YA_NPEAU_OSVERSIONINFOEXW@@K_K@Z 000000018001a328 f   common-kernel64:WObjects.obj
 0001:000193d8       ?Init@HkFunc@@QEAA_NPEB_WPEAUHINSTANCE__@@@Z 000000018001a3d8 f   common-kernel64:HkFunc.obj
 0001:00019468       ?isConEmuHk@HkFunc@@QEAA_NXZ 000000018001a468 f   common-kernel64:HkFunc.obj
 0001:00019470       ??$_Emplace_reallocate@AEBUtagPROCESSENTRY32W@@@?$vector@UtagPROCESSENTRY32W@@V?$MArrayAllocator@UtagPROCESSENTRY32W@@@@@std@@QEAAPEAUtagPROCESSENTRY32W@@QEAU2@AEBU2@@Z 000000018001a470 f i common-kernel64:MProcess.obj
 0001:00019678       ??$emplace_back@AEBUtagPROCESSENTRY32W@@@?$vector@UtagPROCESSENTRY32W@@V?$MArrayAllocator@UtagPROCESSENTRY32W@@@@@std@@QEAAXAEBUtagPROCESSENTRY32W@@@Z 000000018001a678 f i common-kernel64:MProcess.obj
 0001:00019714       ??0?$MToolHelp@UtagPROCESSENTRY32W@@$1?Process32FirstW@@YAHPEAXPEAU1@@Z$1?Process32NextW@@YAH01@Z@@QEAA@KK@Z 000000018001a714 f i common-kernel64:MProcess.obj
 0001:00019780       ??_GMToolHelpProcess@@UEAAPEAXI@Z 000000018001a780 f i common-kernel64:MProcess.obj
 0001:00019780       ??_EMToolHelpProcess@@UEAAPEAXI@Z 000000018001a780 f i common-kernel64:MProcess.obj
 0001:00019780       ??_E?$MToolHelp@UtagPROCESSENTRY32W@@$1?Process32FirstW@@YAHPEAXPEAU1@@Z$1?Process32NextW@@YAH01@Z@@UEAAPEAXI@Z 000000018001a780 f i common-kernel64:MProcess.obj
 0001:00019780       ??_G?$MToolHelp@UtagPROCESSENTRY32W@@$1?Process32FirstW@@YAHPEAXPEAU1@@Z$1?Process32NextW@@YAH01@Z@@UEAAPEAXI@Z 000000018001a780 f i common-kernel64:MProcess.obj
 0001:000197f8       ?Close@?$MToolHelp@UtagPROCESSENTRY32W@@$1?Process32FirstW@@YAHPEAXPEAU1@@Z$1?Process32NextW@@YAH01@Z@@QEAAX_N@Z 000000018001a7f8 f i common-kernel64:MProcess.obj
 0001:00019884       __acrt_uninitialize_command_line 000000018001a884 f i libucrt:argv_data.obj
 0001:00019884       ?Filter@?$MToolHelp@UtagPROCESSENTRY32W@@$1?Process32FirstW@@YAHPEAXPEAU1@@Z$1?Process32NextW@@YAH01@Z@@MEAA_NPEAUtagPROCESSENTRY32W@@@Z 000000018001a884 f i common-kernel64:MProcess.obj
 0001:00019888       ?Find@?$MToolHelp@UtagPROCESSENTRY32W@@$1?Process32FirstW@@YAHPEAXPEAU1@@Z$1?Process32NextW@@YAH01@Z@@QEAA_NP6A_NPEAUtagPROCESSENTRY32W@@_J@Z10@Z 000000018001a888 f i common-kernel64:MProcess.obj
 0001:00019990       ?Next@?$MToolHelp@UtagPROCESSENTRY32W@@$1?Process32FirstW@@YAHPEAXPEAU1@@Z$1?Process32NextW@@YAH01@Z@@QEAA_NPEAUtagPROCESSENTRY32W@@@Z 000000018001a990 f i common-kernel64:MProcess.obj
 0001:00019a10       ?compare@cmp@?1??Find@MToolHelpProcess@@QEAA_NKPEAUtagPROCESSENTRY32W@@@Z@SA_N0_J@Z 000000018001aa10 f i common-kernel64:MProcess.obj
 0001:00019a18       ?getNext@?$MToolHelp@UtagPROCESSENTRY32W@@$1?Process32FirstW@@YAHPEAXPEAU1@@Z$1?Process32NextW@@YAH01@Z@@IEAA_NXZ 000000018001aa18 f i common-kernel64:MProcess.obj
 0001:00019adc       ?isTerminalMode@@YA_NXZ    000000018001aadc f   common-kernel64:MProcess.obj
 0001:00019c40       ??0MSection@@QEAA@XZ       000000018001ac40 f   common-kernel64:MSection.obj
 0001:00019cc8       ??0MSectionLock@@QEAA@XZ   000000018001acc8 f   common-kernel64:MSection.obj
 0001:00019cd8       ??0MSectionThread@@QEAA@PEAVMSection@@@Z 000000018001acd8 f   common-kernel64:MSection.obj
 0001:00019cf8       ??1MSection@@QEAA@XZ       000000018001acf8 f   common-kernel64:MSection.obj
 0001:00019d60       ??1MSectionLock@@QEAA@XZ   000000018001ad60 f   common-kernel64:MSection.obj
 0001:00019d84       ??1MSectionThread@@QEAA@XZ 000000018001ad84 f   common-kernel64:MSection.obj
 0001:00019dc0       ?AddRef@MSection@@IEAAXK@Z 000000018001adc0 f   common-kernel64:MSection.obj
 0001:00019e54       ?Lock@MSection@@IEAAHHK@Z  000000018001ae54 f   common-kernel64:MSection.obj
 0001:00019f50       ?Lock@MSectionLock@@QEAAHPEAVMSection@@HK@Z 000000018001af50 f   common-kernel64:MSection.obj
 0001:00019fa4       ?MyEnterCriticalSection@MSection@@IEAA_NK@Z 000000018001afa4 f   common-kernel64:MSection.obj
 0001:0001a0d0       ?ReleaseRef@MSection@@IEAAHK@Z 000000018001b0d0 f   common-kernel64:MSection.obj
 0001:0001a170       ?Unlock@MSection@@IEAAXH@Z 000000018001b170 f   common-kernel64:MSection.obj
 0001:0001a1c8       ?Unlock@MSectionLock@@QEAAXXZ 000000018001b1c8 f   common-kernel64:MSection.obj
 0001:0001a1f4       ?WaitUnlocked@MSection@@IEAAXKK@Z 000000018001b1f4 f   common-kernel64:MSection.obj
 0001:0001a288       ?CheckCallbackPtr@@YA_NPEAUHINSTANCE__@@_KPEAP6A_JXZHHH@Z 000000018001b288 f   common-kernel64:WModuleCheck.obj
 0001:0001a390       ?IsModuleValid@@YA_NPEAUHINSTANCE__@@H@Z 000000018001b390 f   common-kernel64:WModuleCheck.obj
 0001:0001a498       ??0MModule@@QEAA@PEAUHINSTANCE__@@@Z 000000018001b498 f   common-kernel64:MModule.obj
 0001:0001a4a4       ??1MModule@@QEAA@XZ        000000018001b4a4 f   common-kernel64:MModule.obj
 0001:0001a4ac       ?Free@MModule@@QEAAXXZ     000000018001b4ac f   common-kernel64:MModule.obj
 0001:0001a4dc       ??0MSectionSimple@@QEAA@_N@Z 000000018001b4dc f   common-kernel64:MSectionSimple.obj
 0001:0001a518       ??1MSectionSimple@@QEAA@XZ 000000018001b518 f   common-kernel64:MSectionSimple.obj
 0001:0001a518       ?Close@MSectionSimple@@QEAAXXZ 000000018001b518 f   common-kernel64:MSectionSimple.obj
 0001:0001a538       ?Enter@MSectionSimple@@QEAAXXZ 000000018001b538 f   common-kernel64:MSectionSimple.obj
 0001:0001a540       ?Init@MSectionSimple@@QEAAXXZ 000000018001b540 f   common-kernel64:MSectionSimple.obj
 0001:0001a560       ?Leave@MSectionSimple@@QEAAXXZ 000000018001b560 f   common-kernel64:MSectionSimple.obj
 0001:0001a568       ?RecreateAndLock@MSectionSimple@@QEAA_NXZ 000000018001b568 f   common-kernel64:MSectionSimple.obj
 0001:0001a5d8       ?TryEnter@MSectionSimple@@QEAA_NXZ 000000018001b5d8 f   common-kernel64:MSectionSimple.obj
 0001:0001a600       ?SetConEmuEnvHWND@@YAXPEB_WPEAUHWND__@@@Z 000000018001b600 f   common-user64:SetEnvVar.obj
 0001:0001a658       ?SetConEmuEnvVar@@YAXPEAUHWND__@@@Z 000000018001b658 f   common-user64:SetEnvVar.obj
 0001:0001a6dc       ?SetConEmuEnvVarChild@@YAXPEAUHWND__@@0@Z 000000018001b6dc f   common-user64:SetEnvVar.obj
 0001:0001a708       ??$wcscpy_c@$0BAF@@@YAHAEAY0BAF@_WPEB_W@Z 000000018001b708 f i common-user64:ConEmuCheckEx.obj
 0001:0001a754       ?FindConEmuBaseDir@@YAHAEAY0BAF@_W0PEAUHINSTANCE__@@@Z 000000018001b754 f   common-user64:ConEmuCheckEx.obj
 0001:0001af80       ?IsConEmuExeExist@@YAHPEB_WAEAY0BAF@_W@Z 000000018001bf80 f   common-user64:ConEmuCheckEx.obj
 0001:0001b02c       ??$swprintf_c@$0FA@@@YAHAEAY0FA@_WPEB_WZZ 000000018001c02c f i common-user64:EmergencyShow.obj
 0001:0001b058       ?CorrectConsolePos@@YAXPEAUHWND__@@@Z 000000018001c058 f   common-user64:EmergencyShow.obj
 0001:0001b174       ?EmergencyShow@@YAXPEAUHWND__@@HH@Z 000000018001c174 f   common-user64:EmergencyShow.obj
 0001:0001b2b4       ?EvaluateDefaultFontWidth@@YAHHPEB_W@Z 000000018001c2b4 f   common-user64:EmergencyShow.obj
 0001:0001b3d8       ?SetUserFriendlyFont@@YAXPEAUHWND__@@HH@Z 000000018001c3d8 f   common-user64:EmergencyShow.obj
 0001:0001b7b8       ??0MSetter@@QEAA@PEAJ@Z    000000018001c7b8 f   common-user64:MSetter.obj
 0001:0001b7d0       ??1MSetter@@QEAA@XZ        000000018001c7d0 f   common-user64:MSetter.obj
 0001:0001b7d8       ?Unlock@MSetter@@QEAAXXZ   000000018001c7d8 f   common-user64:MSetter.obj
 0001:0001b838       ?IsDotsName@@YA_NPEB_W@Z   000000018001c838 f   common-user64:WFiles.obj
 0001:0001b85c       ?SearchAppPaths@@YA_NPEB_WAEAUCEStr@@_NPEAVCEnvRestorer@@@Z 000000018001c85c f   common-user64:WFiles.obj
 0001:0001bc94       ?GetConsoleSizeInfo@@YAXPEAUCONSOLE_INFO@@@Z 000000018001cc94 f   common-user64:WConsoleEx.obj
 0001:0001bd20       ?SetConsoleFontSizeTo@@YAXPEAUHWND__@@HHPEB_WGG@Z 000000018001cd20 f   common-user64:WConsoleEx.obj
 0001:0001c108       ?SetConsoleInfo@@YAHPEAUHWND__@@PEAUCONSOLE_INFO@@@Z 000000018001d108 f   common-user64:WConsoleEx.obj
 0001:0001c300       ?SetEnvVarExpanded@@YAXPEB_W0@Z 000000018001d300 f   common-user64:WUser.obj
 0001:0001c41c       ?UpdateComspec@@YAXPEAUConEmuComspec@@_N@Z 000000018001d41c f   common-user64:WUser.obj
 0001:0001c6d8       ?apiShowWindow@@YA_NPEAUHWND__@@H@Z 000000018001d6d8 f   common-user64:WUser.obj
 0001:0001c6ec       ?apiShowWindowAsync@@YA_NPEAUHWND__@@H@Z 000000018001d6ec f   common-user64:WUser.obj
 0001:0001c700       ?FindMonitorsWorkspace@@YAHPEAUHMONITOR__@@PEAUHDC__@@PEAUtagRECT@@_J@Z 000000018001d700 f   common-user64:Monitors.obj
 0001:0001c73c       ?GetAllMonitorsWorkspace@@YA?AUtagRECT@@XZ 000000018001d73c f   common-user64:Monitors.obj
 0001:0001c79c       ??0length_error@std@@QEAA@AEBV01@@Z 000000018001d79c f i libcpmt:xthrow.obj
 0001:0001c7d8       ??0length_error@std@@QEAA@PEBD@Z 000000018001d7d8 f i libcpmt:xthrow.obj
 0001:0001c820       ??0logic_error@std@@QEAA@AEBV01@@Z 000000018001d820 f i libcpmt:xthrow.obj
 0001:0001c85c       ?_Xlength_error@std@@YAXPEBD@Z 000000018001d85c f   libcpmt:xthrow.obj
 0001:0001c880       __GSHandlerCheck           000000018001d880 f   LIBCMT:gshandler.obj
 0001:0001c8a0       __GSHandlerCheckCommon     000000018001d8a0 f   LIBCMT:gshandler.obj
 0001:0001c910       __security_check_cookie    000000018001d910 f   LIBCMT:amdsecgs.obj
 0001:0001c934       ??3@YAXPEAX_K@Z            000000018001d934 f   LIBCMT:delete_scalar_size.obj
 0001:0001c950       __chkstk                   000000018001d950 f   LIBCMT:chkstk.obj
 0001:0001c950       _alloca_probe              000000018001d950 f   LIBCMT:chkstk.obj
 0001:0001c9a4       ??_Etype_info@@UEAAPEAXI@Z 000000018001d9a4 f i LIBCMT:std_type_info_static.obj
 0001:0001c9a4       ??_Gtype_info@@UEAAPEAXI@Z 000000018001d9a4 f i LIBCMT:std_type_info_static.obj
 0001:0001c9d0       __GSHandlerCheck_EH4       000000018001d9d0 f   LIBCMT:gshandlereh4.obj
 0001:0001cb48       _Init_thread_footer        000000018001db48 f   LIBCMT:thread_safe_statics.obj
 0001:0001cba8       _Init_thread_header        000000018001dba8 f   LIBCMT:thread_safe_statics.obj
 0001:0001cc10       _Init_thread_notify        000000018001dc10 f   LIBCMT:thread_safe_statics.obj
 0001:0001cc54       _Init_thread_wait          000000018001dc54 f   LIBCMT:thread_safe_statics.obj
 0001:0001cfd8       _DllMainCRTStartup         000000018001dfd8 f   LIBCMT:dll_dllmain.obj
 0001:0001d018       __scrt_acquire_startup_lock 000000018001e018 f   LIBCMT:utility.obj
 0001:0001d054       __scrt_dllmain_after_initialize_c 000000018001e054 f   LIBCMT:utility.obj
 0001:0001d088       __scrt_dllmain_before_initialize_c 000000018001e088 f   LIBCMT:utility.obj
 0001:0001d0a0       __scrt_dllmain_crt_thread_attach 000000018001e0a0 f   LIBCMT:utility.obj
 0001:0001d0c8       __scrt_dllmain_crt_thread_detach 000000018001e0c8 f   LIBCMT:utility.obj
 0001:0001d0e0       __scrt_dllmain_exception_filter 000000018001e0e0 f   LIBCMT:utility.obj
 0001:0001d140       __scrt_dllmain_uninitialize_c 000000018001e140 f   LIBCMT:utility.obj
 0001:0001d170       __scrt_dllmain_uninitialize_critical 000000018001e170 f   LIBCMT:utility.obj
 0001:0001d184       __scrt_initialize_crt      000000018001e184 f   LIBCMT:utility.obj
 0001:0001d1d0       __scrt_initialize_onexit_tables 000000018001e1d0 f   LIBCMT:utility.obj
 0001:0001d25c       __scrt_is_nonwritable_in_current_image 000000018001e25c f   LIBCMT:utility.obj
 0001:0001d2f4       __scrt_release_startup_lock 000000018001e2f4 f   LIBCMT:utility.obj
 0001:0001d318       __scrt_uninitialize_crt    000000018001e318 f   LIBCMT:utility.obj
 0001:0001d344       _onexit                    000000018001e344 f   LIBCMT:utility.obj
 0001:0001d380       atexit                     000000018001e380 f   LIBCMT:utility.obj
 0001:0001d398       __raise_securityfailure    000000018001e398 f   LIBCMT:gs_report.obj
 0001:0001d3cc       __report_gsfailure         000000018001e3cc f   LIBCMT:gs_report.obj
 0001:0001d4a0       __report_rangecheckfailure 000000018001e4a0 f   LIBCMT:gs_report.obj
 0001:0001d4b4       __report_securityfailure   000000018001e4b4 f   LIBCMT:gs_report.obj
 0001:0001d634       __crt_debugger_hook        000000018001e634 f   LIBCMT:utility_desktop.obj
 0001:0001d63c       __scrt_fastfail            000000018001e63c f   LIBCMT:utility_desktop.obj
 0001:0001d788       __security_init_cookie     000000018001e788 f   LIBCMT:gs_support.obj
 0001:0001d834       ?__scrt_initialize_type_info@@YAXXZ 000000018001e834 f   LIBCMT:tncleanup.obj
 0001:0001d844       ?__scrt_uninitialize_type_info@@YAXXZ 000000018001e844 f   LIBCMT:tncleanup.obj
 0001:0001d850       __local_stdio_scanf_options 000000018001e850 f i LIBCMT:default_local_stdio_options.obj
 0001:0001d858       __scrt_initialize_default_local_stdio_options 000000018001e858 f   LIBCMT:default_local_stdio_options.obj
 0001:0001d874       __scrt_get_dyn_tls_init_callback 000000018001e874 f   LIBCMT:dyn_tls_init.obj
 0001:0001d87c       _RTC_Initialize            000000018001e87c f   LIBCMT:initsect.obj
 0001:0001d8b8       _RTC_Terminate             000000018001e8b8 f   LIBCMT:initsect.obj
 0001:0001d8f4       __isa_available_init       000000018001e8f4 f   LIBCMT:cpu_disp.obj
 0001:0001da98       __scrt_is_ucrt_dll_in_use  000000018001ea98 f   LIBCMT:ucrt_detection.obj
 0001:0001dab0       ??$_CallSETranslator@V__FrameHandler4@@@@YAHPEAUEHExceptionRecord@@PEA_KPEAU_CONTEXT@@PEAU_xDISPATCHER_CONTEXT@@PEAUFuncInfo4@FH4@@K1H@Z 000000018001eab0 f i libvcruntime:risctrnsctrl.obj
 0001:0001db04       ?DecompFuncInfo@FH4@@YA_JPEAEAEAUFuncInfo4@1@_KH_N@Z 000000018001eb04 f i libvcruntime:risctrnsctrl.obj
 0001:0001dc28       ?ExecutionInCatch@__FrameHandler4@@SA_NPEAU_xDISPATCHER_CONTEXT@@PEAUFuncInfo4@FH4@@@Z 000000018001ec28 f   libvcruntime:risctrnsctrl.obj
 0001:0001dc30       ?FrameUnwindToEmptyState@__FrameHandler4@@SAXPEA_KPEAU_xDISPATCHER_CONTEXT@@PEAUFuncInfo4@FH4@@@Z 000000018001ec30 f   libvcruntime:risctrnsctrl.obj
 0001:0001dc64       ?GetEstablisherFrame@__FrameHandler4@@SAPEA_KPEA_KPEAU_xDISPATCHER_CONTEXT@@PEAUFuncInfo4@FH4@@0@Z 000000018001ec64 f   libvcruntime:risctrnsctrl.obj
 0001:0001dc88       ?GetRangeOfTrysToCheck@__FrameHandler4@@SA?AU?$pair@Viterator@TryBlockMap4@FH4@@V123@@std@@AEAVTryBlockMap4@FH4@@HPEAU_xDISPATCHER_CONTEXT@@PEAUFuncInfo4@5@H@Z 000000018001ec88 f   libvcruntime:risctrnsctrl.obj
 0001:0001dde4       ?UnwindNestedFrames@__FrameHandler4@@SAXPEA_KPEAUEHExceptionRecord@@PEAU_CONTEXT@@0PEAXPEAUFuncInfo4@FH4@@HHPEAUHandlerType4@5@PEAU_xDISPATCHER_CONTEXT@@E@Z 000000018001ede4 f   libvcruntime:risctrnsctrl.obj
 0001:0001df04       ?setBuffer@TryBlockMap4@FH4@@QEAAXViterator@12@@Z 000000018001ef04 f i libvcruntime:risctrnsctrl.obj
 0001:0001e0c4       _CreateFrameInfo           000000018001f0c4 f   libvcruntime:risctrnsctrl.obj
 0001:0001e100       _FindAndUnlinkFrame        000000018001f100 f   libvcruntime:risctrnsctrl.obj
 0001:0001e154       _GetImageBase              000000018001f154 f   libvcruntime:risctrnsctrl.obj
 0001:0001e168       _GetThrowImageBase         000000018001f168 f   libvcruntime:risctrnsctrl.obj
 0001:0001e17c       _SetImageBase              000000018001f17c f   libvcruntime:risctrnsctrl.obj
 0001:0001e194       _SetThrowImageBase         000000018001f194 f   libvcruntime:risctrnsctrl.obj
 0001:0001e1ac       __CxxFrameHandler4         000000018001f1ac f   libvcruntime:risctrnsctrl.obj
 0001:0001e280       memcpy_repmovs             000000018001f280 f   libvcruntime:memcpy.obj
 0001:0001e2a0       memcpy                     000000018001f2a0 f   libvcruntime:memcpy.obj
 0001:0001e2a0       memmove                    000000018001f2a0 f   libvcruntime:memcpy.obj
 0001:0001e678       wcschr                     000000018001f678 f   libvcruntime:wcschr.obj
 0001:0001e6f4       wcsstr                     000000018001f6f4 f   libvcruntime:wcsstr.obj
 0001:0001e920       memset_repmovs             000000018001f920 f   libvcruntime:memset.obj
 0001:0001e940       memset                     000000018001f940 f   libvcruntime:memset.obj
 0001:0001eae0       __DestructExceptionObject  000000018001fae0 f   libvcruntime:ehhelpers.obj
 0001:0001eb50       ?_CallMemberFunction0@@YAXQEAX0@Z 000000018001fb50 f i libvcruntime:ehhelpers.obj
 0001:0001eb54       _IsExceptionObjectToBeDestroyed 000000018001fb54 f   libvcruntime:ehhelpers.obj
 0001:0001eb84       __AdjustPointer            000000018001fb84 f   libvcruntime:ehhelpers.obj
 0001:0001eba8       __FrameUnwindFilter        000000018001fba8 f   libvcruntime:ehhelpers.obj
 0001:0001ec10       __std_terminate            000000018001fc10 f   libvcruntime:ehhelpers.obj
 0001:0001ec1c       __std_exception_copy       000000018001fc1c f   libvcruntime:std_exception.obj
 0001:0001ecac       __std_exception_destroy    000000018001fcac f   libvcruntime:std_exception.obj
 0001:0001ecd4       _CxxThrowException         000000018001fcd4 f   libvcruntime:throw.obj
 0001:0001ed74       _get_purecall_handler      000000018001fd74 f   libvcruntime:purevirt.obj
 0001:0001ed7c       _purecall                  000000018001fd7c f   libvcruntime:purevirt.obj
 0001:0001ed98       wcsrchr                    000000018001fd98 f   libvcruntime:wcsrchr.obj
 0001:0001ee60       memcmp                     000000018001fe60 f   libvcruntime:memcmp.obj
 0001:0001ef28       strrchr                    000000018001ff28 f   libvcruntime:strrchr.obj
 0001:0001f058       strchr                     0000000180020058 f   libvcruntime:strchr.obj
 0001:0001f0d8       __C_specific_handler       00000001800200d8 f   libvcruntime:riscchandler.obj
 0001:0001f2ec       __vcrt_initialize          00000001800202ec f   libvcruntime:initialization.obj
 0001:0001f314       __vcrt_thread_attach       0000000180020314 f   libvcruntime:initialization.obj
 0001:0001f328       __vcrt_thread_detach       0000000180020328 f   libvcruntime:initialization.obj
 0001:0001f33c       __vcrt_uninitialize        000000018002033c f   libvcruntime:initialization.obj
 0001:0001f358       __vcrt_uninitialize_critical 0000000180020358 f   libvcruntime:initialization.obj
 0001:0001f368       __std_type_info_compare    0000000180020368 f   libvcruntime:std_type_info.obj
 0001:0001f390       __std_type_info_destroy_list 0000000180020390 f   libvcruntime:std_type_info.obj
 0001:0001f3bc       __vcrt_freefls             00000001800203bc f   libvcruntime:per_thread_data.obj
 0001:0001f3dc       __vcrt_freeptd             00000001800203dc f   libvcruntime:per_thread_data.obj
 0001:0001f42c       __vcrt_getptd              000000018002042c f   libvcruntime:per_thread_data.obj
 0001:0001f448       __vcrt_getptd_noexit       0000000180020448 f   libvcruntime:per_thread_data.obj
 0001:0001f508       __vcrt_initialize_ptd      0000000180020508 f   libvcruntime:per_thread_data.obj
 0001:0001f550       __vcrt_uninitialize_ptd    0000000180020550 f   libvcruntime:per_thread_data.obj
 0001:0001f574       ?StateFromControlPc@__FrameHandler4@@SAHPEAUFuncInfo4@FH4@@PEAU_xDISPATCHER_CONTEXT@@@Z 0000000180020574 f   libvcruntime:ehstate.obj
 0001:0001f57c       ?StateFromIp@__FrameHandler4@@SAHPEAUFuncInfo4@FH4@@PEAU_xDISPATCHER_CONTEXT@@_K@Z 000000018002057c f   libvcruntime:ehstate.obj
 0001:0002021c       ??$TypeMatchHelper@V__FrameHandler3@@@@YAHPEBU_s_HandlerType@@PEBU_s_CatchableType@@PEBU_s_ThrowInfo@@@Z 000000018002121c f i libvcruntime:frame.obj
 0001:0002035c       ??$TypeMatchHelper@V__FrameHandler4@@@@YAHPEAUHandlerType4@FH4@@PEBU_s_CatchableType@@PEBU_s_ThrowInfo@@@Z 000000018002135c f i libvcruntime:frame.obj
 0001:000204a0       ??$__InternalCxxFrameHandler@V__FrameHandler4@@@@YA?AW4_EXCEPTION_DISPOSITION@@PEAUEHExceptionRecord@@PEA_KPEAU_CONTEXT@@PEAU_xDISPATCHER_CONTEXT@@PEAUFuncInfo4@FH4@@H1E@Z 00000001800214a0 f i libvcruntime:frame.obj
 0001:00020740       ??0HandlerMap4@FH4@@QEAA@PEBUTryBlockMapEntry4@1@_KH@Z 0000000180021740 f i libvcruntime:frame.obj
 0001:000207bc       ??0TryBlockMap4@FH4@@QEAA@PEBUFuncInfo4@1@_K@Z 00000001800217bc f i libvcruntime:frame.obj
 0001:00020894       ??0bad_exception@std@@QEAA@AEBV01@@Z 0000000180021894 f i libvcruntime:frame.obj
 0001:000208d0       ??0bad_exception@std@@QEAA@XZ 00000001800218d0 f i libvcruntime:frame.obj
 0001:000208f0       ?CxxCallCatchBlock@__FrameHandler4@@SAPEAXPEAU_EXCEPTION_RECORD@@@Z 00000001800218f0 f   libvcruntime:frame.obj
 0001:00020b4c       ?DecompHandler@HandlerMap4@FH4@@AEAAXXZ 0000000180021b4c f i libvcruntime:frame.obj
 0001:00020d8c       ?FrameUnwindToState@__FrameHandler4@@SAXPEA_KPEAU_xDISPATCHER_CONTEXT@@PEAUFuncInfo4@FH4@@H@Z 0000000180021d8c f   libvcruntime:frame.obj
 0001:000211ec       ?ReadEntry@UWMap4@FH4@@AEAAXPEAPEAE@Z 00000001800221ec f i libvcruntime:frame.obj
 0001:0002128c       ?_CallMemberFunction1@@YAXQEAX00@Z 000000018002228c f i libvcruntime:frame.obj
 0001:00021298       ?_CallMemberFunction2@@YAXQEAX00H@Z 0000000180022298 f i libvcruntime:frame.obj
 0001:000212a8       ?getStartStop@UWMap4@FH4@@QEAAXHHAEAViterator@12@0@Z 00000001800222a8 f i libvcruntime:frame.obj
 0001:00021378       ?getStateFromIterators@UWMap4@FH4@@SAHAEBViterator@12@H0H0@Z 0000000180022378 f i libvcruntime:frame.obj
 0001:00021450       _NLG_Notify                0000000180022450 f   libvcruntime:notify.obj
 0001:00021470       __NLG_Dispatch2            0000000180022470 f   libvcruntime:notify.obj
 0001:00021480       __NLG_Return2              0000000180022480 f   libvcruntime:notify.obj
 0001:00021484       __except_validate_context_record 0000000180022484 f   libvcruntime:jbcxrval.obj
 0001:000214bc       __vcrt_initialize_locks    00000001800224bc f   libvcruntime:locks.obj
 0001:000214f0       __vcrt_uninitialize_locks  00000001800224f0 f   libvcruntime:locks.obj
 0001:00021674       __vcrt_FlsAlloc            0000000180022674 f   libvcruntime:winapi_downlevel.obj
 0001:000216bc       __vcrt_FlsFree             00000001800226bc f   libvcruntime:winapi_downlevel.obj
 0001:00021704       __vcrt_FlsGetValue         0000000180022704 f   libvcruntime:winapi_downlevel.obj
 0001:0002174c       __vcrt_FlsSetValue         000000018002274c f   libvcruntime:winapi_downlevel.obj
 0001:000217a0       __vcrt_InitializeCriticalSectionEx 00000001800227a0 f   libvcruntime:winapi_downlevel.obj
 0001:00021820       _CallSettingFrame          0000000180022820 f   libvcruntime:handlers.obj
 0001:00021870       _CallSettingFrame_LookupContinuationIndex 0000000180022870 f   libvcruntime:handlers.obj
 0001:000218a0       _CallSettingFrame_NotifyContinuationAddr 00000001800228a0 f   libvcruntime:handlers.obj
 0001:000218d0       _CallSettingFrameEncoded   00000001800228d0 f   libvcruntime:handlers.obj
[...]
 0002:0000fd74       $unwind$??$?RV<lambda_886d6c58226a84441f68b9f2b8217b83>@@AEAV<lambda_ab61a845afdef5b7c387490eaf3616ee>@@V<lambda_f7f22ab5edc0698d5f6905b0d3f44752>@@@?$__crt_seh_guarded_call@X@@QEAAX$$QEAV<lambda_886d6c58226a84441f68b9f2b8217b83>@@AEAV<lambda_ab61a845afdef5b7c387490eaf3616ee>@@$$QEAV<lambda_f7f22ab5edc0698d5f6905b0d3f44752>@@@Z 0000000180042d74     libucrt:fflush.obj
 0002:0000fd9c       $unwind$?__mbsrtowcs_utf8@__crt_mbstring@@YA_KPEA_WPEAPEBD_KPEAU_Mbstatet@@@Z 0000000180042d9c     libucrt:mbrtowc.obj
 0002:0000fdb4       $unwind$__acrt_update_thread_locale_data 0000000180042db4     libucrt:locale_refcounting.obj
 0002:0000fdd8       $unwind$__acrt_fltout      0000000180042dd8     libucrt:cfout.obj
 0002:0000fdf8       $unwind$?divide@__crt_strtox@@YA_KAEAUbig_integer@1@AEBU21@@Z 0000000180042df8     libucrt:cfout.obj
 0002:0000fe10       $chain$0$?divide@__crt_strtox@@YA_KAEAUbig_integer@1@AEBU21@@Z 0000000180042e10     libucrt:cfout.obj
 0002:0000fe24       $chain$1$?divide@__crt_strtox@@YA_KAEAUbig_integer@1@AEBU21@@Z 0000000180042e24     libucrt:cfout.obj
 0002:0000fe34       $unwind$_fcloseall         0000000180042e34     libucrt:closeall.obj
 0002:0000fe58       $unwind$__acrt_locale_free_time 0000000180042e58     libucrt:inittime.obj
 0002:0000fe68       $unwind$__acrt_GetStringTypeA 0000000180042e68     libucrt:getstringtypea.obj
 0002:0000fe90       $unwind$__acrt_lowio_destroy_handle_array 0000000180042e90     libucrt:osfinfo.obj
 0002:0000fea0       $unwind$__acrt_lowio_ensure_fh_exists 0000000180042ea0     libucrt:osfinfo.obj
 0002:0000fecc       $unwind$qsort              0000000180042ecc     libucrt:qsort.obj
 0002:0000fee4       $chain$4$qsort             0000000180042ee4     libucrt:qsort.obj
 0002:0000ff08       $chain$5$qsort             0000000180042f08     libucrt:qsort.obj
 0002:0000ff18       $unwind$__acrt_LCMapStringA 0000000180042f18     libucrt:lcmapstringa.obj
 0002:0000ff28       $unwind$?__acrt_LCMapStringA_stat@@YAHPEAU__crt_locale_pointers@@PEB_WKPEBDHPEADHHH@Z 0000000180042f28     libucrt:lcmapstringa.obj
 0002:0000ff50       $unwind$_close             0000000180042f50     libucrt:close.obj
 0002:0000ff50       $unwind$_commit            0000000180042f50     libucrt:commit.obj
 0002:0000ff58       $unwind$??$?RV<lambda_a37b2b86f63e897a80ea819b0eb08c01>@@AEAV<lambda_38ce7e780aa69e748d6df282ebc68efe>@@V<lambda_99fb1378e971ab6e7edea83e3a7a83a2>@@@?$__crt_seh_guarded_call@H@@QEAAH$$QEAV<lambda_a37b2b86f63e897a80ea819b0eb08c01>@@AEAV<lambda_38ce7e780aa69e748d6df282ebc68efe>@@$$QEAV<lambda_99fb1378e971ab6e7edea83e3a7a83a2>@@@Z 0000000180042f58     libucrt:commit.obj
 0002:0000ff7c       $unwind$_write             0000000180042f7c     libucrt:write.obj
 0002:0000ffac       $unwind$_write_nolock      0000000180042fac     libucrt:write.obj
 0002:0000ffc4       $unwind$?write_double_translated_ansi_nolock@@YA?AUwrite_result@?A0x17268360@@HQEBDI@Z 0000000180042fc4     libucrt:write.obj
 0002:0000ffe8       $unwind$?write_text_ansi_nolock@@YA?AUwrite_result@?A0x17268360@@HQEBDI@Z 0000000180042fe8     libucrt:write.obj
 0002:0000ffe8       $unwind$?write_text_utf16le_nolock@@YA?AUwrite_result@?A0x17268360@@HQEBDI@Z 0000000180042fe8     libucrt:write.obj
 0002:00010008       $unwind$?write_text_utf8_nolock@@YA?AUwrite_result@?A0x17268360@@HQEBDI@Z 0000000180043008     libucrt:write.obj
 0002:0001002c       $unwind$?__mbrtoc32_utf8@__crt_mbstring@@YA_KPEA_UPEBD_KPEAU_Mbstatet@@@Z 000000018004302c     libucrt:mbrtoc32.obj
 0002:00010048       $xdatasym                  0000000180043048     libucrt:log10.obj
 0002:00010054       $unwind$fclose             0000000180043054     libucrt:fclose.obj
 0002:00010078       $unwind$__acrt_fenv_set_control 0000000180043078     libucrt:_fenvutils.obj
 0002:00010088       $unwind$_handle_error      0000000180043088     libucrt:libm_error.obj
 0002:000100a8       $unwind$__acrt_initialize_fma3 00000001800430a8     libucrt:fma3_available.obj
 0002:000100b0       $unwind$_log_special_common 00000001800430b0     libucrt:log_special.obj
 0002:000100bc       $unwind$??$?RV<lambda_751a882b2c74d4b022dec766aa51a29a>@@AEAV<lambda_628dfdc04ba53c8bfc02c9951375f3f5>@@V<lambda_f6c7be5f7998530c34de24c7437d6b54>@@@?$__crt_seh_guarded_call@H@@QEAAH$$QEAV<lambda_751a882b2c74d4b022dec766aa51a29a>@@AEAV<lambda_628dfdc04ba53c8bfc02c9951375f3f5>@@$$QEAV<lambda_f6c7be5f7998530c34de24c7437d6b54>@@@Z 00000001800430bc     libucrt:close.obj
 0002:000100e0       $xdatasym                  00000001800430e0     libucrt:fpsr.obj
 0002:000100e8       $unwind$_raise_exc_ex      00000001800430e8     libucrt:fpexcept.obj
 0002:000100fc       $unwind$_ctrlfp            00000001800430fc     libucrt:fpctrl.obj
 0002:00010124       $unwind$?apiGetConsoleFontSize@@YAHPEAXAEAH1AEAY0CA@_W@Z 0000000180043124     common-kernel64:WConsole.obj
 0002:00010140       $unwind$?apiSetConsoleFontSize@@YAHPEAXHHPEB_W@Z 0000000180043140     common-kernel64:WConsole.obj
 0002:0001015c       $unwind$_IsNonwritableInCurrentImage 000000018004315c     LIBCMT:pesect.obj
 0002:00010380       .edata                     0000000180043380     ConEmu.x64.exp
 0002:000103a8       rgpv                       00000001800433a8     ConEmu.x64.exp
 0002:00010414       rgszName                   0000000180043414     ConEmu.x64.exp
 0002:00010480       rgwOrd                     0000000180043480     ConEmu.x64.exp
 0002:000104b6       szName                     00000001800434b6     ConEmu.x64.exp
 0002:000104c5       $N00001                    00000001800434c5     ConEmu.x64.exp
 0002:000104d5       $N00002                    00000001800434d5     ConEmu.x64.exp
 0002:000104dd       $N00003                    00000001800434dd     ConEmu.x64.exp
 0002:000104e9       $N00004                    00000001800434e9     ConEmu.x64.exp
 0002:000104f4       $N00005                    00000001800434f4     ConEmu.x64.exp
 0002:00010502       $N00006                    0000000180043502     ConEmu.x64.exp
 0002:00010513       $N00007                    0000000180043513     ConEmu.x64.exp
 0002:00010521       $N00008                    0000000180043521     ConEmu.x64.exp
 0002:00010530       $N00009                    0000000180043530     ConEmu.x64.exp
 0002:00010540       $N00010                    0000000180043540     ConEmu.x64.exp
 0002:0001054b       $N00011                    000000018004354b     ConEmu.x64.exp
 0002:00010551       $N00012                    0000000180043551     ConEmu.x64.exp
 0002:00010564       $N00013                    0000000180043564     ConEmu.x64.exp
 0002:00010577       $N00014                    0000000180043577     ConEmu.x64.exp
 0002:0001058a       $N00015                    000000018004358a     ConEmu.x64.exp
 0002:0001059d       $N00016                    000000018004359d     ConEmu.x64.exp
 0002:000105af       $N00017                    00000001800435af     ConEmu.x64.exp
 0002:000105be       $N00018                    00000001800435be     ConEmu.x64.exp
 0002:000105ca       $N00019                    00000001800435ca     ConEmu.x64.exp
 0002:000105d3       $N00020                    00000001800435d3     ConEmu.x64.exp
 0002:000105e2       $N00021                    00000001800435e2     ConEmu.x64.exp
 0002:000105f4       $N00022                    00000001800435f4     ConEmu.x64.exp
 0002:00010600       $N00023                    0000000180043600     ConEmu.x64.exp
 0002:00010614       $N00024                    0000000180043614     ConEmu.x64.exp
 0002:00010628       $N00025                    0000000180043628     ConEmu.x64.exp
 0002:0001063d       $N00026                    000000018004363d     ConEmu.x64.exp
 0002:00010651       $N00027                    0000000180043651     ConEmu.x64.exp
 0002:00010d82       .idata$6                   0000000180043d82     version:VERSION.dll
 0002:000112ac       .idata$6                   00000001800442ac     kernel32:KERNEL32.dll
 0002:000113ba       .idata$6                   00000001800443ba     user32:USER32.dll
 0002:0001145a       .idata$6                   000000018004445a     gdi32:GDI32.dll
 0002:00011496       .idata$6                   0000000180044496     advapi32:ADVAPI32.dll
 0003:00000140       ?rc@?CE@??Open@CPluginW2800@@UEAAPEAXPEBX@Z@4UFarMacroCall@@A 0000000180045140     ConEmuPlugin2800.obj
 0003:00000168       ?val@?CE@??Open@CPluginW2800@@UEAAPEAXPEBX@Z@4UFarMacroValue@@A 0000000180045168     ConEmuPlugin2800.obj
 0003:000002c0       ?__vcrt_flsindex@@3KA      00000001800452c0     libvcruntime:per_thread_data.obj
 0003:000002d0       ?errno_no_memory@@3HA      00000001800452d0     libucrt:errno.obj
 0003:000002d4       ?doserrno_no_memory@@3KA   00000001800452d4     libucrt:errno.obj
 0003:000002e0       ?__acrt_flsindex@@3KA      00000001800452e0     libucrt:per_thread_data.obj
 0003:000007b0       _mbctypes                  00000001800457b0     libucrt:mbctype.obj
 0003:000008c0       _mbcasemaps                00000001800458c0     libucrt:mbctype.obj
 0003:000009c0       ?__rgctypeflag@@3PADA      00000001800459c0     libucrt:mbctype.obj
 0003:000009d0       ?__rgcode_page_info@@3PAUcode_page_info@@A 00000001800459d0     libucrt:mbctype.obj
 0003:00000c70       ?__dcrt_lowio_console_output_handle@@3PEAXEA 0000000180045c70     libucrt:initcon.obj
 0003:00000c80       ?dazSupported@?1??_ctrlfp@@9@9 0000000180045c80     libucrt:fpctrl.obj
 0003:00000f90       ?store@?M@??GetPanelInfo@CPluginW1900@@UEAA_NKPEAUCEPanelInfo@@@Z@4UPanelInfo@@A 0000000180045f90     ConEmuPlugin1900.obj
 0003:00001000       ?szMenu@?1??GetPluginInfoPtr@CPluginW1900@@UEAAXPEAX@Z@4PAPEA_WA 0000000180046000     ConEmuPlugin1900.obj
 0003:00001010       ?szMenu1@?1??GetPluginInfoPtr@CPluginW1900@@UEAAXPEAX@Z@4PA_WA 0000000180046010     ConEmuPlugin1900.obj
 0003:00001210       ?WLastActive@?1??UpdateConEmuTabsApi@CPluginW1900@@UEAA_NH@Z@4UWindowInfo@@A 0000000180046210     ConEmuPlugin1900.obj
 0003:00001258       ?pwList@@3PEAV?$MArray@UWindowInfo@@@@EA 0000000180046258     ConEmuPlugin2800.obj
 0003:00001260       ?store@?M@??GetPanelInfo@CPluginW2800@@UEAA_NKPEAUCEPanelInfo@@@Z@4UPanelInfo@@A 0000000180046260     ConEmuPlugin2800.obj
 0003:000012c8       ?szMenu@?1??GetPluginInfoPtr@CPluginW2800@@UEAAXPEAX@Z@4PAPEA_WA 00000001800462c8     ConEmuPlugin2800.obj
 0003:000012d0       ?szMenu1@?1??GetPluginInfoPtr@CPluginW2800@@UEAAXPEAX@Z@4PA_WA 00000001800462d0     ConEmuPlugin2800.obj
 0003:000014d0       ?WLastActive@?1??UpdateConEmuTabsApi@CPluginW2800@@UEAA_NH@Z@4UWindowInfo@@A 00000001800464d0     ConEmuPlugin2800.obj
 0003:00001528       ?ghSyncDlg@@3PEAXEA        0000000180046528     ConEmuPlugin995.obj
 0003:00001530       ?store@?M@??GetPanelInfo@CPluginW995@@UEAA_NKPEAUCEPanelInfo@@@Z@4UPanelInfo@@A 0000000180046530     ConEmuPlugin995.obj
 0003:00001578       ?szMenu@?1??GetPluginInfoPtr@CPluginW995@@UEAAXPEAX@Z@4PAPEA_WA 0000000180046578     ConEmuPlugin995.obj
 0003:00001580       ?szMenu1@?1??GetPluginInfoPtr@CPluginW995@@UEAAXPEAX@Z@4PA_WA 0000000180046580     ConEmuPlugin995.obj
 0003:00001790       ?store@?M@??GetPanelInfo@CPluginAnsi@@UEAA_NKPEAUCEPanelInfo@@@Z@4UPanelInfo@@A 0000000180046790     ConEmuPluginA.obj
 0003:00001990       ?szMenu@?1??GetPluginInfoPtr@CPluginAnsi@@UEAAXPEAX@Z@4PAPEADA 0000000180046990     ConEmuPluginA.obj
 0003:000019a0       ?szMenu1@?1??GetPluginInfoPtr@CPluginAnsi@@UEAAXPEAX@Z@4PADA 00000001800469a0     ConEmuPluginA.obj
 0003:00002d20       ?gbTryOpenMapHeader@@3HA   0000000180047d20     ConEmuPluginBase.obj
 0003:00002d24       ?gbStartupHooksAfterMap@@3HA 0000000180047d24     ConEmuPluginBase.obj
 0003:00002d28       ?siEnabled@?1??CheckBufferEnabled@CPluginBase@@QEAA_NXZ@4HA 0000000180047d28     ConEmuPluginBase.obj
 0003:00002d2c       ?dwLastTickCount@?7??CheckResources@CPluginBase@@QEAAX_N@Z@4KA 0000000180047d2c     ConEmuPluginBase.obj
 0003:00002d30       ?$TSS0@?7??CheckResources@CPluginBase@@QEAAX_N@Z@4HA 0000000180047d30     ConEmuPluginBase.obj
 0003:00002d34       ?dwLastTickCount@?9??OnConsolePeekReadInput@CPluginBase@@SAX_N@Z@4KA 0000000180047d34     ConEmuPluginBase.obj
 0003:00002f98       ?gHeapInit@?A0x333b15f0@@3U?$atomic@H@std@@A 0000000180047f98     common-kernel64:Memory.obj
 0003:00002f9c       ?gHeapCounter@?A0x333b15f0@@3U?$atomic@H@std@@A 0000000180047f9c     common-kernel64:Memory.obj
 0003:00002fa0       ?ghHeap@?A0x333b15f0@@3PEAXEA 0000000180047fa0     common-kernel64:Memory.obj
 0003:00002fc0       ?szFile@?1??ModuleName@@YAPEB_WPEB_W@Z@4PA_WA 0000000180047fc0     common-kernel64:ConEmuCheck.obj
 0003:00003010       ?g_Threads@@3PAUConEmuThreadInfo@@A 0000000180048010     common-kernel64:WThreads.obj
 0003:0000b810       ?gh_UnknownTerminatedThread@@3PEAXEA 0000000180050810     common-kernel64:WThreads.obj
 0003:0000b81c       ?szNil@?1??GetCommand@CESERVER_REQ_NEWCMD@@QEAAPEA_WXZ@4PA_WA 000000018005081c     common-kernel64:Common.obj
 0003:0000b830       ?rtlVerifyVersionInfo@?1??_VerifyVersionInfo@@YA_NPEAU_OSVERSIONINFOEXW@@K_K@Z@4P6AH0K1@ZEA 0000000180050830     common-kernel64:WObjects.obj
 0003:0000b838       ?hasRtl@?1??_VerifyVersionInfo@@YA_NPEAU_OSVERSIONINFOEXW@@K_K@Z@4HA 0000000180050838     common-kernel64:WObjects.obj
 0003:0000b83c       ?ibIsWin6@?1??IsWin6@@YA_NXZ@4HA 000000018005083c     common-kernel64:WObjects.obj
 0003:0000b840       ?is64bitOs@?1??IsWindows64@@YA_NXZ@4_NA 0000000180050840     common-kernel64:WObjects.obj
 0003:0000b841       ?isOsChecked@?1??IsWindows64@@YA_NXZ@4_NA 0000000180050841     common-kernel64:WObjects.obj
 0003:0000b848       ?TerminalMode@?1??isTerminalMode@@YA_NXZ@4_NA 0000000180050848     common-kernel64:MProcess.obj
 0003:0000b849       ?TerminalChecked@?1??isTerminalMode@@YA_NXZ@4_NA 0000000180050849     common-kernel64:MProcess.obj
 0003:0000b84a       ?bSysInfoRetrieved@?1??IsModuleValid@@YA_NPEAUHINSTANCE__@@H@Z@4_NA 000000018005084a     common-kernel64:WModuleCheck.obj
 0003:0000b850       ?si@?1??IsModuleValid@@YA_NPEAUHINSTANCE__@@H@Z@4U_SYSTEM_INFO@@A 0000000180050850     common-kernel64:WModuleCheck.obj
 0003:0000b898       ?g_tss_cv@@3U_RTL_CONDITION_VARIABLE@@A 0000000180050898     LIBCMT:thread_safe_statics.obj
 0003:0000b8a0       ?g_tss_event@@3PEAXEA      00000001800508a0     LIBCMT:thread_safe_statics.obj
 0003:0000b8a8       ?g_tss_mutex@@3U_RTL_CRITICAL_SECTION@@A 00000001800508a8     LIBCMT:thread_safe_statics.obj
 0003:0000b8d0       ?g_sleep_condition_variable_cs@@3P6AHPEAU_RTL_CONDITION_VARIABLE@@PEAU_RTL_CRITICAL_SECTION@@K@ZEA 00000001800508d0     LIBCMT:thread_safe_statics.obj
 0003:0000b8d8       ?g_wake_all_condition_variable@@3P6AXPEAU_RTL_CONDITION_VARIABLE@@@ZEA 00000001800508d8     LIBCMT:thread_safe_statics.obj
 0003:0000b8e0       ?__proc_attached@@3HA      00000001800508e0     LIBCMT:dll_dllmain.obj
 0003:0000b8f8       ?is_initialized_as_dll@@3_NA 00000001800508f8     LIBCMT:utility.obj
 0003:0000b8f9       ?module_local_atexit_table_initialized@@3_NA 00000001800508f9     LIBCMT:utility.obj
 0003:0000b900       ?module_local_atexit_table@@3U_onexit_table_t@@A 0000000180050900     LIBCMT:utility.obj
 0003:0000b918       ?module_local_at_quick_exit_table@@3U_onexit_table_t@@A 0000000180050918     LIBCMT:utility.obj
 0003:0000b930       GS_ExceptionRecord         0000000180050930     LIBCMT:gs_report.obj
 0003:0000b9d0       GS_ContextRecord           00000001800509d0     LIBCMT:gs_report.obj
 0003:0000bee0       ?__vcrt_startup_thread_ptd@@3U__vcrt_ptd@@A 0000000180050ee0     libvcruntime:per_thread_data.obj
 0003:0000bf68       __vcrt_lock_table          0000000180050f68     libvcruntime:locks.obj
 0003:0000bf90       __vcrt_locks_initialized   0000000180050f90     libvcruntime:locks.obj
 0003:0000bfd8       ?heap@@3V_HeapManager@@A   0000000180050fd8     libvcruntime:undname.obj
 0003:0000c000       ?module_handles@@3PAPEAUHINSTANCE__@@A 0000000180051000     libvcruntime:winapi_downlevel.obj
 0003:0000c018       ?function_pointers@@3PAPEAXA 0000000180051018     libvcruntime:winapi_downlevel.obj
 0003:0000c040       ?__acrt_invalid_parameter_handler@@3V?$dual_state_global@P6AXPEB_W00I_K@Z@__crt_state_management@@A 0000000180051040     libucrt:invalid_parameter.obj
 0003:0000c048       ?c_termination_complete@@3JA 0000000180051048     libucrt:exit.obj
 0003:0000c050       ?thread_local_exit_callback_func@@3P6AXPEAXK0@ZEA 0000000180051050     libucrt:exit.obj
 0003:0000c060       ?program_name@?1???$common_configure_argv@D@@YAHW4_crt_argv_mode@@@Z@4PADA 0000000180051060     libucrt:argv_parsing.obj
 0003:0000c1b8       ?internal_state@?1??_mbtowc_l@@9@4U_Mbstatet@@A 00000001800511b8     libucrt:mbtowc.obj
 0003:0000c1d0       ?enable_percent_n@@3_KA    00000001800511d0     libucrt:printf_count_output.obj
 0003:0000c610       ?__acrt_lock_table@@3PAU_RTL_CRITICAL_SECTION@@A 0000000180051610     libucrt:locks.obj
 0003:0000c840       ?__acrt_locks_initialized@@3IA 0000000180051840     libucrt:locks.obj
 0003:0000c860       ?fSystemSet@@3HA           0000000180051860     libucrt:mbctype.obj
 0003:0000c864       ?initialized@?1??__acrt_initialize_multibyte@@9@4_NA 0000000180051864     libucrt:mbctype.obj
 0003:0000c8a0       ?module_handles@@3PAPEAUHINSTANCE__@@A 00000001800518a0     libucrt:winapi_thunks.obj
 0003:0000c940       ?encoded_function_pointers@@3PAPEAXA 0000000180051940     libucrt:winapi_thunks.obj
 0003:0000ca58       ?__acrt_new_handler@@3V?$dual_state_global@P6AH_K@Z@__crt_state_management@@A 0000000180051a58     libucrt:new_handler.obj
 0003:0000ca60       ?ctrlc_action@@3V?$dual_state_global@P6AXH@Z@__crt_state_management@@A 0000000180051a60     libucrt:signal.obj
 0003:0000ca68       ?ctrlbreak_action@@3V?$dual_state_global@P6AXH@Z@__crt_state_management@@A 0000000180051a68     libucrt:signal.obj
 0003:0000ca70       ?abort_action@@3V?$dual_state_global@P6AXH@Z@__crt_state_management@@A 0000000180051a70     libucrt:signal.obj
 0003:0000ca78       ?term_action@@3V?$dual_state_global@P6AXH@Z@__crt_state_management@@A 0000000180051a78     libucrt:signal.obj
 0003:0000ca80       ?user_matherr@@3V?$dual_state_global@P6AHPEAU_exception@@@Z@__crt_state_management@@A 0000000180051a80     libucrt:matherr.obj
 0003:0000ca88       ?__acrt_global_new_mode@@3V?$dual_state_global@J@__crt_state_management@@A 0000000180051a88     libucrt:new_mode.obj
 0003:0000ca98       ?internal_pst@?1??__mbrtoc32_utf8@__crt_mbstring@@YA_KPEA_UPEBD_KPEAU_Mbstatet@@@Z@4U3@A 0000000180051a98     libucrt:mbrtoc32.obj
 0003:0000caa0       ?__acrt_app_type@@3W4_crt_app_type@@A 0000000180051aa0     libucrt:report_runtime_error.obj
 0003:0000cb04       ?gbPauseConsoleWasRequested@@3_NA 0000000180051b04     common-kernel64:WConsole.obj
 0003:0000cb08       ?GetCurrentConsoleFontEx@?1??apiGetCurrentConsoleFontEx@@YAHPEAXHPEAUMY_CONSOLE_FONT_INFOEX@@@Z@4P6AH0H1@ZEA 0000000180051b08     common-kernel64:WConsole.obj
 0003:0000cb10       ?bFuncChecked@?1??apiGetCurrentConsoleFontEx@@YAHPEAXHPEAUMY_CONSOLE_FONT_INFOEX@@@Z@4_NA 0000000180051b10     common-kernel64:WConsole.obj
 0003:0000cb18       ?SetCurrentConsoleFontEx@?1??apiSetCurrentConsoleFontEx@@YAHPEAXHPEAUMY_CONSOLE_FONT_INFOEX@@@Z@4P6AH0H1@ZEA 0000000180051b18     common-kernel64:WConsole.obj
 0003:0000cb20       ?bFuncChecked@?1??apiSetCurrentConsoleFontEx@@YAHPEAXHPEAUMY_CONSOLE_FONT_INFOEX@@@Z@4_NA 0000000180051b20     common-kernel64:WConsole.obj
 0005:00000000       MoveSmall                  0000000180055000     libvcruntime:memcpy.obj
 0005:00000080       MsetTab                    0000000180055080     libvcruntime:memset.obj
 0006:000000a0       $R000000                   00000001800560a0     ConEmu.res
 0006:000003b0       $R000310                   00000001800563b0     ConEmu.res
