 ConEmu.x64

 Timestamp is 5fbd9e7b (Wed Nov 25 00:59:55 2020)

 Preferred load address is 0000000180000000

 Start         Length     Name                   Class
 0001:00000000 00000010H .text$di                CODE
 0001:00000010 00031080H .text$mn                CODE
 0001:00031090 00000040H .text$mn$00             CODE
 0001:000310d0 000006a0H .text$x                 CODE
 0001:00031770 0000003dH .text$yd                CODE
 0002:00000000 00000658H .idata$5                DATA
 0002:00000658 00000028H .00cfg                  DATA
 0002:00000680 00000008H .CRT$XCA                DATA
 0002:00000688 00000008H .CRT$XCU                DATA
 0002:00000690 00000008H .CRT$XCZ                DATA
 0002:00000698 00000008H .CRT$XIA                DATA
 0002:000006a0 00000020H .CRT$XIC                DATA
 0002:000006c0 00000008H .CRT$XIZ                DATA
 0002:000006c8 00000008H .CRT$XLA                DATA
 0002:000006d0 00000008H .CRT$XLZ                DATA
 0002:000006d8 00000008H .CRT$XPA                DATA
 0002:000006e0 00000010H .CRT$XPX                DATA
 0002:000006f0 00000008H .CRT$XPXA               DATA
 0002:000006f8 00000008H .CRT$XPZ                DATA
 0002:00000700 00000008H .CRT$XTA                DATA
 0002:00000708 00000008H .CRT$XTZ                DATA
 0002:00000710 00000000H .gehcont$y              DATA
 0002:00000710 00000000H .gfids$y                DATA
 0002:00000710 0000c8f0H .rdata                  DATA
 0002:0000d000 00000000H .rdata$CastGuardVftablesA DATA
 0002:0000d000 00000000H .rdata$CastGuardVftablesC DATA
 0002:0000d000 00000028H .rdata$T                DATA
 0002:0000d028 0000075cH .rdata$r                DATA
 0002:0000d784 0000040cH .rdata$zzzdbg           DATA
 0002:0000db90 00000008H .rtc$IAA                DATA
 0002:0000db98 00000008H .rtc$IZZ                DATA
 0002:0000dba0 00000008H .rtc$TAA                DATA
 0002:0000dba8 00000008H .rtc$TZZ                DATA
 0002:0000dbb0 00000004H .tls                    DATA
 0002:0000dbb4 00000004H .tls$                   DATA
 0002:0000dbb8 00000008H .tls$ZZZ                DATA
 0002:0000dbc0 000025a0H .xdata                  DATA
 0002:00010160 00000200H .xdata$x                DATA
 0002:00010360 000002e4H .edata                  DATA
 0002:00010644 00000064H .idata$2                DATA
 0002:000106a8 00000018H .idata$3                DATA
 0002:000106c0 00000658H .idata$4                DATA
 0002:00010d18 00000e72H .idata$6                DATA
 0003:00000000 00000c98H .data                   DATA
 0003:00000c98 00000138H .data$r                 DATA
 0003:00000dd0 00000170H .data$rs                DATA
 0003:00000f40 0000bc00H .bss                    DATA
 0004:00000000 000027e4H .pdata                  DATA
 0005:00000000 00000100H _RDATA                  DATA
 0006:00000000 000000a0H .rsrc$01                DATA
 0006:000000a0 00000490H .rsrc$02                DATA

  Address         Publics by Value              Rva+Base               Lib:Object

 0000:00000000       ___safe_se_handler_table   0000000000000000     <absolute>
 0000:00000000       __arm64x_redirection_metadata 0000000000000000     <absolute>
 0000:00000000       __guard_iat_table          0000000000000000     <absolute>
 0000:00000000       __guard_longjmp_table      0000000000000000     <absolute>
 0000:00000000       __x64_code_ranges_to_entry_points 0000000000000000     <absolute>
 0000:00000000       __guard_iat_count          0000000000000000     <absolute>
 0000:00000000       __guard_fids_count         0000000000000000     <absolute>
 0000:00000000       __guard_longjmp_count      0000000000000000     <absolute>
 0000:00000000       __dynamic_value_reloc_table 0000000000000000     <absolute>
 0000:00000000       __arm64x_extra_rfe_table   0000000000000000     <absolute>
 0000:00000000       __x64_code_ranges_to_entry_points_count 0000000000000000     <absolute>
 0000:00000000       __hybrid_auxiliary_iat     0000000000000000     <absolute>
 0000:00000000       __hybrid_code_map          0000000000000000     <absolute>
 0000:00000000       __volatile_metadata        0000000000000000     <absolute>
 0000:00000000       __arm64x_extra_rfe_table_size 0000000000000000     <absolute>
 0000:00000000       ___safe_se_handler_count   0000000000000000     <absolute>
 0000:00000000       __AbsoluteZero             0000000000000000     <absolute>
 0000:00000000       __guard_fids_table         0000000000000000     <absolute>
 0000:00000000       __guard_eh_cont_count      0000000000000000     <absolute>
 0000:00000000       __arm64x_redirection_metadata_count 0000000000000000     <absolute>
 0000:00000000       __enclave_config           0000000000000000     <absolute>
 0000:00000000       __guard_eh_cont_table      0000000000000000     <absolute>
 0000:00000000       __arm64x_native_entrypoint 0000000000000000     <absolute>
 0000:00000000       __hybrid_code_map_count    0000000000000000     <absolute>
 0000:00000100       __guard_flags              0000000000000100     <absolute>
 0000:00000000       __ImageBase                0000000180000000     <linker-defined>
 0001:00000010       ??$swprintf_c@$0EA@@@YAHAEAY0EA@_WPEB_WZZ 0000000180001010 f i ConEmuInjects.obj
 0001:0000003c       ??$swprintf_c@$0IA@@@YAHAEAY0IA@_WPEB_WZZ 000000018000103c f i ConEmuInjects.obj
 0001:00000068       ??$swprintf_c@$0PP@@@YAHAEAY0PP@_WPEB_WZZ 0000000180001068 f i ConEmuInjects.obj
 0001:00000094       ?ShutdownHooks@@YAXXZ      0000000180001094 f   ConEmuInjects.obj
 0001:00000284       ?StartupConsoleHooks@@YAXXZ 0000000180001284 f   ConEmuInjects.obj
 0001:00000310       ?StartupHooks@@YA_NPEAUHINSTANCE__@@@Z 0000000180001310 f   ConEmuInjects.obj
 0001:000006f8       ?StringCchVPrintfW@@YAJPEA_W_KPEB_WPEAD@Z 00000001800016f8 f i ConEmuInjects.obj
 0001:0000079c       __local_stdio_printf_options 000000018000179c f i ConEmuInjects.obj
 0001:000007a4       ExitFARW                   00000001800017a4 f   ConEmuPlugin.obj
 0001:000007fc       ProcessEditorEventW        00000001800017fc f   ConEmuPlugin.obj
 0001:000007fc       ?ProcessEditorEvent@@YAHHPEAX@Z 00000001800017fc f   ConEmuPlugin.obj
 0001:0000081c       ProcessSynchroEventW       000000018000181c f   ConEmuPlugin.obj
 0001:00000848       ProcessViewerEventW        0000000180001848 f   ConEmuPlugin.obj
 0001:00000848       ?ProcessViewerEvent@@YAHHPEAX@Z 0000000180001848 f   ConEmuPlugin.obj
 0001:00000868       ?ProcessSynchroEventW3@@YA_JPEAX@Z 0000000180001868 f   ConEmuPlugin.obj
 0001:00000890       ?ProcessEditorEventW3@@YA_JPEAX@Z 0000000180001890 f   ConEmuPlugin.obj
 0001:000008b8       ?ProcessViewerEventW3@@YA_JPEAX@Z 00000001800018b8 f   ConEmuPlugin.obj
 0001:000008e0       ?ExitFARW3@@YAXPEAX@Z      00000001800018e0 f   ConEmuPlugin.obj
 0001:00000938       ?ActivateConsole@@YAHXZ    0000000180001938 f   ConEmuPlugin.obj
 0001:000009c8       ?ExitFAR@@YAXXZ            00000001800019c8 f   ConEmuPlugin.obj
 0001:00000a20       ?GetFarHWND2@@YAPEAUHWND__@@H@Z 0000000180001a20 f   ConEmuPlugin.obj
 0001:00000a8c       ?GetFarHWND@@YAPEAUHWND__@@XZ 0000000180001a8c f   ConEmuPlugin.obj
 0001:00000a94       ?GetFarVersion@@YAXPEAUFarVersion@@@Z 0000000180001a94 f   ConEmuPlugin.obj
 0001:00000ab0       ?GetMinFarVersion@@YAHXZ   0000000180001ab0 f   ConEmuPlugin.obj
 0001:00000ae0       ?GetPluginInfo@@YAXPEAX@Z  0000000180001ae0 f   ConEmuPlugin.obj
 0001:00000b34       ?GetPluginInfoW@@YAXPEAX@Z 0000000180001b34 f   ConEmuPlugin.obj
 0001:00000b54       ?IsConsoleActive@@YAHXZ    0000000180001b54 f   ConEmuPlugin.obj
 0001:00000bac       ?IsTerminalMode@@YAHXZ     0000000180001bac f   ConEmuPlugin.obj
 0001:00000bb4       ?OpenPlugin@@YAPEAXH_J@Z   0000000180001bb4 f   ConEmuPlugin.obj
 0001:00000be4       ?OpenW@@YAPEAXPEBX@Z       0000000180001be4 f   ConEmuPlugin.obj
 0001:00000c08       ?ProcessEditorInput@@YAHPEBU_INPUT_RECORD@@@Z 0000000180001c08 f   ConEmuPlugin.obj
 0001:00000c2c       ?RegisterBackground@@YAHPEAURegisterBackgroundArg@@@Z 0000000180001c2c f   ConEmuPlugin.obj
 0001:00000ca8       ?RegisterPanelView@@YAHPEAUPanelViewInit@@@Z 0000000180001ca8 f   ConEmuPlugin.obj
 0001:00000e10       ?SetStartupInfo@@YAXPEAX@Z 0000000180001e10 f   ConEmuPlugin.obj
 0001:00000e74       ?SetupExportsFar3@@YAXXZ   0000000180001e74 f   ConEmuPlugin.obj
 0001:00000fe4       ?SyncExecute@@YAHPEAUHINSTANCE__@@P6AX_J@Z1@Z 0000000180001fe4 f   ConEmuPlugin.obj
 0001:00001030       DllMain                    0000000180002030 f   ConEmuPlugin.obj
 0001:00001054       GetMinFarVersionW          0000000180002054 f   ConEmuPlugin.obj
 0001:0000105c       OpenPluginW                000000018000205c f   ConEmuPlugin.obj
 0001:0000109c       ProcessEditorInputW        000000018000209c f   ConEmuPlugin.obj
 0001:000010c0       SetStartupInfoW            00000001800020c0 f   ConEmuPlugin.obj
 0001:000010f0       ??0CPluginW1900@@QEAA@XZ   00000001800020f0 f   ConEmuPlugin1900.obj
 0001:00001294       ??_GCPluginW1900@@UEAAPEAXI@Z 0000000180002294 f i ConEmuPlugin1900.obj
 0001:00001294       ??_ECPluginW1900@@UEAAPEAXI@Z 0000000180002294 f i ConEmuPlugin1900.obj
 0001:0000179c       ?CheckPanelExist@CPluginW1900@@UEAA_NXZ 000000018000279c f   ConEmuPlugin1900.obj
 0001:000017d8       ?Color2BgIndex@Far3Color@@SAXKHAEAGPEBK@Z 00000001800027d8 f i ConEmuPlugin1900.obj
 0001:000018ec       ?Color2FgIndex@Far3Color@@SAXKAEAGPEBK@Z 00000001800028ec f i ConEmuPlugin1900.obj
 0001:000019dc       ?ExecuteSynchroApi@CPluginW1900@@UEAA_NXZ 00000001800029dc f   ConEmuPlugin1900.obj
 0001:00001a10       ?ExitFar@CPluginW1900@@UEAAXXZ 0000000180002a10 f   ConEmuPlugin1900.obj
 0001:00001ab4       ?FarColor_3_2@@YAEAEBUFarColor@@_N@Z 0000000180002ab4 f i ConEmuPlugin1900.obj
 0001:00001b74       ?GetActiveWindowType@CPluginW1900@@UEAAHXZ 0000000180002b74 f   ConEmuPlugin1900.obj
 0001:00001c20       ?GetEditorModifiedState@CPluginW1900@@UEAAKXZ 0000000180002c20 f   ConEmuPlugin1900.obj
 0001:00001c7c       ?GetFarRect@CPluginW1900@@UEAA_NAEAU_SMALL_RECT@@@Z 0000000180002c7c f   ConEmuPlugin1900.obj
 0001:00001d28       ?GetMacroArea@CPluginW1900@@UEAAHXZ 0000000180002d28 f   ConEmuPlugin1900.obj
 0001:00001d48       ?GetMsg@CPluginW1900@@UEAAPEB_WHPEA_W_K@Z 0000000180002d48 f   ConEmuPlugin1900.obj
 0001:00001dbc       ?GetPanelDir@CPluginW1900@@UEAAPEA_WKPEA_WH@Z 0000000180002dbc f   ConEmuPlugin1900.obj
 0001:00001f3c       ?GetPanelInfo@CPluginW1900@@UEAA_NKPEAUCEPanelInfo@@@Z 0000000180002f3c f   ConEmuPlugin1900.obj
 0001:000021dc       ?GetPanelItemInfo@CPluginW1900@@UEAA_NAEBUCEPanelInfo@@_N_JAEAU_WIN32_FIND_DATAW@@PEAPEA_W@Z 00000001800031dc f   ConEmuPlugin1900.obj
 0001:000023c8       ?GetPluginInfoPtr@CPluginW1900@@UEAAXPEAX@Z 00000001800033c8 f   ConEmuPlugin1900.obj
 0001:00002424       ?GetWindowCount@CPluginW1900@@UEAAHXZ 0000000180003424 f   ConEmuPlugin1900.obj
 0001:00002454       ?GetWindowTypeName@CPluginW995@@UEAAPEB_WH@Z 0000000180003454 f   ConEmuPlugin995.obj
 0001:00002454       ?GetWindowTypeName@CPluginAnsi@@UEAAPEB_WH@Z 0000000180003454 f   ConEmuPluginA.obj
 0001:00002454       ?GetWindowTypeName@CPluginW1900@@UEAAPEB_WH@Z 0000000180003454 f   ConEmuPlugin1900.obj
 0001:00002454       ?GetWindowTypeName@CPluginW2800@@UEAAPEB_WH@Z 0000000180003454 f   ConEmuPlugin2800.obj
 0001:000024ac       ?GuiMacroDlg@CPluginW1900@@UEAAXXZ 00000001800034ac f   ConEmuPlugin1900.obj
 0001:000024b4       ?InputBox@CPluginW1900@@UEAA_NPEB_W000AEAPEA_W@Z 00000001800034b4 f   ConEmuPlugin1900.obj
 0001:00002564       ?IsMacroActive@CPluginW1900@@UEAA_NXZ 0000000180003564 f   ConEmuPlugin1900.obj
 0001:000025a8       ?LoadFarColors@CPluginW1900@@UEAAXAEAY0BAA@E@Z 00000001800035a8 f   ConEmuPlugin1900.obj
 0001:00002758       ?LoadFarSettings@CPluginW1900@@UEAAXPEAUCEFarInterfaceSettings@@PEAUCEFarPanelSettings@@@Z 0000000180003758 f   ConEmuPlugin1900.obj
 0001:00002898       ?Open@CPluginW1900@@UEAAPEAXPEBX@Z 0000000180003898 f   ConEmuPlugin1900.obj
 0001:00002974       ?OpenEditor@CPluginW1900@@UEAA_NPEB_W_N11HH@Z 0000000180003974 f   ConEmuPlugin1900.obj
 0001:00002a88       ?PanelControlApi@CPluginW1900@@UEAA_JPEAXH_J0@Z 0000000180003a88 f   ConEmuPlugin1900.obj
 0001:00002ac0       ?PostMacroApi@CPluginW1900@@UEAAXPEB_WPEAU_INPUT_RECORD@@_N@Z 0000000180003ac0 f   ConEmuPlugin1900.obj
 0001:000030e0       ?ProcessEditorEventPtr@CPluginW2800@@UEAAHPEAX@Z 00000001800040e0 f   ConEmuPlugin2800.obj
 0001:000030e0       ?ProcessEditorEventPtr@CPluginW1900@@UEAAHPEAX@Z 00000001800040e0 f   ConEmuPlugin1900.obj
 0001:000030ec       ?ProcessEditorInputPtr@CPluginW1900@@UEAAHPEBX@Z 00000001800040ec f   ConEmuPlugin1900.obj
 0001:0000310c       ?ProcessSynchroEventPtr@CPluginW1900@@UEAAHPEAX@Z 000000018000410c f   ConEmuPlugin1900.obj
 0001:0000310c       ?ProcessSynchroEventPtr@CPluginW2800@@UEAAHPEAX@Z 000000018000410c f   ConEmuPlugin2800.obj
 0001:00003130       ?ProcessViewerEventPtr@CPluginW1900@@UEAAHPEAX@Z 0000000180004130 f   ConEmuPlugin1900.obj
 0001:00003130       ?ProcessViewerEventPtr@CPluginW2800@@UEAAHPEAX@Z 0000000180004130 f   ConEmuPlugin2800.obj
 0001:0000313c       ?RedrawAll@CPluginW1900@@UEAAXXZ 000000018000413c f   ConEmuPlugin1900.obj
 0001:00003174       ?SetStartupInfoPtr@CPluginW1900@@UEAAXPEAX@Z 0000000180004174 f   ConEmuPlugin1900.obj
 0001:000032dc       ?SetWindow@CPluginW1900@@UEAAXH@Z 00000001800042dc f   ConEmuPlugin1900.obj
 0001:00003334       ?ShowMessage@CPluginW1900@@UEAAHPEB_WH_N@Z 0000000180004334 f   ConEmuPlugin1900.obj
 0001:0000339c       ?ShowPluginMenu@CPluginW1900@@UEAAHPEAUConEmuPluginMenuItem@@HH@Z 000000018000439c f   ConEmuPlugin1900.obj
 0001:00003504       ?ShowUserScreen@CPluginW1900@@UEAAX_N@Z 0000000180004504 f   ConEmuPlugin1900.obj
 0001:00003530       ?PlugServerInit@@YAXXZ     0000000180004530 f   PluginSrv.obj
 0001:00003530       ?StopWaitEndSynchro@CPluginW2800@@UEAAXXZ 0000000180004530 f   ConEmuPlugin2800.obj
 0001:00003530       ?StopWaitEndSynchro@CPluginAnsi@@UEAAXXZ 0000000180004530 f   ConEmuPluginA.obj
 0001:00003530       ?WaitEndSynchro@CPluginW1900@@UEAAXXZ 0000000180004530 f   ConEmuPlugin1900.obj
 0001:00003530       ?_Doraise@exception@stdext@@MEBAXXZ 0000000180004530 f   common-kernel64:CEStr.obj
 0001:00003530       ?StopWaitEndSynchro@CPluginW1900@@UEAAXXZ 0000000180004530 f   ConEmuPlugin1900.obj
 0001:00003530       ?WaitEndSynchro@CPluginW2800@@UEAAXXZ 0000000180004530 f   ConEmuPlugin2800.obj
 0001:00003530       _guard_check_icall_nop     0000000180004530 f   LIBCMT:guard_support.obj
 0001:00003530       ?WaitEndSynchro@CPluginAnsi@@UEAAXXZ 0000000180004530 f   ConEmuPluginA.obj
 0001:00003530       ?ShutdownPluginStep@CPluginBase@@SAXPEB_WHHHH@Z 0000000180004530 f   ConEmuPluginBase.obj
 0001:00003534       ?UpdateConEmuTabsApi@CPluginW1900@@UEAA_NH@Z 0000000180004534 f   ConEmuPlugin1900.obj
 0001:00003a04       ??$_Emplace_reallocate@AEBUWindowInfo@@@?$vector@UWindowInfo@@V?$MArrayAllocator@UWindowInfo@@@@@std@@QEAAPEAUWindowInfo@@QEAU2@AEBU2@@Z 0000000180004a04 f i ConEmuPlugin2800.obj
 0001:00003bc4       ??$_Uninitialized_fill_n@V?$MArrayAllocator@UWindowInfo@@@@@std@@YAPEAUWindowInfo@@PEAU1@_KAEBU1@AEAV?$MArrayAllocator@UWindowInfo@@@@@Z 0000000180004bc4 f i ConEmuPlugin2800.obj
 0001:00003c04       ??0CPluginW2800@@QEAA@XZ   0000000180004c04 f   ConEmuPlugin2800.obj
 0001:00003da8       ??0bad_alloc@std@@QEAA@AEBV01@@Z 0000000180004da8 f i ConEmuPlugin2800.obj
 0001:00003de4       ??0bad_alloc@std@@QEAA@XZ  0000000180004de4 f i ConEmuPlugin2800.obj
 0001:00003e04       ??0exception@std@@QEAA@AEBV01@@Z 0000000180004e04 f i ConEmuPlugin2800.obj
 0001:00003e38       ??1?$MArray@UWindowInfo@@@@QEAA@XZ 0000000180004e38 f i ConEmuPlugin2800.obj
 0001:00003e70       ??1bad_exception@std@@UEAA@XZ 0000000180004e70 f i libvcruntime:frame.obj
 0001:00003e70       ??1length_error@std@@UEAA@XZ 0000000180004e70 f i libcpmt:xthrow.obj
 0001:00003e70       ??1bad_alloc@std@@UEAA@XZ  0000000180004e70 f i ConEmuPlugin2800.obj
 0001:00003e84       ??_ECPluginW2800@@UEAAPEAXI@Z 0000000180004e84 f i ConEmuPlugin2800.obj
 0001:00003e84       ??_GCPluginW2800@@UEAAPEAXI@Z 0000000180004e84 f i ConEmuPlugin2800.obj
 0001:00003ec4       ??_Elength_error@std@@UEAAPEAXI@Z 0000000180004ec4 f i libcpmt:xthrow.obj
 0001:00003ec4       ??_Eexception@std@@UEAAPEAXI@Z 0000000180004ec4 f i ConEmuPlugin2800.obj
 0001:00003ec4       ??_Ebad_alloc@std@@UEAAPEAXI@Z 0000000180004ec4 f i ConEmuPlugin2800.obj
 0001:00003ec4       ??_Gbad_exception@std@@UEAAPEAXI@Z 0000000180004ec4 f i libvcruntime:frame.obj
 0001:00003ec4       ??_Elogic_error@std@@UEAAPEAXI@Z 0000000180004ec4 f i libcpmt:xthrow.obj
 0001:00003ec4       ??_Ebad_exception@std@@UEAAPEAXI@Z 0000000180004ec4 f i libvcruntime:frame.obj
 0001:00003ec4       ??_Glength_error@std@@UEAAPEAXI@Z 0000000180004ec4 f i libcpmt:xthrow.obj
 0001:00003ec4       ??_Gbad_alloc@std@@UEAAPEAXI@Z 0000000180004ec4 f i ConEmuPlugin2800.obj
 0001:00003ec4       ??_Gexception@std@@UEAAPEAXI@Z 0000000180004ec4 f i ConEmuPlugin2800.obj
 0001:00003ec4       ??_Glogic_error@std@@UEAAPEAXI@Z 0000000180004ec4 f i libcpmt:xthrow.obj
 0001:00004454       ?CheckPanelExist@CPluginW2800@@UEAA_NXZ 0000000180005454 f   ConEmuPlugin2800.obj
 0001:00004490       ?ExecuteSynchroApi@CPluginW2800@@UEAA_NXZ 0000000180005490 f   ConEmuPlugin2800.obj
 0001:000044c4       ?ExitFar@CPluginW2800@@UEAAXXZ 00000001800054c4 f   ConEmuPlugin2800.obj
 0001:00004580       ?GetActiveWindowType@CPluginW2800@@UEAAHXZ 0000000180005580 f   ConEmuPlugin2800.obj
 0001:00004638       ?GetEditorModifiedState@CPluginW2800@@UEAAKXZ 0000000180005638 f   ConEmuPlugin2800.obj
 0001:00004698       ?GetFarRect@CPluginW2800@@UEAA_NAEAU_SMALL_RECT@@@Z 0000000180005698 f   ConEmuPlugin2800.obj
 0001:0000474c       ?GetMacroArea@CPluginW2800@@UEAAHXZ 000000018000574c f   ConEmuPlugin2800.obj
 0001:0000476c       ?GetMsg@CPluginW2800@@UEAAPEB_WHPEA_W_K@Z 000000018000576c f   ConEmuPlugin2800.obj
 0001:000047e4       ?GetPanelDir@CPluginW2800@@UEAAPEA_WKPEA_WH@Z 00000001800057e4 f   ConEmuPlugin2800.obj
 0001:00004964       ?GetPanelInfo@CPluginW2800@@UEAA_NKPEAUCEPanelInfo@@@Z 0000000180005964 f   ConEmuPlugin2800.obj
 0001:00004c04       ?GetPanelItemInfo@CPluginW2800@@UEAA_NAEBUCEPanelInfo@@_N_JAEAU_WIN32_FIND_DATAW@@PEAPEA_W@Z 0000000180005c04 f   ConEmuPlugin2800.obj
 0001:00004e08       ?GetPluginInfoPtr@CPluginW2800@@UEAAXPEAX@Z 0000000180005e08 f   ConEmuPlugin2800.obj
 0001:00004e64       ?GetWindowCount@CPluginW2800@@UEAAHXZ 0000000180005e64 f   ConEmuPlugin2800.obj
 0001:00004e94       ?GuiMacroDlg@CPluginW2800@@UEAAXXZ 0000000180005e94 f   ConEmuPlugin2800.obj
 0001:00004e9c       ?InputBox@CPluginW2800@@UEAA_NPEB_W000AEAPEA_W@Z 0000000180005e9c f   ConEmuPlugin2800.obj
 0001:00004f4c       ?IsMacroActive@CPluginW2800@@UEAA_NXZ 0000000180005f4c f   ConEmuPlugin2800.obj
 0001:00004f90       ?LoadFarColors@CPluginW2800@@UEAAXAEAY0BAA@E@Z 0000000180005f90 f   ConEmuPlugin2800.obj
 0001:00005140       ?LoadFarSettings@CPluginW2800@@UEAAXPEAUCEFarInterfaceSettings@@PEAUCEFarPanelSettings@@@Z 0000000180006140 f   ConEmuPlugin2800.obj
 0001:00005280       ?Open@CPluginW2800@@UEAAPEAXPEBX@Z 0000000180006280 f   ConEmuPlugin2800.obj
 0001:000053d0       ?OpenEditor@CPluginW2800@@UEAA_NPEB_W_N11HH@Z 00000001800063d0 f   ConEmuPlugin2800.obj
 0001:000054f4       ?PanelControlApi@CPluginW2800@@UEAA_JPEAXH_J0@Z 00000001800064f4 f   ConEmuPlugin2800.obj
 0001:0000552c       ?PostMacroApi@CPluginW2800@@UEAAXPEB_WPEAU_INPUT_RECORD@@_N@Z 000000018000652c f   ConEmuPlugin2800.obj
 0001:000058d0       ?ProcessEditorInputPtr@CPluginW2800@@UEAAHPEBX@Z 00000001800068d0 f   ConEmuPlugin2800.obj
 0001:000058f0       ?RedrawAll@CPluginW2800@@UEAAXXZ 00000001800068f0 f   ConEmuPlugin2800.obj
 0001:00005928       ?SetStartupInfoPtr@CPluginW2800@@UEAAXPEAX@Z 0000000180006928 f   ConEmuPlugin2800.obj
 0001:00005a90       ?SetWindow@CPluginW2800@@UEAAXH@Z 0000000180006a90 f   ConEmuPlugin2800.obj
 0001:00005bdc       ?ShowMessage@CPluginW2800@@UEAAHPEB_WH_N@Z 0000000180006bdc f   ConEmuPlugin2800.obj
 0001:00005c44       ?ShowPluginMenu@CPluginW2800@@UEAAHPEAUConEmuPluginMenuItem@@HH@Z 0000000180006c44 f   ConEmuPlugin2800.obj
 0001:00005db0       ?ShowUserScreen@CPluginW2800@@UEAAX_N@Z 0000000180006db0 f   ConEmuPlugin2800.obj
 0001:00005ddc       ?UpdateConEmuTabsApi@CPluginW2800@@UEAA_NH@Z 0000000180006ddc f   ConEmuPlugin2800.obj
 0001:00006764       ?_Getal@?$vector@UWindowInfo@@V?$MArrayAllocator@UWindowInfo@@@@@std@@AEAAAEAV?$MArrayAllocator@UWindowInfo@@@@XZ 0000000180007764 f i ConEmuPlugin2800.obj
 0001:00006768       ?_Xlength@?$vector@UWindowInfo@@V?$MArrayAllocator@UWindowInfo@@@@@std@@CAXXZ 0000000180007768 f i ConEmuPlugin2800.obj
 0001:00006768       ?_Xlength@?$vector@UtagPROCESSENTRY32W@@V?$MArrayAllocator@UtagPROCESSENTRY32W@@@@@std@@CAXXZ 0000000180007768 f i common-kernel64:MProcess.obj
 0001:0000677c       ?deallocate@?$MArrayAllocator@UWindowInfo@@@@QEAAXPEAUWindowInfo@@_K@Z 000000018000777c f i ConEmuPlugin2800.obj
 0001:000067a4       ?erase@?$MArray@UWindowInfo@@@@QEAAX_J0@Z 00000001800077a4 f i ConEmuPlugin2800.obj
 0001:00006838       ?insert@?$MArray@UWindowInfo@@@@QEAA_J_JAEBUWindowInfo@@0@Z 0000000180007838 f i ConEmuPlugin2800.obj
 0001:000068e0       ?insert@?$vector@UWindowInfo@@V?$MArrayAllocator@UWindowInfo@@@@@std@@QEAA?AV?$_Vector_iterator@V?$_Vector_val@U?$_Simple_types@UWindowInfo@@@std@@@std@@@2@V?$_Vector_const_iterator@V?$_Vector_val@U?$_Simple_types@UWindowInfo@@@std@@@std@@@2@_KAEBUWindowInfo@@@Z 00000001800078e0 f i ConEmuPlugin2800.obj
 0001:00006d04       ?push_back@?$MArray@UWindowInfo@@@@QEAA_JAEBUWindowInfo@@@Z 0000000180007d04 f i ConEmuPlugin2800.obj
 0001:00006d88       ?what@exception@std@@UEBAPEBDXZ 0000000180007d88 f i ConEmuPlugin2800.obj
 0001:00006d9c       GetGlobalInfoW             0000000180007d9c f   ConEmuPlugin2800.obj
 0001:00006e34       ??0CPluginW995@@QEAA@XZ    0000000180007e34 f   ConEmuPlugin995.obj
 0001:00006fcc       ??_GCPluginW995@@UEAAPEAXI@Z 0000000180007fcc f i ConEmuPlugin995.obj
 0001:00006fcc       ??_ECPluginW995@@UEAAPEAXI@Z 0000000180007fcc f i ConEmuPlugin995.obj
 0001:0000744c       ?CheckPanelExist@CPluginW995@@UEAA_NXZ 000000018000844c f   ConEmuPlugin995.obj
 0001:00007484       ?ExecuteSynchroApi@CPluginW995@@UEAA_NXZ 0000000180008484 f   ConEmuPlugin995.obj
 0001:000074b4       ?ExitFar@CPluginW995@@UEAAXXZ 00000001800084b4 f   ConEmuPlugin995.obj
 0001:00007558       ?GetActiveWindowType@CPluginW995@@UEAAHXZ 0000000180008558 f   ConEmuPlugin995.obj
 0001:00007638       ?GetEditorModifiedState@CPluginW995@@UEAAKXZ 0000000180008638 f   ConEmuPlugin995.obj
 0001:00007690       ?GetFarRect@CPluginW995@@UEAA_NAEAU_SMALL_RECT@@@Z 0000000180008690 f   ConEmuPlugin995.obj
 0001:000076e8       ?GetMacroArea@CPluginW995@@UEAAHXZ 00000001800086e8 f   ConEmuPlugin995.obj
 0001:00007740       ?GetMsg@CPluginW995@@UEAAPEB_WHPEA_W_K@Z 0000000180008740 f   ConEmuPlugin995.obj
 0001:000077b0       ?GetPanelDir@CPluginW995@@UEAAPEA_WKPEA_WH@Z 00000001800087b0 f   ConEmuPlugin995.obj
 0001:000078f8       ?GetPanelInfo@CPluginW995@@UEAA_NKPEAUCEPanelInfo@@@Z 00000001800088f8 f   ConEmuPlugin995.obj
 0001:00007b38       ?GetPanelItemInfo@CPluginW995@@UEAA_NAEBUCEPanelInfo@@_N_JAEAU_WIN32_FIND_DATAW@@PEAPEA_W@Z 0000000180008b38 f   ConEmuPlugin995.obj
 0001:00007d10       ?GetPluginInfoPtr@CPluginW995@@UEAAXPEAX@Z 0000000180008d10 f   ConEmuPlugin995.obj
 0001:00007d7c       ?GetWindowCount@CPluginW995@@UEAAHXZ 0000000180008d7c f   ConEmuPlugin995.obj
 0001:00007da8       ?GuiMacroDlg@CPluginW995@@UEAAXXZ 0000000180008da8 f   ConEmuPlugin995.obj
 0001:00007db0       ?InputBox@CPluginW995@@UEAA_NPEB_W000AEAPEA_W@Z 0000000180008db0 f   ConEmuPlugin995.obj
 0001:00007e60       ?IsMacroActive@CPluginW995@@UEAA_NXZ 0000000180008e60 f   ConEmuPlugin995.obj
 0001:00007ed0       ?LoadFarColors@CPluginW995@@UEAAXAEAY0BAA@E@Z 0000000180008ed0 f   ConEmuPlugin995.obj
 0001:00007f8c       ?LoadFarSettings@CPluginW995@@UEAAXPEAUCEFarInterfaceSettings@@PEAUCEFarPanelSettings@@@Z 0000000180008f8c f   ConEmuPlugin995.obj
 0001:00007fe8       ?Open@CPluginW995@@UEAAPEAXPEBX@Z 0000000180008fe8 f i ConEmuPlugin995.obj
 0001:00007fe8       ?Open@CPluginAnsi@@UEAAPEAXPEBX@Z 0000000180008fe8 f i ConEmuPluginA.obj
 0001:00007ff0       ?OpenEditor@CPluginW995@@UEAA_NPEB_W_N11HH@Z 0000000180008ff0 f   ConEmuPlugin995.obj
 0001:000080f8       ?PanelControlApi@CPluginW995@@UEAA_JPEAXH_J0@Z 00000001800090f8 f   ConEmuPlugin995.obj
 0001:0000813c       ?PostMacroApi@CPluginW995@@UEAAXPEB_WPEAU_INPUT_RECORD@@_N@Z 000000018000913c f   ConEmuPlugin995.obj
 0001:000081e4       ?ProcessViewerEventPtr@CPluginAnsi@@UEAAHPEAX@Z 00000001800091e4 f i ConEmuPluginA.obj
 0001:000081e4       ?ProcessEditorEventPtr@CPluginAnsi@@UEAAHPEAX@Z 00000001800091e4 f i ConEmuPluginA.obj
 0001:000081e4       ?ProcessSynchroEventPtr@CPluginAnsi@@UEAAHPEAX@Z 00000001800091e4 f i ConEmuPluginA.obj
 0001:000081e4       ?ProcessViewerEventPtr@CPluginW995@@UEAAHPEAX@Z 00000001800091e4 f i ConEmuPlugin995.obj
 0001:000081e4       ?ProcessEditorInputPtr@CPluginAnsi@@UEAAHPEBX@Z 00000001800091e4 f i ConEmuPluginA.obj
 0001:000081e4       ?ProcessSynchroEventPtr@CPluginW995@@UEAAHPEAX@Z 00000001800091e4 f i ConEmuPlugin995.obj
 0001:000081e4       ?ProcessEditorEventPtr@CPluginW995@@UEAAHPEAX@Z 00000001800091e4 f i ConEmuPlugin995.obj
 0001:000081e8       ?ProcessEditorInputPtr@CPluginW995@@UEAAHPEBX@Z 00000001800091e8 f   ConEmuPlugin995.obj
 0001:00008204       ?RedrawAll@CPluginW995@@UEAAXXZ 0000000180009204 f   ConEmuPlugin995.obj
 0001:00008234       ?SetStartupInfoPtr@CPluginW995@@UEAAXPEAX@Z 0000000180009234 f   ConEmuPlugin995.obj
 0001:0000838c       ?SetWindow@CPluginW995@@UEAAXH@Z 000000018000938c f   ConEmuPlugin995.obj
 0001:000083d8       ?ShowMessage@CPluginW995@@UEAAHPEB_WH_N@Z 00000001800093d8 f   ConEmuPlugin995.obj
 0001:00008438       ?ShowPluginMenu@CPluginW995@@UEAAHPEAUConEmuPluginMenuItem@@HH@Z 0000000180009438 f   ConEmuPlugin995.obj
 0001:0000858c       ?ShowUserScreen@CPluginW995@@UEAAX_N@Z 000000018000958c f   ConEmuPlugin995.obj
 0001:000085b8       ?StopWaitEndSynchro@CPluginW995@@UEAAXXZ 00000001800095b8 f   ConEmuPlugin995.obj
 0001:000085e8       ?UpdateConEmuTabsApi@CPluginW995@@UEAA_NH@Z 00000001800095e8 f   ConEmuPlugin995.obj
 0001:00008860       ?WaitEndSynchro@CPluginW995@@UEAAXXZ 0000000180009860 f   ConEmuPlugin995.obj
 0001:000089f4       ??0CPluginAnsi@@QEAA@XZ    00000001800099f4 f   ConEmuPluginA.obj
 0001:00008b58       ??_ECPluginAnsi@@UEAAPEAXI@Z 0000000180009b58 f i ConEmuPluginA.obj
 0001:00008b58       ??_GCPluginAnsi@@UEAAPEAXI@Z 0000000180009b58 f i ConEmuPluginA.obj
 0001:00009140       ?CheckPanelExist@CPluginAnsi@@UEAA_NXZ 000000018000a140 f   ConEmuPluginA.obj
 0001:00009178       ?GetFarRect@CPluginAnsi@@UEAA_NAEAU_SMALL_RECT@@@Z 000000018000a178 f i ConEmuPluginA.obj
 0001:00009178       ?ExecuteSynchroApi@CPluginAnsi@@UEAA_NXZ 000000018000a178 f i ConEmuPluginA.obj
 0001:0000917c       ?ExitFar@CPluginAnsi@@UEAAXXZ 000000018000a17c f   ConEmuPluginA.obj
 0001:000091d8       ?GetActiveWindowType@CPluginAnsi@@UEAAHXZ 000000018000a1d8 f   ConEmuPluginA.obj
 0001:0000925c       ?GetEditorModifiedState@CPluginAnsi@@UEAAKXZ 000000018000a25c f   ConEmuPluginA.obj
 0001:000092b4       _get_startup_argv_mode     000000018000a2b4 f   LIBCMT:argv_mode.obj
 0001:000092b4       ?GetMacroArea@CPluginAnsi@@UEAAHXZ 000000018000a2b4 f   ConEmuPluginA.obj
 0001:000092bc       ?GetMsg@CPluginAnsi@@UEAAPEB_WHPEA_W_K@Z 000000018000a2bc f   ConEmuPluginA.obj
 0001:0000935c       ?GetPanelDir@CPluginAnsi@@UEAAPEA_WKPEA_WH@Z 000000018000a35c f   ConEmuPluginA.obj
 0001:00009454       ?GetPanelInfo@CPluginAnsi@@UEAA_NKPEAUCEPanelInfo@@@Z 000000018000a454 f   ConEmuPluginA.obj
 0001:000096ac       ?GetPanelItemInfo@CPluginAnsi@@UEAA_NAEBUCEPanelInfo@@_N_JAEAU_WIN32_FIND_DATAW@@PEAPEA_W@Z 000000018000a6ac f   ConEmuPluginA.obj
 0001:000097d0       ?GetPluginInfoPtr@CPluginAnsi@@UEAAXPEAX@Z 000000018000a7d0 f   ConEmuPluginA.obj
 0001:0000985c       ?GetWindowCount@CPluginAnsi@@UEAAHXZ 000000018000a85c f   ConEmuPluginA.obj
 0001:00009888       ?GuiMacroDlg@CPluginAnsi@@UEAAXXZ 000000018000a888 f   ConEmuPluginA.obj
 0001:00009890       ?InputBox@CPluginAnsi@@UEAA_NPEB_W000AEAPEA_W@Z 000000018000a890 f   ConEmuPluginA.obj
 0001:000099f0       ?IsMacroActive@CPluginAnsi@@UEAA_NXZ 000000018000a9f0 f   ConEmuPluginA.obj
 0001:00009a64       ?LoadFarColors@CPluginAnsi@@UEAAXAEAY0BAA@E@Z 000000018000aa64 f   ConEmuPluginA.obj
 0001:00009b24       ?LoadFarSettings@CPluginAnsi@@UEAAXPEAUCEFarInterfaceSettings@@PEAUCEFarPanelSettings@@@Z 000000018000ab24 f   ConEmuPluginA.obj
 0001:00009b84       ?OpenEditor@CPluginAnsi@@UEAA_NPEB_W_N11HH@Z 000000018000ab84 f   ConEmuPluginA.obj
 0001:00009cc0       ?PanelControlApi@CPluginAnsi@@UEAA_JPEAXH_J0@Z 000000018000acc0 f   ConEmuPluginA.obj
 0001:00009cfc       ?PostMacroApi@CPluginAnsi@@UEAAXPEB_WPEAU_INPUT_RECORD@@_N@Z 000000018000acfc f   ConEmuPluginA.obj
 0001:00009dd4       ?RedrawAll@CPluginAnsi@@UEAAXXZ 000000018000add4 f   ConEmuPluginA.obj
 0001:00009e08       ?SetStartupInfoPtr@CPluginAnsi@@UEAAXPEAX@Z 000000018000ae08 f   ConEmuPluginA.obj
 0001:00009f64       ?SetWindow@CPluginAnsi@@UEAAXH@Z 000000018000af64 f   ConEmuPluginA.obj
 0001:00009fb8       ?ShowMessage@CPluginAnsi@@UEAAHPEB_WH_N@Z 000000018000afb8 f   ConEmuPluginA.obj
 0001:0000a0b0       ?ShowPluginMenu@CPluginAnsi@@UEAAHPEAUConEmuPluginMenuItem@@HH@Z 000000018000b0b0 f   ConEmuPluginA.obj
 0001:0000a268       ?ShowUserScreen@CPluginAnsi@@UEAAX_N@Z 000000018000b268 f   ConEmuPluginA.obj
 0001:0000a294       ?UpdateConEmuTabsApi@CPluginAnsi@@UEAA_NH@Z 000000018000b294 f   ConEmuPluginA.obj
 0001:0000a550       ??$swprintf_c@$0BAE@@@YAHAEAY0BAE@_WPEB_WZZ 000000018000b550 f i ConEmuPluginBase.obj
 0001:0000a57c       ??$swprintf_c@$0DAM@@@YAHAEAY0DAM@_WPEB_WZZ 000000018000b57c f i ConEmuPluginBase.obj
 0001:0000a5a8       ??$swprintf_c@$0EAA@@@YAHAEAY0EAA@_WPEB_WZZ 000000018000b5a8 f i ConEmuPluginBase.obj
 0001:0000a5d4       ??$swprintf_c@$0MI@@@YAHAEAY0MI@_WPEB_WZZ 000000018000b5d4 f i ConEmuPluginBase.obj
 0001:0000a600       ??$wcscpy_c@$0BBE@@@YAHAEAY0BBE@_WPEB_W@Z 000000018000b600 f i ConEmuPluginBase.obj
 0001:0000a64c       ??$wcscpy_c@$0CAI@@@YAHAEAY0CAI@_WPEB_W@Z 000000018000b64c f i ConEmuPluginBase.obj
 0001:0000a698       ??0CPluginBase@@QEAA@XZ    000000018000b698 f   ConEmuPluginBase.obj
 0001:0000a7c0       ??0MWow64Disable@@QEAA@XZ  000000018000b7c0 f i ConEmuPluginBase.obj
 0001:0000a834       ??1?$MFileMapping@UPanelViewSetMapping@@@@QEAA@XZ 000000018000b834 f i PluginBackground.obj
 0001:0000a834       ??1?$MFileMapping@UConEmuGuiMapping@@@@QEAA@XZ 000000018000b834 f i common-user64:ConEmuCheckEx.obj
 0001:0000a834       ??1?$MFileMapping@UCESERVER_CONSOLE_MAPPING_HDR@@@@QEAA@XZ 000000018000b834 f i ConEmuPluginBase.obj
 0001:0000a888       ??1CPluginBase@@UEAA@XZ    000000018000b888 f   ConEmuPluginBase.obj
 0001:0000a894       ??1MWow64Disable@@QEAA@XZ  000000018000b894 f i ConEmuPluginBase.obj
 0001:0000a8b8       ??_GCPluginBase@@UEAAPEAXI@Z 000000018000b8b8 f i ConEmuPluginBase.obj
 0001:0000a8b8       ??_ECPluginBase@@UEAAPEAXI@Z 000000018000b8b8 f i ConEmuPluginBase.obj
 0001:0000a8e4       ?ActivatePlugin@CPluginBase@@QEAA_NKPEAXK@Z 000000018000b8e4 f   ConEmuPluginBase.obj
 0001:0000aa98       ?AddTab@CPluginBase@@QEAA_NAEAHH_N1HPEB_W2HHHH@Z 000000018000ba98 f   ConEmuPluginBase.obj
 0001:0000adfc       ?AddTabFinish@CPluginBase@@QEAAXH@Z 000000018000bdfc f   ConEmuPluginBase.obj
 0001:0000ae08       ?Attach2Gui@CPluginBase@@QEAA_N_N@Z 000000018000be08 f   ConEmuPluginBase.obj
 0001:0000b230       ?BackgroundMacroError@CPluginBase@@SAKPEAX@Z 000000018000c230 f   ConEmuPluginBase.obj
 0001:0000b268       ?CheckBufferEnabled@CPluginBase@@QEAA_NXZ 000000018000c268 f   ConEmuPluginBase.obj
 0001:0000b2cc       ?CheckConEmuDetached@CPluginBase@@SAXXZ 000000018000c2cc f   ConEmuPluginBase.obj
 0001:0000b500       ?CheckResources@CPluginBase@@QEAAX_N@Z 000000018000c500 f   ConEmuPluginBase.obj
 0001:0000b6e0       ?CloseMapHeader@CPluginBase@@SAXXZ 000000018000c6e0 f   ConEmuPluginBase.obj
 0001:0000b73c       ?CloseTabs@CPluginBase@@SAXXZ 000000018000c73c f   ConEmuPluginBase.obj
 0001:0000b7dc       ?CommonPluginStartup@CPluginBase@@QEAAXXZ 000000018000c7dc f   ConEmuPluginBase.obj
 0001:0000b8e8       ?CreateTabs@CPluginBase@@SA_NH@Z 000000018000c8e8 f   ConEmuPluginBase.obj
 0001:0000b9c8       ?DllCheckUnique@CPluginBase@@KA_N_N@Z 000000018000c9c8 f   ConEmuPluginBase.obj
 0001:0000bc04       ?DllMain_ProcessAttach@CPluginBase@@KAXPEAUHINSTANCE__@@@Z 000000018000cc04 f   ConEmuPluginBase.obj
 0001:0000bcec       ?DllMain_ProcessDetach@CPluginBase@@KAXXZ 000000018000ccec f   ConEmuPluginBase.obj
 0001:0000bdd4       ?EditViewConsoleOutput@CPluginBase@@QEAAX_N@Z 000000018000cdd4 f   ConEmuPluginBase.obj
 0001:0000beac       ?EmergencyShow@CPluginBase@@KAXXZ 000000018000ceac f   ConEmuPluginBase.obj
 0001:0000bf08       ?ExecuteSynchro@CPluginBase@@QEAAXXZ 000000018000cf08 f   ConEmuPluginBase.obj
 0001:0000bf8c       ?ExitFarCommon@CPluginBase@@QEAAX_N@Z 000000018000cf8c f   ConEmuPluginBase.obj
 0001:0000bfb8       ?FarSetConsoleSize@CPluginBase@@SA_NFF@Z 000000018000cfb8 f   ConEmuPluginBase.obj
 0001:0000c0c4       ?FillLoadedParm@CPluginBase@@SAXPEAUConEmuLoadedArg@@PEAUHINSTANCE__@@H@Z 000000018000d0c4 f   ConEmuPluginBase.obj
 0001:0000c19c       ?FillUpdateBackground@CPluginBase@@QEAAXPEAUPaintBackgroundArg@@@Z 000000018000d19c f   ConEmuPluginBase.obj
 0001:0000c318       ?FindServerCmd@CPluginBase@@QEAA_NKAEAK_N@Z 000000018000d318 f   ConEmuPluginBase.obj
 0001:0000c414       ?GetMainThreadId@CPluginBase@@SAKXZ 000000018000d414 f   ConEmuPluginBase.obj
 0001:0000c4c4       ?GetPanelInfo@CPluginBase@@QEAA_NKPEAUBkPanelInfo@@@Z 000000018000d4c4 f   ConEmuPluginBase.obj
 0001:0000c568       ?InitHWND@CPluginBase@@SAXXZ 000000018000d568 f   ConEmuPluginBase.obj
 0001:0000c808       ?InitResources@CPluginBase@@QEAAXXZ 000000018000d808 f   ConEmuPluginBase.obj
 0001:0000ca44       ?InitRootRegKey@CPluginBase@@IEAAXXZ 000000018000da44 f   ConEmuPluginBase.obj
 0001:0000cb4c       ?IsCurrentTabModal@CPluginBase@@QEAA_NXZ 000000018000db4c f   ConEmuPluginBase.obj
 0001:0000cd08       ?LoadFarVersion@CPluginBase@@SA_NXZ 000000018000dd08 f   ConEmuPluginBase.obj
 0001:0000cfd8       ?LoadPanelTabsFromRegistry@CPluginBase@@IEAAXXZ 000000018000dfd8 f   ConEmuPluginBase.obj
 0001:0000d114       ?MonitorThreadProcW@CPluginBase@@SAKPEAX@Z 000000018000e114 f   ConEmuPluginBase.obj
 0001:0000d518       ?NotifyConEmuUnloaded@CPluginBase@@SAXXZ 000000018000e518 f   ConEmuPluginBase.obj
 0001:0000d63c       ?OnConsoleDetaching@CPluginBase@@SAHPEAUHookCallbackArg@@@Z 000000018000e63c f   ConEmuPluginBase.obj
 0001:0000d768       ?OnConsolePeekInput@CPluginBase@@SAHPEAUHookCallbackArg@@@Z 000000018000e768 f   ConEmuPluginBase.obj
 0001:0000d7d0       ?OnConsolePeekInputPost@CPluginBase@@SAHPEAUHookCallbackArg@@@Z 000000018000e7d0 f   ConEmuPluginBase.obj
 0001:0000d800       ?OnConsolePeekReadInput@CPluginBase@@SAX_N@Z 000000018000e800 f   ConEmuPluginBase.obj
 0001:0000d9f8       ?OnConsoleReadInput@CPluginBase@@SAHPEAUHookCallbackArg@@@Z 000000018000e9f8 f   ConEmuPluginBase.obj
 0001:0000da00       ?OnConsoleReadInputPost@CPluginBase@@SAHPEAUHookCallbackArg@@@Z 000000018000ea00 f   ConEmuPluginBase.obj
 0001:0000dbb0       ?OnConsoleReadInputWork@CPluginBase@@SAHPEAUHookCallbackArg@@@Z 000000018000ebb0 f   ConEmuPluginBase.obj
 0001:0000dc24       ?OnConsoleWasAttached@CPluginBase@@SAHPEAUHookCallbackArg@@@Z 000000018000ec24 f   ConEmuPluginBase.obj
 0001:0000dc8c       ?OnCurDirChanged@CPluginBase@@SAXXZ 000000018000ec8c f   ConEmuPluginBase.obj
 0001:0000dcf0       ?OnGetNumberOfConsoleInputEventsPost@CPluginBase@@SAHPEAUHookCallbackArg@@@Z 000000018000ecf0 f   ConEmuPluginBase.obj
 0001:0000dd24       ?OnLibraryLoaded@CPluginBase@@SAXPEAUHINSTANCE__@@@Z 000000018000ed24 f   ConEmuPluginBase.obj
 0001:0000ddc4       ?OnMainThreadActivated@CPluginBase@@QEAAXXZ 000000018000edc4 f   ConEmuPluginBase.obj
 0001:0000df68       ?OnPanelViewCallbacks@CPluginBase@@SA_NPEAUHookCallbackArg@@P6AHPEAXPEAU_INPUT_RECORD@@KPEAKPEAH@Z5@Z 000000018000ef68 f   ConEmuPluginBase.obj
 0001:0000e040       ?OnPostWriteConsoleOutput@CPluginBase@@SAHPEAUHookCallbackArg@@@Z 000000018000f040 f   ConEmuPluginBase.obj
 0001:0000e04c       ?OnShellExecuteExW_Except@CPluginBase@@SAHPEAUHookCallbackArg@@@Z 000000018000f04c f   ConEmuPluginBase.obj
 0001:0000e08c       ?OnWriteConsoleOutput@CPluginBase@@SAHPEAUHookCallbackArg@@@Z 000000018000f08c f   ConEmuPluginBase.obj
 0001:0000e160       ?OpenMapHeader@CPluginBase@@SAHXZ 000000018000f160 f   ConEmuPluginBase.obj
 0001:0000e3bc       ?OpenPluginCommon@CPluginBase@@QEAAPEAXH_J_N@Z 000000018000f3bc f   ConEmuPluginBase.obj
 0001:0000e6c8       ?OutDataAlloc@CPluginBase@@SA_NK@Z 000000018000f6c8 f   ConEmuPluginBase.obj
 0001:0000e738       ?OutDataRealloc@CPluginBase@@SA_NK@Z 000000018000f738 f   ConEmuPluginBase.obj
 0001:0000e820       ?OutDataWrite@CPluginBase@@SA_NPEAXK@Z 000000018000f820 f   ConEmuPluginBase.obj
 0001:0000e8c0       ?PanelControl@CPluginBase@@QEAA_JPEAXH_J0@Z 000000018000f8c0 f   ConEmuPluginBase.obj
 0001:0000e958       ?Plugin@@YAPEAVCPluginBase@@XZ 000000018000f958 f   ConEmuPluginBase.obj
 0001:0000ea20       ?PrintText@CPluginBase@@QEAA_NPEB_W@Z 000000018000fa20 f   ConEmuPluginBase.obj
 0001:0000eb68       ?ProcessCommand@CPluginBase@@QEAA_NKHPEAXPEAPEAUCESERVER_REQ@@_N@Z 000000018000fb68 f   ConEmuPluginBase.obj
 0001:0000f00c       ?ProcessCommandLine@CPluginBase@@QEAA_NPEA_W@Z 000000018001000c f   ConEmuPluginBase.obj
 0001:0000f058       ?ProcessDragFrom@CPluginBase@@QEAAXXZ 0000000180010058 f   ConEmuPluginBase.obj
 0001:0000f530       ?ProcessDragTo@CPluginBase@@QEAAXXZ 0000000180010530 f   ConEmuPluginBase.obj
 0001:0000f88c       ?ProcessEditorInputInternal@CPluginBase@@QEAAXAEBU_INPUT_RECORD@@@Z 000000018001088c f   ConEmuPluginBase.obj
 0001:0000f8b8       ?ProcessEditorViewerEvent@CPluginBase@@QEAAHHH@Z 00000001800108b8 f   ConEmuPluginBase.obj
 0001:0000f96c       ?ProcessSetWindowCommand@CPluginBase@@QEAAXXZ 000000018001096c f   ConEmuPluginBase.obj
 0001:0000fa90       ?ProcessSynchroEvent@CPluginBase@@QEAAHHPEAX@Z 0000000180010a90 f   ConEmuPluginBase.obj
 0001:0000fb14       ?ReloadFarInfo@CPluginBase@@QEAA_N_N@Z 0000000180010b14 f   ConEmuPluginBase.obj
 0001:0000fda0       ?ReloadFarInfoApi@CPluginBase@@IEAA_NXZ 0000000180010da0 f   ConEmuPluginBase.obj
 0001:0000ff74       ?RunExternalProgram@CPluginBase@@QEAA_NPEA_W@Z 0000000180010f74 f   ConEmuPluginBase.obj
 0001:000100f0       ?RunExternalProgramW@CPluginBase@@SA_NPEA_W0_N@Z 00000001800110f0 f   ConEmuPluginBase.obj
 0001:00010354       ?SendTabs@CPluginBase@@SAXH_N@Z 0000000180011354 f   ConEmuPluginBase.obj
 0001:00010510       ?SetRootRegKey@CPluginBase@@IEAAXPEA_W@Z 0000000180011510 f   ConEmuPluginBase.obj
 0001:000105c8       ?ShowConsoleInfo@CPluginBase@@QEAAXXZ 00000001800115c8 f   ConEmuPluginBase.obj
 0001:000107cc       ?ShowMessage@CPluginBase@@QEAAHHH@Z 00000001800117cc f   ConEmuPluginBase.obj
 0001:00010848       ?ShowMessageBox@CPluginBase@@KAHPEB_WI@Z 0000000180011848 f   ConEmuPluginBase.obj
 0001:0001092c       ?ShowMessageGui@CPluginBase@@QEAAHHH@Z 000000018001192c f   ConEmuPluginBase.obj
 0001:000109b4       ?ShowPanelsList@CPluginBase@@QEAAXXZ 00000001800119b4 f   ConEmuPluginBase.obj
 0001:00010b20       ?ShowPluginMenu@CPluginBase@@QEAAXW4PluginCallCommands@@@Z 0000000180011b20 f   ConEmuPluginBase.obj
 0001:00010d34       ?ShowProtocolWarning@CPluginBase@@KAXXZ 0000000180011d34 f   ConEmuPluginBase.obj
 0001:00010eac       ?ShowTabsList@CPluginBase@@QEAAXXZ 0000000180011eac f   ConEmuPluginBase.obj
 0001:00011154       ?StartDebugger@CPluginBase@@QEAA_NXZ 0000000180012154 f   ConEmuPluginBase.obj
 0001:00011408       ?StopThread@CPluginBase@@QEAAX_N@Z 0000000180012408 f   ConEmuPluginBase.obj
 0001:000116e4       ?StorePanelDirs@CPluginBase@@QEAA_NPEB_W0@Z 00000001800126e4 f   ConEmuPluginBase.obj
 0001:00011854       ?StringCchCatW@@YAJPEA_W_KPEB_W@Z 0000000180012854 f i ConEmuPluginBase.obj
 0001:00011910       ?StringCchCopyW@@YAJPEA_W_KPEB_W@Z 0000000180012910 f i ConEmuPluginBase.obj
 0001:0001197c       ?SwitchTabCommand@CPluginBase@@QEAAXW4PluginMenuCommands@@@Z 000000018001297c f   ConEmuPluginBase.obj
 0001:00011a00       ?ToOem@CPluginBase@@SAPEADPEB_W@Z 0000000180012a00 f   ConEmuPluginBase.obj
 0001:00011a6c       ?ToOem@CPluginBase@@SAXPEB_WPEAD_J@Z 0000000180012a6c f   ConEmuPluginBase.obj
 0001:00011aac       ?ToUnicode@CPluginBase@@SAPEA_WPEBD@Z 0000000180012aac f   ConEmuPluginBase.obj
 0001:00011b38       ?TouchReadPeekConsoleInputs@CPluginBase@@SAXH@Z 0000000180012b38 f   ConEmuPluginBase.obj
 0001:00011b84       ?UngetDummyMouseEvent@CPluginBase@@SA_N_NPEAUHookCallbackArg@@@Z 0000000180012b84 f   ConEmuPluginBase.obj
 0001:00011d30       ?UpdateConEmuTabs@CPluginBase@@QEAA_N_N@Z 0000000180012d30 f   ConEmuPluginBase.obj
 0001:00011fb0       ?UpdatePanelDirs@CPluginBase@@QEAAXXZ 0000000180012fb0 f   ConEmuPluginBase.obj
 0001:00012174       ?WaitPluginActivation@CPluginBase@@SAKKPEAPEAXHK@Z 0000000180013174 f   ConEmuPluginBase.obj
 0001:00012284       ?cmd_CloseQSearch@CPluginBase@@QEAAXXZ 0000000180013284 f   ConEmuPluginBase.obj
 0001:000122c0       ?cmd_ConSetFont@CPluginBase@@QEAAXPEAX@Z 00000001800132c0 f   ConEmuPluginBase.obj
 0001:00012314       ?cmd_EMenu@CPluginBase@@QEAAXPEAX@Z 0000000180013314 f   ConEmuPluginBase.obj
 0001:00012430       ?cmd_ExternalCallback@CPluginBase@@QEAA_NPEAX@Z 0000000180013430 f   ConEmuPluginBase.obj
 0001:00012494       ?cmd_GuiChanged@CPluginBase@@QEAAXPEAX@Z 0000000180013494 f   ConEmuPluginBase.obj
 0001:00012520       ?cmd_LeftClickSync@CPluginBase@@QEAAXPEAX@Z 0000000180013520 f   ConEmuPluginBase.obj
 0001:0001260c       ?cmd_OpenEditorLine@CPluginBase@@QEAA_NPEAUCESERVER_REQ_FAREDITOR@@@Z 000000018001360c f   ConEmuPluginBase.obj
 0001:000126d8       ?cmd_RedrawFarCall@CPluginBase@@QEAA_NAEAPEAUCESERVER_REQ@@PEAPEAU2@@Z 00000001800136d8 f   ConEmuPluginBase.obj
 0001:000127ac       ?cmd_SetWindow@CPluginBase@@QEAA_NPEAX_N@Z 00000001800137ac f   ConEmuPluginBase.obj
 0001:00012838       ?isMacroActive@CPluginBase@@QEAA_NAEAH@Z 0000000180013838 f   ConEmuPluginBase.obj
 0001:00012874       ?isModalEditorViewer@CPluginBase@@QEAA_NXZ 0000000180013874 f   ConEmuPluginBase.obj
 0001:000128a0       ?pcc_Disabled@CPluginBase@@SA_NW4PluginMenuCommands@@@Z 00000001800138a0 f   ConEmuPluginBase.obj
 0001:00012914       ?pcc_Selected@CPluginBase@@SA_NW4PluginMenuCommands@@@Z 0000000180013914 f   ConEmuPluginBase.obj
 0001:00012970       ??0CPluginBackground@@QEAA@XZ 0000000180013970 f   PluginBackground.obj
 0001:00012b94       ??1CPluginBackground@@QEAA@XZ 0000000180013b94 f   PluginBackground.obj
 0001:00012d70       ?CheckPanelFolders@CPluginBackground@@IEAAXH@Z 0000000180013d70 f   PluginBackground.obj
 0001:00012e40       ?IsParmChanged@CPluginBackground@@IEAA_NPEAUPaintBackgroundArg@@0@Z 0000000180013e40 f   PluginBackground.obj
 0001:000130b8       ?LoadThSet@CPluginBackground@@IEAAHH@Z 00000001800140b8 f   PluginBackground.obj
 0001:000134b4       ?MonitorBackground@CPluginBackground@@QEAAXXZ 00000001800144b4 f   PluginBackground.obj
 0001:0001351c       ?OnMainThreadActivated@CPluginBackground@@QEAAXHH@Z 000000018001451c f   PluginBackground.obj
 0001:000135e0       ?ReallocItems@CPluginBackground@@IEAAXH@Z 00000001800145e0 f   PluginBackground.obj
 0001:00013664       ?RegisterSubplugin@CPluginBackground@@QEAAHPEAURegisterBackgroundArg@@@Z 0000000180014664 f   PluginBackground.obj
 0001:000138ec       ?SetDcPanelRect@CPluginBackground@@IEAAXPEAUtagRECT@@PEAUBkPanelInfo@@PEAUPaintBackgroundArg@@@Z 00000001800148ec f   PluginBackground.obj
 0001:000139c0       ?SetForceThLoad@CPluginBackground@@QEAAXXZ 00000001800149c0 f   PluginBackground.obj
 0001:000139d8       ?SetForceUpdate@CPluginBackground@@QEAAX_N@Z 00000001800149d8 f   PluginBackground.obj
 0001:000139f8       ?UpdateBackground@CPluginBackground@@IEAAXXZ 00000001800149f8 f   PluginBackground.obj
 0001:0001426c       ?UpdateBackground_Exec@CPluginBackground@@KAXPEAURegisterBackgroundArg@@PEAUPaintBackgroundArg@@@Z 000000018001526c f   PluginBackground.obj
 0001:000142b0       ??$swprintf_c@$09@@YAHAEAY09_WPEB_WZZ 00000001800152b0 f i PluginSrv.obj
 0001:000142dc       ??$wcscpy_c@$0BAE@@@YAHAEAY0BAE@_WPEB_W@Z 00000001800152dc f i PluginSrv.obj
 0001:00014328       ?DumpError@?$PipeServer@UCESERVER_REQ@@@@IEAAXPEAUPipeInst@1@PEB_WH@Z 0000000180015328 f i PluginSrv.obj
 0001:0001443c       ?PipeServerRead@?$PipeServer@UCESERVER_REQ@@@@IEAAHPEAUPipeInst@1@@Z 000000018001543c f i PluginSrv.obj
 0001:00014710       ?PipeServerThread@?$PipeServer@UCESERVER_REQ@@@@IEAAKPEAUPipeInst@1@@Z 0000000180015710 f i PluginSrv.obj
 0001:000149e0       ?PipeServerWrite@?$PipeServer@UCESERVER_REQ@@@@IEAAHPEAUPipeInst@1@PEBXKPEAKH@Z 00000001800159e0 f i PluginSrv.obj
 0001:00014b0c       ?PlugServerCommand@@YAHPEAXPEAUCESERVER_REQ@@AEAPEAU1@AEAK3_J@Z 0000000180015b0c f   PluginSrv.obj
 0001:000150bc       ?PlugServerFree@@YAXPEAUCESERVER_REQ@@_J@Z 00000001800160bc f   PluginSrv.obj
 0001:000150d4       ?PlugServerStart@@YA_NXZ   00000001800160d4 f   PluginSrv.obj
 0001:000151f4       ?PlugServerStop@@YAX_N@Z   00000001800161f4 f   PluginSrv.obj
 0001:00015248       ?StartPipeInstance@?$PipeServer@UCESERVER_REQ@@@@IEAA_NPEAUPipeInst@1@@Z 0000000180016248 f i PluginSrv.obj
 0001:000153d8       ?StartPipeServer@?$PipeServer@UCESERVER_REQ@@@@QEAA_N_NPEB_W_JPEAU_SECURITY_ATTRIBUTES@@P6AHPEAXPEAUCESERVER_REQ@@AEAPEAU3@AEAK72@ZP6AX52@ZP6AH42@ZP6AH42@ZP6AH42@Z@Z 00000001800163d8 f i PluginSrv.obj
 0001:00015568       ?StopPipeServer@?$PipeServer@UCESERVER_REQ@@@@QEAAX_NAEA_N@Z 0000000180016568 f i PluginSrv.obj
 0001:00015908       ?WaitForClient@?$PipeServer@UCESERVER_REQ@@@@IEAA_NPEAUPipeInst@1@AEAH1@Z 0000000180016908 f i PluginSrv.obj
 0001:00015c20       ?WaitOverlapped@?$PipeServer@UCESERVER_REQ@@@@IEAAHPEAUPipeInst@1@PEAK@Z 0000000180016c20 f i PluginSrv.obj
 0001:00015df4       ?WriteDummyAnswer@?$PipeServer@UCESERVER_REQ@@@@IEAAHPEAUPipeInst@1@@Z 0000000180016df4 f i PluginSrv.obj
 0001:00015e8c       ?_PipeServerThread@?$PipeServer@UCESERVER_REQ@@@@KAKPEAX@Z 0000000180016e8c f i PluginSrv.obj
 0001:00015ee8       ?cmd_FarSetChanged@@YAXPEAUFAR_REQ_FARSETCHANGED@@@Z 0000000180016ee8 f   PluginSrv.obj
 0001:00015f42       GetFileVersionInfoSizeW    0000000180016f42 f   version:VERSION.dll
 0001:00015f48       GetFileVersionInfoW        0000000180016f48 f   version:VERSION.dll
 0001:00015f4e       VerQueryValueW             0000000180016f4e f   version:VERSION.dll
 0001:00015f54       CreateToolhelp32Snapshot   0000000180016f54 f   kernel32:KERNEL32.dll
 0001:00015f5a       Thread32First              0000000180016f5a f   kernel32:KERNEL32.dll
 0001:00015f60       Thread32Next               0000000180016f60 f   kernel32:KERNEL32.dll
 0001:00015f66       Module32FirstW             0000000180016f66 f   kernel32:KERNEL32.dll
 0001:00015f6c       Module32NextW              0000000180016f6c f   kernel32:KERNEL32.dll
 0001:00015f74       ??2@YAPEAX_K@Z             0000000180016f74 f   common-kernel64:Memory.obj
 0001:00015fa8       ??3@YAXPEAX@Z              0000000180016fa8 f   common-kernel64:Memory.obj
 0001:00015fbc       ??_U@YAPEAX_K@Z            0000000180016fbc f   common-kernel64:Memory.obj
 0001:00015fd0       ??_V@YAXPEAX@Z             0000000180016fd0 f   common-kernel64:Memory.obj
 0001:00015fe4       ?HeapDeinitialize@@YAXXZ   0000000180016fe4 f   common-kernel64:Memory.obj
 0001:00016044       ?HeapInitialize@@YA_NXZ    0000000180017044 f   common-kernel64:Memory.obj
 0001:00016080       ?xf_calloc@@YAPEAX_K0PEBDH@Z 0000000180017080 f   common-kernel64:Memory.obj
 0001:00016120       ?xf_free@@YAXPEAXPEBDH@Z   0000000180017120 f   common-kernel64:Memory.obj
 0001:000161b0       ?xf_malloc@@YAPEAX_KPEBDH@Z 00000001800171b0 f   common-kernel64:Memory.obj
 0001:0001624c       ?xf_realloc@@YAPEAXPEAX_KPEBDH@Z 000000018001724c f   common-kernel64:Memory.obj
 0001:00016314       ?xf_set_tag@@YAXPEAXPEBDH_N@Z 0000000180017314 f   common-kernel64:Memory.obj
 0001:000163bc       ??$wcscpy_c@$0CA@@@YAHAEAY0CA@_WPEB_W@Z 00000001800173bc f i common-kernel64:ConEmuCheck.obj
 0001:00016408       ?ExecuteCmd@@YAPEAUCESERVER_REQ@@PEB_WPEAU1@KPEAUHWND__@@HKH@Z 0000000180017408 f   common-kernel64:ConEmuCheck.obj
 0001:00016614       ?ExecuteFreeResult@@YAXAEAPEAUCESERVER_REQ@@@Z 0000000180017614 f   common-kernel64:ConEmuCheck.obj
 0001:00016640       ?ExecuteGuiCmd@@YAPEAUCESERVER_REQ@@PEAUHWND__@@PEAU1@0H@Z 0000000180017640 f   common-kernel64:ConEmuCheck.obj
 0001:00016700       ?ExecuteNewCmd@@YAPEAUCESERVER_REQ@@K_K@Z 0000000180017700 f   common-kernel64:ConEmuCheck.obj
 0001:00016770       ?ExecuteNewCmd@@YA_NAEAPEAUCESERVER_REQ@@AEAKK_K@Z 0000000180017770 f   common-kernel64:ConEmuCheck.obj
 0001:00016800       ?ExecuteOpenPipe@@YAPEAXPEB_WAEAY0CAI@_W0KKHPEAXH@Z 0000000180017800 f   common-kernel64:ConEmuCheck.obj
 0001:000169b0       ?ExecutePrepareCmd@@YAXPEAUCESERVER_REQ@@K_K@Z 00000001800179b0 f   common-kernel64:ConEmuCheck.obj
 0001:000169ec       ?ExecutePrepareCmd@@YAXPEAUCESERVER_REQ_HDR@@K_K@Z 00000001800179ec f   common-kernel64:ConEmuCheck.obj
 0001:00016a5c       ?ExecuteSrvCmd@@YAPEAUCESERVER_REQ@@KPEAU1@PEAUHWND__@@HKH@Z 0000000180017a5c f   common-kernel64:ConEmuCheck.obj
 0001:00016b30       ?GetConEmuHWND@@YAPEAUHWND__@@H@Z 0000000180017b30 f   common-kernel64:ConEmuCheck.obj
 0001:00016c8c       ?GuiMessageBox@@YAHPEAUHWND__@@PEB_W1H@Z 0000000180017c8c f   common-kernel64:ConEmuCheck.obj
 0001:00016e14       ?LoadSrvMapping@@YAHPEAUHWND__@@AEAUCESERVER_CONSOLE_MAPPING_HDR@@@Z 0000000180017e14 f   common-kernel64:ConEmuCheck.obj
 0001:0001707c       ?ModuleName@@YAPEB_WPEB_W@Z 000000018001807c f   common-kernel64:ConEmuCheck.obj
 0001:0001713c       ?isConsoleClass@@YA_NPEB_W@Z 000000018001813c f   common-kernel64:ConEmuCheck.obj
 0001:0001718c       ?isConsoleWindow@@YA_NPEAUHWND__@@@Z 000000018001818c f   common-kernel64:ConEmuCheck.obj
 0001:0001727c       ?myGetConsoleWindow@@YAPEAUHWND__@@XZ 000000018001827c f   common-kernel64:ConEmuCheck.obj
 0001:00017318       ?StringCchVPrintfA@@YAJPEAD_KPEBD0@Z 0000000180018318 f i common-kernel64:MStrSafe.obj
 0001:000173c0       ?lstrcmpni@@YAHPEB_W0H@Z   00000001800183c0 f   common-kernel64:MStrSafe.obj
 0001:000174d4       ?msprintf@@YAPEB_WPEA_W_KPEB_WZZ 00000001800184d4 f   common-kernel64:MStrSafe.obj
 0001:000178e4       ?sprintf_c@@YAHPEAD_JPEBDZZ 00000001800188e4 f   common-kernel64:MStrSafe.obj
 0001:00017924       ?swprintf_c@@YAHPEA_W_JPEB_WZZ 0000000180018924 f   common-kernel64:MStrSafe.obj
 0001:00017964       ?IsFilePath@@YA_NPEB_W_N@Z 0000000180018964 f   common-kernel64:CmdLine.obj
 0001:00017b04       ?PointToExt@@YAPEB_WPEB_W@Z 0000000180018b04 f   common-kernel64:CmdLine.obj
 0001:00017b28       ?PointToName@@YAPEB_WPEB_W@Z 0000000180018b28 f   common-kernel64:CmdLine.obj
 0001:00017b84       ?Unquote@@YAPEB_WPEA_W_N@Z 0000000180018b84 f   common-kernel64:CmdLine.obj
 0001:00017bec       ??$sprintf_c@$0CI@@@YAHAEAY0CI@DPEBDZZ 0000000180018bec f i common-kernel64:WThreads.obj
 0001:00017c18       ?SetThreadName@@YAXKPEAD@Z 0000000180018c18 f   common-kernel64:WThreads.obj
 0001:00017c50       ?apiCreateThread@@YAPEAXP6AKPEAX@Z0PEAKPEBDH@Z 0000000180018c50 f   common-kernel64:WThreads.obj
 0001:00017d98       ?apiTerminateThreadEx@@YAHPEAXKPEBDH@Z 0000000180018d98 f   common-kernel64:WThreads.obj
 0001:00017ea0       ?apiThreadHelper@@YAKPEAX@Z 0000000180018ea0 f   common-kernel64:WThreads.obj
 0001:000180ac       ?lstrdup@@YAPEA_WPEB_W_K@Z 00000001800190ac f   common-kernel64:MStrDup.obj
 0001:0001812c       ?lstrmerge@@YAPEA_WPEB_W00000000@Z 000000018001912c f   common-kernel64:MStrDup.obj
 0001:00018278       ?lstrmerge@@YA_NPEAPEA_WPEB_W1111111@Z 0000000180019278 f   common-kernel64:MStrDup.obj
 0001:00018300       ??0CEnvStrings@@QEAA@PEA_W@Z 0000000180019300 f   common-kernel64:EnvVar.obj
 0001:00018374       ??1CEnvStrings@@QEAA@XZ    0000000180019374 f   common-kernel64:EnvVar.obj
 0001:00018398       ?Clear@CEnvRestorer@@QEAAXXZ 0000000180019398 f   common-kernel64:EnvVar.obj
 0001:000183bc       ?ExpandEnvStr@@YAPEA_WPEB_W@Z 00000001800193bc f   common-kernel64:EnvVar.obj
 0001:00018488       ?GetEnvVar@@YAPEA_WPEB_W@Z 0000000180019488 f   common-kernel64:EnvVar.obj
 0001:00018558       ?SavePathVar@CEnvRestorer@@QEAAXPEB_W@Z 0000000180019558 f   common-kernel64:EnvVar.obj
 0001:0001858c       ?CommonShutdown@@YAXXZ     000000018001958c f   common-kernel64:Common.obj
 0001:0001859c       ?IsEnvBlockVariableValid@@YA_NPEB_W@Z 000000018001959c f   common-kernel64:Common.obj
 0001:000185d0       ?IsEnvBlockVariableValid@@YA_NPEB_WAEAPEB_W@Z 00000001800195d0 f   common-kernel64:Common.obj
 0001:00018624       ?SetCommand@CESERVER_REQ_NEWCMD@@QEAAXPEB_W@Z 0000000180019624 f   common-kernel64:Common.obj
 0001:0001868c       ?SetEnvStrings@CESERVER_REQ_NEWCMD@@QEAAXPEB_WK@Z 000000018001968c f   common-kernel64:Common.obj
 0001:000187a4       ??_GMNullDesc@@QEAAPEAXI@Z 00000001800197a4 f i common-kernel64:MSecurity.obj
 0001:00018818       ?LoadAdvApi@MNullDesc@@IEAAHXZ 0000000180019818 f i common-kernel64:MSecurity.obj
 0001:000189cc       ?LocalSecurity@@YAPEAU_SECURITY_ATTRIBUTES@@XZ 00000001800199cc f   common-kernel64:MSecurity.obj
 0001:00018a24       ?LocalSecurity@MNullDesc@@QEAAPEAU_SECURITY_ATTRIBUTES@@XZ 0000000180019a24 f i common-kernel64:MSecurity.obj
 0001:00018ba0       ?ShutdownSecurity@@YAXXZ   0000000180019ba0 f   common-kernel64:MSecurity.obj
 0001:00018bc8       ??0CEStr@@QEAA@$$QEAPEA_W@Z 0000000180019bc8 f   common-kernel64:CEStr.obj
 0001:00018be8       ??0CEStr@@QEAA@PEB_W00000000@Z 0000000180019be8 f   common-kernel64:CEStr.obj
 0001:00018c80       ??0CEStr@@QEAA@XZ          0000000180019c80 f   common-kernel64:CEStr.obj
 0001:00018c90       ??0bad_alloc@stdext@@QEAA@AEBV01@@Z 0000000180019c90 f i common-kernel64:CEStr.obj
 0001:00018cb0       ??0bad_alloc@stdext@@QEAA@XZ 0000000180019cb0 f i common-kernel64:CEStr.obj
 0001:00018ccc       ??0exception@stdext@@QEAA@AEBV01@@Z 0000000180019ccc f i common-kernel64:CEStr.obj
 0001:00018ce4       ??1CEStr@@QEAA@XZ          0000000180019ce4 f   common-kernel64:CEStr.obj
 0001:00018cec       ??1bad_alloc@stdext@@UEAA@XZ 0000000180019cec f i common-kernel64:CEStr.obj
 0001:00018cf8       ??4CEStr@@QEAAAEAU0@PEB_W@Z 0000000180019cf8 f   common-kernel64:CEStr.obj
 0001:00018d18       ??BCEStr@@QEBAPEB_WXZ      0000000180019d18 f   common-kernel64:CEStr.obj
 0001:00018d1c       ??_Ebad_alloc@stdext@@UEAAPEAXI@Z 0000000180019d1c f i common-kernel64:CEStr.obj
 0001:00018d1c       ??_Gexception@stdext@@UEAAPEAXI@Z 0000000180019d1c f i common-kernel64:CEStr.obj
 0001:00018d1c       ??_Eexception@stdext@@UEAAPEAXI@Z 0000000180019d1c f i common-kernel64:CEStr.obj
 0001:00018d1c       ??_Gbad_alloc@stdext@@UEAAPEAXI@Z 0000000180019d1c f i common-kernel64:CEStr.obj
 0001:00018d48       ?AttachInt@CEStr@@AEAAPEB_WAEAPEA_W@Z 0000000180019d48 f   common-kernel64:CEStr.obj
 0001:00018dcc       ?GetBuffer@CEStr@@QEAAPEA_W_J@Z 0000000180019dcc f   common-kernel64:CEStr.obj
 0001:00018eac       ?GetLen@CEStr@@QEBA_JXZ    0000000180019eac f   common-kernel64:CEStr.obj
 0001:00018ed4       ?GetMaxCount@CEStr@@QEAA_JXZ 0000000180019ed4 f   common-kernel64:CEStr.obj
 0001:00018f00       ?Release@CEStr@@QEAAXXZ    0000000180019f00 f   common-kernel64:CEStr.obj
 0001:00018f30       ?Set@CEStr@@QEAAPEB_WPEB_W_J@Z 0000000180019f30 f   common-kernel64:CEStr.obj
 0001:00019018       ?StringCchCopyNW@@YAJPEA_W_KPEB_W1@Z 000000018001a018 f i common-kernel64:CEStr.obj
 0001:0001908c       ?_Doraise@bad_alloc@stdext@@MEBAXXZ 000000018001a08c f i common-kernel64:CEStr.obj
 0001:000190a8       ?what@exception@stdext@@UEBAPEBDXZ 000000018001a0a8 f i common-kernel64:CEStr.obj
 0001:000190bc       ?FileExists@@YA_NPEB_WPEA_K@Z 000000018001a0bc f   common-kernel64:WObjects.obj
 0001:00019244       ?IsWin6@@YA_NXZ            000000018001a244 f   common-kernel64:WObjects.obj
 0001:00019278       ?IsWinVerOrHigher@@YA_NG@Z 000000018001a278 f   common-kernel64:WObjects.obj
 0001:0001930c       ?IsWindows64@@YA_NXZ       000000018001a30c f   common-kernel64:WObjects.obj
 0001:00019330       ?_VerifyVersionInfo@@YA_NPEAU_OSVERSIONINFOEXW@@K_K@Z 000000018001a330 f   common-kernel64:WObjects.obj
 0001:000193e0       ?Init@HkFunc@@QEAA_NPEB_WPEAUHINSTANCE__@@@Z 000000018001a3e0 f   common-kernel64:HkFunc.obj
 0001:00019470       ?isConEmuHk@HkFunc@@QEAA_NXZ 000000018001a470 f   common-kernel64:HkFunc.obj
 0001:00019478       ??$_Emplace_reallocate@AEBUtagPROCESSENTRY32W@@@?$vector@UtagPROCESSENTRY32W@@V?$MArrayAllocator@UtagPROCESSENTRY32W@@@@@std@@QEAAPEAUtagPROCESSENTRY32W@@QEAU2@AEBU2@@Z 000000018001a478 f i common-kernel64:MProcess.obj
 0001:00019680       ??$emplace_back@AEBUtagPROCESSENTRY32W@@@?$vector@UtagPROCESSENTRY32W@@V?$MArrayAllocator@UtagPROCESSENTRY32W@@@@@std@@QEAAXAEBUtagPROCESSENTRY32W@@@Z 000000018001a680 f i common-kernel64:MProcess.obj
 0001:0001971c       ??0?$MToolHelp@UtagPROCESSENTRY32W@@$1?Process32FirstW@@YAHPEAXPEAU1@@Z$1?Process32NextW@@YAH01@Z@@QEAA@KK@Z 000000018001a71c f i common-kernel64:MProcess.obj
 0001:00019788       ??_GMToolHelpProcess@@UEAAPEAXI@Z 000000018001a788 f i common-kernel64:MProcess.obj
 0001:00019788       ??_EMToolHelpProcess@@UEAAPEAXI@Z 000000018001a788 f i common-kernel64:MProcess.obj
 0001:00019788       ??_G?$MToolHelp@UtagPROCESSENTRY32W@@$1?Process32FirstW@@YAHPEAXPEAU1@@Z$1?Process32NextW@@YAH01@Z@@UEAAPEAXI@Z 000000018001a788 f i common-kernel64:MProcess.obj
 0001:00019788       ??_E?$MToolHelp@UtagPROCESSENTRY32W@@$1?Process32FirstW@@YAHPEAXPEAU1@@Z$1?Process32NextW@@YAH01@Z@@UEAAPEAXI@Z 000000018001a788 f i common-kernel64:MProcess.obj
 0001:00019800       ?Close@?$MToolHelp@UtagPROCESSENTRY32W@@$1?Process32FirstW@@YAHPEAXPEAU1@@Z$1?Process32NextW@@YAH01@Z@@QEAAX_N@Z 000000018001a800 f i common-kernel64:MProcess.obj
 0001:0001988c       ?Filter@?$MToolHelp@UtagPROCESSENTRY32W@@$1?Process32FirstW@@YAHPEAXPEAU1@@Z$1?Process32NextW@@YAH01@Z@@MEAA_NPEAUtagPROCESSENTRY32W@@@Z 000000018001a88c f i common-kernel64:MProcess.obj
 0001:0001988c       __acrt_uninitialize_command_line 000000018001a88c f i libucrt:argv_data.obj
 0001:00019890       ?Find@?$MToolHelp@UtagPROCESSENTRY32W@@$1?Process32FirstW@@YAHPEAXPEAU1@@Z$1?Process32NextW@@YAH01@Z@@QEAA_NP6A_NPEAUtagPROCESSENTRY32W@@_J@Z10@Z 000000018001a890 f i common-kernel64:MProcess.obj
 0001:00019998       ?Next@?$MToolHelp@UtagPROCESSENTRY32W@@$1?Process32FirstW@@YAHPEAXPEAU1@@Z$1?Process32NextW@@YAH01@Z@@QEAA_NPEAUtagPROCESSENTRY32W@@@Z 000000018001a998 f i common-kernel64:MProcess.obj
 0001:00019a18       ?compare@cmp@?1??Find@MToolHelpProcess@@QEAA_NKPEAUtagPROCESSENTRY32W@@@Z@SA_N0_J@Z 000000018001aa18 f i common-kernel64:MProcess.obj
 0001:00019a20       ?getNext@?$MToolHelp@UtagPROCESSENTRY32W@@$1?Process32FirstW@@YAHPEAXPEAU1@@Z$1?Process32NextW@@YAH01@Z@@IEAA_NXZ 000000018001aa20 f i common-kernel64:MProcess.obj
 0001:00019ae4       ?isTerminalMode@@YA_NXZ    000000018001aae4 f   common-kernel64:MProcess.obj
 0001:00019c48       ??0MSection@@QEAA@XZ       000000018001ac48 f   common-kernel64:MSection.obj
 0001:00019cd0       ??0MSectionLock@@QEAA@XZ   000000018001acd0 f   common-kernel64:MSection.obj
 0001:00019ce0       ??0MSectionThread@@QEAA@PEAVMSection@@@Z 000000018001ace0 f   common-kernel64:MSection.obj
 0001:00019d00       ??1MSection@@QEAA@XZ       000000018001ad00 f   common-kernel64:MSection.obj
 0001:00019d68       ??1MSectionLock@@QEAA@XZ   000000018001ad68 f   common-kernel64:MSection.obj
 0001:00019d8c       ??1MSectionThread@@QEAA@XZ 000000018001ad8c f   common-kernel64:MSection.obj
 0001:00019dc8       ?AddRef@MSection@@IEAAXK@Z 000000018001adc8 f   common-kernel64:MSection.obj
 0001:00019e5c       ?Lock@MSection@@IEAAHHK@Z  000000018001ae5c f   common-kernel64:MSection.obj
 0001:00019f58       ?Lock@MSectionLock@@QEAAHPEAVMSection@@HK@Z 000000018001af58 f   common-kernel64:MSection.obj
 0001:00019fac       ?MyEnterCriticalSection@MSection@@IEAA_NK@Z 000000018001afac f   common-kernel64:MSection.obj
 0001:0001a0d8       ?ReleaseRef@MSection@@IEAAHK@Z 000000018001b0d8 f   common-kernel64:MSection.obj
 0001:0001a178       ?Unlock@MSection@@IEAAXH@Z 000000018001b178 f   common-kernel64:MSection.obj
 0001:0001a1d0       ?Unlock@MSectionLock@@QEAAXXZ 000000018001b1d0 f   common-kernel64:MSection.obj
 0001:0001a1fc       ?WaitUnlocked@MSection@@IEAAXKK@Z 000000018001b1fc f   common-kernel64:MSection.obj
 0001:0001a290       ?CheckCallbackPtr@@YA_NPEAUHINSTANCE__@@_KPEAP6A_JXZHHH@Z 000000018001b290 f   common-kernel64:WModuleCheck.obj
 0001:0001a398       ?IsModuleValid@@YA_NPEAUHINSTANCE__@@H@Z 000000018001b398 f   common-kernel64:WModuleCheck.obj
 0001:0001a4a0       ??0MModule@@QEAA@PEAUHINSTANCE__@@@Z 000000018001b4a0 f   common-kernel64:MModule.obj
 0001:0001a4ac       ??1MModule@@QEAA@XZ        000000018001b4ac f   common-kernel64:MModule.obj
 0001:0001a4b4       ?Free@MModule@@QEAAXXZ     000000018001b4b4 f   common-kernel64:MModule.obj
 0001:0001a4e4       ??0MSectionSimple@@QEAA@_N@Z 000000018001b4e4 f   common-kernel64:MSectionSimple.obj
 0001:0001a51c       ?Close@MSectionSimple@@QEAAXXZ 000000018001b51c f   common-kernel64:MSectionSimple.obj
 0001:0001a51c       ??1MSectionSimple@@QEAA@XZ 000000018001b51c f   common-kernel64:MSectionSimple.obj
 0001:0001a53c       ?Enter@MSectionSimple@@QEAAXXZ 000000018001b53c f   common-kernel64:MSectionSimple.obj
 0001:0001a544       ?Init@MSectionSimple@@QEAAXXZ 000000018001b544 f   common-kernel64:MSectionSimple.obj
 0001:0001a564       ?Leave@MSectionSimple@@QEAAXXZ 000000018001b564 f   common-kernel64:MSectionSimple.obj
 0001:0001a56c       ?RecreateAndLock@MSectionSimple@@QEAA_NXZ 000000018001b56c f   common-kernel64:MSectionSimple.obj
 0001:0001a5dc       ?TryEnter@MSectionSimple@@QEAA_NXZ 000000018001b5dc f   common-kernel64:MSectionSimple.obj
 0001:0001a604       ?SetConEmuEnvHWND@@YAXPEB_WPEAUHWND__@@@Z 000000018001b604 f   common-user64:SetEnvVar.obj
 0001:0001a65c       ?SetConEmuEnvVar@@YAXPEAUHWND__@@@Z 000000018001b65c f   common-user64:SetEnvVar.obj
 0001:0001a6e0       ?SetConEmuEnvVarChild@@YAXPEAUHWND__@@0@Z 000000018001b6e0 f   common-user64:SetEnvVar.obj
 0001:0001a70c       ??$wcscpy_c@$0BAF@@@YAHAEAY0BAF@_WPEB_W@Z 000000018001b70c f i common-user64:ConEmuCheckEx.obj
 0001:0001a758       ?FindConEmuBaseDir@@YAHAEAY0BAF@_W0PEAUHINSTANCE__@@@Z 000000018001b758 f   common-user64:ConEmuCheckEx.obj
 0001:0001af84       ?IsConEmuExeExist@@YAHPEB_WAEAY0BAF@_W@Z 000000018001bf84 f   common-user64:ConEmuCheckEx.obj
 0001:0001b030       ??$swprintf_c@$0FA@@@YAHAEAY0FA@_WPEB_WZZ 000000018001c030 f i common-user64:EmergencyShow.obj
 0001:0001b05c       ?CorrectConsolePos@@YAXPEAUHWND__@@@Z 000000018001c05c f   common-user64:EmergencyShow.obj
 0001:0001b178       ?EmergencyShow@@YAXPEAUHWND__@@HH@Z 000000018001c178 f   common-user64:EmergencyShow.obj
 0001:0001b2b8       ?EvaluateDefaultFontWidth@@YAHHPEB_W@Z 000000018001c2b8 f   common-user64:EmergencyShow.obj
 0001:0001b3dc       ?SetUserFriendlyFont@@YAXPEAUHWND__@@HH@Z 000000018001c3dc f   common-user64:EmergencyShow.obj
 0001:0001b7bc       ??0MSetter@@QEAA@PEAJ@Z    000000018001c7bc f   common-user64:MSetter.obj
 0001:0001b7d4       ??1MSetter@@QEAA@XZ        000000018001c7d4 f   common-user64:MSetter.obj
 0001:0001b7dc       ?Unlock@MSetter@@QEAAXXZ   000000018001c7dc f   common-user64:MSetter.obj
 0001:0001b83c       ?IsDotsName@@YA_NPEB_W@Z   000000018001c83c f   common-user64:WFiles.obj
 0001:0001b860       ?SearchAppPaths@@YA_NPEB_WAEAUCEStr@@_NPEAVCEnvRestorer@@@Z 000000018001c860 f   common-user64:WFiles.obj
 0001:0001bc98       ?GetConsoleSizeInfo@@YAXPEAUCONSOLE_INFO@@@Z 000000018001cc98 f   common-user64:WConsoleEx.obj
 0001:0001bd24       ?SetConsoleFontSizeTo@@YAXPEAUHWND__@@HHPEB_WGG@Z 000000018001cd24 f   common-user64:WConsoleEx.obj
 0001:0001c10c       ?SetConsoleInfo@@YAHPEAUHWND__@@PEAUCONSOLE_INFO@@@Z 000000018001d10c f   common-user64:WConsoleEx.obj
 0001:0001c304       ?SetEnvVarExpanded@@YAXPEB_W0@Z 000000018001d304 f   common-user64:WUser.obj
 0001:0001c420       ?UpdateComspec@@YAXPEAUConEmuComspec@@_N@Z 000000018001d420 f   common-user64:WUser.obj
 0001:0001c6dc       ?apiShowWindow@@YA_NPEAUHWND__@@H@Z 000000018001d6dc f   common-user64:WUser.obj
 0001:0001c6f0       ?apiShowWindowAsync@@YA_NPEAUHWND__@@H@Z 000000018001d6f0 f   common-user64:WUser.obj
 0001:0001c704       ?FindMonitorsWorkspace@@YAHPEAUHMONITOR__@@PEAUHDC__@@PEAUtagRECT@@_J@Z 000000018001d704 f   common-user64:Monitors.obj
 0001:0001c740       ?GetAllMonitorsWorkspace@@YA?AUtagRECT@@XZ 000000018001d740 f   common-user64:Monitors.obj
 0001:0001c7a0       ??0length_error@std@@QEAA@AEBV01@@Z 000000018001d7a0 f i libcpmt:xthrow.obj
 0001:0001c7dc       ??0length_error@std@@QEAA@PEBD@Z 000000018001d7dc f i libcpmt:xthrow.obj
 0001:0001c824       ??0logic_error@std@@QEAA@AEBV01@@Z 000000018001d824 f i libcpmt:xthrow.obj
 0001:0001c860       ?_Xlength_error@std@@YAXPEBD@Z 000000018001d860 f   libcpmt:xthrow.obj
 0001:0001c884       __GSHandlerCheck           000000018001d884 f   LIBCMT:gshandler.obj
 0001:0001c8a4       __GSHandlerCheckCommon     000000018001d8a4 f   LIBCMT:gshandler.obj
 0001:0001c910       __security_check_cookie    000000018001d910 f   LIBCMT:amdsecgs.obj
 0001:0001c934       ??3@YAXPEAX_K@Z            000000018001d934 f   LIBCMT:delete_scalar_size.obj
 0001:0001c950       __chkstk                   000000018001d950 f   LIBCMT:chkstk.obj
 0001:0001c950       _alloca_probe              000000018001d950 f   LIBCMT:chkstk.obj
 0001:0001c9a4       ??_Etype_info@@UEAAPEAXI@Z 000000018001d9a4 f i LIBCMT:std_type_info_static.obj
 0001:0001c9a4       ??_Gtype_info@@UEAAPEAXI@Z 000000018001d9a4 f i LIBCMT:std_type_info_static.obj
 0001:0001c9d0       __GSHandlerCheck_EH4       000000018001d9d0 f   LIBCMT:gshandlereh4.obj
 0001:0001cb48       _Init_thread_footer        000000018001db48 f   LIBCMT:thread_safe_statics.obj
 0001:0001cba8       _Init_thread_header        000000018001dba8 f   LIBCMT:thread_safe_statics.obj
 0001:0001cc10       _Init_thread_notify        000000018001dc10 f   LIBCMT:thread_safe_statics.obj
 0001:0001cc54       _Init_thread_wait          000000018001dc54 f   LIBCMT:thread_safe_statics.obj
 0001:0001cfd8       _DllMainCRTStartup         000000018001dfd8 f   LIBCMT:dll_dllmain.obj
 0001:0001d018       __scrt_acquire_startup_lock 000000018001e018 f   LIBCMT:utility.obj
 0001:0001d054       __scrt_dllmain_after_initialize_c 000000018001e054 f   LIBCMT:utility.obj
 0001:0001d088       __scrt_dllmain_before_initialize_c 000000018001e088 f   LIBCMT:utility.obj
 0001:0001d0a0       __scrt_dllmain_crt_thread_attach 000000018001e0a0 f   LIBCMT:utility.obj
 0001:0001d0c8       __scrt_dllmain_crt_thread_detach 000000018001e0c8 f   LIBCMT:utility.obj
 0001:0001d0e0       __scrt_dllmain_exception_filter 000000018001e0e0 f   LIBCMT:utility.obj
 0001:0001d140       __scrt_dllmain_uninitialize_c 000000018001e140 f   LIBCMT:utility.obj
 0001:0001d170       __scrt_dllmain_uninitialize_critical 000000018001e170 f   LIBCMT:utility.obj
 0001:0001d184       __scrt_initialize_crt      000000018001e184 f   LIBCMT:utility.obj
 0001:0001d1d0       __scrt_initialize_onexit_tables 000000018001e1d0 f   LIBCMT:utility.obj
 0001:0001d25c       __scrt_is_nonwritable_in_current_image 000000018001e25c f   LIBCMT:utility.obj
 0001:0001d2f4       __scrt_release_startup_lock 000000018001e2f4 f   LIBCMT:utility.obj
 0001:0001d318       __scrt_uninitialize_crt    000000018001e318 f   LIBCMT:utility.obj
 0001:0001d344       _onexit                    000000018001e344 f   LIBCMT:utility.obj
 0001:0001d380       atexit                     000000018001e380 f   LIBCMT:utility.obj
 0001:0001d398       __raise_securityfailure    000000018001e398 f   LIBCMT:gs_report.obj
 0001:0001d3cc       __report_gsfailure         000000018001e3cc f   LIBCMT:gs_report.obj
 0001:0001d4a0       __report_rangecheckfailure 000000018001e4a0 f   LIBCMT:gs_report.obj
 0001:0001d4b4       __report_securityfailure   000000018001e4b4 f   LIBCMT:gs_report.obj
 0001:0001d634       __crt_debugger_hook        000000018001e634 f   LIBCMT:utility_desktop.obj
 0001:0001d63c       __scrt_fastfail            000000018001e63c f   LIBCMT:utility_desktop.obj
 0001:0001d788       __security_init_cookie     000000018001e788 f   LIBCMT:gs_support.obj
 0001:0001d834       ?__scrt_initialize_type_info@@YAXXZ 000000018001e834 f   LIBCMT:tncleanup.obj
 0001:0001d844       ?__scrt_uninitialize_type_info@@YAXXZ 000000018001e844 f   LIBCMT:tncleanup.obj
 0001:0001d850       __local_stdio_scanf_options 000000018001e850 f i LIBCMT:default_local_stdio_options.obj
 0001:0001d858       __scrt_initialize_default_local_stdio_options 000000018001e858 f   LIBCMT:default_local_stdio_options.obj
 0001:0001d874       __scrt_get_dyn_tls_init_callback 000000018001e874 f   LIBCMT:dyn_tls_init.obj
 0001:0001d87c       _RTC_Initialize            000000018001e87c f   LIBCMT:initsect.obj
 0001:0001d8b8       _RTC_Terminate             000000018001e8b8 f   LIBCMT:initsect.obj
 0001:0001d8f4       __isa_available_init       000000018001e8f4 f   LIBCMT:cpu_disp.obj
 0001:0001da98       __scrt_is_ucrt_dll_in_use  000000018001ea98 f   LIBCMT:ucrt_detection.obj
 0001:0001dab0       ??$_CallSETranslator@V__FrameHandler4@@@@YAHPEAUEHExceptionRecord@@PEA_KPEAU_CONTEXT@@PEAU_xDISPATCHER_CONTEXT@@PEAUFuncInfo4@FH4@@K1H@Z 000000018001eab0 f i libvcruntime:risctrnsctrl.obj
 0001:0001db04       ?DecompFuncInfo@FH4@@YA_JPEAEAEAUFuncInfo4@1@_KH_N@Z 000000018001eb04 f i libvcruntime:risctrnsctrl.obj
 0001:0001dc28       ?ExecutionInCatch@__FrameHandler4@@SA_NPEAU_xDISPATCHER_CONTEXT@@PEAUFuncInfo4@FH4@@@Z 000000018001ec28 f   libvcruntime:risctrnsctrl.obj
 0001:0001dc30       ?FrameUnwindToEmptyState@__FrameHandler4@@SAXPEA_KPEAU_xDISPATCHER_CONTEXT@@PEAUFuncInfo4@FH4@@@Z 000000018001ec30 f   libvcruntime:risctrnsctrl.obj
 0001:0001dc64       ?GetEstablisherFrame@__FrameHandler4@@SAPEA_KPEA_KPEAU_xDISPATCHER_CONTEXT@@PEAUFuncInfo4@FH4@@0@Z 000000018001ec64 f   libvcruntime:risctrnsctrl.obj
 0001:0001dc88       ?GetRangeOfTrysToCheck@__FrameHandler4@@SA?AU?$pair@Viterator@TryBlockMap4@FH4@@V123@@std@@AEAVTryBlockMap4@FH4@@HPEAU_xDISPATCHER_CONTEXT@@PEAUFuncInfo4@5@H@Z 000000018001ec88 f   libvcruntime:risctrnsctrl.obj
 0001:0001ddf0       ?UnwindNestedFrames@__FrameHandler4@@SAXPEA_KPEAUEHExceptionRecord@@PEAU_CONTEXT@@0PEAXPEAUFuncInfo4@FH4@@HHPEAUHandlerType4@5@PEAU_xDISPATCHER_CONTEXT@@E@Z 000000018001edf0 f   libvcruntime:risctrnsctrl.obj
 0001:0001df10       ?setBuffer@TryBlockMap4@FH4@@QEAAXViterator@12@@Z 000000018001ef10 f i libvcruntime:risctrnsctrl.obj
 0001:0001e0d0       _CreateFrameInfo           000000018001f0d0 f   libvcruntime:risctrnsctrl.obj
 0001:0001e10c       _FindAndUnlinkFrame        000000018001f10c f   libvcruntime:risctrnsctrl.obj
 0001:0001e160       _GetImageBase              000000018001f160 f   libvcruntime:risctrnsctrl.obj
 0001:0001e174       _GetThrowImageBase         000000018001f174 f   libvcruntime:risctrnsctrl.obj
 0001:0001e188       _SetImageBase              000000018001f188 f   libvcruntime:risctrnsctrl.obj
 0001:0001e1a0       _SetThrowImageBase         000000018001f1a0 f   libvcruntime:risctrnsctrl.obj
 0001:0001e1b8       __CxxFrameHandler4         000000018001f1b8 f   libvcruntime:risctrnsctrl.obj
 0001:0001e290       memcpy_repmovs             000000018001f290 f   libvcruntime:memcpy.obj
 0001:0001e2b0       memcpy                     000000018001f2b0 f   libvcruntime:memcpy.obj
 0001:0001e2b0       memmove                    000000018001f2b0 f   libvcruntime:memcpy.obj
 0001:0001e688       wcschr                     000000018001f688 f   libvcruntime:wcschr.obj
 0001:0001e704       wcsstr                     000000018001f704 f   libvcruntime:wcsstr.obj
 0001:0001e930       memset_repmovs             000000018001f930 f   libvcruntime:memset.obj
 0001:0001e950       memset                     000000018001f950 f   libvcruntime:memset.obj
 0001:0001eaf0       __DestructExceptionObject  000000018001faf0 f   libvcruntime:ehhelpers.obj
 0001:0001eb60       ?_CallMemberFunction0@@YAXQEAX0@Z 000000018001fb60 f i libvcruntime:ehhelpers.obj
 0001:0001eb64       _IsExceptionObjectToBeDestroyed 000000018001fb64 f   libvcruntime:ehhelpers.obj
 0001:0001eb94       __AdjustPointer            000000018001fb94 f   libvcruntime:ehhelpers.obj
 0001:0001ebb8       __FrameUnwindFilter        000000018001fbb8 f   libvcruntime:ehhelpers.obj
 0001:0001ec20       __std_terminate            000000018001fc20 f   libvcruntime:ehhelpers.obj
 0001:0001ec2c       __std_exception_copy       000000018001fc2c f   libvcruntime:std_exception.obj
 0001:0001ecbc       __std_exception_destroy    000000018001fcbc f   libvcruntime:std_exception.obj
 0001:0001ece4       _CxxThrowException         000000018001fce4 f   libvcruntime:throw.obj
 0001:0001ed84       _get_purecall_handler      000000018001fd84 f   libvcruntime:purevirt.obj
 0001:0001ed8c       _purecall                  000000018001fd8c f   libvcruntime:purevirt.obj
 0001:0001eda8       wcsrchr                    000000018001fda8 f   libvcruntime:wcsrchr.obj
 0001:0001ee70       memcmp                     000000018001fe70 f   libvcruntime:memcmp.obj
 0001:0001ef38       strrchr                    000000018001ff38 f   libvcruntime:strrchr.obj
 0001:0001f068       strchr                     0000000180020068 f   libvcruntime:strchr.obj
 0001:0001f0e8       __C_specific_handler       00000001800200e8 f   libvcruntime:riscchandler.obj
 0001:0001f2fc       __vcrt_initialize          00000001800202fc f   libvcruntime:initialization.obj
 0001:0001f324       __vcrt_thread_attach       0000000180020324 f   libvcruntime:initialization.obj
 0001:0001f338       __vcrt_thread_detach       0000000180020338 f   libvcruntime:initialization.obj
 0001:0001f34c       __vcrt_uninitialize        000000018002034c f   libvcruntime:initialization.obj
 0001:0001f368       __vcrt_uninitialize_critical 0000000180020368 f   libvcruntime:initialization.obj
 0001:0001f378       __std_type_info_compare    0000000180020378 f   libvcruntime:std_type_info.obj
 0001:0001f3a0       __std_type_info_destroy_list 00000001800203a0 f   libvcruntime:std_type_info.obj
 0001:0001f3cc       __vcrt_freefls             00000001800203cc f   libvcruntime:per_thread_data.obj
 0001:0001f3ec       __vcrt_freeptd             00000001800203ec f   libvcruntime:per_thread_data.obj
 0001:0001f43c       __vcrt_getptd              000000018002043c f   libvcruntime:per_thread_data.obj
 0001:0001f458       __vcrt_getptd_noexit       0000000180020458 f   libvcruntime:per_thread_data.obj
 0001:0001f518       __vcrt_initialize_ptd      0000000180020518 f   libvcruntime:per_thread_data.obj
 0001:0001f560       __vcrt_uninitialize_ptd    0000000180020560 f   libvcruntime:per_thread_data.obj
 0001:0001f584       ?StateFromControlPc@__FrameHandler4@@SAHPEAUFuncInfo4@FH4@@PEAU_xDISPATCHER_CONTEXT@@@Z 0000000180020584 f   libvcruntime:ehstate.obj
 0001:0001f58c       ?StateFromIp@__FrameHandler4@@SAHPEAUFuncInfo4@FH4@@PEAU_xDISPATCHER_CONTEXT@@_K@Z 000000018002058c f   libvcruntime:ehstate.obj
 0001:0002022c       ??$TypeMatchHelper@V__FrameHandler3@@@@YAHPEBU_s_HandlerType@@PEBU_s_CatchableType@@PEBU_s_ThrowInfo@@@Z 000000018002122c f i libvcruntime:frame.obj
 0001:0002036c       ??$TypeMatchHelper@V__FrameHandler4@@@@YAHPEAUHandlerType4@FH4@@PEBU_s_CatchableType@@PEBU_s_ThrowInfo@@@Z 000000018002136c f i libvcruntime:frame.obj
 0001:000204b0       ??$__InternalCxxFrameHandler@V__FrameHandler4@@@@YA?AW4_EXCEPTION_DISPOSITION@@PEAUEHExceptionRecord@@PEA_KPEAU_CONTEXT@@PEAU_xDISPATCHER_CONTEXT@@PEAUFuncInfo4@FH4@@H1E@Z 00000001800214b0 f i libvcruntime:frame.obj
 0001:00020750       ??0HandlerMap4@FH4@@QEAA@PEBUTryBlockMapEntry4@1@_KH@Z 0000000180021750 f i libvcruntime:frame.obj
 0001:000207cc       ??0TryBlockMap4@FH4@@QEAA@PEBUFuncInfo4@1@_K@Z 00000001800217cc f i libvcruntime:frame.obj
 0001:000208a4       ??0bad_exception@std@@QEAA@AEBV01@@Z 00000001800218a4 f i libvcruntime:frame.obj
 0001:000208e0       ??0bad_exception@std@@QEAA@XZ 00000001800218e0 f i libvcruntime:frame.obj
 0001:00020900       ?CxxCallCatchBlock@__FrameHandler4@@SAPEAXPEAU_EXCEPTION_RECORD@@@Z 0000000180021900 f   libvcruntime:frame.obj
 0001:00020b5c       ?DecompHandler@HandlerMap4@FH4@@AEAAXXZ 0000000180021b5c f i libvcruntime:frame.obj
 0001:00020d9c       ?FrameUnwindToState@__FrameHandler4@@SAXPEA_KPEAU_xDISPATCHER_CONTEXT@@PEAUFuncInfo4@FH4@@H@Z 0000000180021d9c f   libvcruntime:frame.obj
 0001:000211fc       ?ReadEntry@UWMap4@FH4@@AEAAXPEAPEAE@Z 00000001800221fc f i libvcruntime:frame.obj
 0001:0002129c       ?_CallMemberFunction1@@YAXQEAX00@Z 000000018002229c f i libvcruntime:frame.obj
 0001:000212a8       ?_CallMemberFunction2@@YAXQEAX00H@Z 00000001800222a8 f i libvcruntime:frame.obj
 0001:000212b8       ?getStartStop@UWMap4@FH4@@QEAAXHHAEAViterator@12@0@Z 00000001800222b8 f i libvcruntime:frame.obj
 0001:00021388       ?getStateFromIterators@UWMap4@FH4@@SAHAEBViterator@12@H0H0@Z 0000000180022388 f i libvcruntime:frame.obj
 0001:00021460       _NLG_Notify                0000000180022460 f   libvcruntime:notify.obj
 0001:00021480       __NLG_Dispatch2            0000000180022480 f   libvcruntime:notify.obj
 0001:00021490       __NLG_Return2              0000000180022490 f   libvcruntime:notify.obj
 0001:00021494       __except_validate_context_record 0000000180022494 f   libvcruntime:jbcxrval.obj
 0001:000214cc       __vcrt_initialize_locks    00000001800224cc f   libvcruntime:locks.obj
 0001:00021500       __vcrt_uninitialize_locks  0000000180022500 f   libvcruntime:locks.obj
 0001:00021684       __vcrt_FlsAlloc            0000000180022684 f   libvcruntime:winapi_downlevel.obj
 0001:000216cc       __vcrt_FlsFree             00000001800226cc f   libvcruntime:winapi_downlevel.obj
 0001:00021714       __vcrt_FlsGetValue         0000000180022714 f   libvcruntime:winapi_downlevel.obj
 0001:0002175c       __vcrt_FlsSetValue         000000018002275c f   libvcruntime:winapi_downlevel.obj
 0001:000217b0       __vcrt_InitializeCriticalSectionEx 00000001800227b0 f   libvcruntime:winapi_downlevel.obj
 0001:00021830       _CallSettingFrame          0000000180022830 f   libvcruntime:handlers.obj
 0001:00021880       _CallSettingFrame_LookupContinuationIndex 0000000180022880 f   libvcruntime:handlers.obj
 0001:000218b0       _CallSettingFrame_NotifyContinuationAddr 00000001800228b0 f   libvcruntime:handlers.obj
[...]
 0002:0000fd3c       $unwind$?__mbsrtowcs_utf8@__crt_mbstring@@YA_KPEA_WPEAPEBD_KPEAU_Mbstatet@@@Z 0000000180042d3c     libucrt:mbrtowc.obj
 0002:0000fd54       $unwind$__acrt_update_thread_locale_data 0000000180042d54     libucrt:locale_refcounting.obj
 0002:0000fd78       $unwind$__acrt_fltout      0000000180042d78     libucrt:cfout.obj
 0002:0000fd98       $unwind$?divide@__crt_strtox@@YA_KAEAUbig_integer@1@AEBU21@@Z 0000000180042d98     libucrt:cfout.obj
 0002:0000fdb0       $chain$0$?divide@__crt_strtox@@YA_KAEAUbig_integer@1@AEBU21@@Z 0000000180042db0     libucrt:cfout.obj
 0002:0000fdc4       $chain$1$?divide@__crt_strtox@@YA_KAEAUbig_integer@1@AEBU21@@Z 0000000180042dc4     libucrt:cfout.obj
 0002:0000fdd4       $unwind$_fcloseall         0000000180042dd4     libucrt:closeall.obj
 0002:0000fdf8       $unwind$__acrt_locale_free_time 0000000180042df8     libucrt:inittime.obj
 0002:0000fe08       $unwind$__acrt_GetStringTypeA 0000000180042e08     libucrt:getstringtypea.obj
 0002:0000fe30       $unwind$__acrt_lowio_destroy_handle_array 0000000180042e30     libucrt:osfinfo.obj
 0002:0000fe40       $unwind$__acrt_lowio_ensure_fh_exists 0000000180042e40     libucrt:osfinfo.obj
 0002:0000fe6c       $unwind$qsort              0000000180042e6c     libucrt:qsort.obj
 0002:0000fe84       $chain$4$qsort             0000000180042e84     libucrt:qsort.obj
 0002:0000fea8       $chain$5$qsort             0000000180042ea8     libucrt:qsort.obj
 0002:0000feb8       $unwind$strpbrk            0000000180042eb8     libucrt:strpbrk.obj
 0002:0000fec8       $unwind$__acrt_LCMapStringA 0000000180042ec8     libucrt:lcmapstringa.obj
 0002:0000fed8       $unwind$?__acrt_LCMapStringA_stat@@YAHPEAU__crt_locale_pointers@@PEB_WKPEBDHPEADHHH@Z 0000000180042ed8     libucrt:lcmapstringa.obj
 0002:0000ff00       $unwind$_close             0000000180042f00     libucrt:close.obj
 0002:0000ff00       $unwind$_commit            0000000180042f00     libucrt:commit.obj
 0002:0000ff08       $unwind$??$?RV<lambda_a37b2b86f63e897a80ea819b0eb08c01>@@AEAV<lambda_38ce7e780aa69e748d6df282ebc68efe>@@V<lambda_99fb1378e971ab6e7edea83e3a7a83a2>@@@?$__crt_seh_guarded_call@H@@QEAAH$$QEAV<lambda_a37b2b86f63e897a80ea819b0eb08c01>@@AEAV<lambda_38ce7e780aa69e748d6df282ebc68efe>@@$$QEAV<lambda_99fb1378e971ab6e7edea83e3a7a83a2>@@@Z 0000000180042f08     libucrt:commit.obj
 0002:0000ff2c       $unwind$_write             0000000180042f2c     libucrt:write.obj
 0002:0000ff5c       $unwind$_write_nolock      0000000180042f5c     libucrt:write.obj
 0002:0000ff74       $unwind$?write_double_translated_ansi_nolock@@YA?AUwrite_result@?A0x17268360@@HQEBDI@Z 0000000180042f74     libucrt:write.obj
 0002:0000ff98       $unwind$?write_text_ansi_nolock@@YA?AUwrite_result@?A0x17268360@@HQEBDI@Z 0000000180042f98     libucrt:write.obj
 0002:0000ff98       $unwind$?write_text_utf16le_nolock@@YA?AUwrite_result@?A0x17268360@@HQEBDI@Z 0000000180042f98     libucrt:write.obj
 0002:0000ffb8       $unwind$?write_text_utf8_nolock@@YA?AUwrite_result@?A0x17268360@@HQEBDI@Z 0000000180042fb8     libucrt:write.obj
 0002:0000ffdc       $unwind$?__mbrtoc32_utf8@__crt_mbstring@@YA_KPEA_UPEBD_KPEAU_Mbstatet@@@Z 0000000180042fdc     libucrt:mbrtoc32.obj
 0002:0000fff8       $xdatasym                  0000000180042ff8     libucrt:log10.obj
 0002:00010004       $unwind$__acrt_fenv_set_control 0000000180043004     libucrt:_fenvutils.obj
 0002:00010014       $unwind$fclose             0000000180043014     libucrt:fclose.obj
 0002:00010038       $unwind$common_control87   0000000180043038     libucrt:ieee.obj
 0002:00010064       $unwind$_handle_error      0000000180043064     libucrt:libm_error.obj
 0002:00010084       $unwind$__acrt_initialize_fma3 0000000180043084     libucrt:fma3_available.obj
 0002:0001008c       $unwind$_log_special_common 000000018004308c     libucrt:log_special.obj
 0002:00010098       $unwind$??$?RV<lambda_751a882b2c74d4b022dec766aa51a29a>@@AEAV<lambda_628dfdc04ba53c8bfc02c9951375f3f5>@@V<lambda_f6c7be5f7998530c34de24c7437d6b54>@@@?$__crt_seh_guarded_call@H@@QEAAH$$QEAV<lambda_751a882b2c74d4b022dec766aa51a29a>@@AEAV<lambda_628dfdc04ba53c8bfc02c9951375f3f5>@@$$QEAV<lambda_f6c7be5f7998530c34de24c7437d6b54>@@@Z 0000000180043098     libucrt:close.obj
 0002:000100c0       $xdatasym                  00000001800430c0     libucrt:fpsr.obj
 0002:000100c8       $unwind$_raise_exc_ex      00000001800430c8     libucrt:fpexcept.obj
 0002:000100dc       $unwind$_ctrlfp            00000001800430dc     libucrt:fpctrl.obj
 0002:00010104       $unwind$?apiGetConsoleFontSize@@YAHPEAXAEAH1AEAY0CA@_W@Z 0000000180043104     common-kernel64:WConsole.obj
 0002:00010120       $unwind$?apiSetConsoleFontSize@@YAHPEAXHHPEB_W@Z 0000000180043120     common-kernel64:WConsole.obj
 0002:0001013c       $unwind$_IsNonwritableInCurrentImage 000000018004313c     LIBCMT:pesect.obj
 0002:00010360       .edata                     0000000180043360     ConEmu.x64.exp
 0002:00010388       rgpv                       0000000180043388     ConEmu.x64.exp
 0002:000103f4       rgszName                   00000001800433f4     ConEmu.x64.exp
 0002:00010460       rgwOrd                     0000000180043460     ConEmu.x64.exp
 0002:00010496       szName                     0000000180043496     ConEmu.x64.exp
 0002:000104a5       $N00001                    00000001800434a5     ConEmu.x64.exp
 0002:000104b5       $N00002                    00000001800434b5     ConEmu.x64.exp
 0002:000104bd       $N00003                    00000001800434bd     ConEmu.x64.exp
 0002:000104c9       $N00004                    00000001800434c9     ConEmu.x64.exp
 0002:000104d4       $N00005                    00000001800434d4     ConEmu.x64.exp
 0002:000104e2       $N00006                    00000001800434e2     ConEmu.x64.exp
 0002:000104f3       $N00007                    00000001800434f3     ConEmu.x64.exp
 0002:00010501       $N00008                    0000000180043501     ConEmu.x64.exp
 0002:00010510       $N00009                    0000000180043510     ConEmu.x64.exp
 0002:00010520       $N00010                    0000000180043520     ConEmu.x64.exp
 0002:0001052b       $N00011                    000000018004352b     ConEmu.x64.exp
 0002:00010531       $N00012                    0000000180043531     ConEmu.x64.exp
 0002:00010544       $N00013                    0000000180043544     ConEmu.x64.exp
 0002:00010557       $N00014                    0000000180043557     ConEmu.x64.exp
 0002:0001056a       $N00015                    000000018004356a     ConEmu.x64.exp
 0002:0001057d       $N00016                    000000018004357d     ConEmu.x64.exp
 0002:0001058f       $N00017                    000000018004358f     ConEmu.x64.exp
 0002:0001059e       $N00018                    000000018004359e     ConEmu.x64.exp
 0002:000105aa       $N00019                    00000001800435aa     ConEmu.x64.exp
 0002:000105b3       $N00020                    00000001800435b3     ConEmu.x64.exp
 0002:000105c2       $N00021                    00000001800435c2     ConEmu.x64.exp
 0002:000105d4       $N00022                    00000001800435d4     ConEmu.x64.exp
 0002:000105e0       $N00023                    00000001800435e0     ConEmu.x64.exp
 0002:000105f4       $N00024                    00000001800435f4     ConEmu.x64.exp
 0002:00010608       $N00025                    0000000180043608     ConEmu.x64.exp
 0002:0001061d       $N00026                    000000018004361d     ConEmu.x64.exp
 0002:00010631       $N00027                    0000000180043631     ConEmu.x64.exp
 0002:00010d5a       .idata$6                   0000000180043d5a     version:VERSION.dll
 0002:00011284       .idata$6                   0000000180044284     kernel32:KERNEL32.dll
 0002:00011392       .idata$6                   0000000180044392     user32:USER32.dll
 0002:00011432       .idata$6                   0000000180044432     gdi32:GDI32.dll
 0002:0001146e       .idata$6                   000000018004446e     advapi32:ADVAPI32.dll
 0003:00000140       ?rc@?CE@??Open@CPluginW2800@@UEAAPEAXPEBX@Z@4UFarMacroCall@@A 0000000180045140     ConEmuPlugin2800.obj
 0003:00000168       ?val@?CE@??Open@CPluginW2800@@UEAAPEAXPEBX@Z@4UFarMacroValue@@A 0000000180045168     ConEmuPlugin2800.obj
 0003:000002c0       ?__vcrt_flsindex@@3KA      00000001800452c0     libvcruntime:per_thread_data.obj
 0003:000002d0       ?errno_no_memory@@3HA      00000001800452d0     libucrt:errno.obj
 0003:000002d4       ?doserrno_no_memory@@3KA   00000001800452d4     libucrt:errno.obj
 0003:000002e0       ?__acrt_flsindex@@3KA      00000001800452e0     libucrt:per_thread_data.obj
 0003:000007b0       _mbctypes                  00000001800457b0     libucrt:mbctype.obj
 0003:000008c0       _mbcasemaps                00000001800458c0     libucrt:mbctype.obj
 0003:000009c0       ?__rgctypeflag@@3PADA      00000001800459c0     libucrt:mbctype.obj
 0003:000009d0       ?__rgcode_page_info@@3PAUcode_page_info@@A 00000001800459d0     libucrt:mbctype.obj
 0003:00000c70       ?dazSupported@?1??common_control87@@9@9 0000000180045c70     libucrt:ieee.obj
 0003:00000c80       ?__dcrt_lowio_console_output_handle@@3PEAXEA 0000000180045c80     libucrt:initcon.obj
 0003:00000c90       ?dazSupported@?1??_ctrlfp@@9@9 0000000180045c90     libucrt:fpctrl.obj
 0003:00000fa0       ?store@?M@??GetPanelInfo@CPluginW1900@@UEAA_NKPEAUCEPanelInfo@@@Z@4UPanelInfo@@A 0000000180045fa0     ConEmuPlugin1900.obj
 0003:00001010       ?szMenu@?1??GetPluginInfoPtr@CPluginW1900@@UEAAXPEAX@Z@4PAPEA_WA 0000000180046010     ConEmuPlugin1900.obj
 0003:00001020       ?szMenu1@?1??GetPluginInfoPtr@CPluginW1900@@UEAAXPEAX@Z@4PA_WA 0000000180046020     ConEmuPlugin1900.obj
 0003:00001220       ?WLastActive@?1??UpdateConEmuTabsApi@CPluginW1900@@UEAA_NH@Z@4UWindowInfo@@A 0000000180046220     ConEmuPlugin1900.obj
 0003:00001268       ?pwList@@3PEAV?$MArray@UWindowInfo@@@@EA 0000000180046268     ConEmuPlugin2800.obj
 0003:00001270       ?store@?M@??GetPanelInfo@CPluginW2800@@UEAA_NKPEAUCEPanelInfo@@@Z@4UPanelInfo@@A 0000000180046270     ConEmuPlugin2800.obj
 0003:000012d8       ?szMenu@?1??GetPluginInfoPtr@CPluginW2800@@UEAAXPEAX@Z@4PAPEA_WA 00000001800462d8     ConEmuPlugin2800.obj
 0003:000012e0       ?szMenu1@?1??GetPluginInfoPtr@CPluginW2800@@UEAAXPEAX@Z@4PA_WA 00000001800462e0     ConEmuPlugin2800.obj
 0003:000014e0       ?WLastActive@?1??UpdateConEmuTabsApi@CPluginW2800@@UEAA_NH@Z@4UWindowInfo@@A 00000001800464e0     ConEmuPlugin2800.obj
 0003:00001538       ?ghSyncDlg@@3PEAXEA        0000000180046538     ConEmuPlugin995.obj
 0003:00001540       ?store@?M@??GetPanelInfo@CPluginW995@@UEAA_NKPEAUCEPanelInfo@@@Z@4UPanelInfo@@A 0000000180046540     ConEmuPlugin995.obj
 0003:00001588       ?szMenu@?1??GetPluginInfoPtr@CPluginW995@@UEAAXPEAX@Z@4PAPEA_WA 0000000180046588     ConEmuPlugin995.obj
 0003:00001590       ?szMenu1@?1??GetPluginInfoPtr@CPluginW995@@UEAAXPEAX@Z@4PA_WA 0000000180046590     ConEmuPlugin995.obj
 0003:000017a0       ?store@?M@??GetPanelInfo@CPluginAnsi@@UEAA_NKPEAUCEPanelInfo@@@Z@4UPanelInfo@@A 00000001800467a0     ConEmuPluginA.obj
 0003:000019a0       ?szMenu@?1??GetPluginInfoPtr@CPluginAnsi@@UEAAXPEAX@Z@4PAPEADA 00000001800469a0     ConEmuPluginA.obj
 0003:000019b0       ?szMenu1@?1??GetPluginInfoPtr@CPluginAnsi@@UEAAXPEAX@Z@4PADA 00000001800469b0     ConEmuPluginA.obj
 0003:00002d2c       ?gbTryOpenMapHeader@@3HA   0000000180047d2c     ConEmuPluginBase.obj
 0003:00002d30       ?gbStartupHooksAfterMap@@3HA 0000000180047d30     ConEmuPluginBase.obj
 0003:00002d34       ?siEnabled@?1??CheckBufferEnabled@CPluginBase@@QEAA_NXZ@4HA 0000000180047d34     ConEmuPluginBase.obj
 0003:00002d38       ?dwLastTickCount@?7??CheckResources@CPluginBase@@QEAAX_N@Z@4KA 0000000180047d38     ConEmuPluginBase.obj
 0003:00002d3c       ?$TSS0@?7??CheckResources@CPluginBase@@QEAAX_N@Z@4HA 0000000180047d3c     ConEmuPluginBase.obj
 0003:00002d40       ?dwLastTickCount@?9??OnConsolePeekReadInput@CPluginBase@@SAX_N@Z@4KA 0000000180047d40     ConEmuPluginBase.obj
 0003:00002fa8       ?gHeapInit@?A0x333b15f0@@3U?$atomic@H@std@@A 0000000180047fa8     common-kernel64:Memory.obj
 0003:00002fac       ?gHeapCounter@?A0x333b15f0@@3U?$atomic@H@std@@A 0000000180047fac     common-kernel64:Memory.obj
 0003:00002fb0       ?ghHeap@?A0x333b15f0@@3PEAXEA 0000000180047fb0     common-kernel64:Memory.obj
 0003:00002fd0       ?szFile@?1??ModuleName@@YAPEB_WPEB_W@Z@4PA_WA 0000000180047fd0     common-kernel64:ConEmuCheck.obj
 0003:00003020       ?g_Threads@@3PAUConEmuThreadInfo@@A 0000000180048020     common-kernel64:WThreads.obj
 0003:0000b820       ?gh_UnknownTerminatedThread@@3PEAXEA 0000000180050820     common-kernel64:WThreads.obj
 0003:0000b82c       ?szNil@?1??GetCommand@CESERVER_REQ_NEWCMD@@QEAAPEA_WXZ@4PA_WA 000000018005082c     common-kernel64:Common.obj
 0003:0000b840       ?rtlVerifyVersionInfo@?1??_VerifyVersionInfo@@YA_NPEAU_OSVERSIONINFOEXW@@K_K@Z@4P6AH0K1@ZEA 0000000180050840     common-kernel64:WObjects.obj
 0003:0000b848       ?hasRtl@?1??_VerifyVersionInfo@@YA_NPEAU_OSVERSIONINFOEXW@@K_K@Z@4HA 0000000180050848     common-kernel64:WObjects.obj
 0003:0000b84c       ?ibIsWin6@?1??IsWin6@@YA_NXZ@4HA 000000018005084c     common-kernel64:WObjects.obj
 0003:0000b850       ?is64bitOs@?1??IsWindows64@@YA_NXZ@4_NA 0000000180050850     common-kernel64:WObjects.obj
 0003:0000b851       ?isOsChecked@?1??IsWindows64@@YA_NXZ@4_NA 0000000180050851     common-kernel64:WObjects.obj
 0003:0000b858       ?TerminalMode@?1??isTerminalMode@@YA_NXZ@4_NA 0000000180050858     common-kernel64:MProcess.obj
 0003:0000b859       ?TerminalChecked@?1??isTerminalMode@@YA_NXZ@4_NA 0000000180050859     common-kernel64:MProcess.obj
 0003:0000b85a       ?bSysInfoRetrieved@?1??IsModuleValid@@YA_NPEAUHINSTANCE__@@H@Z@4_NA 000000018005085a     common-kernel64:WModuleCheck.obj
 0003:0000b860       ?si@?1??IsModuleValid@@YA_NPEAUHINSTANCE__@@H@Z@4U_SYSTEM_INFO@@A 0000000180050860     common-kernel64:WModuleCheck.obj
 0003:0000b8a8       ?g_tss_cv@@3U_RTL_CONDITION_VARIABLE@@A 00000001800508a8     LIBCMT:thread_safe_statics.obj
 0003:0000b8b0       ?g_tss_event@@3PEAXEA      00000001800508b0     LIBCMT:thread_safe_statics.obj
 0003:0000b8b8       ?g_tss_mutex@@3U_RTL_CRITICAL_SECTION@@A 00000001800508b8     LIBCMT:thread_safe_statics.obj
 0003:0000b8e0       ?g_sleep_condition_variable_cs@@3P6AHPEAU_RTL_CONDITION_VARIABLE@@PEAU_RTL_CRITICAL_SECTION@@K@ZEA 00000001800508e0     LIBCMT:thread_safe_statics.obj
 0003:0000b8e8       ?g_wake_all_condition_variable@@3P6AXPEAU_RTL_CONDITION_VARIABLE@@@ZEA 00000001800508e8     LIBCMT:thread_safe_statics.obj
 0003:0000b8f0       ?__proc_attached@@3HA      00000001800508f0     LIBCMT:dll_dllmain.obj
 0003:0000b908       ?is_initialized_as_dll@@3_NA 0000000180050908     LIBCMT:utility.obj
 0003:0000b909       ?module_local_atexit_table_initialized@@3_NA 0000000180050909     LIBCMT:utility.obj
 0003:0000b910       ?module_local_atexit_table@@3U_onexit_table_t@@A 0000000180050910     LIBCMT:utility.obj
 0003:0000b928       ?module_local_at_quick_exit_table@@3U_onexit_table_t@@A 0000000180050928     LIBCMT:utility.obj
 0003:0000b940       GS_ExceptionRecord         0000000180050940     LIBCMT:gs_report.obj
 0003:0000b9e0       GS_ContextRecord           00000001800509e0     LIBCMT:gs_report.obj
 0003:0000bef0       ?__vcrt_startup_thread_ptd@@3U__vcrt_ptd@@A 0000000180050ef0     libvcruntime:per_thread_data.obj
 0003:0000bf78       __vcrt_lock_table          0000000180050f78     libvcruntime:locks.obj
 0003:0000bfa0       __vcrt_locks_initialized   0000000180050fa0     libvcruntime:locks.obj
 0003:0000bfe8       ?heap@@3V_HeapManager@@A   0000000180050fe8     libvcruntime:undname.obj
 0003:0000c010       ?module_handles@@3PAPEAUHINSTANCE__@@A 0000000180051010     libvcruntime:winapi_downlevel.obj
 0003:0000c028       ?function_pointers@@3PAPEAXA 0000000180051028     libvcruntime:winapi_downlevel.obj
 0003:0000c050       ?__acrt_invalid_parameter_handler@@3V?$dual_state_global@P6AXPEB_W00I_K@Z@__crt_state_management@@A 0000000180051050     libucrt:invalid_parameter.obj
 0003:0000c058       ?c_termination_complete@@3JA 0000000180051058     libucrt:exit.obj
 0003:0000c060       ?thread_local_exit_callback_func@@3P6AXPEAXK0@ZEA 0000000180051060     libucrt:exit.obj
 0003:0000c070       ?program_name@?1???$common_configure_argv@D@@YAHW4_crt_argv_mode@@@Z@4PADA 0000000180051070     libucrt:argv_parsing.obj
 0003:0000c1c8       ?internal_state@?1??_mbtowc_l@@9@4U_Mbstatet@@A 00000001800511c8     libucrt:mbtowc.obj
 0003:0000c1e0       ?enable_percent_n@@3_KA    00000001800511e0     libucrt:printf_count_output.obj
 0003:0000c620       ?__acrt_lock_table@@3PAU_RTL_CRITICAL_SECTION@@A 0000000180051620     libucrt:locks.obj
 0003:0000c850       ?__acrt_locks_initialized@@3IA 0000000180051850     libucrt:locks.obj
 0003:0000c870       ?fSystemSet@@3HA           0000000180051870     libucrt:mbctype.obj
 0003:0000c874       ?initialized@?1??__acrt_initialize_multibyte@@9@4_NA 0000000180051874     libucrt:mbctype.obj
 0003:0000c8b0       ?module_handles@@3PAPEAUHINSTANCE__@@A 00000001800518b0     libucrt:winapi_thunks.obj
 0003:0000c950       ?encoded_function_pointers@@3PAPEAXA 0000000180051950     libucrt:winapi_thunks.obj
 0003:0000ca68       ?__acrt_new_handler@@3V?$dual_state_global@P6AH_K@Z@__crt_state_management@@A 0000000180051a68     libucrt:new_handler.obj
 0003:0000ca70       ?ctrlc_action@@3V?$dual_state_global@P6AXH@Z@__crt_state_management@@A 0000000180051a70     libucrt:signal.obj
 0003:0000ca78       ?ctrlbreak_action@@3V?$dual_state_global@P6AXH@Z@__crt_state_management@@A 0000000180051a78     libucrt:signal.obj
 0003:0000ca80       ?abort_action@@3V?$dual_state_global@P6AXH@Z@__crt_state_management@@A 0000000180051a80     libucrt:signal.obj
 0003:0000ca88       ?term_action@@3V?$dual_state_global@P6AXH@Z@__crt_state_management@@A 0000000180051a88     libucrt:signal.obj
 0003:0000ca90       ?user_matherr@@3V?$dual_state_global@P6AHPEAU_exception@@@Z@__crt_state_management@@A 0000000180051a90     libucrt:matherr.obj
 0003:0000ca98       ?__acrt_global_new_mode@@3V?$dual_state_global@J@__crt_state_management@@A 0000000180051a98     libucrt:new_mode.obj
 0003:0000caa8       ?internal_pst@?1??__mbrtoc32_utf8@__crt_mbstring@@YA_KPEA_UPEBD_KPEAU_Mbstatet@@@Z@4U3@A 0000000180051aa8     libucrt:mbrtoc32.obj
 0003:0000cab0       ?__acrt_app_type@@3W4_crt_app_type@@A 0000000180051ab0     libucrt:report_runtime_error.obj
 0003:0000cb14       ?gbPauseConsoleWasRequested@@3_NA 0000000180051b14     common-kernel64:WConsole.obj
 0003:0000cb18       ?GetCurrentConsoleFontEx@?1??apiGetCurrentConsoleFontEx@@YAHPEAXHPEAUMY_CONSOLE_FONT_INFOEX@@@Z@4P6AH0H1@ZEA 0000000180051b18     common-kernel64:WConsole.obj
 0003:0000cb20       ?bFuncChecked@?1??apiGetCurrentConsoleFontEx@@YAHPEAXHPEAUMY_CONSOLE_FONT_INFOEX@@@Z@4_NA 0000000180051b20     common-kernel64:WConsole.obj
 0003:0000cb28       ?SetCurrentConsoleFontEx@?1??apiSetCurrentConsoleFontEx@@YAHPEAXHPEAUMY_CONSOLE_FONT_INFOEX@@@Z@4P6AH0H1@ZEA 0000000180051b28     common-kernel64:WConsole.obj
 0003:0000cb30       ?bFuncChecked@?1??apiSetCurrentConsoleFontEx@@YAHPEAXHPEAUMY_CONSOLE_FONT_INFOEX@@@Z@4_NA 0000000180051b30     common-kernel64:WConsole.obj
 0005:00000000       MoveSmall                  0000000180055000     libvcruntime:memcpy.obj
 0005:00000080       MsetTab                    0000000180055080     libvcruntime:memset.obj
 0006:000000a0       $R000000                   00000001800560a0     ConEmu.res
 0006:000003b0       $R000310                   00000001800563b0     ConEmu.res
