 ConEmu

 Timestamp is 5fbd9e37 (Wed Nov 25 00:58:47 2020)

 Preferred load address is 10000000

 Start         Length     Name                   Class
 0001:00000000 00000010H .text$di                CODE
 0001:00000010 000286d5H .text$mn                CODE
 0001:000286e5 000004d4H .text$x                 CODE
 0001:00028bb9 0000000aH .text$yd                CODE
 0002:00000000 00000334H .idata$5                DATA
 0002:00000334 00000004H .00cfg                  DATA
 0002:00000338 00000004H .CRT$XCA                DATA
 0002:0000033c 00000004H .CRT$XCU                DATA
 0002:00000340 00000004H .CRT$XCZ                DATA
 0002:00000344 00000004H .CRT$XIA                DATA
 0002:00000348 00000010H .CRT$XIC                DATA
 0002:00000358 00000004H .CRT$XIZ                DATA
 0002:0000035c 00000004H .CRT$XLA                DATA
 0002:00000360 00000004H .CRT$XLZ                DATA
 0002:00000364 00000004H .CRT$XPA                DATA
 0002:00000368 00000008H .CRT$XPX                DATA
 0002:00000370 00000004H .CRT$XPXA               DATA
 0002:00000374 00000004H .CRT$XPZ                DATA
 0002:00000378 00000004H .CRT$XTA                DATA
 0002:0000037c 00000004H .CRT$XTZ                DATA
 0002:00000380 00000000H .gfids$x                DATA
 0002:00000380 00000000H .gfids$y                DATA
 0002:00000380 000093a8H .rdata                  DATA
 0002:00009728 00000018H .rdata$T                DATA
 0002:00009740 00000470H .rdata$r                DATA
 0002:00009bb0 00000080H .rdata$sxdata           DATA
 0002:00009c30 000003c4H .rdata$zzzdbg           DATA
 0002:00009ff4 00000004H .rtc$IAA                DATA
 0002:00009ff8 00000004H .rtc$IZZ                DATA
 0002:00009ffc 00000004H .rtc$TAA                DATA
 0002:0000a000 00000004H .rtc$TZZ                DATA
 0002:0000a004 00000004H .tls                    DATA
 0002:0000a008 00000004H .tls$                   DATA
 0002:0000a00c 00000004H .tls$ZZZ                DATA
 0002:0000a010 00000aa0H .xdata$x                DATA
 0002:0000aab0 000002e0H .edata                  DATA
 0002:0000ad90 00000064H .idata$2                DATA
 0002:0000adf4 00000014H .idata$3                DATA
 0002:0000ae08 00000334H .idata$4                DATA
 0002:0000b13c 00000e8eH .idata$6                DATA
 0003:00000000 00000998H .data                   DATA
 0003:00000998 00000210H .data$r                 DATA
 0003:00000ba8 0000a230H .bss                    DATA
 0004:00000000 000000a0H .rsrc$01                DATA
 0004:000000a0 00000488H .rsrc$02                DATA

  Address         Publics by Value              Rva+Base       Lib:Object

 0000:00000000       ___guard_fids_count        00000000     <absolute>
 0000:00000000       ___hybrid_code_map_count   00000000     <absolute>
 0000:00000000       ___hybrid_auxiliary_iat    00000000     <absolute>
 0000:00000000       __except_list              00000000     <absolute>
 0000:00000000       ___guard_fids_table        00000000     <absolute>
 0000:00000000       ___guard_longjmp_table     00000000     <absolute>
 0000:00000000       ___guard_iat_table         00000000     <absolute>
 0000:00000000       ___volatile_metadata       00000000     <absolute>
 0000:00000000       ___guard_iat_count         00000000     <absolute>
 0000:00000000       ___enclave_config          00000000     <absolute>
 0000:00000000       ___guard_longjmp_count     00000000     <absolute>
 0000:00000000       ___hybrid_code_map         00000000     <absolute>
 0000:00000000       ___dynamic_value_reloc_table 00000000     <absolute>
 0000:00000020       ___safe_se_handler_count   00000020     <absolute>
 0000:0000002c       __tls_array                0000002c     <absolute>
 0000:00000100       ___guard_flags             00000100     <absolute>
 0000:00000000       ___ImageBase               10000000     <linker-defined>
 0001:00000010       ??$swprintf_c@$0EA@@@YAHAAY0EA@_WPB_WZZ 10001010 f i ConEmuInjects.obj
 0001:00000026       ??$swprintf_c@$0IA@@@YAHAAY0IA@_WPB_WZZ 10001026 f i ConEmuInjects.obj
 0001:0000003f       ??$swprintf_c@$0PP@@@YAHAAY0PP@_WPB_WZZ 1000103f f i ConEmuInjects.obj
 0001:00000058       ?ShutdownHooks@@YAXXZ      10001058 f   ConEmuInjects.obj
 0001:00000189       ?StartupConsoleHooks@@YAXXZ 10001189 f   ConEmuInjects.obj
 0001:000001f2       ?StartupHooks@@YA_NPAUHINSTANCE__@@@Z 100011f2 f   ConEmuInjects.obj
 0001:000004c3       ?StringCchVPrintfW@@YGJPA_WIPB_WPAD@Z 100014c3 f i ConEmuInjects.obj
 0001:0000051a       ___local_stdio_printf_options 1000151a f i ConEmuInjects.obj
 0001:00000520       __vsnwprintf_l             10001520 f i ConEmuInjects.obj
 0001:00000552       ?ProcessSynchroEventW3@@YGHPAX@Z 10001552 f   ConEmuPlugin.obj
 0001:00000562       ?ProcessEditorEventW3@@YGHPAX@Z 10001562 f   ConEmuPlugin.obj
 0001:00000572       ?ProcessViewerEventW3@@YGHPAX@Z 10001572 f   ConEmuPlugin.obj
 0001:00000582       ?ExitFARW3@@YGXPAX@Z       10001582 f   ConEmuPlugin.obj
 0001:000005c4       _ExitFARW@0                100015c4 f   ConEmuPlugin.obj
 0001:00000604       ?ProcessEditorEvent@@YGHHPAX@Z 10001604 f   ConEmuPlugin.obj
 0001:00000604       _ProcessEditorEventW@8     10001604 f   ConEmuPlugin.obj
 0001:0000061c       _ProcessSynchroEventW@8    1000161c f   ConEmuPlugin.obj
 0001:00000635       ?ProcessViewerEvent@@YGHHPAX@Z 10001635 f   ConEmuPlugin.obj
 0001:00000635       _ProcessViewerEventW@8     10001635 f   ConEmuPlugin.obj
 0001:0000064d       ?ActivateConsole@@YGHXZ    1000164d f   ConEmuPlugin.obj
 0001:000007f9       ?ExitFAR@@YGXXZ            100017f9 f   ConEmuPlugin.obj
 0001:00000839       ?GetFarHWND2@@YGPAUHWND__@@H@Z 10001839 f   ConEmuPlugin.obj
 0001:0000089a       ?GetFarHWND@@YGPAUHWND__@@XZ 1000189a f   ConEmuPlugin.obj
 0001:000008a2       ?GetFarVersion@@YGXPAUFarVersion@@@Z 100018a2 f   ConEmuPlugin.obj
 0001:000008bc       ?GetMinFarVersion@@YGHXZ   100018bc f   ConEmuPlugin.obj
 0001:000008e1       ?GetPluginInfo@@YGXPAX@Z   100018e1 f   ConEmuPlugin.obj
 0001:0000091f       ?GetPluginInfoW@@YGXPAX@Z  1000191f f   ConEmuPlugin.obj
 0001:0000092f       ?IsConsoleActive@@YGHXZ    1000192f f   ConEmuPlugin.obj
 0001:0000096e       ?IsTerminalMode@@YGHXZ     1000196e f   ConEmuPlugin.obj
 0001:00000974       ?OpenPlugin@@YGPAXHH@Z     10001974 f   ConEmuPlugin.obj
 0001:0000098f       ?OpenW@@YGPAXPBX@Z         1000198f f   ConEmuPlugin.obj
 0001:0000099f       ?ProcessEditorInput@@YGHPBU_INPUT_RECORD@@@Z 1000199f f   ConEmuPlugin.obj
 0001:000009b7       ?RegisterBackground@@YGHPAURegisterBackgroundArg@@@Z 100019b7 f   ConEmuPlugin.obj
 0001:00000a26       ?RegisterPanelView@@YGHPAUPanelViewInit@@@Z 10001a26 f   ConEmuPlugin.obj
 0001:00000b56       ?SetStartupInfo@@YGXPAX@Z  10001b56 f   ConEmuPlugin.obj
 0001:00000ba6       ?SetupExportsFar3@@YAXXZ   10001ba6 f   ConEmuPlugin.obj
 0001:00000bb9       ?SyncExecute@@YGHPAUHINSTANCE__@@P6GXJ@ZJ@Z 10001bb9 f   ConEmuPlugin.obj
 0001:00000bf7       _DllMain@12                10001bf7 f   ConEmuPlugin.obj
 0001:00000c1e       _GetMinFarVersionW@0       10001c1e f   ConEmuPlugin.obj
 0001:00000c24       _OpenPluginW@8             10001c24 f   ConEmuPlugin.obj
 0001:00000c51       _ProcessEditorInputW@4     10001c51 f   ConEmuPlugin.obj
 0001:00000c61       _SetStartupInfoW@4         10001c61 f   ConEmuPlugin.obj
 0001:00000c83       ??0CPluginW1900@@QAE@XZ    10001c83 f   ConEmuPlugin1900.obj
 0001:00000e0c       ??_GCPluginW1900@@UAEPAXI@Z 10001e0c f i ConEmuPlugin1900.obj
 0001:00000e0c       ??_ECPluginW1900@@UAEPAXI@Z 10001e0c f i ConEmuPlugin1900.obj
 0001:00001189       ?CheckPanelExist@CPluginW1900@@UAE_NXZ 10002189 f   ConEmuPlugin1900.obj
 0001:000011ac       ?Color2BgIndex@Far3Color@@SAXKHAAGPBK@Z 100021ac f i ConEmuPlugin1900.obj
 0001:0000127e       ?Color2FgIndex@Far3Color@@SAXKAAGPBK@Z 1000227e f i ConEmuPlugin1900.obj
 0001:00001336       ?ExecuteSynchroApi@CPluginW1900@@UAE_NXZ 10002336 f   ConEmuPlugin1900.obj
 0001:00001359       ?ExitFar@CPluginW1900@@UAEXXZ 10002359 f   ConEmuPlugin1900.obj
 0001:000013d5       ?FarColor_3_2@@YAEABUFarColor@@_N@Z 100023d5 f i ConEmuPlugin1900.obj
 0001:00001480       ?GetActiveWindowType@CPluginW1900@@UAEHXZ 10002480 f   ConEmuPlugin1900.obj
 0001:000014f9       ?GetEditorModifiedState@CPluginW1900@@UAEKXZ 100024f9 f   ConEmuPlugin1900.obj
 0001:00001535       ?GetFarRect@CPluginW1900@@UAE_NAAU_SMALL_RECT@@@Z 10002535 f   ConEmuPlugin1900.obj
 0001:000015c2       ?GetMacroArea@CPluginW1900@@UAEHXZ 100025c2 f   ConEmuPlugin1900.obj
 0001:000015d6       ?GetMsg@CPluginW1900@@UAEPB_WHPA_WI@Z 100025d6 f   ConEmuPlugin1900.obj
 0001:0000161c       ?GetPanelDir@CPluginW1900@@UAEPA_WKPA_WH@Z 1000261c f   ConEmuPlugin1900.obj
 0001:00001740       ?GetPanelInfo@CPluginW1900@@UAE_NKPAUCEPanelInfo@@@Z 10002740 f   ConEmuPlugin1900.obj
 0001:000019a7       ?GetPanelItemInfo@CPluginW1900@@UAE_NABUCEPanelInfo@@_NHAAU_WIN32_FIND_DATAW@@PAPA_W@Z 100029a7 f   ConEmuPlugin1900.obj
 0001:00001b2c       ?GetPluginInfoPtr@CPluginW1900@@UAEXPAX@Z 10002b2c f   ConEmuPlugin1900.obj
 0001:00001b75       ?GetStdIndex@Far3Color@@SAHKPBK@Z 10002b75 f i ConEmuPlugin1900.obj
 0001:00001b9a       ?GetWindowCount@CPluginW1900@@UAEHXZ 10002b9a f   ConEmuPlugin1900.obj
 0001:00001bbb       ?GetWindowTypeName@CPluginW1900@@UAEPB_WH@Z 10002bbb f   ConEmuPlugin1900.obj
 0001:00001bbb       ?GetWindowTypeName@CPluginW2800@@UAEPB_WH@Z 10002bbb f   ConEmuPlugin2800.obj
 0001:00001bbb       ?GetWindowTypeName@CPluginW995@@UAEPB_WH@Z 10002bbb f   ConEmuPlugin995.obj
 0001:00001bbb       ?GetWindowTypeName@CPluginAnsi@@UAEPB_WH@Z 10002bbb f   ConEmuPluginA.obj
 0001:00001c12       ?GuiMacroDlg@CPluginW1900@@UAEXXZ 10002c12 f   ConEmuPlugin1900.obj
 0001:00001c17       ?InputBox@CPluginW1900@@UAE_NPB_W000AAPA_W@Z 10002c17 f   ConEmuPlugin1900.obj
 0001:00001ca1       ?IsMacroActive@CPluginW1900@@UAE_NXZ 10002ca1 f   ConEmuPlugin1900.obj
 0001:00001ccb       ?LoadFarColors@CPluginW1900@@UAEXAAY0BAA@E@Z 10002ccb f   ConEmuPlugin1900.obj
 0001:00001e39       ?LoadFarSettings@CPluginW1900@@UAEXPAUCEFarInterfaceSettings@@PAUCEFarPanelSettings@@@Z 10002e39 f   ConEmuPlugin1900.obj
 0001:00001f47       ?Open@CPluginW1900@@UAEPAXPBX@Z 10002f47 f   ConEmuPlugin1900.obj
 0001:00002013       ?OpenEditor@CPluginW1900@@UAE_NPB_W_N11HH@Z 10003013 f   ConEmuPlugin1900.obj
 0001:000020b4       ?PanelControlApi@CPluginW1900@@UAEHPAXHH0@Z 100030b4 f   ConEmuPlugin1900.obj
 0001:000020d1       ?PostMacroApi@CPluginW1900@@UAEXPB_WPAU_INPUT_RECORD@@_N@Z 100030d1 f   ConEmuPlugin1900.obj
 0001:0000260e       ?ProcessEditorEventPtr@CPluginW1900@@UAEHPAX@Z 1000360e f   ConEmuPlugin1900.obj
 0001:0000260e       ?ProcessEditorEventPtr@CPluginW2800@@UAEHPAX@Z 1000360e f   ConEmuPlugin2800.obj
 0001:00002622       ?ProcessEditorInputPtr@CPluginW1900@@UAEHPBX@Z 10003622 f   ConEmuPlugin1900.obj
 0001:00002640       ?ProcessSynchroEventPtr@CPluginW1900@@UAEHPAX@Z 10003640 f   ConEmuPlugin1900.obj
 0001:00002640       ?ProcessSynchroEventPtr@CPluginW2800@@UAEHPAX@Z 10003640 f   ConEmuPlugin2800.obj
 0001:0000265c       ?ProcessViewerEventPtr@CPluginW1900@@UAEHPAX@Z 1000365c f   ConEmuPlugin1900.obj
 0001:0000265c       ?ProcessViewerEventPtr@CPluginW2800@@UAEHPAX@Z 1000365c f   ConEmuPlugin2800.obj
 0001:00002670       ?RedrawAll@CPluginW1900@@UAEXXZ 10003670 f   ConEmuPlugin1900.obj
 0001:00002691       ?SetStartupInfoPtr@CPluginW1900@@UAEXPAX@Z 10003691 f   ConEmuPlugin1900.obj
 0001:000027a3       ?SetWindow@CPluginW1900@@UAEXH@Z 100037a3 f   ConEmuPlugin1900.obj
 0001:000027de       ?ShowMessage@CPluginW1900@@UAEHPB_WH_N@Z 100037de f   ConEmuPlugin1900.obj
 0001:00002843       ?ShowPluginMenu@CPluginW1900@@UAEHPAUConEmuPluginMenuItem@@HH@Z 10003843 f   ConEmuPlugin1900.obj
 0001:0000299a       ?ShowUserScreen@CPluginW1900@@UAEX_N@Z 1000399a f   ConEmuPlugin1900.obj
 0001:000029bf       ?_Doraise@exception@stdext@@MBEXXZ 100039bf f   common-kernel32:CEStr.obj
 0001:000029bf       ?StopWaitEndSynchro@CPluginAnsi@@UAEXXZ 100039bf f   ConEmuPluginA.obj
 0001:000029bf       ?WaitEndSynchro@CPluginW2800@@UAEXXZ 100039bf f   ConEmuPlugin2800.obj
 0001:000029bf       ?PlugServerInit@@YAXXZ     100039bf f   PluginSrv.obj
 0001:000029bf       ?ShutdownPluginStep@CPluginBase@@SAXPB_WHHHH@Z 100039bf f   ConEmuPluginBase.obj
 0001:000029bf       ?StopWaitEndSynchro@CPluginW1900@@UAEXXZ 100039bf f   ConEmuPlugin1900.obj
 0001:000029bf       ?WaitEndSynchro@CPluginW1900@@UAEXXZ 100039bf f   ConEmuPlugin1900.obj
 0001:000029bf       ?WaitEndSynchro@CPluginAnsi@@UAEXXZ 100039bf f   ConEmuPluginA.obj
 0001:000029bf       @_guard_check_icall_nop@4  100039bf f   LIBCMT:guard_support.obj
 0001:000029bf       ?StopWaitEndSynchro@CPluginW2800@@UAEXXZ 100039bf f   ConEmuPlugin2800.obj
 0001:000029c0       ?UpdateConEmuTabsApi@CPluginW1900@@UAE_NH@Z 100039c0 f   ConEmuPlugin1900.obj
 0001:00002e15       ??$_Emplace_reallocate@ABUWindowInfo@@@?$vector@UWindowInfo@@V?$MArrayAllocator@UWindowInfo@@@@@std@@QAEPAUWindowInfo@@QAU2@ABU2@@Z 10003e15 f i ConEmuPlugin2800.obj
 0001:00002ed2       ??$_Fill_unchecked1@PAUWindowInfo@@U1@@std@@YAXPAUWindowInfo@@0ABU1@U?$integral_constant@_N$0A@@0@@Z 10003ed2 f i ConEmuPlugin2800.obj
 0001:00002ef5       ??$_Uninit_alloc_fill_n1@PAUWindowInfo@@IV?$MArrayAllocator@UWindowInfo@@@@@std@@YAPAUWindowInfo@@QAU1@IABU1@AAV?$MArrayAllocator@UWindowInfo@@@@U?$integral_constant@_N$0A@@0@@Z 10003ef5 f i ConEmuPlugin2800.obj
 0001:00002f1a       ??$_Uninitialized_fill_n@PAUWindowInfo@@IV?$MArrayAllocator@UWindowInfo@@@@@std@@YAPAUWindowInfo@@QAU1@IABU1@AAV?$MArrayAllocator@UWindowInfo@@@@@Z 10003f1a f i ConEmuPlugin2800.obj
 0001:00002f3b       ??$emplace_back@ABUWindowInfo@@@?$vector@UWindowInfo@@V?$MArrayAllocator@UWindowInfo@@@@@std@@QAEXABUWindowInfo@@@Z 10003f3b f i ConEmuPlugin2800.obj
 0001:00002f69       ??0CPluginW2800@@QAE@XZ    10003f69 f   ConEmuPlugin2800.obj
 0001:000030f2       ??0bad_alloc@std@@QAE@ABV01@@Z 100040f2 f i ConEmuPlugin2800.obj
 0001:0000310d       ??0bad_alloc@std@@QAE@XZ   1000410d f i ConEmuPlugin2800.obj
 0001:00003125       ??0exception@std@@QAE@ABV01@@Z 10004125 f i ConEmuPlugin2800.obj
 0001:00003151       ??1?$MArray@UWindowInfo@@@@QAE@XZ 10004151 f i ConEmuPlugin2800.obj
 0001:00003189       ??1bad_alloc@std@@UAE@XZ   10004189 f i ConEmuPlugin2800.obj
 0001:00003189       ??1length_error@std@@UAE@XZ 10004189 f i libcpmt:xthrow.obj
 0001:00003189       ??1bad_exception@std@@UAE@XZ 10004189 f i libvcruntime:frame.obj
 0001:0000319a       ??_GCPluginW2800@@UAEPAXI@Z 1000419a f i ConEmuPlugin2800.obj
 0001:0000319a       ??_ECPluginW2800@@UAEPAXI@Z 1000419a f i ConEmuPlugin2800.obj
 0001:000031c5       ??_Elogic_error@std@@UAEPAXI@Z 100041c5 f i libcpmt:xthrow.obj
 0001:000031c5       ??_Glength_error@std@@UAEPAXI@Z 100041c5 f i libcpmt:xthrow.obj
 0001:000031c5       ??_Gbad_exception@std@@UAEPAXI@Z 100041c5 f i libvcruntime:frame.obj
 0001:000031c5       ??_Ebad_alloc@std@@UAEPAXI@Z 100041c5 f i ConEmuPlugin2800.obj
 0001:000031c5       ??_Glogic_error@std@@UAEPAXI@Z 100041c5 f i libcpmt:xthrow.obj
 0001:000031c5       ??_Ebad_exception@std@@UAEPAXI@Z 100041c5 f i libvcruntime:frame.obj
 0001:000031c5       ??_Gexception@std@@UAEPAXI@Z 100041c5 f i ConEmuPlugin2800.obj
 0001:000031c5       ??_Eexception@std@@UAEPAXI@Z 100041c5 f i ConEmuPlugin2800.obj
 0001:000031c5       ??_Elength_error@std@@UAEPAXI@Z 100041c5 f i libcpmt:xthrow.obj
 0001:000031c5       ??_Gbad_alloc@std@@UAEPAXI@Z 100041c5 f i ConEmuPlugin2800.obj
 0001:0000355b       ?CheckPanelExist@CPluginW2800@@UAE_NXZ 1000455b f   ConEmuPlugin2800.obj
 0001:0000357e       ?ExecuteSynchroApi@CPluginW2800@@UAE_NXZ 1000457e f   ConEmuPlugin2800.obj
 0001:000035a1       ?ExitFar@CPluginW2800@@UAEXXZ 100045a1 f   ConEmuPlugin2800.obj
 0001:0000363c       ?GetActiveWindowType@CPluginW2800@@UAEHXZ 1000463c f   ConEmuPlugin2800.obj
 0001:000036bb       ?GetEditorModifiedState@CPluginW2800@@UAEKXZ 100046bb f   ConEmuPlugin2800.obj
 0001:000036f7       ?GetFarRect@CPluginW2800@@UAE_NAAU_SMALL_RECT@@@Z 100046f7 f   ConEmuPlugin2800.obj
 0001:00003787       ?GetMacroArea@CPluginW2800@@UAEHXZ 10004787 f   ConEmuPlugin2800.obj
 0001:0000379b       ?GetMsg@CPluginW2800@@UAEPB_WHPA_WI@Z 1000479b f   ConEmuPlugin2800.obj
 0001:000037e1       ?GetPanelDir@CPluginW2800@@UAEPA_WKPA_WH@Z 100047e1 f   ConEmuPlugin2800.obj
 0001:00003905       ?GetPanelInfo@CPluginW2800@@UAE_NKPAUCEPanelInfo@@@Z 10004905 f   ConEmuPlugin2800.obj
 0001:00003b6c       ?GetPanelItemInfo@CPluginW2800@@UAE_NABUCEPanelInfo@@_NHAAU_WIN32_FIND_DATAW@@PAPA_W@Z 10004b6c f   ConEmuPlugin2800.obj
 0001:00003cfa       ?GetPluginInfoPtr@CPluginW2800@@UAEXPAX@Z 10004cfa f   ConEmuPlugin2800.obj
 0001:00003d43       ?GetWindowCount@CPluginW2800@@UAEHXZ 10004d43 f   ConEmuPlugin2800.obj
 0001:00003d64       ?GuiMacroDlg@CPluginW2800@@UAEXXZ 10004d64 f   ConEmuPlugin2800.obj
 0001:00003d69       ?InputBox@CPluginW2800@@UAE_NPB_W000AAPA_W@Z 10004d69 f   ConEmuPlugin2800.obj
 0001:00003df3       ?IsMacroActive@CPluginW2800@@UAE_NXZ 10004df3 f   ConEmuPlugin2800.obj
 0001:00003e1d       ?LoadFarColors@CPluginW2800@@UAEXAAY0BAA@E@Z 10004e1d f   ConEmuPlugin2800.obj
 0001:00003f8e       ?LoadFarSettings@CPluginW2800@@UAEXPAUCEFarInterfaceSettings@@PAUCEFarPanelSettings@@@Z 10004f8e f   ConEmuPlugin2800.obj
 0001:00004096       ?Open@CPluginW2800@@UAEPAXPBX@Z 10005096 f   ConEmuPlugin2800.obj
 0001:000041b6       ?OpenEditor@CPluginW2800@@UAE_NPB_W_N11HH@Z 100051b6 f   ConEmuPlugin2800.obj
 0001:00004257       ?PanelControlApi@CPluginW2800@@UAEHPAXHH0@Z 10005257 f   ConEmuPlugin2800.obj
 0001:00004274       ?PostMacroApi@CPluginW2800@@UAEXPB_WPAU_INPUT_RECORD@@_N@Z 10005274 f   ConEmuPlugin2800.obj
 0001:0000452c       ?ProcessEditorInputPtr@CPluginW2800@@UAEHPBX@Z 1000552c f   ConEmuPlugin2800.obj
 0001:0000454a       ?RedrawAll@CPluginW2800@@UAEXXZ 1000554a f   ConEmuPlugin2800.obj
 0001:0000456b       ?SetStartupInfoPtr@CPluginW2800@@UAEXPAX@Z 1000556b f   ConEmuPlugin2800.obj
 0001:0000467d       ?SetWindow@CPluginW2800@@UAEXH@Z 1000567d f   ConEmuPlugin2800.obj
 0001:0000475f       ?ShowMessage@CPluginW2800@@UAEHPB_WH_N@Z 1000575f f   ConEmuPlugin2800.obj
 0001:000047c4       ?ShowPluginMenu@CPluginW2800@@UAEHPAUConEmuPluginMenuItem@@HH@Z 100057c4 f   ConEmuPlugin2800.obj
 0001:0000491b       ?ShowUserScreen@CPluginW2800@@UAEX_N@Z 1000591b f   ConEmuPlugin2800.obj
 0001:00004940       ?UpdateConEmuTabsApi@CPluginW2800@@UAE_NH@Z 10005940 f   ConEmuPlugin2800.obj
 0001:00004f8e       ?_Calculate_growth@?$vector@UWindowInfo@@V?$MArrayAllocator@UWindowInfo@@@@@std@@ABEII@Z 10005f8e f i ConEmuPlugin2800.obj
 0001:00004fb9       ?_Change_array@?$vector@UWindowInfo@@V?$MArrayAllocator@UWindowInfo@@@@@std@@AAEXQAUWindowInfo@@II@Z 10005fb9 f i ConEmuPlugin2800.obj
 0001:00004ff5       ?_Tidy@?$vector@UWindowInfo@@V?$MArrayAllocator@UWindowInfo@@@@@std@@AAEXXZ 10005ff5 f i ConEmuPlugin2800.obj
 0001:0000501e       ?_Xlength@?$vector@UWindowInfo@@V?$MArrayAllocator@UWindowInfo@@@@@std@@CAXXZ 1000601e f i ConEmuPlugin2800.obj
 0001:0000501e       ?_Xlength@?$vector@UtagPROCESSENTRY32W@@V?$MArrayAllocator@UtagPROCESSENTRY32W@@@@@std@@CAXXZ 1000601e f i common-kernel32:MProcess.obj
 0001:00005029       ?allocate@?$MArrayAllocator@UWindowInfo@@@@QAEPAUWindowInfo@@I@Z 10006029 f i ConEmuPlugin2800.obj
 0001:00005062       ?deallocate@?$MArrayAllocator@UWindowInfo@@@@QAEXPAUWindowInfo@@I@Z 10006062 f i ConEmuPlugin2800.obj
 0001:00005062       ?deallocate@?$MArrayAllocator@UtagPROCESSENTRY32W@@@@QAEXPAUtagPROCESSENTRY32W@@I@Z 10006062 f i common-kernel32:MProcess.obj
 0001:00005081       ?erase@?$MArray@UWindowInfo@@@@QAEXHH@Z 10006081 f i ConEmuPlugin2800.obj
 0001:000050cc       ?erase@?$vector@UWindowInfo@@V?$MArrayAllocator@UWindowInfo@@@@@std@@QAE?AV?$_Vector_iterator@V?$_Vector_val@U?$_Simple_types@UWindowInfo@@@std@@@std@@@2@V?$_Vector_const_iterator@V?$_Vector_val@U?$_Simple_types@UWindowInfo@@@std@@@std@@@2@0@Z 100060cc f i ConEmuPlugin2800.obj
 0001:00005104       ?insert@?$MArray@UWindowInfo@@@@QAEHHABUWindowInfo@@H@Z 10006104 f i ConEmuPlugin2800.obj
 0001:0000515c       ?insert@?$vector@UWindowInfo@@V?$MArrayAllocator@UWindowInfo@@@@@std@@QAE?AV?$_Vector_iterator@V?$_Vector_val@U?$_Simple_types@UWindowInfo@@@std@@@std@@@2@V?$_Vector_const_iterator@V?$_Vector_val@U?$_Simple_types@UWindowInfo@@@std@@@std@@@2@IABUWindowInfo@@@Z 1000615c f i ConEmuPlugin2800.obj
 0001:00005327       ?what@exception@std@@UBEPBDXZ 10006327 f i ConEmuPlugin2800.obj
 0001:00005335       _GetGlobalInfoW@4          10006335 f   ConEmuPlugin2800.obj
 0001:000053c8       ??0CPluginW995@@QAE@XZ     100063c8 f   ConEmuPlugin995.obj
 0001:0000554c       ??_GCPluginW995@@UAEPAXI@Z 1000654c f i ConEmuPlugin995.obj
 0001:0000554c       ??_ECPluginW995@@UAEPAXI@Z 1000654c f i ConEmuPlugin995.obj
 0001:000058a1       ?CheckPanelExist@CPluginW995@@UAE_NXZ 100068a1 f   ConEmuPlugin995.obj
 0001:000058c4       ?ExecuteSynchroApi@CPluginW995@@UAE_NXZ 100068c4 f   ConEmuPlugin995.obj
 0001:000058e3       ?ExitFar@CPluginW995@@UAEXXZ 100068e3 f   ConEmuPlugin995.obj
 0001:0000595f       ?GetActiveWindowType@CPluginW995@@UAEHXZ 1000695f f   ConEmuPlugin995.obj
 0001:000059ff       ?GetEditorModifiedState@CPluginW995@@UAEKXZ 100069ff f   ConEmuPlugin995.obj
 0001:00005a37       ?GetFarRect@CPluginW995@@UAE_NAAU_SMALL_RECT@@@Z 10006a37 f   ConEmuPlugin995.obj
 0001:00005a7a       ?GetMacroArea@CPluginW995@@UAEHXZ 10006a7a f   ConEmuPlugin995.obj
 0001:00005ab2       ?GetMsg@CPluginW995@@UAEPB_WHPA_WI@Z 10006ab2 f   ConEmuPlugin995.obj
 0001:00005af6       ?GetPanelDir@CPluginW995@@UAEPA_WKPA_WH@Z 10006af6 f   ConEmuPlugin995.obj
 0001:00005bdb       ?GetPanelInfo@CPluginW995@@UAE_NKPAUCEPanelInfo@@@Z 10006bdb f   ConEmuPlugin995.obj
 0001:00005dc5       ?GetPanelItemInfo@CPluginW995@@UAE_NABUCEPanelInfo@@_NHAAU_WIN32_FIND_DATAW@@PAPA_W@Z 10006dc5 f   ConEmuPlugin995.obj
 0001:00005f33       ?GetPluginInfoPtr@CPluginW995@@UAEXPAX@Z 10006f33 f   ConEmuPlugin995.obj
 0001:00005f8c       ?GetWindowCount@CPluginW995@@UAEHXZ 10006f8c f   ConEmuPlugin995.obj
 0001:00005fa9       ?GuiMacroDlg@CPluginW995@@UAEXXZ 10006fa9 f   ConEmuPlugin995.obj
 0001:00005fae       ?InputBox@CPluginW995@@UAE_NPB_W000AAPA_W@Z 10006fae f   ConEmuPlugin995.obj
 0001:0000602c       ?IsMacroActive@CPluginW995@@UAE_NXZ 1000702c f   ConEmuPlugin995.obj
 0001:0000607b       ?LoadFarColors@CPluginW995@@UAEXAAY0BAA@E@Z 1000707b f   ConEmuPlugin995.obj
 0001:00006132       ?LoadFarSettings@CPluginW995@@UAEXPAUCEFarInterfaceSettings@@PAUCEFarPanelSettings@@@Z 10007132 f   ConEmuPlugin995.obj
 0001:00006169       ?Open@CPluginW995@@UAEPAXPBX@Z 10007169 f i ConEmuPlugin995.obj
 0001:00006169       ?Open@CPluginAnsi@@UAEPAXPBX@Z 10007169 f i ConEmuPluginA.obj
 0001:00006172       ?OpenEditor@CPluginW995@@UAE_NPB_W_N11HH@Z 10007172 f   ConEmuPlugin995.obj
 0001:0000620b       ?PanelControlApi@CPluginW995@@UAEHPAXHH0@Z 1000720b f   ConEmuPlugin995.obj
 0001:00006228       ?PostMacroApi@CPluginW995@@UAEXPB_WPAU_INPUT_RECORD@@_N@Z 10007228 f   ConEmuPlugin995.obj
 0001:000062ca       ?ProcessViewerEventPtr@CPluginAnsi@@UAEHPAX@Z 100072ca f i ConEmuPluginA.obj
 0001:000062ca       ?ProcessEditorEventPtr@CPluginAnsi@@UAEHPAX@Z 100072ca f i ConEmuPluginA.obj
 0001:000062ca       ?ProcessEditorInputPtr@CPluginAnsi@@UAEHPBX@Z 100072ca f i ConEmuPluginA.obj
 0001:000062ca       ?ProcessEditorEventPtr@CPluginW995@@UAEHPAX@Z 100072ca f i ConEmuPlugin995.obj
 0001:000062ca       ?ProcessViewerEventPtr@CPluginW995@@UAEHPAX@Z 100072ca f i ConEmuPlugin995.obj
 0001:000062ca       ?ProcessSynchroEventPtr@CPluginAnsi@@UAEHPAX@Z 100072ca f i ConEmuPluginA.obj
 0001:000062ca       ?ProcessSynchroEventPtr@CPluginW995@@UAEHPAX@Z 100072ca f i ConEmuPlugin995.obj
 0001:000062cf       ?ProcessEditorInputPtr@CPluginW995@@UAEHPBX@Z 100072cf f   ConEmuPlugin995.obj
 0001:000062e9       ?RedrawAll@CPluginW995@@UAEXXZ 100072e9 f   ConEmuPlugin995.obj
 0001:00006306       ?SetStartupInfoPtr@CPluginW995@@UAEXPAX@Z 10007306 f   ConEmuPlugin995.obj
 0001:00006406       ?SetWindow@CPluginW995@@UAEXH@Z 10007406 f   ConEmuPlugin995.obj
 0001:0000643a       ?ShowMessage@CPluginW995@@UAEHPB_WH_N@Z 1000743a f   ConEmuPlugin995.obj
 0001:00006483       ?ShowPluginMenu@CPluginW995@@UAEHPAUConEmuPluginMenuItem@@HH@Z 10007483 f   ConEmuPlugin995.obj
 0001:0000657f       ?ShowUserScreen@CPluginW995@@UAEX_N@Z 1000757f f   ConEmuPlugin995.obj
 0001:000065a4       ?StopWaitEndSynchro@CPluginW995@@UAEXXZ 100075a4 f   ConEmuPlugin995.obj
 0001:000065bd       ?UpdateConEmuTabsApi@CPluginW995@@UAE_NH@Z 100075bd f   ConEmuPlugin995.obj
 0001:00006804       ?WaitEndSynchro@CPluginW995@@UAEXXZ 10007804 f   ConEmuPlugin995.obj
 0001:00006916       ??0CPluginAnsi@@QAE@XZ     10007916 f   ConEmuPluginA.obj
 0001:00006a6a       ??_ECPluginAnsi@@UAEPAXI@Z 10007a6a f i ConEmuPluginA.obj
 0001:00006a6a       ??_GCPluginAnsi@@UAEPAXI@Z 10007a6a f i ConEmuPluginA.obj
 0001:00006f01       ?CheckPanelExist@CPluginAnsi@@UAE_NXZ 10007f01 f   ConEmuPluginA.obj
 0001:00006f25       ?ExecuteSynchroApi@CPluginAnsi@@UAE_NXZ 10007f25 f i ConEmuPluginA.obj
 0001:00006f28       ?ExitFar@CPluginAnsi@@UAEXXZ 10007f28 f   ConEmuPluginA.obj
 0001:00006f74       ?GetActiveWindowType@CPluginAnsi@@UAEHXZ 10007f74 f   ConEmuPluginA.obj
 0001:00006fe5       ?GetEditorModifiedState@CPluginAnsi@@UAEKXZ 10007fe5 f   ConEmuPluginA.obj
 0001:00007020       ?GetFarRect@CPluginAnsi@@UAE_NAAU_SMALL_RECT@@@Z 10008020 f i ConEmuPluginA.obj
 0001:00007025       ?GetMacroArea@CPluginAnsi@@UAEHXZ 10008025 f   ConEmuPluginA.obj
 0001:00007025       __get_startup_argv_mode    10008025 f   LIBCMT:argv_mode.obj
 0001:00007029       ?GetMsg@CPluginAnsi@@UAEPB_WHPA_WI@Z 10008029 f   ConEmuPluginA.obj
 0001:00007099       ?GetPanelDir@CPluginAnsi@@UAEPA_WKPA_WH@Z 10008099 f   ConEmuPluginA.obj
 0001:0000715b       ?GetPanelInfo@CPluginAnsi@@UAE_NKPAUCEPanelInfo@@@Z 1000815b f   ConEmuPluginA.obj
 0001:0000732b       ?GetPanelItemInfo@CPluginAnsi@@UAE_NABUCEPanelInfo@@_NHAAU_WIN32_FIND_DATAW@@PAPA_W@Z 1000832b f   ConEmuPluginA.obj
 0001:00007427       ?GetPluginInfoPtr@CPluginAnsi@@UAEXPAX@Z 10008427 f   ConEmuPluginA.obj
 0001:00007494       ?GetWindowCount@CPluginAnsi@@UAEHXZ 10008494 f   ConEmuPluginA.obj
 0001:000074b7       ?GuiMacroDlg@CPluginAnsi@@UAEXXZ 100084b7 f   ConEmuPluginA.obj
 0001:000074bc       ?InputBox@CPluginAnsi@@UAE_NPB_W000AAPA_W@Z 100084bc f   ConEmuPluginA.obj
 0001:000075e7       ?IsMacroActive@CPluginAnsi@@UAE_NXZ 100085e7 f   ConEmuPluginA.obj
 0001:0000763c       ?LoadFarColors@CPluginAnsi@@UAEXAAY0BAA@E@Z 1000863c f   ConEmuPluginA.obj
 0001:000076f9       ?LoadFarSettings@CPluginAnsi@@UAEXPAUCEFarInterfaceSettings@@PAUCEFarPanelSettings@@@Z 100086f9 f   ConEmuPluginA.obj
 0001:0000773c       ?OpenEditor@CPluginAnsi@@UAE_NPB_W_N11HH@Z 1000873c f   ConEmuPluginA.obj
 0001:0000781a       ?PanelControlApi@CPluginAnsi@@UAEHPAXHH0@Z 1000881a f   ConEmuPluginA.obj
 0001:00007844       ?PostMacroApi@CPluginAnsi@@UAEXPB_WPAU_INPUT_RECORD@@_N@Z 10008844 f   ConEmuPluginA.obj
 0001:000078f4       ?RedrawAll@CPluginAnsi@@UAEXXZ 100088f4 f   ConEmuPluginA.obj
 0001:00007917       ?SetStartupInfoPtr@CPluginAnsi@@UAEXPAX@Z 10008917 f   ConEmuPluginA.obj
 0001:00007a22       ?SetWindow@CPluginAnsi@@UAEXH@Z 10008a22 f   ConEmuPluginA.obj
 0001:00007a62       ?ShowMessage@CPluginAnsi@@UAEHPB_WH_N@Z 10008a62 f   ConEmuPluginA.obj
 0001:00007b0a       ?ShowPluginMenu@CPluginAnsi@@UAEHPAUConEmuPluginMenuItem@@HH@Z 10008b0a f   ConEmuPluginA.obj
 0001:00007c47       ?ShowUserScreen@CPluginAnsi@@UAEX_N@Z 10008c47 f   ConEmuPluginA.obj
 0001:00007c6d       ?UpdateConEmuTabsApi@CPluginAnsi@@UAE_NH@Z 10008c6d f   ConEmuPluginA.obj
 0001:00007ed8       ??$swprintf_c@$0BAE@@@YAHAAY0BAE@_WPB_WZZ 10008ed8 f i ConEmuPluginBase.obj
 0001:00007ef1       ??$swprintf_c@$0DAM@@@YAHAAY0DAM@_WPB_WZZ 10008ef1 f i ConEmuPluginBase.obj
 0001:00007f0a       ??$swprintf_c@$0EAA@@@YAHAAY0EAA@_WPB_WZZ 10008f0a f i ConEmuPluginBase.obj
 0001:00007f23       ??$swprintf_c@$0MI@@@YAHAAY0MI@_WPB_WZZ 10008f23 f i ConEmuPluginBase.obj
 0001:00007f3c       ??0?$MFileMapping@UCESERVER_CONSOLE_MAPPING_HDR@@@@QAE@XZ 10008f3c f i ConEmuPluginBase.obj
 0001:00007f3c       ??0?$MFileMapping@UConEmuGuiMapping@@@@QAE@XZ 10008f3c f i common-kernel32:ConEmuCheck.obj
 0001:00007f3c       ??0?$MFileMapping@UPanelViewSetMapping@@@@QAE@XZ 10008f3c f i PluginBackground.obj
 0001:00007f60       ??0CPluginBase@@QAE@XZ     10008f60 f   ConEmuPluginBase.obj
 0001:0000807e       ??0MWow64Disable@@QAE@XZ   1000907e f i ConEmuPluginBase.obj
 0001:000080c3       ??1?$MFileMapping@UPanelViewSetMapping@@@@QAE@XZ 100090c3 f i PluginBackground.obj
 0001:000080c3       ??1?$MFileMapping@UCESERVER_CONSOLE_MAPPING_HDR@@@@QAE@XZ 100090c3 f i ConEmuPluginBase.obj
 0001:000080c3       ??1?$MFileMapping@UConEmuGuiMapping@@@@QAE@XZ 100090c3 f i common-user32:ConEmuCheckEx.obj
 0001:000080cd       ??1CPluginBase@@UAE@XZ     100090cd f   ConEmuPluginBase.obj
 0001:000080d4       ??1MWow64Disable@@QAE@XZ   100090d4 f i ConEmuPluginBase.obj
 0001:00008108       ??_G?$MFileMapping@UCESERVER_CONSOLE_MAPPING_HDR@@@@QAEPAXI@Z 10009108 f i ConEmuPluginBase.obj
 0001:00008132       ??_GCPluginBase@@UAEPAXI@Z 10009132 f i ConEmuPluginBase.obj
 0001:00008132       ??_ECPluginBase@@UAEPAXI@Z 10009132 f i ConEmuPluginBase.obj
 0001:00008158       ?ActivatePlugin@CPluginBase@@QAE_NKPAXK@Z 10009158 f   ConEmuPluginBase.obj
 0001:000082ed       ?AddTab@CPluginBase@@QAE_NAAHH_N1HPB_W2HHHH@Z 100092ed f   ConEmuPluginBase.obj
 0001:000085ce       ?AddTabFinish@CPluginBase@@QAEXH@Z 100095ce f   ConEmuPluginBase.obj
 0001:000085e0       ?Attach2Gui@CPluginBase@@QAE_N_N@Z 100095e0 f   ConEmuPluginBase.obj
 0001:00008970       ?BackgroundMacroError@CPluginBase@@SGKPAX@Z 10009970 f   ConEmuPluginBase.obj
 0001:000089a3       ?CheckBufferEnabled@CPluginBase@@QAE_NXZ 100099a3 f   ConEmuPluginBase.obj
 0001:000089fc       ?CheckConEmuDetached@CPluginBase@@SAXXZ 100099fc f   ConEmuPluginBase.obj
 0001:00008a97       ?CheckResources@CPluginBase@@QAEX_N@Z 10009a97 f   ConEmuPluginBase.obj
 0001:00008c37       ?CloseMap@?$MFileMapping@UPanelViewSetMapping@@@@QAEXXZ 10009c37 f i PluginBackground.obj
 0001:00008c37       ?CloseMap@?$MFileMapping@UCESERVER_CONSOLE_MAPPING_HDR@@@@QAEXXZ 10009c37 f i ConEmuPluginBase.obj
 0001:00008c37       ?CloseMap@?$MFileMapping@UConEmuGuiMapping@@@@QAEXXZ 10009c37 f i common-kernel32:ConEmuCheck.obj
 0001:00008c68       ?CloseMapHeader@CPluginBase@@SAXXZ 10009c68 f   ConEmuPluginBase.obj
 0001:00008c7f       ?ClosePtr@?$MFileMapping@UConEmuGuiMapping@@@@QAEXXZ 10009c7f f i common-kernel32:ConEmuCheck.obj
 0001:00008c7f       ?ClosePtr@?$MFileMapping@UCESERVER_CONSOLE_MAPPING_HDR@@@@QAEXXZ 10009c7f f i ConEmuPluginBase.obj
 0001:00008c7f       ?ClosePtr@?$MFileMapping@UPanelViewSetMapping@@@@QAEXXZ 10009c7f f i PluginBackground.obj
 0001:00008c97       ?CloseTabs@CPluginBase@@SAXXZ 10009c97 f   ConEmuPluginBase.obj
 0001:00008d1f       ?CommonPluginStartup@CPluginBase@@QAEXXZ 10009d1f f   ConEmuPluginBase.obj
 0001:00008e0b       ?CreateTabs@CPluginBase@@SA_NH@Z 10009e0b f   ConEmuPluginBase.obj
 0001:00008ecc       ?Disable@MWow64Disable@@QAEXXZ 10009ecc f i ConEmuPluginBase.obj
 0001:00008ee7       ?DllCheckUnique@CPluginBase@@KA_N_N@Z 10009ee7 f   ConEmuPluginBase.obj
 0001:000090ac       ?DllMain_ProcessAttach@CPluginBase@@KAXPAUHINSTANCE__@@@Z 1000a0ac f   ConEmuPluginBase.obj
 0001:000091a0       ?DllMain_ProcessDetach@CPluginBase@@KAXXZ 1000a1a0 f   ConEmuPluginBase.obj
 0001:00009271       ?EditViewConsoleOutput@CPluginBase@@QAEX_N@Z 1000a271 f   ConEmuPluginBase.obj
 0001:00009306       ?EmergencyShow@CPluginBase@@KAXXZ 1000a306 f   ConEmuPluginBase.obj
 0001:00009351       ?ExecuteSynchro@CPluginBase@@QAEXXZ 1000a351 f   ConEmuPluginBase.obj
 0001:000093c7       ?ExitFarCommon@CPluginBase@@QAEX_N@Z 1000a3c7 f   ConEmuPluginBase.obj
 0001:000093ea       ?FarSetConsoleSize@CPluginBase@@SA_NFF@Z 1000a3ea f   ConEmuPluginBase.obj
 0001:000094ce       ?FillLoadedParm@CPluginBase@@SAXPAUConEmuLoadedArg@@PAUHINSTANCE__@@H@Z 1000a4ce f   ConEmuPluginBase.obj
 0001:0000955c       ?FillUpdateBackground@CPluginBase@@QAEXPAUPaintBackgroundArg@@@Z 1000a55c f   ConEmuPluginBase.obj
 0001:0000969d       ?FindServerCmd@CPluginBase@@QAE_NKAAK_N@Z 1000a69d f   ConEmuPluginBase.obj
 0001:00009783       ?GetMainThreadId@CPluginBase@@SAKXZ 1000a783 f   ConEmuPluginBase.obj
 0001:0000980e       ?GetPanelInfo@CPluginBase@@QAE_NKPAUBkPanelInfo@@@Z 1000a80e f   ConEmuPluginBase.obj
 0001:0000988e       ?InitHWND@CPluginBase@@SAXXZ 1000a88e f   ConEmuPluginBase.obj
 0001:00009aac       ?InitName@?$MFileMapping@UCESERVER_CONSOLE_MAPPING_HDR@@@@QAEPB_WPB_WKK@Z 1000aaac f i ConEmuPluginBase.obj
 0001:00009aac       ?InitName@?$MFileMapping@UConEmuGuiMapping@@@@QAEPB_WPB_WKK@Z 1000aaac f i common-kernel32:ConEmuCheck.obj
 0001:00009aac       ?InitName@?$MFileMapping@UPanelViewSetMapping@@@@QAEPB_WPB_WKK@Z 1000aaac f i PluginBackground.obj
 0001:00009add       ?InitResources@CPluginBase@@QAEXXZ 1000aadd f   ConEmuPluginBase.obj
 0001:00009cb0       ?InitRootRegKey@CPluginBase@@IAEXXZ 1000acb0 f   ConEmuPluginBase.obj
 0001:00009d75       ?InternalOpenCreate@?$MFileMapping@UCESERVER_CONSOLE_MAPPING_HDR@@@@IAEPAUCESERVER_CONSOLE_MAPPING_HDR@@HHH@Z 1000ad75 f i ConEmuPluginBase.obj
 0001:00009e8f       ?IsCurrentTabModal@CPluginBase@@QAE_NXZ 1000ae8f f   ConEmuPluginBase.obj
 0001:00009f18       ?IsFarLua@FarVersion@@QBE_NXZ 1000af18 f i ConEmuPluginBase.obj
 0001:0000a046       ?LoadFarVersion@CPluginBase@@SA_NXZ 1000b046 f   ConEmuPluginBase.obj
 0001:0000a29e       ?LoadPanelTabsFromRegistry@CPluginBase@@IAEXXZ 1000b29e f   ConEmuPluginBase.obj
 0001:0000a380       ?MonitorThreadProcW@CPluginBase@@SGKPAX@Z 1000b380 f   ConEmuPluginBase.obj
 0001:0000a74e       ?NotifyConEmuUnloaded@CPluginBase@@SAXXZ 1000b74e f   ConEmuPluginBase.obj
 0001:0000a849       ?OnConsoleDetaching@CPluginBase@@SGHPAUHookCallbackArg@@@Z 1000b849 f   ConEmuPluginBase.obj
 0001:0000a94b       ?OnConsolePeekInput@CPluginBase@@SGHPAUHookCallbackArg@@@Z 1000b94b f   ConEmuPluginBase.obj
 0001:0000a9aa       ?OnConsolePeekInputPost@CPluginBase@@SGHPAUHookCallbackArg@@@Z 1000b9aa f   ConEmuPluginBase.obj
 0001:0000a9da       ?OnConsolePeekReadInput@CPluginBase@@SAX_N@Z 1000b9da f   ConEmuPluginBase.obj
 0001:0000ab92       ?OnConsoleReadInput@CPluginBase@@SGHPAUHookCallbackArg@@@Z 1000bb92 f   ConEmuPluginBase.obj
 0001:0000aba2       ?OnConsoleReadInputPost@CPluginBase@@SGHPAUHookCallbackArg@@@Z 1000bba2 f   ConEmuPluginBase.obj
 0001:0000ad24       ?OnConsoleReadInputWork@CPluginBase@@SAHPAUHookCallbackArg@@@Z 1000bd24 f   ConEmuPluginBase.obj
 0001:0000ad8e       ?OnConsoleWasAttached@CPluginBase@@SGHPAUHookCallbackArg@@@Z 1000bd8e f   ConEmuPluginBase.obj
 0001:0000ade4       ?OnCurDirChanged@CPluginBase@@SGXXZ 1000bde4 f   ConEmuPluginBase.obj
 0001:0000ae3b       ?OnGetNumberOfConsoleInputEventsPost@CPluginBase@@SGHPAUHookCallbackArg@@@Z 1000be3b f   ConEmuPluginBase.obj
 0001:0000ae6f       ?OnLibraryLoaded@CPluginBase@@SGXPAUHINSTANCE__@@@Z 1000be6f f   ConEmuPluginBase.obj
 0001:0000aedf       ?OnMainThreadActivated@CPluginBase@@QAEXXZ 1000bedf f   ConEmuPluginBase.obj
 0001:0000b049       ?OnPanelViewCallbacks@CPluginBase@@SA_NPAUHookCallbackArg@@P6GHPAXPAU_INPUT_RECORD@@KPAKPAH@Z5@Z 1000c049 f   ConEmuPluginBase.obj
 0001:0000b0ea       ?OnPostWriteConsoleOutput@CPluginBase@@SGHPAUHookCallbackArg@@@Z 1000c0ea f   ConEmuPluginBase.obj
 0001:0000b0f5       ?OnShellExecuteExW_Except@CPluginBase@@SGHPAUHookCallbackArg@@@Z 1000c0f5 f   ConEmuPluginBase.obj
 0001:0000b12a       ?OnWriteConsoleOutput@CPluginBase@@SGHPAUHookCallbackArg@@@Z 1000c12a f   ConEmuPluginBase.obj
 0001:0000b1b7       ?OpenMapHeader@CPluginBase@@SAHXZ 1000c1b7 f   ConEmuPluginBase.obj
 0001:0000b273       ?OpenPluginCommon@CPluginBase@@QAEPAXHH_N@Z 1000c273 f   ConEmuPluginBase.obj
 0001:0000b4f9       ?OutDataAlloc@CPluginBase@@SA_NK@Z 1000c4f9 f   ConEmuPluginBase.obj
 0001:0000b553       ?OutDataRealloc@CPluginBase@@SA_NK@Z 1000c553 f   ConEmuPluginBase.obj
 0001:0000b603       ?OutDataWrite@CPluginBase@@SA_NPAXK@Z 1000c603 f   ConEmuPluginBase.obj
 0001:0000b682       ?PanelControl@CPluginBase@@QAEHPAXHH0@Z 1000c682 f   ConEmuPluginBase.obj
 0001:0000b6e9       ?Plugin@@YAPAVCPluginBase@@XZ 1000c6e9 f   ConEmuPluginBase.obj
 0001:0000b7bf       ?PostMacro@CPluginBase@@QAEXPB_WPAU_INPUT_RECORD@@_N@Z 1000c7bf f   ConEmuPluginBase.obj
 0001:0000b800       ?PrintText@CPluginBase@@QAE_NPB_W@Z 1000c800 f   ConEmuPluginBase.obj
 0001:0000b8fc       ?ProcessCommand@CPluginBase@@QAE_NKHPAXPAPAUCESERVER_REQ@@_N@Z 1000c8fc f   ConEmuPluginBase.obj
 0001:0000bd2c       ?ProcessCommandLine@CPluginBase@@QAE_NPA_W@Z 1000cd2c f   ConEmuPluginBase.obj
 0001:0000bd65       ?ProcessDragFrom@CPluginBase@@QAEXXZ 1000cd65 f   ConEmuPluginBase.obj
 0001:0000c308       ?ProcessDragTo@CPluginBase@@QAEXXZ 1000d308 f   ConEmuPluginBase.obj
 0001:0000c664       ?ProcessEditorInputInternal@CPluginBase@@QAEXABU_INPUT_RECORD@@@Z 1000d664 f   ConEmuPluginBase.obj
 0001:0000c696       ?ProcessEditorViewerEvent@CPluginBase@@QAEHHH@Z 1000d696 f   ConEmuPluginBase.obj
 0001:0000c733       ?ProcessSetWindowCommand@CPluginBase@@QAEXXZ 1000d733 f   ConEmuPluginBase.obj
 0001:0000c7fa       ?ProcessSynchroEvent@CPluginBase@@QAEHHPAX@Z 1000d7fa f   ConEmuPluginBase.obj
 0001:0000c86c       ?ReloadFarInfo@CPluginBase@@QAE_N_N@Z 1000d86c f   ConEmuPluginBase.obj
 0001:0000ca90       ?ReloadFarInfoApi@CPluginBase@@IAE_NXZ 1000da90 f   ConEmuPluginBase.obj
 0001:0000cc1d       ?Restore@MWow64Disable@@QAEXXZ 1000dc1d f i ConEmuPluginBase.obj
 0001:0000cc34       ?RunExternalProgram@CPluginBase@@QAE_NPA_W@Z 1000dc34 f   ConEmuPluginBase.obj
 0001:0000cd4e       ?RunExternalProgramW@CPluginBase@@SA_NPA_W0_N@Z 1000dd4e f   ConEmuPluginBase.obj
 0001:0000cf21       ?SendTabs@CPluginBase@@SAXH_N@Z 1000df21 f   ConEmuPluginBase.obj
 0001:0000d0ac       ?SetRootRegKey@CPluginBase@@IAEXPA_W@Z 1000e0ac f   ConEmuPluginBase.obj
 0001:0000d146       ?ShowConsoleInfo@CPluginBase@@QAEXXZ 1000e146 f   ConEmuPluginBase.obj
 0001:0000d2b7       ?ShowMessage@CPluginBase@@QAEHHH@Z 1000e2b7 f   ConEmuPluginBase.obj
 0001:0000d31b       ?ShowMessageBox@CPluginBase@@KAHPB_WI@Z 1000e31b f   ConEmuPluginBase.obj
 0001:0000d3af       ?ShowMessageGui@CPluginBase@@QAEHHH@Z 1000e3af f   ConEmuPluginBase.obj
 0001:0000d417       ?ShowPanelsList@CPluginBase@@QAEXXZ 1000e417 f   ConEmuPluginBase.obj
 0001:0000d532       ?ShowPluginMenu@CPluginBase@@QAEXW4PluginCallCommands@@@Z 1000e532 f   ConEmuPluginBase.obj
 0001:0000d6e7       ?ShowProtocolWarning@CPluginBase@@KAXXZ 1000e6e7 f   ConEmuPluginBase.obj
 0001:0000d827       ?ShowTabsList@CPluginBase@@QAEXXZ 1000e827 f   ConEmuPluginBase.obj
 0001:0000da63       ?StartDebugger@CPluginBase@@QAE_NXZ 1000ea63 f   ConEmuPluginBase.obj
 0001:0000dcd1       ?StopThread@CPluginBase@@QAEX_N@Z 1000ecd1 f   ConEmuPluginBase.obj
 0001:0000deac       ?StorePanelDirs@CPluginBase@@QAE_NPB_W0@Z 1000eeac f   ConEmuPluginBase.obj
 0001:0000dfc8       ?StringCchCatW@@YGJPA_WIPB_W@Z 1000efc8 f i ConEmuPluginBase.obj
 0001:0000e006       ?StringCchCopyW@@YGJPA_WIPB_W@Z 1000f006 f i ConEmuPluginBase.obj
 0001:0000e11c       ?SwitchTabCommand@CPluginBase@@QAEXW4PluginMenuCommands@@@Z 1000f11c f   ConEmuPluginBase.obj
 0001:0000e194       ?ToOem@CPluginBase@@SAPADPB_W@Z 1000f194 f   ConEmuPluginBase.obj
 0001:0000e1dd       ?ToOem@CPluginBase@@SAXPB_WPADH@Z 1000f1dd f   ConEmuPluginBase.obj
 0001:0000e204       ?ToUnicode@CPluginBase@@SAPA_WPBD@Z 1000f204 f   ConEmuPluginBase.obj
 0001:0000e266       ?TouchReadPeekConsoleInputs@CPluginBase@@SAXH@Z 1000f266 f   ConEmuPluginBase.obj
 0001:0000e29e       ?UngetDummyMouseEvent@CPluginBase@@SA_N_NPAUHookCallbackArg@@@Z 1000f29e f   ConEmuPluginBase.obj
 0001:0000e417       ?UpdateConEmuTabs@CPluginBase@@QAE_N_N@Z 1000f417 f   ConEmuPluginBase.obj
 0001:0000e60f       ?UpdatePanelDirs@CPluginBase@@QAEXXZ 1000f60f f   ConEmuPluginBase.obj
 0001:0000e777       ?WaitPluginActivation@CPluginBase@@SAKKPAPAXHK@Z 1000f777 f   ConEmuPluginBase.obj
 0001:0000e85e       ?cmd_CloseQSearch@CPluginBase@@QAEXXZ 1000f85e f   ConEmuPluginBase.obj
 0001:0000e888       ?cmd_ConSetFont@CPluginBase@@QAEXPAX@Z 1000f888 f   ConEmuPluginBase.obj
 0001:0000e8ba       ?cmd_EMenu@CPluginBase@@QAEXPAX@Z 1000f8ba f   ConEmuPluginBase.obj
 0001:0000e955       ?cmd_ExternalCallback@CPluginBase@@QAE_NPAX@Z 1000f955 f   ConEmuPluginBase.obj
 0001:0000e998       ?cmd_GuiChanged@CPluginBase@@QAEXPAX@Z 1000f998 f   ConEmuPluginBase.obj
 0001:0000ea0f       ?cmd_LeftClickSync@CPluginBase@@QAEXPAX@Z 1000fa0f f   ConEmuPluginBase.obj
 0001:0000eadc       ?cmd_OpenEditorLine@CPluginBase@@QAE_NPAUCESERVER_REQ_FAREDITOR@@@Z 1000fadc f   ConEmuPluginBase.obj
 0001:0000eb6f       ?cmd_RedrawFarCall@CPluginBase@@QAE_NAAPAUCESERVER_REQ@@PAPAU2@@Z 1000fb6f f   ConEmuPluginBase.obj
 0001:0000ec03       ?cmd_SetWindow@CPluginBase@@QAE_NPAX_N@Z 1000fc03 f   ConEmuPluginBase.obj
 0001:0000ec73       ?isEditorViewer@CPluginBase@@QAE_NXZ 1000fc73 f   ConEmuPluginBase.obj
 0001:0000ec91       ?isMacroActive@CPluginBase@@QAE_NAAH@Z 1000fc91 f   ConEmuPluginBase.obj
 0001:0000ecc9       ?isModalEditorViewer@CPluginBase@@QAE_NXZ 1000fcc9 f   ConEmuPluginBase.obj
 0001:0000ecf0       ?pcc_Disabled@CPluginBase@@SA_NW4PluginMenuCommands@@@Z 1000fcf0 f   ConEmuPluginBase.obj
 0001:0000ed5d       ?pcc_Selected@CPluginBase@@SA_NW4PluginMenuCommands@@@Z 1000fd5d f   ConEmuPluginBase.obj
 0001:0000edb0       _wmemcmp                   1000fdb0 f i ConEmuPluginBase.obj
 0001:0000ede6       ??0CPluginBackground@@QAE@XZ 1000fde6 f   PluginBackground.obj
 0001:0000efae       ??1CPluginBackground@@QAE@XZ 1000ffae f   PluginBackground.obj
 0001:0000f16c       ?CheckPanelFolders@CPluginBackground@@IAEXH@Z 1001016c f   PluginBackground.obj
 0001:0000f219       ?InternalOpenCreate@?$MFileMapping@UPanelViewSetMapping@@@@IAEPAUPanelViewSetMapping@@HHH@Z 10010219 f i PluginBackground.obj
 0001:0000f333       ?IsParmChanged@CPluginBackground@@IAE_NPAUPaintBackgroundArg@@0@Z 10010333 f   PluginBackground.obj
 0001:0000f554       ?LoadThSet@CPluginBackground@@IAEHH@Z 10010554 f   PluginBackground.obj
 0001:0000f6cd       ?MonitorBackground@CPluginBackground@@QAEXXZ 100106cd f   PluginBackground.obj
 0001:0000f725       ?OnMainThreadActivated@CPluginBackground@@QAEXHH@Z 10010725 f   PluginBackground.obj
 0001:0000f7df       ?ReallocItems@CPluginBackground@@IAEXH@Z 100107df f   PluginBackground.obj
 0001:0000f840       ?RegisterSubplugin@CPluginBackground@@QAEHPAURegisterBackgroundArg@@@Z 10010840 f   PluginBackground.obj
 0001:0000fa4e       ?SetDcPanelRect@CPluginBackground@@IAEXPAUtagRECT@@PAUBkPanelInfo@@PAUPaintBackgroundArg@@@Z 10010a4e f   PluginBackground.obj
 0001:0000fb29       ?SetForceThLoad@CPluginBackground@@QAEXXZ 10010b29 f   PluginBackground.obj
 0001:0000fb3c       ?SetForceUpdate@CPluginBackground@@QAEX_N@Z 10010b3c f   PluginBackground.obj
 0001:0000fb5e       ?UpdateBackground@CPluginBackground@@IAEXXZ 10010b5e f   PluginBackground.obj
 0001:000102b9       ?UpdateBackground_Exec@CPluginBackground@@KAXPAURegisterBackgroundArg@@PAUPaintBackgroundArg@@@Z 100112b9 f   PluginBackground.obj
 0001:000102e3       ??$swprintf_c@$09@@YAHAAY09_WPB_WZZ 100112e3 f i PluginSrv.obj
 0001:000102f9       ??$wcscpy_c@$0BAE@@@YAHAAY0BAE@_WPB_W@Z 100112f9 f i PluginSrv.obj
 0001:0001030e       ?AllocRequestBuf@PipeInst@?$PipeServer@UCESERVER_REQ@@@@QAEPAUCESERVER_REQ@@K@Z 1001130e f i PluginSrv.obj
 0001:00010361       ?DumpError@?$PipeServer@UCESERVER_REQ@@@@IAEXPAUPipeInst@1@PB_WH@Z 10011361 f i PluginSrv.obj
 0001:00010434       ?PipeServerRead@?$PipeServer@UCESERVER_REQ@@@@IAEHPAUPipeInst@1@@Z 10011434 f i PluginSrv.obj
 0001:00010697       ?PipeServerThread@?$PipeServer@UCESERVER_REQ@@@@IAEKPAUPipeInst@1@@Z 10011697 f i PluginSrv.obj
 0001:000108c4       ?PipeServerWrite@?$PipeServer@UCESERVER_REQ@@@@IAEHPAUPipeInst@1@PBXKPAKH@Z 100118c4 f i PluginSrv.obj
 0001:000109a0       ?PlugServerCommand@@YGHPAXPAUCESERVER_REQ@@AAPAU1@AAK3J@Z 100119a0 f   PluginSrv.obj
 0001:00010e69       ?PlugServerFree@@YGXPAUCESERVER_REQ@@J@Z 10011e69 f   PluginSrv.obj
 0001:00010e7a       ?PlugServerStart@@YA_NXZ   10011e7a f   PluginSrv.obj
 0001:00010f31       ?PlugServerStop@@YAX_N@Z   10011f31 f   PluginSrv.obj
 0001:00010f76       ?SetMaxCount@?$PipeServer@UCESERVER_REQ@@@@QAEXH@Z 10011f76 f i PluginSrv.obj
 0001:00010f9d       ?StartPipeInstance@?$PipeServer@UCESERVER_REQ@@@@IAE_NPAUPipeInst@1@@Z 10011f9d f i PluginSrv.obj
 0001:000110cc       ?StartPipeServer@?$PipeServer@UCESERVER_REQ@@@@QAE_N_NPB_WJPAU_SECURITY_ATTRIBUTES@@P6GHPAXPAUCESERVER_REQ@@AAPAU3@AAK6J@ZP6GX4J@ZP6GH3J@Z99@Z 100120cc f i PluginSrv.obj
 0001:00011209       ?StopPipeServer@?$PipeServer@UCESERVER_REQ@@@@QAEX_NAA_N@Z 10012209 f i PluginSrv.obj
 0001:000114fa       ?TerminatePipeThread@?$PipeServer@UCESERVER_REQ@@@@KAXAAPAXABUPipeInst@1@AA_N@Z 100124fa f i PluginSrv.obj
 0001:00011550       ?WaitForClient@?$PipeServer@UCESERVER_REQ@@@@IAE_NPAUPipeInst@1@AAH1@Z 10012550 f i PluginSrv.obj
 0001:000117e2       ?WaitOverlapped@?$PipeServer@UCESERVER_REQ@@@@IAEHPAUPipeInst@1@PAK@Z 100127e2 f i PluginSrv.obj
 0001:00011931       ?WriteDummyAnswer@?$PipeServer@UCESERVER_REQ@@@@IAEHPAUPipeInst@1@@Z 10012931 f i PluginSrv.obj
 0001:0001199f       ?_Disconnect@?$PipeServer@UCESERVER_REQ@@@@IAEXPAUPipeInst@1@_N11@Z 1001299f f i PluginSrv.obj
 0001:000119f3       ?_PipeServerThread@?$PipeServer@UCESERVER_REQ@@@@KGKPAX@Z 100129f3 f i PluginSrv.obj
 0001:00011a3a       ?cmd_FarSetChanged@@YAXPAUFAR_REQ_FARSETCHANGED@@@Z 10012a3a f   PluginSrv.obj
 0001:00011a88       _GetFileVersionInfoSizeW@8 10012a88 f   version:VERSION.dll
 0001:00011a8e       _GetFileVersionInfoW@16    10012a8e f   version:VERSION.dll
 0001:00011a94       _VerQueryValueW@16         10012a94 f   version:VERSION.dll
 0001:00011a9a       _CreateToolhelp32Snapshot@8 10012a9a f   kernel32:KERNEL32.dll
 0001:00011aa0       _Thread32First@8           10012aa0 f   kernel32:KERNEL32.dll
 0001:00011aa6       _Thread32Next@8            10012aa6 f   kernel32:KERNEL32.dll
 0001:00011aac       _Module32FirstW@8          10012aac f   kernel32:KERNEL32.dll
 0001:00011ab2       _Module32NextW@8           10012ab2 f   kernel32:KERNEL32.dll
 0001:00011ab8       ??2@YAPAXI@Z               10012ab8 f   common-kernel32:Memory.obj
 0001:00011ae5       ??3@YAXPAX@Z               10012ae5 f   common-kernel32:Memory.obj
 0001:00011aff       ??_U@YAPAXI@Z              10012aff f   common-kernel32:Memory.obj
 0001:00011b19       ??_V@YAXPAX@Z              10012b19 f   common-kernel32:Memory.obj
 0001:00011b33       ?HeapDeinitialize@@YAXXZ   10012b33 f   common-kernel32:Memory.obj
 0001:00011b89       ?HeapInitialize@@YA_NXZ    10012b89 f   common-kernel32:Memory.obj
 0001:00011bb7       ?xf_calloc@@YAPAXIIPBDH@Z  10012bb7 f   common-kernel32:Memory.obj
 0001:00011c28       ?xf_free@@YAXPAXPBDH@Z     10012c28 f   common-kernel32:Memory.obj
 0001:00011c7e       ?xf_malloc@@YAPAXIPBDH@Z   10012c7e f   common-kernel32:Memory.obj
 0001:00011ceb       ?xf_realloc@@YAPAXPAXIPBDH@Z 10012ceb f   common-kernel32:Memory.obj
 0001:00011d72       ?xf_set_tag@@YAXPAXPBDH_N@Z 10012d72 f   common-kernel32:Memory.obj
 0001:00011dee       ?ExecuteCmd@@YAPAUCESERVER_REQ@@PB_WPAU1@KPAUHWND__@@HKH@Z 10012dee f   common-kernel32:ConEmuCheck.obj
 0001:00011fcf       ?ExecuteFreeResult@@YAXAAPAUCESERVER_REQ@@@Z 10012fcf f   common-kernel32:ConEmuCheck.obj
 0001:00011ff6       ?ExecuteGuiCmd@@YAPAUCESERVER_REQ@@PAUHWND__@@PAU1@0H@Z 10012ff6 f   common-kernel32:ConEmuCheck.obj
 0001:00012077       ?ExecuteNewCmd@@YAPAUCESERVER_REQ@@KI@Z 10013077 f   common-kernel32:ConEmuCheck.obj
 0001:000120c0       ?ExecuteNewCmd@@YA_NAAPAUCESERVER_REQ@@AAKKI@Z 100130c0 f   common-kernel32:ConEmuCheck.obj
 0001:0001211e       ?ExecuteOpenPipe@@YAPAXPB_WAAY0CAI@_W0KKHPAXH@Z 1001311e f   common-kernel32:ConEmuCheck.obj
 0001:00012258       ?ExecutePrepareCmd@@YAXPAUCESERVER_REQ@@KI@Z 10013258 f   common-kernel32:ConEmuCheck.obj
 0001:0001228f       ?ExecutePrepareCmd@@YAXPAUCESERVER_REQ_HDR@@KI@Z 1001328f f   common-kernel32:ConEmuCheck.obj
 0001:000122f7       ?ExecuteSrvCmd@@YAPAUCESERVER_REQ@@KPAU1@PAUHWND__@@HKH@Z 100132f7 f   common-kernel32:ConEmuCheck.obj
 0001:0001238e       ?GetConEmuHWND@@YAPAUHWND__@@H@Z 1001338e f   common-kernel32:ConEmuCheck.obj
 0001:000124af       ?GuiMessageBox@@YAHPAUHWND__@@PB_W1H@Z 100134af f   common-kernel32:ConEmuCheck.obj
 0001:000125de       ?InternalOpenCreate@?$MFileMapping@UConEmuGuiMapping@@@@IAEPAUConEmuGuiMapping@@HHH@Z 100135de f i common-kernel32:ConEmuCheck.obj
 0001:000126f8       ?LoadSrvMapping@@YAHPAUHWND__@@AAUCESERVER_CONSOLE_MAPPING_HDR@@@Z 100136f8 f   common-kernel32:ConEmuCheck.obj
 0001:000127ac       ?ModuleName@@YAPB_WPB_W@Z  100137ac f   common-kernel32:ConEmuCheck.obj
 0001:00012842       ?StringCchCopyNW@@YGJPA_WIPB_WI@Z 10013842 f i common-kernel32:ConEmuCheck.obj
 0001:0001288e       ?isConsoleClass@@YA_NPB_W@Z 1001388e f   common-kernel32:ConEmuCheck.obj
 0001:000128c8       ?isConsoleWindow@@YA_NPAUHWND__@@@Z 100138c8 f   common-kernel32:ConEmuCheck.obj
 0001:0001298f       ?myGetConsoleWindow@@YAPAUHWND__@@XZ 1001398f f   common-kernel32:ConEmuCheck.obj
 0001:00012a01       ?StringCchVPrintfA@@YGJPADIPBD0@Z 10013a01 f i common-kernel32:MStrSafe.obj
 0001:00012a56       ?lstrcmpni@@YAHPB_W0H@Z    10013a56 f   common-kernel32:MStrSafe.obj
 0001:00012b4e       ?msprintf@@YAPB_WPA_WIPB_WZZ 10013b4e f   common-kernel32:MStrSafe.obj
 0001:00012f65       ?sprintf_c@@YAHPADHPBDZZ   10013f65 f   common-kernel32:MStrSafe.obj
 0001:00012f88       ?swprintf_c@@YAHPA_WHPB_WZZ 10013f88 f   common-kernel32:MStrSafe.obj
 0001:00012fab       __vsnprintf_l              10013fab f i common-kernel32:MStrSafe.obj
 0001:00012fdd       ?IsFilePath@@YA_NPB_W_N@Z  10013fdd f   common-kernel32:CmdLine.obj
 0001:00013151       ?PointToExt@@YAPB_WPB_W@Z  10014151 f   common-kernel32:CmdLine.obj
 0001:0001316f       ?PointToName@@YAPB_WPB_W@Z 1001416f f   common-kernel32:CmdLine.obj
 0001:000131b1       ?Unquote@@YAPB_WPA_W_N@Z   100141b1 f   common-kernel32:CmdLine.obj
 0001:000131fc       ??$sprintf_c@$0CI@@@YAHAAY0CI@DPBDZZ 100141fc f i common-kernel32:WThreads.obj
 0001:00013212       ?SetThreadName@@YAXKPAD@Z  10014212 f   common-kernel32:WThreads.obj
 0001:0001326b       ?apiCreateThread@@YAPAXP6GKPAX@Z0PAKPBDH@Z 1001426b f   common-kernel32:WThreads.obj
 0001:00013363       ?apiTerminateThreadEx@@YAHPAXKPBDH@Z 10014363 f   common-kernel32:WThreads.obj
 0001:00013437       ?apiThreadHelper@@YGKPAX@Z 10014437 f   common-kernel32:WThreads.obj
 0001:000135c3       ?lstrdup@@YAPA_WPB_WI@Z    100145c3 f   common-kernel32:MStrDup.obj
 0001:00013618       ?lstrmerge@@YAPA_WPB_W00000000@Z 10014618 f   common-kernel32:MStrDup.obj
 0001:0001371b       ?lstrmerge@@YA_NPAPA_WPB_W1111111@Z 1001471b f   common-kernel32:MStrDup.obj
 0001:00013770       ??0CEnvStrings@@QAE@PA_W@Z 10014770 f   common-kernel32:EnvVar.obj
 0001:000137b9       ??1CEnvStrings@@QAE@XZ     100147b9 f   common-kernel32:EnvVar.obj
 0001:000137ce       ?Clear@CEnvRestorer@@QAEXXZ 100147ce f   common-kernel32:EnvVar.obj
 0001:000137e5       ?ExpandEnvStr@@YAPA_WPB_W@Z 100147e5 f   common-kernel32:EnvVar.obj
 0001:0001386f       ?GetEnvVar@@YAPA_WPB_W@Z   1001486f f   common-kernel32:EnvVar.obj
 0001:000138fb       ?SavePathVar@CEnvRestorer@@QAEXPB_W@Z 100148fb f   common-kernel32:EnvVar.obj
 0001:00013927       ?CommonShutdown@@YAXXZ     10014927 f   common-kernel32:Common.obj
 0001:00013936       ?GetCommand@CESERVER_REQ_NEWCMD@@QAEPA_WXZ 10014936 f   common-kernel32:Common.obj
 0001:0001394f       ?GetEnvStrings@CESERVER_REQ_NEWCMD@@QAEPA_WXZ 1001494f f   common-kernel32:Common.obj
 0001:0001396c       ?IsEnvBlockVariableValid@@YA_NPB_W@Z 1001496c f   common-kernel32:Common.obj
 0001:00013998       ?IsEnvBlockVariableValid@@YA_NPB_WAAPB_W@Z 10014998 f   common-kernel32:Common.obj
 0001:000139ce       ?SetCommand@CESERVER_REQ_NEWCMD@@QAEXPB_W@Z 100149ce f   common-kernel32:Common.obj
 0001:00013a1a       ?SetEnvStrings@CESERVER_REQ_NEWCMD@@QAEXPB_WK@Z 10014a1a f   common-kernel32:Common.obj
 0001:00013ae6       ??0MNullDesc@@QAE@XZ       10014ae6 f i common-kernel32:MSecurity.obj
 0001:00013b08       ??1MNullDesc@@QAE@XZ       10014b08 f i common-kernel32:MSecurity.obj
 0001:00013b40       ?LoadAdvApi@MNullDesc@@IAEHXZ 10014b40 f i common-kernel32:MSecurity.obj
 0001:00013c8d       ?LocalSecurity@@YAPAU_SECURITY_ATTRIBUTES@@XZ 10014c8d f   common-kernel32:MSecurity.obj
 0001:00013cb9       ?LocalSecurity@MNullDesc@@QAEPAU_SECURITY_ATTRIBUTES@@XZ 10014cb9 f i common-kernel32:MSecurity.obj
 0001:00013dd6       ?ShutdownSecurity@@YAXXZ   10014dd6 f   common-kernel32:MSecurity.obj
 0001:00013dfb       ?UnloadAdvApi@MNullDesc@@IAEXXZ 10014dfb f i common-kernel32:MSecurity.obj
 0001:00013e13       ??0CEStr@@QAE@$$QAPA_W@Z   10014e13 f   common-kernel32:CEStr.obj
 0001:00013e2f       ??0CEStr@@QAE@PB_W00000000@Z 10014e2f f   common-kernel32:CEStr.obj
 0001:00013e74       ??0CEStr@@QAE@XZ           10014e74 f   common-kernel32:CEStr.obj
 0001:00013e7e       ??0bad_alloc@stdext@@QAE@ABV01@@Z 10014e7e f i common-kernel32:CEStr.obj
 0001:00013e9c       ??0bad_alloc@stdext@@QAE@XZ 10014e9c f i common-kernel32:CEStr.obj
 0001:00013eac       ??0exception@stdext@@QAE@ABV01@@Z 10014eac f i common-kernel32:CEStr.obj
 0001:00013ec4       ??1CEStr@@QAE@XZ           10014ec4 f   common-kernel32:CEStr.obj
 0001:00013ec9       ??1bad_alloc@stdext@@UAE@XZ 10014ec9 f i common-kernel32:CEStr.obj
 0001:00013ed0       ??4CEStr@@QAEAAU0@PB_W@Z   10014ed0 f   common-kernel32:CEStr.obj
 0001:00013eec       ??BCEStr@@QBEPB_WXZ        10014eec f   common-kernel32:CEStr.obj
 0001:00013eef       ??_Ebad_alloc@stdext@@UAEPAXI@Z 10014eef f i common-kernel32:CEStr.obj
 0001:00013eef       ??_Gexception@stdext@@UAEPAXI@Z 10014eef f i common-kernel32:CEStr.obj
 0001:00013eef       ??_Eexception@stdext@@UAEPAXI@Z 10014eef f i common-kernel32:CEStr.obj
 0001:00013eef       ??_Gbad_alloc@stdext@@UAEPAXI@Z 10014eef f i common-kernel32:CEStr.obj
 0001:00013f12       ?AttachInt@CEStr@@AAEPB_WAAPA_W@Z 10014f12 f   common-kernel32:CEStr.obj
 0001:00013f85       ?GetBuffer@CEStr@@QAEPA_WH@Z 10014f85 f   common-kernel32:CEStr.obj
 0001:0001401c       ?GetLen@CEStr@@QBEHXZ      1001501c f   common-kernel32:CEStr.obj
 0001:00014046       ?GetMaxCount@CEStr@@QAEHXZ 10015046 f   common-kernel32:CEStr.obj
 0001:00014062       ?Release@CEStr@@QAEXXZ     10015062 f   common-kernel32:CEStr.obj
 0001:00014083       ?Set@CEStr@@QAEPB_WPB_WH@Z 10015083 f   common-kernel32:CEStr.obj
 0001:0001414d       ?_Doraise@bad_alloc@stdext@@MBEXXZ 1001514d f i common-kernel32:CEStr.obj
 0001:0001415a       ?what@exception@stdext@@UBEPBDXZ 1001515a f i common-kernel32:CEStr.obj
 0001:00014168       ??$GetProcAddress@$$A6GHPAU_OSVERSIONINFOEXW@@K_K@Z@MModule@@QBE_NQBDAAP6GHPAU_OSVERSIONINFOEXW@@K_K@Z@Z 10015168 f i common-kernel32:WObjects.obj
 0001:0001418f       ?FileExists@@YA_NPB_WPA_K@Z 1001518f f   common-kernel32:WObjects.obj
 0001:000142b9       ?IsWin6@@YA_NXZ            100152b9 f   common-kernel32:WObjects.obj
 0001:000142e7       ?IsWinVerOrHigher@@YA_NG@Z 100152e7 f   common-kernel32:WObjects.obj
 0001:00014370       ?IsWindows64@@YA_NXZ       10015370 f   common-kernel32:WObjects.obj
 0001:000143e0       ?_VerifyVersionInfo@@YA_NPAU_OSVERSIONINFOEXW@@K_K@Z 100153e0 f   common-kernel32:WObjects.obj
 0001:00014459       ?Init@HkFunc@@QAE_NPB_WPAUHINSTANCE__@@@Z 10015459 f   common-kernel32:HkFunc.obj
 0001:000144b7       ?isConEmuHk@HkFunc@@QAE_NXZ 100154b7 f   common-kernel32:HkFunc.obj
 0001:000144be       ??$_Emplace_reallocate@ABUtagPROCESSENTRY32W@@@?$vector@UtagPROCESSENTRY32W@@V?$MArrayAllocator@UtagPROCESSENTRY32W@@@@@std@@QAEPAUtagPROCESSENTRY32W@@QAU2@ABU2@@Z 100154be f i common-kernel32:MProcess.obj
 0001:00014581       ??$emplace_back@ABUtagPROCESSENTRY32W@@@?$vector@UtagPROCESSENTRY32W@@V?$MArrayAllocator@UtagPROCESSENTRY32W@@@@@std@@QAEXABUtagPROCESSENTRY32W@@@Z 10015581 f i common-kernel32:MProcess.obj
 0001:000145b4       ??0?$MToolHelp@UtagPROCESSENTRY32W@@$1?Process32FirstW@@YGHPAXPAU1@@Z$1?Process32NextW@@YGH01@Z@@QAE@KK@Z 100155b4 f i common-kernel32:MProcess.obj
 0001:00014613       ??1?$MToolHelp@UtagPROCESSENTRY32W@@$1?Process32FirstW@@YGHPAXPAU1@@Z$1?Process32NextW@@YGH01@Z@@UAE@XZ 10015613 f i common-kernel32:MProcess.obj
 0001:0001462f       ??_EMToolHelpProcess@@UAEPAXI@Z 1001562f f i common-kernel32:MProcess.obj
 0001:0001462f       ??_G?$MToolHelp@UtagPROCESSENTRY32W@@$1?Process32FirstW@@YGHPAXPAU1@@Z$1?Process32NextW@@YGH01@Z@@UAEPAXI@Z 1001562f f i common-kernel32:MProcess.obj
 0001:0001462f       ??_E?$MToolHelp@UtagPROCESSENTRY32W@@$1?Process32FirstW@@YGHPAXPAU1@@Z$1?Process32NextW@@YGH01@Z@@UAEPAXI@Z 1001562f f i common-kernel32:MProcess.obj
 0001:0001462f       ??_GMToolHelpProcess@@UAEPAXI@Z 1001562f f i common-kernel32:MProcess.obj
 0001:00014654       ?Close@?$MToolHelp@UtagPROCESSENTRY32W@@$1?Process32FirstW@@YGHPAXPAU1@@Z$1?Process32NextW@@YGH01@Z@@QAEX_N@Z 10015654 f i common-kernel32:MProcess.obj
 0001:000146c3       ?Filter@?$MToolHelp@UtagPROCESSENTRY32W@@$1?Process32FirstW@@YGHPAXPAU1@@Z$1?Process32NextW@@YGH01@Z@@MAE_NPAUtagPROCESSENTRY32W@@@Z 100156c3 f i common-kernel32:MProcess.obj
 0001:000146c8       ?Find@?$MToolHelp@UtagPROCESSENTRY32W@@$1?Process32FirstW@@YGHPAXPAU1@@Z$1?Process32NextW@@YGH01@Z@@QAE_NP6A_NPAUtagPROCESSENTRY32W@@J@ZJ0@Z 100156c8 f i common-kernel32:MProcess.obj
 0001:0001475d       ?Next@?$MToolHelp@UtagPROCESSENTRY32W@@$1?Process32FirstW@@YGHPAXPAU1@@Z$1?Process32NextW@@YGH01@Z@@QAE_NPAUtagPROCESSENTRY32W@@@Z 1001575d f i common-kernel32:MProcess.obj
 0001:000147b4       ?Open@?$MToolHelp@UtagPROCESSENTRY32W@@$1?Process32FirstW@@YGHPAXPAU1@@Z$1?Process32NextW@@YGH01@Z@@QAE_NXZ 100157b4 f i common-kernel32:MProcess.obj
 0001:000147e5       ?_Calculate_growth@?$vector@UtagPROCESSENTRY32W@@V?$MArrayAllocator@UtagPROCESSENTRY32W@@@@@std@@ABEII@Z 100157e5 f i common-kernel32:MProcess.obj
 0001:00014812       ?_Change_array@?$vector@UtagPROCESSENTRY32W@@V?$MArrayAllocator@UtagPROCESSENTRY32W@@@@@std@@AAEXQAUtagPROCESSENTRY32W@@II@Z 10015812 f i common-kernel32:MProcess.obj
 0001:00014856       ?_Tidy@?$vector@UtagPROCESSENTRY32W@@V?$MArrayAllocator@UtagPROCESSENTRY32W@@@@@std@@AAEXXZ 10015856 f i common-kernel32:MProcess.obj
 0001:00014881       ?allocate@?$MArrayAllocator@UtagPROCESSENTRY32W@@@@QAEPAUtagPROCESSENTRY32W@@I@Z 10015881 f i common-kernel32:MProcess.obj
 0001:000148bc       ?compare@cmp@?1??Find@MToolHelpProcess@@QAE_NKPAUtagPROCESSENTRY32W@@@Z@SA_N0J@Z 100158bc f i common-kernel32:MProcess.obj
 0001:000148cd       ?getNext@?$MToolHelp@UtagPROCESSENTRY32W@@$1?Process32FirstW@@YGHPAXPAU1@@Z$1?Process32NextW@@YGH01@Z@@IAE_NXZ 100158cd f i common-kernel32:MProcess.obj
 0001:0001494e       ?isTerminalMode@@YA_NXZ    1001594e f   common-kernel32:MProcess.obj
 0001:00014a54       ?push_back@?$MArray@UtagPROCESSENTRY32W@@@@QAEHABUtagPROCESSENTRY32W@@@Z 10015a54 f i common-kernel32:MProcess.obj
 0001:00014a76       ?swap@?$vector@UtagPROCESSENTRY32W@@V?$MArrayAllocator@UtagPROCESSENTRY32W@@@@@std@@QAEXAAV12@@Z 10015a76 f i common-kernel32:MProcess.obj
 0001:00014aaa       ??0MSection@@QAE@XZ        10015aaa f   common-kernel32:MSection.obj
 0001:00014b09       ??0MSectionLock@@QAE@XZ    10015b09 f   common-kernel32:MSection.obj
 0001:00014b16       ??0MSectionThread@@QAE@PAVMSection@@@Z 10015b16 f   common-kernel32:MSection.obj
 0001:00014b31       ??1MSection@@QAE@XZ        10015b31 f   common-kernel32:MSection.obj
 0001:00014b8b       ??1MSectionLock@@QAE@XZ    10015b8b f   common-kernel32:MSection.obj
 0001:00014ba4       ??1MSectionThread@@QAE@XZ  10015ba4 f   common-kernel32:MSection.obj
 0001:00014bba       ?AddRef@MSection@@IAEXK@Z  10015bba f   common-kernel32:MSection.obj
 0001:00014c23       ?Lock@MSection@@IAEHHK@Z   10015c23 f   common-kernel32:MSection.obj
 0001:00014ce9       ?Lock@MSectionLock@@QAEHPAVMSection@@HK@Z 10015ce9 f   common-kernel32:MSection.obj
 0001:00014d34       ?MyEnterCriticalSection@MSection@@IAE_NK@Z 10015d34 f   common-kernel32:MSection.obj
 0001:00014e1c       ?ReleaseRef@MSection@@IAEHK@Z 10015e1c f   common-kernel32:MSection.obj
 0001:00014e89       ?ThreadTerminated@MSection@@QAEXK@Z 10015e89 f   common-kernel32:MSection.obj
 0001:00014eaf       ?Unlock@MSection@@IAEXH@Z  10015eaf f   common-kernel32:MSection.obj
 0001:00014eed       ?Unlock@MSectionLock@@QAEXXZ 10015eed f   common-kernel32:MSection.obj
 0001:00014f0a       ?WaitUnlocked@MSection@@IAEXKK@Z 10015f0a f   common-kernel32:MSection.obj
 0001:00014f65       ?CheckCallbackPtr@@YA_NPAUHINSTANCE__@@IPAP6GHXZHHH@Z 10015f65 f   common-kernel32:WModuleCheck.obj
 0001:00015032       ?IsModuleValid@@YA_NPAUHINSTANCE__@@H@Z 10016032 f   common-kernel32:WModuleCheck.obj
 0001:0001510a       ??0MModule@@QAE@PAUHINSTANCE__@@@Z 1001610a f   common-kernel32:MModule.obj
 0001:0001511c       ??1MModule@@QAE@XZ         1001611c f   common-kernel32:MModule.obj
 0001:00015121       ?Free@MModule@@QAEXXZ      10016121 f   common-kernel32:MModule.obj
 0001:00015143       ??0MSectionSimple@@QAE@_N@Z 10016143 f   common-kernel32:MSectionSimple.obj
 0001:0001516d       ??1MSectionSimple@@QAE@XZ  1001616d f   common-kernel32:MSectionSimple.obj
 0001:00015172       ?Close@MSectionSimple@@QAEXXZ 10016172 f   common-kernel32:MSectionSimple.obj
 0001:00015188       ?Enter@MSectionSimple@@QAEXXZ 10016188 f   common-kernel32:MSectionSimple.obj
 0001:00015190       ?Init@MSectionSimple@@QAEXXZ 10016190 f   common-kernel32:MSectionSimple.obj
 0001:000151a6       ?Leave@MSectionSimple@@QAEXXZ 100161a6 f   common-kernel32:MSectionSimple.obj
 0001:000151ae       ?RecreateAndLock@MSectionSimple@@QAE_NXZ 100161ae f   common-kernel32:MSectionSimple.obj
 0001:000151f5       ?TryEnter@MSectionSimple@@QAE_NXZ 100161f5 f   common-kernel32:MSectionSimple.obj
 0001:00015214       ?SetConEmuEnvHWND@@YAXPB_WPAUHWND__@@@Z 10016214 f   common-user32:SetEnvVar.obj
 0001:0001525f       ?SetConEmuEnvVar@@YAXPAUHWND__@@@Z 1001625f f   common-user32:SetEnvVar.obj
 0001:000152c9       ?SetConEmuEnvVarChild@@YAXPAUHWND__@@0@Z 100162c9 f   common-user32:SetEnvVar.obj
 0001:000152eb       ??$wcscpy_add@$0BAF@@@YAHPA_WAAY0BAF@_WPB_W@Z 100162eb f i common-user32:ConEmuCheckEx.obj
 0001:00015318       ??$wcscpy_c@$0BAF@@@YAHAAY0BAF@_WPB_W@Z 10016318 f i common-user32:ConEmuCheckEx.obj
 0001:0001532d       ?FindConEmuBaseDir@@YAHAAY0BAF@_W0PAUHINSTANCE__@@@Z 1001632d f   common-user32:ConEmuCheckEx.obj
 0001:000157d3       ?IsConEmuExeExist@@YAHPB_WAAY0BAF@_W@Z 100167d3 f   common-user32:ConEmuCheckEx.obj
 0001:0001584a       ??$swprintf_c@$0FA@@@YAHAAY0FA@_WPB_WZZ 1001684a f i common-user32:EmergencyShow.obj
 0001:00015860       ?CorrectConsolePos@@YAXPAUHWND__@@@Z 10016860 f   common-user32:EmergencyShow.obj
 0001:00015935       ?EmergencyShow@@YAXPAUHWND__@@HH@Z 10016935 f   common-user32:EmergencyShow.obj
 0001:00015a26       ?EvaluateDefaultFontWidth@@YAHHPB_W@Z 10016a26 f   common-user32:EmergencyShow.obj
 0001:00015b16       ?SetUserFriendlyFont@@YAXPAUHWND__@@HH@Z 10016b16 f   common-user32:EmergencyShow.obj
 0001:00015ea9       ??0MSetter@@QAE@PAJ@Z      10016ea9 f   common-user32:MSetter.obj
 0001:00015ecd       ??1MSetter@@QAE@XZ         10016ecd f   common-user32:MSetter.obj
 0001:00015ed2       ?Unlock@MSetter@@QAEXXZ    10016ed2 f   common-user32:MSetter.obj
 0001:00015f2d       ?IsDotsName@@YA_NPB_W@Z    10016f2d f   common-user32:WFiles.obj
 0001:00015f5d       ?SearchAppPaths@@YA_NPB_WAAUCEStr@@_NPAVCEnvRestorer@@@Z 10016f5d f   common-user32:WFiles.obj
 0001:000162ef       ??1ConsoleSectionHelper@@QAE@XZ 100172ef f i common-user32:WConsoleEx.obj
 0001:00016317       ?CreateConsoleData@ConsoleSectionHelper@@QAEPAUCONSOLE_INFO@@XZ 10017317 f i common-user32:WConsoleEx.obj
 0001:0001633c       ?CreateConsoleSection@ConsoleSectionHelper@@QAEPAXXZ 1001733c f i common-user32:WConsoleEx.obj
 0001:0001635d       ?GetConsoleSizeInfo@@YAXPAUCONSOLE_INFO@@@Z 1001735d f   common-user32:WConsoleEx.obj
 0001:000163cf       ?SetConsoleFontSizeTo@@YAXPAUHWND__@@HHPB_WGG@Z 100173cf f   common-user32:WConsoleEx.obj
 0001:000166ec       ?SetConsoleInfo@@YAHPAUHWND__@@PAUCONSOLE_INFO@@@Z 100176ec f   common-user32:WConsoleEx.obj
 0001:000168b0       ?SetEnvVarExpanded@@YAXPB_W0@Z 100178b0 f   common-user32:WUser.obj
 0001:0001698b       ?UpdateComspec@@YAXPAUConEmuComspec@@_N@Z 1001798b f   common-user32:WUser.obj
 0001:00016bd8       ?apiShowWindow@@YA_NPAUHWND__@@H@Z 10017bd8 f   common-user32:WUser.obj
 0001:00016bee       ?apiShowWindowAsync@@YA_NPAUHWND__@@H@Z 10017bee f   common-user32:WUser.obj
 0001:00016c04       ?FindMonitorsWorkspace@@YGHPAUHMONITOR__@@PAUHDC__@@PAUtagRECT@@J@Z 10017c04 f   common-user32:Monitors.obj
 0001:00016c3d       ?GetAllMonitorsWorkspace@@YA?AUtagRECT@@XZ 10017c3d f   common-user32:Monitors.obj
 0001:00016c8d       ??0exception@std@@QAE@QBD@Z 10017c8d f i libcpmt:xthrow.obj
 0001:00016cc2       ??0length_error@std@@QAE@ABV01@@Z 10017cc2 f i libcpmt:xthrow.obj
 0001:00016cdd       ??0length_error@std@@QAE@PBD@Z 10017cdd f i libcpmt:xthrow.obj
 0001:00016cfc       ??0logic_error@std@@QAE@ABV01@@Z 10017cfc f i libcpmt:xthrow.obj
 0001:00016d17       ?_Xlength_error@std@@YAXPBD@Z 10017d17 f   libcpmt:xthrow.obj
 0001:00016d37       @__security_check_cookie@4 10017d37 f   LIBCMT:secchk.obj
 0001:00016d48       ??3@YAXPAXI@Z              10017d48 f   LIBCMT:delete_scalar_size.obj
 0001:00016d56       __EH_epilog3               10017d56 f   LIBCMT:ehprolg3.obj
 0001:00016d6b       __EH_epilog3_GS            10017d6b f   LIBCMT:ehprolg3.obj
 0001:00016d7c       __EH_prolog3               10017d7c f   LIBCMT:ehprolg3.obj
 0001:00016db0       __EH_prolog3_GS            10017db0 f   LIBCMT:ehprolg3.obj
 0001:00016de7       __EH_prolog3_catch         10017de7 f   LIBCMT:ehprolg3.obj
 0001:00016e20       __alloca_probe             10017e20 f   LIBCMT:chkstk.obj
 0001:00016e20       __chkstk                   10017e20 f   LIBCMT:chkstk.obj
 0001:00016e50       __aullshr                  10017e50 f   LIBCMT:ullshr.obj
 0001:00016e6f       ??_Etype_info@@UAEPAXI@Z   10017e6f f i LIBCMT:std_type_info_static.obj
 0001:00016e6f       ??_Gtype_info@@UAEPAXI@Z   10017e6f f i LIBCMT:std_type_info_static.obj
 0001:00016eb9       ??$__crt_fast_encode_pointer@PAP6AXXZ@@YAPAP6AXXZQAP6AXXZ@Z 10017eb9 f i LIBCMT:utility.obj
 0001:00016eb9       ??$__crt_fast_encode_pointer@P6GHPAU_RTL_CONDITION_VARIABLE@@PAU_RTL_CRITICAL_SECTION@@K@Z@@YAP6GHPAU_RTL_CONDITION_VARIABLE@@PAU_RTL_CRITICAL_SECTION@@K@ZQ6GH01K@Z@Z 10017eb9 f i LIBCMT:thread_safe_statics.obj
 0001:00016eb9       ??$__crt_fast_encode_pointer@P6GXPAU_RTL_CONDITION_VARIABLE@@@Z@@YAP6GXPAU_RTL_CONDITION_VARIABLE@@@ZQ6GX0@Z@Z 10017eb9 f i LIBCMT:thread_safe_statics.obj
 0001:00016eb9       ??$__crt_fast_encode_pointer@PAX@@YAPAXQAX@Z 10017eb9 f i libvcruntime:winapi_downlevel.obj
 0001:00016fe4       __Init_thread_footer       10017fe4 f   LIBCMT:thread_safe_statics.obj
 0001:0001702e       __Init_thread_header       1001802e f   LIBCMT:thread_safe_statics.obj
 0001:00017080       __Init_thread_notify       10018080 f   LIBCMT:thread_safe_statics.obj
 0001:000170c2       __Init_thread_wait         100180c2 f   LIBCMT:thread_safe_statics.obj
 0001:00017442       __DllMainCRTStartup@12     10018442 f   LIBCMT:dll_dllmain.obj
 0001:00017470       __SEH_prolog4              10018470 f   LIBCMT:sehprolg4.obj
 0001:000174b6       __SEH_epilog4              100184b6 f   LIBCMT:sehprolg4.obj
 0001:0001750f       ___scrt_acquire_startup_lock 1001850f f   LIBCMT:utility.obj
 0001:00017541       ___scrt_dllmain_after_initialize_c 10018541 f   LIBCMT:utility.obj
 0001:0001756c       ___scrt_dllmain_before_initialize_c 1001856c f   LIBCMT:utility.obj
 0001:0001757a       ___scrt_dllmain_crt_thread_attach 1001857a f   LIBCMT:utility.obj
 0001:00017599       ___scrt_dllmain_crt_thread_detach 10018599 f   LIBCMT:utility.obj
 0001:000175a6       ___scrt_dllmain_exception_filter 100185a6 f   LIBCMT:utility.obj
 0001:000175da       ___scrt_dllmain_uninitialize_c 100185da f   LIBCMT:utility.obj
 0001:000175fd       ___scrt_dllmain_uninitialize_critical 100185fd f   LIBCMT:utility.obj
 0001:0001760a       ___scrt_initialize_crt     1001860a f   LIBCMT:utility.obj
 0001:00017643       ___scrt_initialize_onexit_tables 10018643 f   LIBCMT:utility.obj
 0001:000176e8       ___scrt_is_nonwritable_in_current_image 100186e8 f   LIBCMT:utility.obj
 0001:0001777c       ___scrt_release_startup_lock 1001877c f   LIBCMT:utility.obj
 0001:00017799       ___scrt_uninitialize_crt   10018799 f   LIBCMT:utility.obj
 0001:000177c1       __onexit                   100187c1 f   LIBCMT:utility.obj
 0001:000177fc       _atexit                    100187fc f   LIBCMT:utility.obj
 0001:00017811       ___raise_securityfailure   10018811 f   LIBCMT:gs_report.obj
 0001:00017839       ___report_gsfailure        10018839 f   LIBCMT:gs_report.obj
 0001:00017932       ___scrt_fastfail           10018932 f   LIBCMT:utility_desktop.obj
 0001:00017a4c       __crt_debugger_hook        10018a4c f   LIBCMT:utility_desktop.obj
 0001:00017aa1       ___security_init_cookie    10018aa1 f   LIBCMT:gs_support.obj
 0001:00017aec       ?__scrt_initialize_type_info@@YAXXZ 10018aec f   LIBCMT:tncleanup.obj
 0001:00017af8       ?__scrt_uninitialize_type_info@@YAXXZ 10018af8 f   LIBCMT:tncleanup.obj
 0001:00017b04       ___local_stdio_scanf_options 10018b04 f i LIBCMT:default_local_stdio_options.obj
 0001:00017b0a       ___scrt_initialize_default_local_stdio_options 10018b0a f   LIBCMT:default_local_stdio_options.obj
 0001:00017b27       ___scrt_get_dyn_tls_init_callback 10018b27 f   LIBCMT:dyn_tls_init.obj
 0001:00017b2d       __RTC_Initialize           10018b2d f   LIBCMT:initsect.obj
 0001:00017b59       __RTC_Terminate            10018b59 f   LIBCMT:initsect.obj
 0001:00017b85       ___isa_available_init      10018b85 f   LIBCMT:cpu_disp.obj
 0001:00017d1c       ___scrt_is_ucrt_dll_in_use 10018d1c f   LIBCMT:ucrt_detection.obj
 0001:00017d28       ?GetRangeOfTrysToCheck@__FrameHandler3@@SA?AU?$pair@Viterator@TryBlockMap@__FrameHandler3@@V123@@std@@AAVTryBlockMap@1@HH@Z 10018d28 f   libvcruntime:trnsctrl.obj
 0001:00017daa       ?_CallCatchBlock2@@YAPAXPAUEHRegistrationNode@@PBU_s_FuncInfo@@PAXHK@Z 10018daa f   libvcruntime:trnsctrl.obj
 0001:00017e08       ?_CallSETranslator@@YAHPAUEHExceptionRecord@@PAUEHRegistrationNode@@PAX2PBU_s_FuncInfo@@H1@Z 10018e08 f   libvcruntime:trnsctrl.obj
 0001:00017ee3       ?_JumpToContinuation@@YGXPAXPAUEHRegistrationNode@@@Z 10018ee3 f   libvcruntime:trnsctrl.obj
 0001:00017f13       ?_UnwindNestedFrames@@YGXPAUEHRegistrationNode@@PAUEHExceptionRecord@@@Z 10018f13 f   libvcruntime:trnsctrl.obj
 0001:00017f66       __CatchGuardHandler        10018f66 f   libvcruntime:trnsctrl.obj
 0001:00017f97       __CreateFrameInfo          10018f97 f   libvcruntime:trnsctrl.obj
 0001:00017fbb       __FindAndUnlinkFrame       10018fbb f   libvcruntime:trnsctrl.obj
 0001:00018000       __TranslatorGuardHandler   10019000 f   libvcruntime:trnsctrl.obj
 0001:0001809d       ___CxxFrameHandler3        1001909d f   libvcruntime:trnsctrl.obj
 0001:000180d3       _wcschr                    100190d3 f   libvcruntime:wcschr.obj
 0001:0001819a       _wcsstr                    1001919a f   libvcruntime:wcsstr.obj
 0001:00018420       _memmove                   10019420 f   libvcruntime:memmove.obj
 0001:000189a0       _memset                    100199a0 f   libvcruntime:memset.obj
 0001:00018afa       ___DestructExceptionObject 10019afa f   libvcruntime:ehhelpers.obj
 0001:00018b9a       ?_CallMemberFunction0@@YGXQAX0@Z 10019b9a f i libvcruntime:ehhelpers.obj
 0001:00018ba7       __IsExceptionObjectToBeDestroyed 10019ba7 f   libvcruntime:ehhelpers.obj
 0001:00018bcd       ___AdjustPointer           10019bcd f   libvcruntime:ehhelpers.obj
 0001:00018bf2       ___FrameUnwindFilter       10019bf2 f   libvcruntime:ehhelpers.obj
 0001:00018c37       ___std_terminate           10019c37 f   libvcruntime:ehhelpers.obj
 0001:00018c3c       ___std_exception_copy      10019c3c f   libvcruntime:std_exception.obj
 0001:00018c9f       ___std_exception_destroy   10019c9f f   libvcruntime:std_exception.obj
 0001:00018cbe       __CxxThrowException@8      10019cbe f   libvcruntime:throw.obj
 0001:00018d2b       __get_purecall_handler     10019d2b f   libvcruntime:purevirt.obj
 0001:00018d40       __purecall                 10019d40 f   libvcruntime:purevirt.obj
 0001:00018d5c       _wcsrchr                   10019d5c f   libvcruntime:wcsrchr.obj
 0001:00018e00       _memcpy                    10019e00 f   libvcruntime:memcpy.obj
 0001:00019380       _strrchr                   1001a380 f   libvcruntime:strrchr.obj
 0001:000194c0       _strchr                    1001a4c0 f   libvcruntime:strchr.obj
 0001:0001952e       ___from_strstr_to_strchr   1001a52e     libvcruntime:strchr.obj
 0001:00019630       __except_handler4          1001a630 f   libvcruntime:chandler4.obj
 0001:00019787       ___vcrt_initialize         1001a787 f   libvcruntime:initialization.obj
 0001:000197b0       ___vcrt_thread_attach      1001a7b0 f   libvcruntime:initialization.obj
 0001:000197bb       ___vcrt_thread_detach      1001a7bb f   libvcruntime:initialization.obj
 0001:000197c6       ___vcrt_uninitialize       1001a7c6 f   libvcruntime:initialization.obj
 0001:000197e5       ___vcrt_uninitialize_critical 1001a7e5 f   libvcruntime:initialization.obj
 0001:000197ed       ___std_type_info_compare   1001a7ed f   libvcruntime:std_type_info.obj
 0001:00019829       ___std_type_info_destroy_list 1001a829 f   libvcruntime:std_type_info.obj
 0001:0001984c       ___vcrt_freefls@4          1001a84c f   libvcruntime:per_thread_data.obj
 0001:00019868       ___vcrt_freeptd            1001a868 f   libvcruntime:per_thread_data.obj
 0001:0001989e       ___vcrt_getptd             1001a89e f   libvcruntime:per_thread_data.obj
 0001:000198ac       ___vcrt_getptd_noexit      1001a8ac f   libvcruntime:per_thread_data.obj
 0001:0001993e       ___vcrt_initialize_ptd     1001a93e f   libvcruntime:per_thread_data.obj
 0001:00019971       ___vcrt_uninitialize_ptd   1001a971 f   libvcruntime:per_thread_data.obj
 0001:0001a083       ??$TypeMatchHelper@$$CBU_s_HandlerType@@@@YAHPBU_s_HandlerType@@PBU_s_CatchableType@@PBU_s_ThrowInfo@@@Z 1001b083 f i libvcruntime:frame.obj
 0001:0001a111       ??$__InternalCxxFrameHandler@V__FrameHandler3@@@@YA?AW4_EXCEPTION_DISPOSITION@@PAUEHExceptionRecord@@PAUEHRegistrationNode@@PAU_CONTEXT@@PAXPBU_s_FuncInfo@@H1E@Z 1001b111 f i libvcruntime:frame.obj
 0001:0001a213       ??0bad_exception@std@@QAE@ABV01@@Z 1001b213 f i libvcruntime:frame.obj
 0001:0001a22e       ??0bad_exception@std@@QAE@XZ 1001b22e f i libvcruntime:frame.obj
 0001:0001a246       ??8type_info@@QBE_NABV0@@Z 1001b246 f i libvcruntime:frame.obj
 0001:0001a4ad       ?FrameUnwindToEmptyState@__FrameHandler3@@SAXPAUEHRegistrationNode@@PAXPBU_s_FuncInfo@@@Z 1001b4ad f   libvcruntime:frame.obj
 0001:0001a4c5       ?FrameUnwindToState@__FrameHandler3@@SAXPAUEHRegistrationNode@@PAXPBU_s_FuncInfo@@H@Z 1001b4c5 f   libvcruntime:frame.obj
 0001:0001a647       ?_CallMemberFunction1@@YGXQAX00@Z 1001b647 f i libvcruntime:frame.obj
 0001:0001a657       ?_CallMemberFunction2@@YGXQAX00H@Z 1001b657 f i libvcruntime:frame.obj
 0001:0001a66a       ?getESTypes@__FrameHandler3@@SAPBU_s_ESTypeList@@PBU_s_FuncInfo@@@Z 1001b66a f i libvcruntime:frame.obj
 0001:0001a680       __CallSettingFrame@12      1001b680 f   libvcruntime:lowhelpr.obj
 0001:0001a6a7       __NLG_Return               1001b6a7     libvcruntime:lowhelpr.obj
 0001:0001a6cc       ___except_validate_context_record 1001b6cc f   libvcruntime:jbcxrval.obj
 0001:0001a6fc       ___except_validate_jump_buffer 1001b6fc f   libvcruntime:jbcxrval.obj
 0001:0001a729       ___vcrt_initialize_pure_virtual_call_handler 1001b729 f   libvcruntime:purevirt_data.obj
 0001:0001a740       __local_unwind4            1001b740 f   libvcruntime:exsup4.obj
 0001:0001a818       __seh_longjmp_unwind4@4    1001b818 f   libvcruntime:exsup4.obj
 0001:0001a840       @_EH4_CallFilterFunc@8     1001b840 f   libvcruntime:exsup4.obj
 0001:0001a858       @_EH4_TransferToHandler@8  1001b858 f   libvcruntime:exsup4.obj
 0001:0001a874       @_EH4_GlobalUnwind2@8      1001b874 f   libvcruntime:exsup4.obj
 0001:0001a890       @_EH4_LocalUnwind@16       1001b890 f   libvcruntime:exsup4.obj
 0001:0001a8a7       ___vcrt_initialize_locks   1001b8a7 f   libvcruntime:locks.obj
 0001:0001a8e3       ___vcrt_uninitialize_locks 1001b8e3 f   libvcruntime:locks.obj
 0001:0001aa45       ___vcrt_FlsAlloc           1001ba45 f   libvcruntime:winapi_downlevel.obj
 0001:0001aa80       ___vcrt_FlsFree            1001ba80 f   libvcruntime:winapi_downlevel.obj
 0001:0001aabb       ___vcrt_FlsGetValue        1001babb f   libvcruntime:winapi_downlevel.obj
 0001:0001aaf6       ___vcrt_FlsSetValue        1001baf6 f   libvcruntime:winapi_downlevel.obj
 0001:0001ab34       ___vcrt_InitializeCriticalSectionEx 1001bb34 f   libvcruntime:winapi_downlevel.obj
 0001:0001ab7b       ___vcrt_initialize_winapi_thunks 1001bb7b f   libvcruntime:winapi_downlevel.obj
 0001:0001aba4       ___vcrt_uninitialize_winapi_thunks 1001bba4 f   libvcruntime:winapi_downlevel.obj
 0001:0001abd6       _unexpected                1001bbd6 f   libvcruntime:unexpected.obj
 0001:0001abf3       ?GetCurrentState@__FrameHandler3@@SAHPAUEHRegistrationNode@@PAXPBU_s_FuncInfo@@@Z 1001bbf3 f   libvcruntime:ehstate.obj
 0001:0001ac10       ?SetState@__FrameHandler3@@SAXPAUEHRegistrationNode@@PBU_s_FuncInfo@@H@Z 1001bc10 f   libvcruntime:ehstate.obj
 0001:0001ac20       __global_unwind2           1001bc20 f   libvcruntime:exsup.obj
 0001:0001ac86       __local_unwind2            1001bc86 f   libvcruntime:exsup.obj
 0001:0001ad0a       __abnormal_termination     1001bd0a f   libvcruntime:exsup.obj
 0001:0001ad30       __NLG_Notify1              1001bd30 f   libvcruntime:exsup.obj
 0001:0001ad3c       __NLG_Notify               1001bd3c f   libvcruntime:exsup.obj
 0001:0001ad53       __NLG_Dispatch2            1001bd53     libvcruntime:exsup.obj
 0001:0001ad53       __NLG_Dispatch             1001bd53     libvcruntime:exsup.obj
 0001:0001ad5b       __NLG_Call                 1001bd5b f   libvcruntime:exsup.obj
 0001:0001ad5d       __NLG_Return2              1001bd5d     libvcruntime:exsup.obj
 0001:0001b05f       ??$count@D@formatting_buffer@__crt_stdio_output@@QBEIXZ 1001c05f f i libucrt:output.obj
 0001:0001b077       ??$ensure_buffer_is_big_enough@D@formatting_buffer@__crt_stdio_output@@QAE_NI@Z 1001c077 f i libucrt:output.obj
[...]
 0002:0000a528       __unwindtable$?FindConEmuBaseDir@@YAHAAY0BAF@_W0PAUHINSTANCE__@@@Z 10034528     common-user32:ConEmuCheckEx.obj
 0002:0000a538       __ehfuncinfo$?FindConEmuBaseDir@@YAHAAY0BAF@_W0PAUHINSTANCE__@@@Z 10034538     common-user32:ConEmuCheckEx.obj
 0002:0000a55c       __unwindtable$?SearchAppPaths@@YA_NPB_WAAUCEStr@@_NPAVCEnvRestorer@@@Z 1003455c     common-user32:WFiles.obj
 0002:0000a564       __ehfuncinfo$?SearchAppPaths@@YA_NPB_WAAUCEStr@@_NPAVCEnvRestorer@@@Z 10034564     common-user32:WFiles.obj
 0002:0000a5e0       __sehtable$?dllmain_crt_process_attach@@YAHQAUHINSTANCE__@@QAX@Z 100345e0     LIBCMT:dll_dllmain.obj
 0002:0000a600       __sehtable$?dllmain_crt_process_detach@@YAH_N@Z 10034600     LIBCMT:dll_dllmain.obj
 0002:0000a620       __sehtable$?dllmain_dispatch@@YAHQAUHINSTANCE__@@KQAX@Z 10034620     LIBCMT:dll_dllmain.obj
 0002:0000a640       __sehtable$___scrt_is_nonwritable_in_current_image 10034640     LIBCMT:utility.obj
 0002:0000a660       __sehtable$___DestructExceptionObject 10034660     libvcruntime:ehhelpers.obj
 0002:0000a680       __sehtable$?FrameUnwindToState@__FrameHandler3@@SAXPAUEHRegistrationNode@@PAXPBU_s_FuncInfo@@H@Z 10034680     libvcruntime:frame.obj
 0002:0000a6a8       __sehtable$?CallCatchBlock@@YAPAXPAUEHExceptionRecord@@PAUEHRegistrationNode@@PAU_CONTEXT@@PBU_s_FuncInfo@@PAXHK@Z 100346a8     libvcruntime:frame.obj
 0002:0000a6d0       __catchsym$?CallUnexpected@@YAXPBU_s_ESTypeList@@@Z$2 100346d0     libvcruntime:frame.obj
 0002:0000a6e0       __unwindtable$?CallUnexpected@@YAXPBU_s_ESTypeList@@@Z 100346e0     libvcruntime:frame.obj
 0002:0000a6f0       __tryblocktable$?CallUnexpected@@YAXPBU_s_ESTypeList@@@Z 100346f0     libvcruntime:frame.obj
 0002:0000a704       __ehfuncinfo$?CallUnexpected@@YAXPBU_s_ESTypeList@@@Z 10034704     libvcruntime:frame.obj
 0002:0000a728       __sehtable$??$BuildCatchObjectHelperInternal@$$CBU_s_HandlerType@@@@YAHPAUEHExceptionRecord@@PAXPBU_s_HandlerType@@PBU_s_CatchableType@@@Z 10034728     libvcruntime:frame.obj
 0002:0000a748       __sehtable$??$BuildCatchObjectInternal@$$CBU_s_HandlerType@@@@YAXPAUEHExceptionRecord@@PAXPBU_s_HandlerType@@PBU_s_CatchableType@@@Z 10034748     libvcruntime:frame.obj
 0002:0000a7a0       __sehtable$?common_exit@@YAXHW4_crt_exit_cleanup_mode@@W4_crt_exit_return_mode@@@Z 100347a0     libucrt:exit.obj
 0002:0000a7c8       __sehtable$??$?RV<lambda_800076c951b434888f4765a74a194fcc>@@AAV<lambda_4e60a939b0d047cfe11ddc22648dfba9>@@V<lambda_6dbb1268764f43b569ce7b67e331d33a>@@@?$__crt_seh_guarded_call@H@@QAEH$$QAV<lambda_800076c951b434888f4765a74a194fcc>@@AAV<lambda_4e60a939b0d047cfe11ddc22648dfba9>@@$$QAV<lambda_6dbb1268764f43b569ce7b67e331d33a>@@@Z 100347c8     libucrt:onexit.obj
 0002:0000a7e8       __sehtable$??$?RV<lambda_995298e7d72eb4c2aab26c0585b3abe5>@@AAV<lambda_275893d493268fdec8709772e3fcec0e>@@V<lambda_293819299cbf9a7022e18b56a874bb5c>@@@?$__crt_seh_guarded_call@H@@QAEH$$QAV<lambda_995298e7d72eb4c2aab26c0585b3abe5>@@AAV<lambda_275893d493268fdec8709772e3fcec0e>@@$$QAV<lambda_293819299cbf9a7022e18b56a874bb5c>@@@Z 100347e8     libucrt:onexit.obj
 0002:0000a808       __sehtable$_terminate      10034808     libucrt:terminate.obj
 0002:0000a828       __sehtable$??$?RV<lambda_9df27f884b057bc3edfc946cb5b7cf47>@@AAV<lambda_e69574bed617af4e071282c136b37893>@@V<lambda_cc0d902bcbbeb830f749456577db4721>@@@?$__crt_seh_guarded_call@X@@QAEX$$QAV<lambda_9df27f884b057bc3edfc946cb5b7cf47>@@AAV<lambda_e69574bed617af4e071282c136b37893>@@$$QAV<lambda_cc0d902bcbbeb830f749456577db4721>@@@Z 10034828     libucrt:per_thread_data.obj
 0002:0000a848       __sehtable$??$?RV<lambda_3518db117f0e7cdb002338c5d3c47b6c>@@AAV<lambda_b2ea41f6bbb362cd97d94c6828d90b61>@@V<lambda_abdedf541bb04549bc734292b4a045d4>@@@?$__crt_seh_guarded_call@X@@QAEX$$QAV<lambda_3518db117f0e7cdb002338c5d3c47b6c>@@AAV<lambda_b2ea41f6bbb362cd97d94c6828d90b61>@@$$QAV<lambda_abdedf541bb04549bc734292b4a045d4>@@@Z 10034848     libucrt:per_thread_data.obj
 0002:0000a868       __sehtable$??$?RV<lambda_51b6e8b1eb166f2a3faf91f424b38130>@@AAV<lambda_6250bd4b2a391816dd638c3bf72b0bcb>@@V<lambda_0b5a4a3e68152e1d9b943535f5f47bed>@@@?$__crt_seh_guarded_call@X@@QAEX$$QAV<lambda_51b6e8b1eb166f2a3faf91f424b38130>@@AAV<lambda_6250bd4b2a391816dd638c3bf72b0bcb>@@$$QAV<lambda_0b5a4a3e68152e1d9b943535f5f47bed>@@@Z 10034868     libucrt:per_thread_data.obj
 0002:0000a888       __sehtable$??$?RV<lambda_5b71d36f03204c0beab531769a5b5694>@@AAV<lambda_be2b3da3f62db62e9dad5dc70221a656>@@V<lambda_8f9ce462984622f9bf76b59e2aaaf805>@@@?$__crt_seh_guarded_call@X@@QAEX$$QAV<lambda_5b71d36f03204c0beab531769a5b5694>@@AAV<lambda_be2b3da3f62db62e9dad5dc70221a656>@@$$QAV<lambda_8f9ce462984622f9bf76b59e2aaaf805>@@@Z 10034888     libucrt:per_thread_data.obj
 0002:0000a8a8       __sehtable$___acrt_uninitialize_locale 100348a8     libucrt:wsetlocale.obj
 0002:0000a8c8       __sehtable$___acrt_initialize_lowio 100348c8     libucrt:ioinit.obj
 0002:0000a8e8       __sehtable$___acrt_update_thread_multibyte_data 100348e8     libucrt:mbctype.obj
 0002:0000a908       __sehtable$??$?RV<lambda_978dc153c237d78434369da87b74ff60>@@AAV<lambda_ad1ced32f4ac17aa236e5ef05d6b3b7c>@@V<lambda_4a8533e2866a575feecb8298ce776b0d>@@@?$__crt_seh_guarded_call@X@@QAEX$$QAV<lambda_978dc153c237d78434369da87b74ff60>@@AAV<lambda_ad1ced32f4ac17aa236e5ef05d6b3b7c>@@$$QAV<lambda_4a8533e2866a575feecb8298ce776b0d>@@@Z 10034908     libucrt:mbctype.obj
 0002:0000a928       __sehtable$__query_new_handler 10034928     libucrt:new_handler.obj
 0002:0000a948       __sehtable$_raise          10034948     libucrt:signal.obj
 0002:0000a968       __sehtable$??$?RV<lambda_a048d3beccc847880fc8490e18b82769>@@AAV<lambda_ec61778202f4f5fc7e7711acc23c3bca>@@V<lambda_f7496a158712204296dd6628a163878e>@@@?$__crt_seh_guarded_call@P6AXH@Z@@QAEP6AXH@Z$$QAV<lambda_a048d3beccc847880fc8490e18b82769>@@AAV<lambda_ec61778202f4f5fc7e7711acc23c3bca>@@$$QAV<lambda_f7496a158712204296dd6628a163878e>@@@Z 10034968     libucrt:signal.obj
 0002:0000a988       __sehtable$___acrt_update_thread_locale_data 10034988     libucrt:locale_refcounting.obj
 0002:0000a9a8       __sehtable$__fcloseall     100349a8     libucrt:closeall.obj
 0002:0000a9c8       __sehtable$_common_flush_all 100349c8     libucrt:fflush.obj
 0002:0000a9f0       __sehtable$___acrt_lowio_ensure_fh_exists 100349f0     libucrt:osfinfo.obj
 0002:0000aa10       __sehtable$__write         10034a10     libucrt:write.obj
 0002:0000aa30       __sehtable$_fclose         10034a30     libucrt:fclose.obj
 0002:0000aa50       __sehtable$??$?RV<lambda_61cee617f5178ae960314fd4d05640a0>@@AAV<lambda_6978c1fb23f02e42e1d9e99668cc68aa>@@V<lambda_9cd88cf8ad10232537feb2133f08c833>@@@?$__crt_seh_guarded_call@H@@QAEH$$QAV<lambda_61cee617f5178ae960314fd4d05640a0>@@AAV<lambda_6978c1fb23f02e42e1d9e99668cc68aa>@@$$QAV<lambda_9cd88cf8ad10232537feb2133f08c833>@@@Z 10034a50     libucrt:commit.obj
 0002:0000aa70       __sehtable$??$?RV<lambda_123407a5e2ac06da108355a851863b7a>@@AAV<lambda_2fe9b910cf3cbf4a0ab98a02ba45b3ec>@@V<lambda_ae55bdf541ad94d75914d381c370e64d>@@@?$__crt_seh_guarded_call@H@@QAEH$$QAV<lambda_123407a5e2ac06da108355a851863b7a>@@AAV<lambda_2fe9b910cf3cbf4a0ab98a02ba45b3ec>@@$$QAV<lambda_ae55bdf541ad94d75914d381c370e64d>@@@Z 10034a70     libucrt:close.obj
 0002:0000aa90       __sehtable$__IsNonwritableInCurrentImage 10034a90     LIBCMT:pesect.obj
 0002:0000aab0       .edata                     10034ab0     ConEmu.exp
 0002:0000aad8       rgpv                       10034ad8     ConEmu.exp
 0002:0000ab44       rgszName                   10034b44     ConEmu.exp
 0002:0000abb0       rgwOrd                     10034bb0     ConEmu.exp
 0002:0000abe6       szName                     10034be6     ConEmu.exp
 0002:0000abf1       $N00001                    10034bf1     ConEmu.exp
 0002:0000ac01       $N00002                    10034c01     ConEmu.exp
 0002:0000ac09       $N00003                    10034c09     ConEmu.exp
 0002:0000ac15       $N00004                    10034c15     ConEmu.exp
 0002:0000ac20       $N00005                    10034c20     ConEmu.exp
 0002:0000ac2e       $N00006                    10034c2e     ConEmu.exp
 0002:0000ac3f       $N00007                    10034c3f     ConEmu.exp
 0002:0000ac4d       $N00008                    10034c4d     ConEmu.exp
 0002:0000ac5c       $N00009                    10034c5c     ConEmu.exp
 0002:0000ac6c       $N00010                    10034c6c     ConEmu.exp
 0002:0000ac77       $N00011                    10034c77     ConEmu.exp
 0002:0000ac7d       $N00012                    10034c7d     ConEmu.exp
 0002:0000ac90       $N00013                    10034c90     ConEmu.exp
 0002:0000aca3       $N00014                    10034ca3     ConEmu.exp
 0002:0000acb6       $N00015                    10034cb6     ConEmu.exp
 0002:0000acc9       $N00016                    10034cc9     ConEmu.exp
 0002:0000acdb       $N00017                    10034cdb     ConEmu.exp
 0002:0000acea       $N00018                    10034cea     ConEmu.exp
 0002:0000acf6       $N00019                    10034cf6     ConEmu.exp
 0002:0000acff       $N00020                    10034cff     ConEmu.exp
 0002:0000ad0e       $N00021                    10034d0e     ConEmu.exp
 0002:0000ad20       $N00022                    10034d20     ConEmu.exp
 0002:0000ad2c       $N00023                    10034d2c     ConEmu.exp
 0002:0000ad40       $N00024                    10034d40     ConEmu.exp
 0002:0000ad54       $N00025                    10034d54     ConEmu.exp
 0002:0000ad69       $N00026                    10034d69     ConEmu.exp
 0002:0000ad7d       $N00027                    10034d7d     ConEmu.exp
 0002:0000b17e       .idata$6                   1003517e     version:VERSION.dll
 0002:0000b6d8       .idata$6                   100356d8     kernel32:KERNEL32.dll
 0002:0000b7e4       .idata$6                   100357e4     user32:USER32.dll
 0002:0000b884       .idata$6                   10035884     gdi32:GDI32.dll
 0002:0000b8c0       .idata$6                   100358c0     advapi32:ADVAPI32.dll
 0003:00000100       ?rc@?CE@??Open@CPluginW2800@@UAEPAXPBX@Z@4UFarMacroCall@@A 10036100     ConEmuPlugin2800.obj
 0003:00000118       ?val@?CE@??Open@CPluginW2800@@UAEPAXPBX@Z@4UFarMacroValue@@A 10036118     ConEmuPlugin2800.obj
 0003:00000250       ?__vcrt_flsindex@@3KA      10036250     libvcruntime:per_thread_data.obj
 0003:00000270       _errno_no_memory           10036270     libucrt:errno.obj
 0003:00000274       _doserrno_no_memory        10036274     libucrt:errno.obj
 0003:00000280       ___acrt_flsindex           10036280     libucrt:per_thread_data.obj
 0003:000003f8       ___rgctypeflag             100363f8     libucrt:mbctype.obj
 0003:00000400       ___rgcode_page_info        10036400     libucrt:mbctype.obj
 0003:00000be8       ?store@?M@??GetPanelInfo@CPluginW1900@@UAE_NKPAUCEPanelInfo@@@Z@4UPanelInfo@@A 10036be8     ConEmuPlugin1900.obj
 0003:00000c38       ?szMenu@?1??GetPluginInfoPtr@CPluginW1900@@UAEXPAX@Z@4PAPA_WA 10036c38     ConEmuPlugin1900.obj
 0003:00000c40       ?szMenu1@?1??GetPluginInfoPtr@CPluginW1900@@UAEXPAX@Z@4PA_WA 10036c40     ConEmuPlugin1900.obj
 0003:00000e40       ?WLastActive@?1??UpdateConEmuTabsApi@CPluginW1900@@UAE_NH@Z@4UWindowInfo@@A 10036e40     ConEmuPlugin1900.obj
 0003:00000e70       ?pwList@@3PAV?$MArray@UWindowInfo@@@@A 10036e70     ConEmuPlugin2800.obj
 0003:00000e78       ?store@?M@??GetPanelInfo@CPluginW2800@@UAE_NKPAUCEPanelInfo@@@Z@4UPanelInfo@@A 10036e78     ConEmuPlugin2800.obj
 0003:00000ec8       ?szMenu@?1??GetPluginInfoPtr@CPluginW2800@@UAEXPAX@Z@4PAPA_WA 10036ec8     ConEmuPlugin2800.obj
 0003:00000ed0       ?szMenu1@?1??GetPluginInfoPtr@CPluginW2800@@UAEXPAX@Z@4PA_WA 10036ed0     ConEmuPlugin2800.obj
 0003:000010d0       ?WLastActive@?1??UpdateConEmuTabsApi@CPluginW2800@@UAE_NH@Z@4UWindowInfo@@A 100370d0     ConEmuPlugin2800.obj
 0003:00001100       ?ghSyncDlg@@3PAXA          10037100     ConEmuPlugin995.obj
 0003:00001108       ?store@?M@??GetPanelInfo@CPluginW995@@UAE_NKPAUCEPanelInfo@@@Z@4UPanelInfo@@A 10037108     ConEmuPlugin995.obj
 0003:0000114c       ?szMenu@?1??GetPluginInfoPtr@CPluginW995@@UAEXPAX@Z@4PAPA_WA 1003714c     ConEmuPlugin995.obj
 0003:00001150       ?szMenu1@?1??GetPluginInfoPtr@CPluginW995@@UAEXPAX@Z@4PA_WA 10037150     ConEmuPlugin995.obj
 0003:00001358       ?store@?M@??GetPanelInfo@CPluginAnsi@@UAE_NKPAUCEPanelInfo@@@Z@4UPanelInfo@@A 10037358     ConEmuPluginA.obj
 0003:00001548       ?szMenu@?1??GetPluginInfoPtr@CPluginAnsi@@UAEXPAX@Z@4PAPADA 10037548     ConEmuPluginA.obj
 0003:00001550       ?szMenu1@?1??GetPluginInfoPtr@CPluginAnsi@@UAEXPAX@Z@4PADA 10037550     ConEmuPluginA.obj
 0003:00002830       ?gbTryOpenMapHeader@@3HA   10038830     ConEmuPluginBase.obj
 0003:00002834       ?gbStartupHooksAfterMap@@3HA 10038834     ConEmuPluginBase.obj
 0003:00002838       ?siEnabled@?1??CheckBufferEnabled@CPluginBase@@QAE_NXZ@4HA 10038838     ConEmuPluginBase.obj
 0003:0000283c       ?dwLastTickCount@?7??CheckResources@CPluginBase@@QAEX_N@Z@4KA 1003883c     ConEmuPluginBase.obj
 0003:00002840       ?$TSS0@?7??CheckResources@CPluginBase@@QAEX_N@Z@4HA 10038840     ConEmuPluginBase.obj
 0003:00002844       ?dwLastTickCount@?9??OnConsolePeekReadInput@CPluginBase@@SAX_N@Z@4KA 10038844     ConEmuPluginBase.obj
 0003:00002a8c       ?gHeapInit@?A0x333b15f0@@3U?$atomic@H@std@@A 10038a8c     common-kernel32:Memory.obj
 0003:00002a90       ?gHeapCounter@?A0x333b15f0@@3U?$atomic@H@std@@A 10038a90     common-kernel32:Memory.obj
 0003:00002aa8       ?szFile@?1??ModuleName@@YAPB_WPB_W@Z@4PA_WA 10038aa8     common-kernel32:ConEmuCheck.obj
 0003:00002aec       ?gh_UnknownTerminatedThread@@3PAXA 10038aec     common-kernel32:WThreads.obj
 0003:00002af0       ?g_Threads@@3PAUConEmuThreadInfo@@A 10038af0     common-kernel32:WThreads.obj
 0003:0000a2f4       ?szNil@?1??GetCommand@CESERVER_REQ_NEWCMD@@QAEPA_WXZ@4PA_WA 100402f4     common-kernel32:Common.obj
 0003:0000a300       ?rtlVerifyVersionInfo@?1??_VerifyVersionInfo@@YA_NPAU_OSVERSIONINFOEXW@@K_K@Z@4P6GH0K1@ZA 10040300     common-kernel32:WObjects.obj
 0003:0000a304       ?hasRtl@?1??_VerifyVersionInfo@@YA_NPAU_OSVERSIONINFOEXW@@K_K@Z@4HA 10040304     common-kernel32:WObjects.obj
 0003:0000a308       ?ibIsWin6@?1??IsWin6@@YA_NXZ@4HA 10040308     common-kernel32:WObjects.obj
 0003:0000a30c       ?is64bitOs@?1??IsWindows64@@YA_NXZ@4_NA 1004030c     common-kernel32:WObjects.obj
 0003:0000a30d       ?isOsChecked@?1??IsWindows64@@YA_NXZ@4_NA 1004030d     common-kernel32:WObjects.obj
 0003:0000a314       ?TerminalMode@?1??isTerminalMode@@YA_NXZ@4_NA 10040314     common-kernel32:MProcess.obj
 0003:0000a315       ?TerminalChecked@?1??isTerminalMode@@YA_NXZ@4_NA 10040315     common-kernel32:MProcess.obj
 0003:0000a316       ?bSysInfoRetrieved@?1??IsModuleValid@@YA_NPAUHINSTANCE__@@H@Z@4_NA 10040316     common-kernel32:WModuleCheck.obj
 0003:0000a318       ?si@?1??IsModuleValid@@YA_NPAUHINSTANCE__@@H@Z@4U_SYSTEM_INFO@@A 10040318     common-kernel32:WModuleCheck.obj
 0003:0000a348       ?_Tss_mutex@@3U_RTL_CRITICAL_SECTION@@A 10040348     LIBCMT:thread_safe_statics.obj
 0003:0000a360       ?_Tss_cv@@3U_RTL_CONDITION_VARIABLE@@A 10040360     LIBCMT:thread_safe_statics.obj
 0003:0000a364       ?_Tss_event@@3PAXA         10040364     LIBCMT:thread_safe_statics.obj
 0003:0000a368       ?encoded_sleep_condition_variable_cs@@3P6GHPAU_RTL_CONDITION_VARIABLE@@PAU_RTL_CRITICAL_SECTION@@K@ZA 10040368     LIBCMT:thread_safe_statics.obj
 0003:0000a36c       ?encoded_wake_all_condition_variable@@3P6GXPAU_RTL_CONDITION_VARIABLE@@@ZA 1004036c     LIBCMT:thread_safe_statics.obj
 0003:0000a370       ?__proc_attached@@3HA      10040370     LIBCMT:dll_dllmain.obj
 0003:0000a37c       ?is_initialized_as_dll@@3_NA 1004037c     LIBCMT:utility.obj
 0003:0000a37d       ?module_local_atexit_table_initialized@@3_NA 1004037d     LIBCMT:utility.obj
 0003:0000a380       ?module_local_atexit_table@@3U_onexit_table_t@@A 10040380     LIBCMT:utility.obj
 0003:0000a38c       ?module_local_at_quick_exit_table@@3U_onexit_table_t@@A 1004038c     LIBCMT:utility.obj
 0003:0000a398       _GS_ExceptionRecord        10040398     LIBCMT:gs_report.obj
 0003:0000a3e8       _GS_ContextRecord          100403e8     LIBCMT:gs_report.obj
 0003:0000a6d4       ?__vcrt_startup_thread_ptd@@3U__vcrt_ptd@@A 100406d4     libvcruntime:per_thread_data.obj
 0003:0000a700       ___vcrt_lock_table         10040700     libvcruntime:locks.obj
 0003:0000a718       ___vcrt_locks_initialized  10040718     libvcruntime:locks.obj
 0003:0000a71c       ?module_handles@@3PAPAUHINSTANCE__@@A 1004071c     libvcruntime:winapi_downlevel.obj
 0003:0000a728       ?encoded_function_pointers@@3PAPAXA 10040728     libvcruntime:winapi_downlevel.obj
 0003:0000a764       ?heap@@3V_HeapManager@@A   10040764     libvcruntime:undname.obj
 0003:0000a778       ___acrt_invalid_parameter_handler 10040778     libucrt:invalid_parameter.obj
 0003:0000a77c       _c_termination_complete    1004077c     libucrt:exit.obj
 0003:0000a780       _thread_local_exit_callback_func 10040780     libucrt:exit.obj
 0003:0000a784       ?c_exit_complete@?5??common_exit@@YAXHW4_crt_exit_cleanup_mode@@W4_crt_exit_return_mode@@@Z@4_NA 10040784     libucrt:exit.obj
 0003:0000a788       ?program_name@?5???$common_configure_argv@D@@YAHW4_crt_argv_mode@@@Z@4PADA 10040788     libucrt:argv_parsing.obj
 0003:0000a8c0       _enable_percent_n          100408c0     libucrt:printf_count_output.obj
 0003:0000aae0       ___acrt_lock_table         10040ae0     libucrt:locks.obj
 0003:0000ac18       ___acrt_locks_initialized  10040c18     libucrt:locks.obj
 0003:0000ac20       _module_handles            10040c20     libucrt:winapi_thunks.obj
 0003:0000ac70       _encoded_function_pointers 10040c70     libucrt:winapi_thunks.obj
 0003:0000acf0       ?state_cache@?1??__acrt_is_packaged_app@@9@4JA 10040cf0     libucrt:winapi_thunks.obj
 0003:0000ad0c       _fSystemSet                10040d0c     libucrt:mbctype.obj
 0003:0000ad10       ?initialized@?1??__acrt_initialize_multibyte@@9@4_NA 10040d10     libucrt:mbctype.obj
 0003:0000ad30       ___acrt_new_handler        10040d30     libucrt:new_handler.obj
 0003:0000ad34       _ctrlc_action              10040d34     libucrt:signal.obj
 0003:0000ad38       _ctrlbreak_action          10040d38     libucrt:signal.obj
 0003:0000ad3c       _abort_action              10040d3c     libucrt:signal.obj
 0003:0000ad40       _term_action               10040d40     libucrt:signal.obj
 0003:0000ad44       _user_matherr              10040d44     libucrt:matherr.obj
 0003:0000ad48       ___acrt_global_new_mode    10040d48     libucrt:new_mode.obj
 0003:0000ad54       ___acrt_app_type           10040d54     libucrt:report_runtime_error.obj
 0003:0000ad5c       __pmatherr_set             10040d5c     libucrt:libm_error.obj
 0003:0000adb4       ?gbPauseConsoleWasRequested@@3_NA 10040db4     common-kernel32:WConsole.obj
 0003:0000adb8       ?GetCurrentConsoleFontEx@?1??apiGetCurrentConsoleFontEx@@YAHPAXHPAUMY_CONSOLE_FONT_INFOEX@@@Z@4P6GH0H1@ZA 10040db8     common-kernel32:WConsole.obj
 0003:0000adbc       ?bFuncChecked@?1??apiGetCurrentConsoleFontEx@@YAHPAXHPAUMY_CONSOLE_FONT_INFOEX@@@Z@4_NA 10040dbc     common-kernel32:WConsole.obj
 0003:0000adc0       ?SetCurrentConsoleFontEx@?1??apiSetCurrentConsoleFontEx@@YAHPAXHPAUMY_CONSOLE_FONT_INFOEX@@@Z@4P6GH0H1@ZA 10040dc0     common-kernel32:WConsole.obj
 0003:0000adc4       ?bFuncChecked@?1??apiSetCurrentConsoleFontEx@@YAHPAXHPAUMY_CONSOLE_FONT_INFOEX@@@Z@4_NA 10040dc4     common-kernel32:WConsole.obj
 0004:000000a0       $R000000                   100410a0     ConEmu.res
 0004:000003a8       $R000308                   100413a8     ConEmu.res
