 ConEmuBg

 Timestamp is 601f4e9f (Sun Feb  7 03:21:19 2021)

 Preferred load address is 10000000

 Start         Length     Name                   Class
 0001:00000000 000184bdH .text$mn                CODE
 0001:000184bd 000000f2H .text$x                 CODE
 0002:00000000 0000022cH .idata$5                DATA
 0002:0000022c 00000004H .00cfg                  DATA
 0002:00000230 00000004H .CRT$XCA                DATA
 0002:00000234 00000004H .CRT$XCZ                DATA
 0002:00000238 00000004H .CRT$XIA                DATA
 0002:0000023c 00000010H .CRT$XIC                DATA
 0002:0000024c 00000004H .CRT$XIZ                DATA
 0002:00000250 00000004H .CRT$XLA                DATA
 0002:00000254 00000004H .CRT$XLZ                DATA
 0002:00000258 00000004H .CRT$XPA                DATA
 0002:0000025c 00000008H .CRT$XPX                DATA
 0002:00000264 00000004H .CRT$XPXA               DATA
 0002:00000268 00000004H .CRT$XPZ                DATA
 0002:0000026c 00000004H .CRT$XTA                DATA
 0002:00000270 00000010H .CRT$XTZ                DATA
 0002:00000274 00000000H .gfids$x                DATA
 0002:00000274 00000000H .gfids$y                DATA
 0002:00000280 00006a58H .rdata                  DATA
 0002:00006cd8 00000018H .rdata$T                DATA
 0002:00006cf0 000001e0H .rdata$r                DATA
 0002:00006ed0 0000002cH .rdata$sxdata           DATA
 0002:00006efc 00000398H .rdata$zzzdbg           DATA
 0002:00007294 00000004H .rtc$IAA                DATA
 0002:00007298 00000004H .rtc$IZZ                DATA
 0002:0000729c 00000004H .rtc$TAA                DATA
 0002:000072a0 00000004H .rtc$TZZ                DATA
 0002:000072a4 00000004H .tls                    DATA
 0002:000072a8 00000004H .tls$                   DATA
 0002:000072ac 00000004H .tls$ZZZ                DATA
 0002:000072b0 000005f0H .xdata$x                DATA
 0002:000078a0 0000018cH .edata                  DATA
 0002:00007a2c 00000078H .idata$2                DATA
 0002:00007aa4 00000014H .idata$3                DATA
 0002:00007ab8 0000022cH .idata$4                DATA
 0002:00007ce4 000009b0H .idata$6                DATA
 0003:00000000 00001e50H .data                   DATA
 0003:00001e50 000000c0H .data$r                 DATA
 0003:00001f10 00008c00H .bss                    DATA
 0004:00000000 000000a0H .rsrc$01                DATA
 0004:000000a0 00000498H .rsrc$02                DATA

  Address         Publics by Value              Rva+Base       Lib:Object

 0000:00000000       ___guard_iat_count         00000000     <absolute>
 0000:00000000       ___guard_fids_count        00000000     <absolute>
 0000:00000000       ___guard_longjmp_table     00000000     <absolute>
 0000:00000000       ___guard_longjmp_count     00000000     <absolute>
 0000:00000000       ___hybrid_code_map_count   00000000     <absolute>
 0000:00000000       __except_list              00000000     <absolute>
 0000:00000000       ___hybrid_auxiliary_iat    00000000     <absolute>
 0000:00000000       ___guard_fids_table        00000000     <absolute>
 0000:00000000       ___dynamic_value_reloc_table 00000000     <absolute>
 0000:00000000       ___guard_iat_table         00000000     <absolute>
 0000:00000000       ___volatile_metadata       00000000     <absolute>
 0000:00000000       ___enclave_config          00000000     <absolute>
 0000:00000000       ___hybrid_code_map         00000000     <absolute>
 0000:0000000b       ___safe_se_handler_count   0000000b     <absolute>
 0000:0000002c       __tls_array                0000002c     <absolute>
 0000:00000100       ___guard_flags             00000100     <absolute>
 0000:00000000       ___ImageBase               10000000     <linker-defined>
 0001:00000000       _ConfigureW@4              10001000 f   ConEmuBg.obj
 0001:00000046       _ExitFARW@0                10001046 f   ConEmuBg.obj
 0001:0000006b       ?ExitFARW3@@YGXPAX@Z       1000106b f   ConEmuBg.obj
 0001:00000099       ?ConfigureW3@@YGHPAX@Z     10001099 f   ConEmuBg.obj
 0001:000000da       ??$SafeDelete@UMSectionSimple@@@@YAXAAPAUMSectionSimple@@@Z 100010da f i ConEmuBg.obj
 0001:0000010b       ??$swprintf_c@$0IA@@@YAHAAY0IA@_WPB_WZZ 1000110b f i ConEmuBg.obj
 0001:00000124       ??$wcscpy_c@$0BAE@@@YAHAAY0BAE@_WPB_W@Z 10001124 f i ConEmuBg.obj
 0001:00000139       ??1MStream@@UAE@XZ         10001139 f i ConEmuBg.obj
 0001:00000170       ??_EMStream@@UAEPAXI@Z     10001170 f i ConEmuBg.obj
 0001:00000170       ??_GMStream@@UAEPAXI@Z     10001170 f i ConEmuBg.obj
 0001:00000192       ?AddRef@MStream@@UAGKXZ    10001192 f i ConEmuBg.obj
 0001:000002dd       ?CheckXmlFile@@YA_N_N@Z    100012dd f   ConEmuBg.obj
 0001:0000073c       ?Clone@MStream@@UAGJPAPAUIStream@@@Z 1000173c f i ConEmuBg.obj
 0001:00000744       ?Close@CachedImage@@QAEXXZ 10001744 f i ConEmuBg.obj
 0001:000007b8       ?Close@GDIPlusDecoder@@QAEXXZ 100017b8 f i ConEmuBg.obj
 0001:00000869       ?ClrPart@@YAEH@Z           10001869 f i ConEmuBg.obj
 0001:00000890       ?Commit@MStream@@UAGJK@Z   10001890 f i ConEmuBg.obj
 0001:000008a2       ?CompareNames@@YA_NPB_WPA_W@Z 100018a2 f   ConEmuBg.obj
 0001:000009b5       ?LockRegion@MStream@@UAGJT_ULARGE_INTEGER@@0K@Z 100019b5 f i ConEmuBg.obj
 0001:000009b5       ?CopyTo@MStream@@UAGJPAUIStream@@T_ULARGE_INTEGER@@PAT3@2@Z 100019b5 f i ConEmuBg.obj
 0001:000009b5       ?UnlockRegion@MStream@@UAGJT_ULARGE_INTEGER@@0K@Z 100019b5 f i ConEmuBg.obj
 0001:000009bd       ?ExitPlugin@@YAXXZ         100019bd f   ConEmuBg.obj
 0001:00000a03       ?FMatch@@YA_NPB_WPA_W@Z    10001a03 f   ConEmuBg.obj
 0001:00000b0e       ?FillPanelParams@@YAHPAUPaintBackgroundArg@@PAUBkPanelInfo@@PAUDrawInfo@@@Z 10001b0e f   ConEmuBg.obj
 0001:000018bd       ?FormatSize@@YAXT_ULARGE_INTEGER@@PA_W@Z 100028bd f   ConEmuBg.obj
 0001:000019b2       ?FreeThreadProc@GDIPlusDecoder@@SGKPAX@Z 100029b2 f i ConEmuBg.obj
 0001:000019d1       ?GdipDone@@YAXXZ           100029d1 f   ConEmuBg.obj
 0001:00001ace       ?GdipInit@@YA_NXZ          10002ace f   ConEmuBg.obj
 0001:00001b72       ?GetImage@GDIPlusDecoder@@QAEPAUCachedImage@@PB_W@Z 10002b72 f i ConEmuBg.obj
 0001:00001f5f       ?GetMsgW@@YAPB_WH@Z        10002f5f f   ConEmuBg.obj
 0001:00001f9f       ?GetPluginInfoWcmn@@YGXPAX@Z 10002f9f f   ConEmuBg.obj
 0001:00001fd0       ?GetStatusLineCount@@YAHPAUPaintBackgroundArg@@H@Z 10002fd0 f   ConEmuBg.obj
 0001:00002171       ?HSV2RGB@@YAXABUHSVColor@@AAURGBColor@@@Z 10003171 f   ConEmuBg.obj
 0001:000022d6       ?Init@CachedImage@@QAE_NPB_WPAUHDC__@@IIQAU2@@Z 100032d6 f i ConEmuBg.obj
 0001:000023bd       ?Init@GDIPlusDecoder@@QAE_NXZ 100033bd f i ConEmuBg.obj
 0001:000025fe       ?LoadFarVersion@@YAHXZ     100035fe f   ConEmuBg.obj
 0001:0000293a       ?OnConEmuLoaded@@YGXPAUConEmuLoadedArg@@@Z 1000393a f   ConEmuBg.obj
 0001:0000296a       ?OpenPluginWcmn@@YAPAXHH@Z 1000396a f   ConEmuBg.obj
 0001:00002997       ?OpenW@@YGPAXPBX@Z         10003997 f   ConEmuBg.obj
 0001:000029c2       ?PaintConEmuBackground@@YGHPAUPaintBackgroundArg@@@Z 100039c2 f   ConEmuBg.obj
 0001:00002b0b       ?PaintPanel@@YAHPAUPaintBackgroundArg@@HAAKAAH@Z 10003b0b f   ConEmuBg.obj
 0001:00003c26       ?ParseColors@@YAXPB_WHAAY0CA@KAAH@Z 10004c26 f   ConEmuBg.obj
 0001:00003cd1       ?QueryInterface@MStream@@UAGJABU_GUID@@PAPAX@Z 10004cd1 f i ConEmuBg.obj
 0001:00003d39       ?RGB2HSV@@YAXABURGBColor@@AAUHSVColor@@@Z 10004d39 f   ConEmuBg.obj
 0001:00003e05       ?Read@MStream@@UAGJPAXKPAK@Z 10004e05 f i ConEmuBg.obj
 0001:00003e5a       ?Release@MStream@@UAGKXZ   10004e5a f i ConEmuBg.obj
 0001:00003e81       ?ReportFail@@YAXPB_W@Z     10004e81 f   ConEmuBg.obj
 0001:00003f19       ?Revert@MStream@@UAGJXZ    10004f19 f i ConEmuBg.obj
 0001:00003f21       ?Seek@MStream@@UAGJT_LARGE_INTEGER@@KPAT_ULARGE_INTEGER@@@Z 10004f21 f i ConEmuBg.obj
 0001:00003f9b       ?SetData@MStream@@QAEXPBXK@Z 10004f9b f i ConEmuBg.obj
 0001:00003fdc       ?SetSize@MStream@@UAGJT_ULARGE_INTEGER@@@Z 10004fdc f i ConEmuBg.obj
 0001:0000404f       ?SettingsLoad@@YAXXZ       1000504f f   ConEmuBg.obj
 0001:000040ae       ?SettingsLoadReg@@YAXPB_W@Z 100050ae f   ConEmuBg.obj
 0001:00004236       ?SettingsSave@@YAXXZ       10005236 f   ConEmuBg.obj
 0001:0000426b       ?SettingsSaveReg@@YAXPB_W@Z 1000526b f   ConEmuBg.obj
 0001:0000430a       ?StartPlugin@@YAXH@Z       1000530a f   ConEmuBg.obj
 0001:0000441f       ?Stat@MStream@@UAGJPAUtagSTATSTG@@K@Z 1000541f f i ConEmuBg.obj
 0001:00004497       ?StringCchCatW@@YGJPA_WIPB_W@Z 10005497 f i ConEmuBg.obj
 0001:000044d5       ?StringCchCopyW@@YGJPA_WIPB_W@Z 100054d5 f i ConEmuBg.obj
 0001:00004509       ?StringCchVPrintfW@@YGJPA_WIPB_WPAD@Z 10005509 f i ConEmuBg.obj
 0001:00004642       ?WasXmlLoaded@@YA_NXZ      10005642 f   ConEmuBg.obj
 0001:0000464d       ?Write@MStream@@UAGJPBXKPAK@Z 1000564d f i ConEmuBg.obj
 0001:000046ea       _DllMain@12                100056ea f   ConEmuBg.obj
 0001:00004741       _GetMinFarVersionW@0       10005741 f   ConEmuBg.obj
 0001:00004747       _SetStartupInfoW@4         10005747 f   ConEmuBg.obj
 0001:000047a2       ___local_stdio_printf_options 100057a2 f i ConEmuBg.obj
 0001:000047a8       __vsnwprintf_l             100057a8 f i ConEmuBg.obj
 0001:00004b1a       ?ConfigureW1900@@YAHH@Z    10005b1a f   ConEmuBg1900.obj
 0001:00004b30       ?ExitFARW1900@@YAXXZ       10005b30 f   ConEmuBg1900.obj
 0001:00004b5f       ?FMatchW1900@@YA_NPB_WPA_W@Z 10005b5f f   ConEmuBg1900.obj
 0001:00004b7f       ?GetMsgW1900@@YAPB_WH@Z    10005b7f f   ConEmuBg1900.obj
 0001:00004ba5       ?GetPluginInfoW1900@@YAXPAX@Z 10005ba5 f   ConEmuBg1900.obj
 0001:00004c09       ?OpenW1900@@YGPAXPBX@Z     10005c09 f   ConEmuBg1900.obj
 0001:00004c09       ?OpenW2800@@YGPAXPBX@Z     10005c09 f   ConEmuBg2800.obj
 0001:00004c2d       ?SetStartupInfoW1900@@YAXPAX@Z 10005c2d f   ConEmuBg1900.obj
 0001:00004d22       ?SettingsLoadW1900@@YAXXZ  10005d22 f   ConEmuBg1900.obj
 0001:00004e75       ?SettingsSaveW1900@@YAXXZ  10005e75 f   ConEmuBg1900.obj
 0001:000052ad       ?ConfigureW2800@@YAHH@Z    100062ad f   ConEmuBg2800.obj
 0001:000052c3       ?ExitFARW2800@@YAXXZ       100062c3 f   ConEmuBg2800.obj
 0001:000052f2       ?FMatchW2800@@YA_NPB_WPA_W@Z 100062f2 f   ConEmuBg2800.obj
 0001:00005312       ?GetMsgW2800@@YAPB_WH@Z    10006312 f   ConEmuBg2800.obj
 0001:00005338       ?GetPluginInfoW2800@@YAXPAX@Z 10006338 f   ConEmuBg2800.obj
 0001:0000539c       ?SetStartupInfoW2800@@YAXPAX@Z 1000639c f   ConEmuBg2800.obj
 0001:00005491       ?SettingsLoadW2800@@YAXXZ  10006491 f   ConEmuBg2800.obj
 0001:000055d7       ?SettingsSaveW2800@@YAXXZ  100065d7 f   ConEmuBg2800.obj
 0001:000056c6       _GetGlobalInfoW@4          100066c6 f   ConEmuBg2800.obj
 0001:00005a92       ?ConfigureW995@@YAHH@Z     10006a92 f   ConEmuBg995.obj
 0001:00005aa8       ?ExitFARW995@@YAXXZ        10006aa8 f   ConEmuBg995.obj
 0001:00005aee       ?FMatchW995@@YA_NPB_WPA_W@Z 10006aee f   ConEmuBg995.obj
 0001:00005b0d       ?GetMsgW995@@YAPB_WH@Z     10006b0d f   ConEmuBg995.obj
 0001:00005b31       ?GetPluginInfoW995@@YAXPAX@Z 10006b31 f   ConEmuBg995.obj
 0001:00005b88       ?SetStartupInfoW995@@YAXPAX@Z 10006b88 f   ConEmuBg995.obj
 0001:00005cc5       ?SettingsLoadW995@@YAXXZ   10006cc5 f   ConEmuBg995.obj
 0001:00005cd2       ?SettingsSaveW995@@YAXXZ   10006cd2 f   ConEmuBg995.obj
 0001:00005cdf       _OpenPluginW@8             10006cdf f   ConEmuBg995.obj
 0001:0000608c       ?FMatchA@@YA_NPBDPAD@Z     1000708c f   ConEmuBgA.obj
 0001:000060c2       ?SettingsLoadA@@YAXXZ      100070c2 f   ConEmuBgA.obj
 0001:000060cf       ?SettingsSaveA@@YAXXZ      100070cf f   ConEmuBgA.obj
 0001:000060dc       _Configure@4               100070dc f   ConEmuBgA.obj
 0001:000060f9       _ExitFAR@0                 100070f9 f   ConEmuBgA.obj
 0001:00006144       _GetMinFarVersion@0        10007144 f   ConEmuBgA.obj
 0001:00006169       _GetPluginInfo@4           10007169 f   ConEmuBgA.obj
 0001:000061d5       _OpenPlugin@8              100071d5 f   ConEmuBgA.obj
 0001:000061eb       _SetStartupInfo@4          100071eb f   ConEmuBgA.obj
 0001:00006355       _GetFileVersionInfoSizeW@8 10007355 f   version:VERSION.dll
 0001:0000635b       _GetFileVersionInfoW@16    1000735b f   version:VERSION.dll
 0001:00006361       _VerQueryValueW@16         10007361 f   version:VERSION.dll
 0001:00006367       ??2@YAPAXI@Z               10007367 f   common-kernel32:Memory.obj
 0001:00006388       ??3@YAXPAX@Z               10007388 f   common-kernel32:Memory.obj
 0001:00006388       ??_V@YAXPAX@Z              10007388 f   common-kernel32:Memory.obj
 0001:0000638d       ??_U@YAPAXI@Z              1000738d f   common-kernel32:Memory.obj
 0001:00006396       ?HeapDeinitialize@@YAXXZ   10007396 f   common-kernel32:Memory.obj
 0001:000063ec       ?HeapInitialize@@YA_NXZ    100073ec f   common-kernel32:Memory.obj
 0001:0000641a       ?xf_calloc@@YAPAXII@Z      1000741a f   common-kernel32:Memory.obj
 0001:00006445       ?xf_free@@YAXPAX@Z         10007445 f   common-kernel32:Memory.obj
 0001:00006485       ?xf_malloc@@YAPAXI@Z       10007485 f   common-kernel32:Memory.obj
 0001:000064ab       ?StringCchVPrintfA@@YGJPADIPBD0@Z 100074ab f i common-kernel32:MStrSafe.obj
 0001:00006500       ?sprintf_c@@YAHPADHPBDZZ   10007500 f   common-kernel32:MStrSafe.obj
 0001:00006523       ?swprintf_c@@YAHPA_WHPB_WZZ 10007523 f   common-kernel32:MStrSafe.obj
 0001:00006546       __vsnprintf_l              10007546 f i common-kernel32:MStrSafe.obj
 0001:00006578       ?lstrdup@@YAPA_WPB_WI@Z    10007578 f   common-kernel32:MStrDup.obj
 0001:000065c4       ?lstrmerge@@YAPA_WPB_W00000000@Z 100075c4 f   common-kernel32:MStrDup.obj
 0001:000066be       ??0MSectionLockSimple@@QAE@XZ 100076be f   common-kernel32:MSectionSimple.obj
 0001:000066c8       ??0MSectionSimple@@QAE@_N@Z 100076c8 f   common-kernel32:MSectionSimple.obj
 0001:000066f2       ??1MSectionLockSimple@@QAE@XZ 100076f2 f   common-kernel32:MSectionSimple.obj
 0001:000066fd       ??1MSectionSimple@@QAE@XZ  100076fd f   common-kernel32:MSectionSimple.obj
 0001:00006702       ?Close@MSectionSimple@@QAEXXZ 10007702 f   common-kernel32:MSectionSimple.obj
 0001:00006718       ?Init@MSectionSimple@@QAEXXZ 10007718 f   common-kernel32:MSectionSimple.obj
 0001:0000672e       ?Lock@MSectionLockSimple@@QAEHPAUMSectionSimple@@K@Z 1000772e f   common-kernel32:MSectionSimple.obj
 0001:00006794       ?TryEnter@MSectionSimple@@QAE_NXZ 10007794 f   common-kernel32:MSectionSimple.obj
 0001:000067b3       ?Unlock@MSectionLockSimple@@QAEXXZ 100077b3 f   common-kernel32:MSectionSimple.obj
 0001:000067cf       ??$sprintf_c@$0CI@@@YAHAAY0CI@DPBDZZ 100077cf f i common-kernel32:WThreads.obj
 0001:000067e5       ?SetThreadName@@YAXKPAD@Z  100077e5 f   common-kernel32:WThreads.obj
 0001:0000683e       ?apiCreateThread@@YAPAXP6GKPAX@Z0PAKPBDH@Z 1000783e f   common-kernel32:WThreads.obj
 0001:00006936       ?apiTerminateThreadEx@@YAHPAXKPBDH@Z 10007936 f   common-kernel32:WThreads.obj
 0001:00006a0a       ?apiThreadHelper@@YGKPAX@Z 10007a0a f   common-kernel32:WThreads.obj
 0001:00006b96       ??0exception@std@@QAE@ABV01@@Z 10007b96 f i libcpmt:xthrow.obj
 0001:00006bc2       ??_Gbad_exception@std@@UAEPAXI@Z 10007bc2 f i libvcruntime:frame.obj
 0001:00006bc2       ??_Ebad_exception@std@@UAEPAXI@Z 10007bc2 f i libvcruntime:frame.obj
 0001:00006bc2       ??_Eexception@std@@UAEPAXI@Z 10007bc2 f i libcpmt:xthrow.obj
 0001:00006bc2       ??_Gexception@std@@UAEPAXI@Z 10007bc2 f i libcpmt:xthrow.obj
 0001:00006bef       ?what@exception@std@@UBEPBDXZ 10007bef f i libcpmt:xthrow.obj
 0001:00006bfc       ??3@YAXPAXI@Z              10007bfc f   LIBCMT:delete_scalar_size.obj
 0001:00006c0a       ___raise_securityfailure   10007c0a f   LIBCMT:gs_report.obj
 0001:00006c32       ___report_gsfailure        10007c32 f   LIBCMT:gs_report.obj
 0001:00006d2b       ___report_rangecheckfailure 10007d2b f   LIBCMT:gs_report.obj
 0001:00006d37       ___report_securityfailure  10007d37 f   LIBCMT:gs_report.obj
 0001:00006e05       @__security_check_cookie@4 10007e05 f   LIBCMT:secchk.obj
 0001:00006e16       __EH_epilog3               10007e16 f   LIBCMT:ehprolg3.obj
 0001:00006e2b       __EH_epilog3_GS            10007e2b f   LIBCMT:ehprolg3.obj
 0001:00006e3c       __EH_prolog3               10007e3c f   LIBCMT:ehprolg3.obj
 0001:00006e70       __EH_prolog3_GS            10007e70 f   LIBCMT:ehprolg3.obj
 0001:00006ea7       __EH_prolog3_catch         10007ea7 f   LIBCMT:ehprolg3.obj
 0001:00006ee0       __allmul                   10007ee0 f   LIBCMT:llmul.obj
 0001:00006f20       __aulldiv                  10007f20 f   LIBCMT:ulldiv.obj
 0001:00006f88       ??_Gtype_info@@UAEPAXI@Z   10007f88 f i LIBCMT:std_type_info_static.obj
 0001:00006f88       ??_Etype_info@@UAEPAXI@Z   10007f88 f i LIBCMT:std_type_info_static.obj
 0001:00006fd2       ??$__crt_fast_encode_pointer@PAP6AXXZ@@YAPAP6AXXZQAP6AXXZ@Z 10007fd2 f i LIBCMT:utility.obj
 0001:00006fd2       ??$__crt_fast_encode_pointer@P6GXPAU_RTL_CONDITION_VARIABLE@@@Z@@YAP6GXPAU_RTL_CONDITION_VARIABLE@@@ZQ6GX0@Z@Z 10007fd2 f i LIBCMT:thread_safe_statics.obj
 0001:00006fd2       ??$__crt_fast_encode_pointer@PAX@@YAPAXQAX@Z 10007fd2 f i libvcruntime:winapi_downlevel.obj
 0001:00006fd2       ??$__crt_fast_encode_pointer@P6GHPAU_RTL_CONDITION_VARIABLE@@PAU_RTL_CRITICAL_SECTION@@K@Z@@YAP6GHPAU_RTL_CONDITION_VARIABLE@@PAU_RTL_CRITICAL_SECTION@@K@ZQ6GH01K@Z@Z 10007fd2 f i LIBCMT:thread_safe_statics.obj
 0001:000070fa       __Init_thread_footer       100080fa f   LIBCMT:thread_safe_statics.obj
 0001:00007144       __Init_thread_header       10008144 f   LIBCMT:thread_safe_statics.obj
 0001:00007196       __Init_thread_notify       10008196 f   LIBCMT:thread_safe_statics.obj
 0001:000071d8       __Init_thread_wait         100081d8 f   LIBCMT:thread_safe_statics.obj
 0001:00007558       __DllMainCRTStartup@12     10008558 f   LIBCMT:dll_dllmain.obj
 0001:00007580       __SEH_prolog4              10008580 f   LIBCMT:sehprolg4.obj
 0001:000075c6       __SEH_epilog4              100085c6 f   LIBCMT:sehprolg4.obj
 0001:0000761f       ___scrt_acquire_startup_lock 1000861f f   LIBCMT:utility.obj
 0001:00007651       ___scrt_dllmain_after_initialize_c 10008651 f   LIBCMT:utility.obj
 0001:0000767c       ___scrt_dllmain_before_initialize_c 1000867c f   LIBCMT:utility.obj
 0001:0000768a       ___scrt_dllmain_crt_thread_attach 1000868a f   LIBCMT:utility.obj
 0001:000076a9       ___scrt_dllmain_crt_thread_detach 100086a9 f   LIBCMT:utility.obj
 0001:000076b6       ___scrt_dllmain_exception_filter 100086b6 f   LIBCMT:utility.obj
 0001:000076ea       ___scrt_dllmain_uninitialize_c 100086ea f   LIBCMT:utility.obj
 0001:0000770d       ___scrt_dllmain_uninitialize_critical 1000870d f   LIBCMT:utility.obj
 0001:0000771a       ___scrt_initialize_crt     1000871a f   LIBCMT:utility.obj
 0001:00007753       ___scrt_initialize_onexit_tables 10008753 f   LIBCMT:utility.obj
 0001:000077f8       ___scrt_is_nonwritable_in_current_image 100087f8 f   LIBCMT:utility.obj
 0001:0000788c       ___scrt_release_startup_lock 1000888c f   LIBCMT:utility.obj
 0001:000078a9       ___scrt_uninitialize_crt   100088a9 f   LIBCMT:utility.obj
 0001:000078d1       __onexit                   100088d1 f   LIBCMT:utility.obj
 0001:0000790c       _atexit                    1000890c f   LIBCMT:utility.obj
 0001:00007921       ___scrt_fastfail           10008921 f   LIBCMT:utility_desktop.obj
 0001:00007a3b       __crt_debugger_hook        10008a3b f   LIBCMT:utility_desktop.obj
 0001:00007a43       @_guard_check_icall_nop@4  10008a43 f i LIBCMT:guard_support.obj
 0001:00007a91       ___security_init_cookie    10008a91 f   LIBCMT:gs_support.obj
 0001:00007adc       ?__scrt_initialize_type_info@@YAXXZ 10008adc f   LIBCMT:tncleanup.obj
 0001:00007ae8       ?__scrt_uninitialize_type_info@@YAXXZ 10008ae8 f   LIBCMT:tncleanup.obj
 0001:00007af4       ___local_stdio_scanf_options 10008af4 f i LIBCMT:default_local_stdio_options.obj
 0001:00007afa       ___scrt_initialize_default_local_stdio_options 10008afa f   LIBCMT:default_local_stdio_options.obj
 0001:00007b17       ___scrt_get_dyn_tls_init_callback 10008b17 f   LIBCMT:dyn_tls_init.obj
 0001:00007b1d       __RTC_Initialize           10008b1d f   LIBCMT:initsect.obj
 0001:00007b49       __RTC_Terminate            10008b49 f   LIBCMT:initsect.obj
 0001:00007b75       ___isa_available_init      10008b75 f   LIBCMT:cpu_disp.obj
 0001:00007d0c       __get_startup_argv_mode    10008d0c f   LIBCMT:argv_mode.obj
 0001:00007d10       ___scrt_is_ucrt_dll_in_use 10008d10 f   LIBCMT:ucrt_detection.obj
 0001:00007d1c       _wcschr                    10008d1c f   libvcruntime:wcschr.obj
 0001:00007de3       _wcsrchr                   10008de3 f   libvcruntime:wcsrchr.obj
 0001:00007e85       _wcsstr                    10008e85 f   libvcruntime:wcsstr.obj
 0001:00008101       ?GetRangeOfTrysToCheck@__FrameHandler3@@SA?AU?$pair@Viterator@TryBlockMap@__FrameHandler3@@V123@@std@@AAVTryBlockMap@1@HH@Z 10009101 f   libvcruntime:trnsctrl.obj
 0001:00008183       ?_CallCatchBlock2@@YAPAXPAUEHRegistrationNode@@PBU_s_FuncInfo@@PAXHK@Z 10009183 f   libvcruntime:trnsctrl.obj
 0001:000081e1       ?_CallSETranslator@@YAHPAUEHExceptionRecord@@PAUEHRegistrationNode@@PAX2PBU_s_FuncInfo@@H1@Z 100091e1 f   libvcruntime:trnsctrl.obj
 0001:000082bc       ?_JumpToContinuation@@YGXPAXPAUEHRegistrationNode@@@Z 100092bc f   libvcruntime:trnsctrl.obj
 0001:000082ec       ?_UnwindNestedFrames@@YGXPAUEHRegistrationNode@@PAUEHExceptionRecord@@@Z 100092ec f   libvcruntime:trnsctrl.obj
 0001:0000833f       __CatchGuardHandler        1000933f f   libvcruntime:trnsctrl.obj
 0001:00008370       __CreateFrameInfo          10009370 f   libvcruntime:trnsctrl.obj
 0001:00008394       __FindAndUnlinkFrame       10009394 f   libvcruntime:trnsctrl.obj
 0001:000083d9       __TranslatorGuardHandler   100093d9 f   libvcruntime:trnsctrl.obj
 0001:00008476       ___CxxFrameHandler3        10009476 f   libvcruntime:trnsctrl.obj
 0001:000084b0       _memmove                   100094b0 f   libvcruntime:memmove.obj
 0001:00008a30       _memset                    10009a30 f   libvcruntime:memset.obj
 0001:00008b90       _strchr                    10009b90 f   libvcruntime:strchr.obj
 0001:00008bfe       ___from_strstr_to_strchr   10009bfe     libvcruntime:strchr.obj
 0001:00008cc0       _strrchr                   10009cc0 f   libvcruntime:strrchr.obj
 0001:00008e40       __except_handler4          10009e40 f   libvcruntime:chandler4.obj
 0001:00008f97       __CxxThrowException@8      10009f97 f   libvcruntime:throw.obj
 0001:00009004       ___std_exception_copy      1000a004 f   libvcruntime:std_exception.obj
 0001:00009067       ___std_exception_destroy   1000a067 f   libvcruntime:std_exception.obj
 0001:00009086       ___vcrt_initialize         1000a086 f   libvcruntime:initialization.obj
 0001:000090af       ___vcrt_thread_attach      1000a0af f   libvcruntime:initialization.obj
 0001:000090ba       ___vcrt_thread_detach      1000a0ba f   libvcruntime:initialization.obj
 0001:000090c5       ___vcrt_uninitialize       1000a0c5 f   libvcruntime:initialization.obj
 0001:000090e4       ___vcrt_uninitialize_critical 1000a0e4 f   libvcruntime:initialization.obj
 0001:000090ec       ___std_type_info_compare   1000a0ec f   libvcruntime:std_type_info.obj
 0001:00009128       ___std_type_info_destroy_list 1000a128 f   libvcruntime:std_type_info.obj
 0001:0000914b       ___vcrt_freefls@4          1000a14b f   libvcruntime:per_thread_data.obj
 0001:00009167       ___vcrt_freeptd            1000a167 f   libvcruntime:per_thread_data.obj
 0001:0000919d       ___vcrt_getptd             1000a19d f   libvcruntime:per_thread_data.obj
 0001:000091ab       ___vcrt_getptd_noexit      1000a1ab f   libvcruntime:per_thread_data.obj
 0001:0000923d       ___vcrt_initialize_ptd     1000a23d f   libvcruntime:per_thread_data.obj
 0001:00009270       ___vcrt_uninitialize_ptd   1000a270 f   libvcruntime:per_thread_data.obj
 0001:00009982       ??$TypeMatchHelper@$$CBU_s_HandlerType@@@@YAHPBU_s_HandlerType@@PBU_s_CatchableType@@PBU_s_ThrowInfo@@@Z 1000a982 f i libvcruntime:frame.obj
 0001:00009a10       ??$__InternalCxxFrameHandler@V__FrameHandler3@@@@YA?AW4_EXCEPTION_DISPOSITION@@PAUEHExceptionRecord@@PAUEHRegistrationNode@@PAU_CONTEXT@@PAXPBU_s_FuncInfo@@H1E@Z 1000aa10 f i libvcruntime:frame.obj
 0001:00009b12       ??0bad_exception@std@@QAE@ABV01@@Z 1000ab12 f i libvcruntime:frame.obj
 0001:00009b2d       ??0bad_exception@std@@QAE@XZ 1000ab2d f i libvcruntime:frame.obj
 0001:00009b45       ??1bad_exception@std@@UAE@XZ 1000ab45 f i libvcruntime:frame.obj
 0001:00009b56       ??8type_info@@QBE_NABV0@@Z 1000ab56 f i libvcruntime:frame.obj
 0001:00009dbd       ?FrameUnwindToEmptyState@__FrameHandler3@@SAXPAUEHRegistrationNode@@PAXPBU_s_FuncInfo@@@Z 1000adbd f   libvcruntime:frame.obj
 0001:00009dd5       ?FrameUnwindToState@__FrameHandler3@@SAXPAUEHRegistrationNode@@PAXPBU_s_FuncInfo@@H@Z 1000add5 f   libvcruntime:frame.obj
 0001:00009f57       ?_CallMemberFunction1@@YGXQAX00@Z 1000af57 f i libvcruntime:frame.obj
 0001:00009f67       ?_CallMemberFunction2@@YGXQAX00H@Z 1000af67 f i libvcruntime:frame.obj
 0001:00009f7a       ?getESTypes@__FrameHandler3@@SAPBU_s_ESTypeList@@PBU_s_FuncInfo@@@Z 1000af7a f i libvcruntime:frame.obj
 0001:00009f90       __CallSettingFrame@12      1000af90 f   libvcruntime:lowhelpr.obj
 0001:00009fb7       __NLG_Return               1000afb7     libvcruntime:lowhelpr.obj
 0001:00009fdc       ___except_validate_context_record 1000afdc f   libvcruntime:jbcxrval.obj
 0001:0000a00c       ___except_validate_jump_buffer 1000b00c f   libvcruntime:jbcxrval.obj
 0001:0000a040       __local_unwind4            1000b040 f   libvcruntime:exsup4.obj
 0001:0000a118       __seh_longjmp_unwind4@4    1000b118 f   libvcruntime:exsup4.obj
 0001:0000a140       @_EH4_CallFilterFunc@8     1000b140 f   libvcruntime:exsup4.obj
 0001:0000a158       @_EH4_TransferToHandler@8  1000b158 f   libvcruntime:exsup4.obj
 0001:0000a174       @_EH4_GlobalUnwind2@8      1000b174 f   libvcruntime:exsup4.obj
 0001:0000a190       @_EH4_LocalUnwind@16       1000b190 f   libvcruntime:exsup4.obj
 0001:0000a1a7       ___vcrt_initialize_locks   1000b1a7 f   libvcruntime:locks.obj
 0001:0000a1e3       ___vcrt_uninitialize_locks 1000b1e3 f   libvcruntime:locks.obj
 0001:0000a345       ___vcrt_FlsAlloc           1000b345 f   libvcruntime:winapi_downlevel.obj
 0001:0000a380       ___vcrt_FlsFree            1000b380 f   libvcruntime:winapi_downlevel.obj
 0001:0000a3bb       ___vcrt_FlsGetValue        1000b3bb f   libvcruntime:winapi_downlevel.obj
 0001:0000a3f6       ___vcrt_FlsSetValue        1000b3f6 f   libvcruntime:winapi_downlevel.obj
 0001:0000a434       ___vcrt_InitializeCriticalSectionEx 1000b434 f   libvcruntime:winapi_downlevel.obj
 0001:0000a47b       ___vcrt_initialize_winapi_thunks 1000b47b f   libvcruntime:winapi_downlevel.obj
 0001:0000a4a4       ___vcrt_uninitialize_winapi_thunks 1000b4a4 f   libvcruntime:winapi_downlevel.obj
 0001:0000a4d6       ___vcrt_initialize_pure_virtual_call_handler 1000b4d6 f   libvcruntime:purevirt_data.obj
 0001:0000a4e1       _unexpected                1000b4e1 f   libvcruntime:unexpected.obj
 0001:0000a4fe       ?GetCurrentState@__FrameHandler3@@SAHPAUEHRegistrationNode@@PAXPBU_s_FuncInfo@@@Z 1000b4fe f   libvcruntime:ehstate.obj
 0001:0000a51b       ?SetState@__FrameHandler3@@SAXPAUEHRegistrationNode@@PBU_s_FuncInfo@@H@Z 1000b51b f   libvcruntime:ehstate.obj
 0001:0000a529       ___DestructExceptionObject 1000b529 f   libvcruntime:ehhelpers.obj
 0001:0000a5c9       ?_CallMemberFunction0@@YGXQAX0@Z 1000b5c9 f i libvcruntime:ehhelpers.obj
 0001:0000a5d6       __IsExceptionObjectToBeDestroyed 1000b5d6 f   libvcruntime:ehhelpers.obj
 0001:0000a5fc       ___AdjustPointer           1000b5fc f   libvcruntime:ehhelpers.obj
 0001:0000a621       ___FrameUnwindFilter       1000b621 f   libvcruntime:ehhelpers.obj
 0001:0000a670       __global_unwind2           1000b670 f   libvcruntime:exsup.obj
 0001:0000a6d6       __local_unwind2            1000b6d6 f   libvcruntime:exsup.obj
 0001:0000a75a       __abnormal_termination     1000b75a f   libvcruntime:exsup.obj
 0001:0000a780       __NLG_Notify1              1000b780 f   libvcruntime:exsup.obj
 0001:0000a78c       __NLG_Notify               1000b78c f   libvcruntime:exsup.obj
 0001:0000a7a3       __NLG_Dispatch             1000b7a3     libvcruntime:exsup.obj
 0001:0000a7a3       __NLG_Dispatch2            1000b7a3     libvcruntime:exsup.obj
 0001:0000a7ab       __NLG_Call                 1000b7ab f   libvcruntime:exsup.obj
 0001:0000a7ad       __NLG_Return2              1000b7ad     libvcruntime:exsup.obj
 0001:0000a7b0       _memcpy                    1000b7b0 f   libvcruntime:memcpy.obj
 0001:0000ad24       ??$is_overflow_condition@K@__crt_strtox@@YA_NIK@Z 1000bd24 f i libucrt:strtox.obj
 0001:0000ad57       ??$make_c_string_character_source@DPAPAD@__crt_strtox@@YA?AV?$c_string_character_source@D@0@QBDQAPAD@Z 1000bd57 f i libucrt:strtox.obj
 0001:0000ad57       ??$make_c_string_character_source@_WPAPA_W@__crt_strtox@@YA?AV?$c_string_character_source@_W@0@QB_WQAPA_W@Z 1000bd57 f i libucrt:strtox.obj
 0001:0000ad72       ??$parse_integer@KV?$c_string_character_source@D@__crt_strtox@@@__crt_strtox@@YAKQAU__crt_locale_pointers@@V?$c_string_character_source@D@0@H_N@Z 1000bd72 f i libucrt:strtox.obj
 0001:0000af9a       ??$parse_integer@KV?$c_string_character_source@_W@__crt_strtox@@@__crt_strtox@@YAKQAU__crt_locale_pointers@@V?$c_string_character_source@_W@0@H_N@Z 1000bf9a f i libucrt:strtox.obj
 0001:0000b67f       ??0_LocaleUpdate@@QAE@QAU__crt_locale_pointers@@@Z 1000c67f f i libucrt:strtox.obj
 0001:0000b702       ?unget@?$c_string_character_source@D@__crt_strtox@@QAEXD@Z 1000c702 f i libucrt:strtox.obj
 0001:0000b72a       ?unget@?$c_string_character_source@_W@__crt_strtox@@QAEX_W@Z 1000c72a f i libucrt:strtox.obj
 0001:0000b756       ?validate@?$string_output_adapter@_W@__crt_stdio_output@@QBE_NXZ 1000c756 f i libucrt:output.obj
 0001:0000b756       ?validate@?$c_string_character_source@D@__crt_strtox@@QBE_NXZ 1000c756 f i libucrt:strtox.obj
 0001:0000b756       ?validate@?$string_output_adapter@D@__crt_stdio_output@@QBE_NXZ 1000c756 f i libucrt:output.obj
 0001:0000b756       ?validate@?$c_string_character_source@_W@__crt_strtox@@QBE_NXZ 1000c756 f i libucrt:strtox.obj
 0001:0000b771       __chvalidchk_l             1000c771 f i libucrt:strtox.obj
 0001:0000b79b       __ischartype_l             1000c79b f i libucrt:strtox.obj
 0001:0000b7ce       _strtol                    1000c7ce f   libucrt:strtox.obj
 0001:0000b7fa       _wcstol                    1000c7fa f   libucrt:strtox.obj
 0001:0000b826       _wcstoul                   1000c826 f   libucrt:strtox.obj
 0001:0000bb53       ??$count@D@formatting_buffer@__crt_stdio_output@@QBEIXZ 1000cb53 f i libucrt:output.obj
 0001:0000bb6b       ??$ensure_buffer_is_big_enough@D@formatting_buffer@__crt_stdio_output@@QAE_NI@Z 1000cb6b f i libucrt:output.obj
 0001:0000bbf1       ??$is_wide_character_specifier@D@__crt_stdio_output@@YA_N_KDW4length_modifier@0@@Z 1000cbf1 f i libucrt:output.obj
 0001:0000bc31       ??$is_wide_character_specifier@_W@__crt_stdio_output@@YA_N_K_WW4length_modifier@0@@Z 1000cc31 f i libucrt:output.obj
 0001:0000bc80       ??$scratch_data@D@formatting_buffer@__crt_stdio_output@@QAEPADXZ 1000cc80 f i libucrt:output.obj
 0001:0000bc9e       ??$type_case_integer_parse_into_buffer@I@?$output_processor@_WV?$string_output_adapter@_W@__crt_stdio_output@@V?$standard_base@_WV?$string_output_adapter@_W@__crt_stdio_output@@@2@@__crt_stdio_output@@AAEXII_N@Z 1000cc9e f i libucrt:output.obj
 0001:0000bc9e       ??$type_case_integer_parse_into_buffer@I@?$output_processor@DV?$string_output_adapter@D@__crt_stdio_output@@V?$standard_base@DV?$string_output_adapter@D@__crt_stdio_output@@@2@@__crt_stdio_output@@AAEXII_N@Z 1000cc9e f i libucrt:output.obj
 0001:0000bd13       ??$type_case_integer_parse_into_buffer@_K@?$output_processor@DV?$string_output_adapter@D@__crt_stdio_output@@V?$standard_base@DV?$string_output_adapter@D@__crt_stdio_output@@@2@@__crt_stdio_output@@AAEX_KI_N@Z 1000cd13 f i libucrt:output.obj
 0001:0000bd13       ??$type_case_integer_parse_into_buffer@_K@?$output_processor@_WV?$string_output_adapter@_W@__crt_stdio_output@@V?$standard_base@_WV?$string_output_adapter@_W@__crt_stdio_output@@@2@@__crt_stdio_output@@AAEX_KI_N@Z 1000cd13 f i libucrt:output.obj
 0001:0000bd9b       ??$write_multiple_characters@V?$string_output_adapter@D@__crt_stdio_output@@D@__crt_stdio_output@@YAXABV?$string_output_adapter@D@0@DHQAH@Z 1000cd9b f i libucrt:output.obj
 0001:0000bdc7       ??$write_multiple_characters@V?$string_output_adapter@_W@__crt_stdio_output@@D@__crt_stdio_output@@YAXABV?$string_output_adapter@_W@0@DHQAH@Z 1000cdc7 f i libucrt:output.obj
 0001:0000bdf8       ??0?$common_data@D@__crt_stdio_output@@IAE@XZ 1000cdf8 f i libucrt:output.obj
 0001:0000be3f       ??0?$common_data@_W@__crt_stdio_output@@IAE@XZ 1000ce3f f i libucrt:output.obj
 0001:0000be8b       ??0?$output_adapter_data@DV?$string_output_adapter@D@__crt_stdio_output@@@__crt_stdio_output@@IAE@ABV?$string_output_adapter@D@1@_KQBDQAU__crt_locale_pointers@@QAD@Z 1000ce8b f i libucrt:output.obj
 0001:0000bec7       ??0?$output_adapter_data@_WV?$string_output_adapter@_W@__crt_stdio_output@@@__crt_stdio_output@@IAE@ABV?$string_output_adapter@_W@1@_KQB_WQAU__crt_locale_pointers@@QAD@Z 1000cec7 f i libucrt:output.obj
 0001:0000bf03       ??0?$output_processor@DV?$string_output_adapter@D@__crt_stdio_output@@V?$standard_base@DV?$string_output_adapter@D@__crt_stdio_output@@@2@@__crt_stdio_output@@QAE@ABV?$string_output_adapter@D@1@_KQBDQAU__crt_locale_pointers@@QAD@Z 1000cf03 f i libucrt:output.obj
 0001:0000bf38       ??0?$output_processor@_WV?$string_output_adapter@_W@__crt_stdio_output@@V?$standard_base@_WV?$string_output_adapter@_W@__crt_stdio_output@@@2@@__crt_stdio_output@@QAE@ABV?$string_output_adapter@_W@1@_KQB_WQAU__crt_locale_pointers@@QAD@Z 1000cf38 f i libucrt:output.obj
 0001:0000bf6d       ??1formatting_buffer@__crt_stdio_output@@QAE@XZ 1000cf6d f i libucrt:output.obj
 0001:0000bf87       ??4?$__crt_unique_heap_ptr@DU__crt_internal_free_policy@@@@QAEAAV0@$$QAV0@@Z 1000cf87 f i libucrt:output.obj
 0001:0000bfab       ?crop_zeroes@__crt_stdio_output@@YAXPADQAU__crt_locale_pointers@@@Z 1000cfab f i libucrt:output.obj
 0001:0000c002       ?find_next_state@?$output_processor@DV?$string_output_adapter@D@__crt_stdio_output@@V?$standard_base@DV?$string_output_adapter@D@__crt_stdio_output@@@2@@__crt_stdio_output@@ABE?AW4state@2@DW432@@Z 1000d002 f i libucrt:output.obj
 0001:0000c034       ?find_next_state@?$output_processor@_WV?$string_output_adapter@_W@__crt_stdio_output@@V?$standard_base@_WV?$string_output_adapter@_W@__crt_stdio_output@@@2@@__crt_stdio_output@@ABE?AW4state@2@_WW432@@Z 1000d034 f i libucrt:output.obj
 0001:0000c068       ?force_decimal_point@__crt_stdio_output@@YAXPADQAU__crt_locale_pointers@@@Z 1000d068 f i libucrt:output.obj
 0001:0000c0c4       ?parse_int_from_format_string@?$output_processor@DV?$string_output_adapter@D@__crt_stdio_output@@V?$standard_base@DV?$string_output_adapter@D@__crt_stdio_output@@@2@@__crt_stdio_output@@AAE_NQAH@Z 1000d0c4 f i libucrt:output.obj
 0001:0000c120       ?parse_int_from_format_string@?$output_processor@_WV?$string_output_adapter@_W@__crt_stdio_output@@V?$standard_base@_WV?$string_output_adapter@_W@__crt_stdio_output@@@2@@__crt_stdio_output@@AAE_NQAH@Z 1000d120 f i libucrt:output.obj
 0001:0000c17e       ?process@?$output_processor@DV?$string_output_adapter@D@__crt_stdio_output@@V?$standard_base@DV?$string_output_adapter@D@__crt_stdio_output@@@2@@__crt_stdio_output@@QAEHXZ 1000d17e f i libucrt:output.obj
 0001:0000c29a       ?process@?$output_processor@_WV?$string_output_adapter@_W@__crt_stdio_output@@V?$standard_base@_WV?$string_output_adapter@_W@__crt_stdio_output@@@2@@__crt_stdio_output@@QAEHXZ 1000d29a f i libucrt:output.obj
 0001:0000c3ba       ?state_case_flag@?$output_processor@DV?$string_output_adapter@D@__crt_stdio_output@@V?$standard_base@DV?$string_output_adapter@D@__crt_stdio_output@@@2@@__crt_stdio_output@@AAE_NXZ 1000d3ba f i libucrt:output.obj
 0001:0000c3f7       ?state_case_flag@?$output_processor@_WV?$string_output_adapter@_W@__crt_stdio_output@@V?$standard_base@_WV?$string_output_adapter@_W@__crt_stdio_output@@@2@@__crt_stdio_output@@AAE_NXZ 1000d3f7 f i libucrt:output.obj
 0001:0000c434       ?state_case_normal@?$output_processor@DV?$string_output_adapter@D@__crt_stdio_output@@V?$standard_base@DV?$string_output_adapter@D@__crt_stdio_output@@@2@@__crt_stdio_output@@AAE_NXZ 1000d434 f i libucrt:output.obj
 0001:0000c453       ?state_case_normal@?$output_processor@_WV?$string_output_adapter@_W@__crt_stdio_output@@V?$standard_base@_WV?$string_output_adapter@_W@__crt_stdio_output@@@2@@__crt_stdio_output@@AAE_NXZ 1000d453 f i libucrt:output.obj
 0001:0000c472       ?state_case_normal_common@?$output_processor@DV?$string_output_adapter@D@__crt_stdio_output@@V?$standard_base@DV?$string_output_adapter@D@__crt_stdio_output@@@2@@__crt_stdio_output@@AAE_NXZ 1000d472 f i libucrt:output.obj
 0001:0000c49c       ?state_case_normal_common@?$output_processor@_WV?$string_output_adapter@_W@__crt_stdio_output@@V?$standard_base@_WV?$string_output_adapter@_W@__crt_stdio_output@@@2@@__crt_stdio_output@@AAE_NXZ 1000d49c f i libucrt:output.obj
 0001:0000c4b7       ?state_case_normal_tchar@?$output_processor@DV?$string_output_adapter@D@__crt_stdio_output@@V?$standard_base@DV?$string_output_adapter@D@__crt_stdio_output@@@2@@__crt_stdio_output@@AAE_ND@Z 1000d4b7 f i libucrt:output.obj
 0001:0000c518       ?state_case_precision@?$output_processor@DV?$string_output_adapter@D@__crt_stdio_output@@V?$standard_base@DV?$string_output_adapter@D@__crt_stdio_output@@@2@@__crt_stdio_output@@AAE_NXZ 1000d518 f i libucrt:output.obj
 0001:0000c540       ?state_case_precision@?$output_processor@_WV?$string_output_adapter@_W@__crt_stdio_output@@V?$standard_base@_WV?$string_output_adapter@_W@__crt_stdio_output@@@2@@__crt_stdio_output@@AAE_NXZ 1000d540 f i libucrt:output.obj
 0001:0000c569       ?state_case_size@?$output_processor@DV?$string_output_adapter@D@__crt_stdio_output@@V?$standard_base@DV?$string_output_adapter@D@__crt_stdio_output@@@2@@__crt_stdio_output@@AAE_NXZ 1000d569 f i libucrt:output.obj
 0001:0000c6d2       ?state_case_size@?$output_processor@_WV?$string_output_adapter@_W@__crt_stdio_output@@V?$standard_base@_WV?$string_output_adapter@_W@__crt_stdio_output@@@2@@__crt_stdio_output@@AAE_NXZ 1000d6d2 f i libucrt:output.obj
 0001:0000c84e       ?state_case_type@?$output_processor@DV?$string_output_adapter@D@__crt_stdio_output@@V?$standard_base@DV?$string_output_adapter@D@__crt_stdio_output@@@2@@__crt_stdio_output@@AAE_NXZ 1000d84e f i libucrt:output.obj
 0001:0000ca7d       ?state_case_type@?$output_processor@_WV?$string_output_adapter@_W@__crt_stdio_output@@V?$standard_base@_WV?$string_output_adapter@_W@__crt_stdio_output@@@2@@__crt_stdio_output@@AAE_NXZ 1000da7d f i libucrt:output.obj
 0001:0000ccda       ?state_case_width@?$output_processor@DV?$string_output_adapter@D@__crt_stdio_output@@V?$standard_base@DV?$string_output_adapter@D@__crt_stdio_output@@@2@@__crt_stdio_output@@AAE_NXZ 1000dcda f i libucrt:output.obj
 0001:0000cd05       ?state_case_width@?$output_processor@_WV?$string_output_adapter@_W@__crt_stdio_output@@V?$standard_base@_WV?$string_output_adapter@_W@__crt_stdio_output@@@2@@__crt_stdio_output@@AAE_NXZ 1000dd05 f i libucrt:output.obj
 0001:0000cd31       ?to_integer_size@__crt_stdio_output@@YAIW4length_modifier@1@@Z 1000dd31 f i libucrt:output.obj
 0001:0000cd8d       ?type_case_Z@?$output_processor@DV?$string_output_adapter@D@__crt_stdio_output@@V?$standard_base@DV?$string_output_adapter@D@__crt_stdio_output@@@2@@__crt_stdio_output@@AAE_NXZ 1000dd8d f i libucrt:output.obj
 0001:0000cdf0       ?type_case_Z@?$output_processor@_WV?$string_output_adapter@_W@__crt_stdio_output@@V?$standard_base@_WV?$string_output_adapter@_W@__crt_stdio_output@@@2@@__crt_stdio_output@@AAE_NXZ 1000ddf0 f i libucrt:output.obj
 0001:0000ce53       ?type_case_a@?$output_processor@DV?$string_output_adapter@D@__crt_stdio_output@@V?$standard_base@DV?$string_output_adapter@D@__crt_stdio_output@@@2@@__crt_stdio_output@@AAE_NXZ 1000de53 f i libucrt:output.obj
 0001:0000cfad       ?type_case_a@?$output_processor@_WV?$string_output_adapter@_W@__crt_stdio_output@@V?$standard_base@_WV?$string_output_adapter@_W@__crt_stdio_output@@@2@@__crt_stdio_output@@AAE_NXZ 1000dfad f i libucrt:output.obj
 0001:0000d11f       ?type_case_c_tchar@?$output_processor@DV?$string_output_adapter@D@__crt_stdio_output@@V?$standard_base@DV?$string_output_adapter@D@__crt_stdio_output@@@2@@__crt_stdio_output@@AAE_ND@Z 1000e11f f i libucrt:output.obj
 0001:0000d1af       ?type_case_c_tchar@?$output_processor@_WV?$string_output_adapter@_W@__crt_stdio_output@@V?$standard_base@_WV?$string_output_adapter@_W@__crt_stdio_output@@@2@@__crt_stdio_output@@AAE_N_W@Z 1000e1af f i libucrt:output.obj
 0001:0000d247       ?type_case_integer@?$output_processor@DV?$string_output_adapter@D@__crt_stdio_output@@V?$standard_base@DV?$string_output_adapter@D@__crt_stdio_output@@@2@@__crt_stdio_output@@AAE_NI_N@Z 1000e247 f i libucrt:output.obj
 0001:0000d247       ?type_case_integer@?$output_processor@_WV?$string_output_adapter@_W@__crt_stdio_output@@V?$standard_base@_WV?$string_output_adapter@_W@__crt_stdio_output@@@2@@__crt_stdio_output@@AAE_NI_N@Z 1000e247 f i libucrt:output.obj
 0001:0000d391       ?type_case_n@?$output_processor@_WV?$string_output_adapter@_W@__crt_stdio_output@@V?$standard_base@_WV?$string_output_adapter@_W@__crt_stdio_output@@@2@@__crt_stdio_output@@AAE_NXZ 1000e391 f i libucrt:output.obj
 0001:0000d391       ?type_case_n@?$output_processor@DV?$string_output_adapter@D@__crt_stdio_output@@V?$standard_base@DV?$string_output_adapter@D@__crt_stdio_output@@@2@@__crt_stdio_output@@AAE_NXZ 1000e391 f i libucrt:output.obj
 0001:0000d405       ?type_case_o@?$output_processor@DV?$string_output_adapter@D@__crt_stdio_output@@V?$standard_base@DV?$string_output_adapter@D@__crt_stdio_output@@@2@@__crt_stdio_output@@AAE_NXZ 1000e405 f i libucrt:output.obj
 0001:0000d405       ?type_case_o@?$output_processor@_WV?$string_output_adapter@_W@__crt_stdio_output@@V?$standard_base@_WV?$string_output_adapter@_W@__crt_stdio_output@@@2@@__crt_stdio_output@@AAE_NXZ 1000e405 f i libucrt:output.obj
 0001:0000d424       ?type_case_p@?$output_processor@_WV?$string_output_adapter@_W@__crt_stdio_output@@V?$standard_base@_WV?$string_output_adapter@_W@__crt_stdio_output@@@2@@__crt_stdio_output@@AAE_NXZ 1000e424 f i libucrt:output.obj
 0001:0000d424       ?type_case_p@?$output_processor@DV?$string_output_adapter@D@__crt_stdio_output@@V?$standard_base@DV?$string_output_adapter@D@__crt_stdio_output@@@2@@__crt_stdio_output@@AAE_NXZ 1000e424 f i libucrt:output.obj
 0001:0000d43c       ?type_case_s@?$output_processor@DV?$string_output_adapter@D@__crt_stdio_output@@V?$standard_base@DV?$string_output_adapter@D@__crt_stdio_output@@@2@@__crt_stdio_output@@AAE_NXZ 1000e43c f i libucrt:output.obj
 0001:0000d4af       ?type_case_s@?$output_processor@_WV?$string_output_adapter@_W@__crt_stdio_output@@V?$standard_base@_WV?$string_output_adapter@_W@__crt_stdio_output@@@2@@__crt_stdio_output@@AAE_NXZ 1000e4af f i libucrt:output.obj
 0001:0000d523       ?type_case_s_compute_narrow_string_length@?$output_processor@_WV?$string_output_adapter@_W@__crt_stdio_output@@V?$standard_base@_WV?$string_output_adapter@_W@__crt_stdio_output@@@2@@__crt_stdio_output@@ABEHH_W@Z 1000e523 f i libucrt:output.obj
 0001:0000d563       ?write_character@?$string_output_adapter@D@__crt_stdio_output@@QBE_NDQAH@Z 1000e563 f i libucrt:output.obj
 0001:0000d5a5       ?write_character@?$string_output_adapter@_W@__crt_stdio_output@@QBE_N_WQAH@Z 1000e5a5 f i libucrt:output.obj
 0001:0000d5ea       ?write_stored_string_tchar@?$output_processor@DV?$string_output_adapter@D@__crt_stdio_output@@V?$standard_base@DV?$string_output_adapter@D@__crt_stdio_output@@@2@@__crt_stdio_output@@AAE_ND@Z 1000e5ea f i libucrt:output.obj
 0001:0000d691       ?write_stored_string_tchar@?$output_processor@_WV?$string_output_adapter@_W@__crt_stdio_output@@V?$standard_base@_WV?$string_output_adapter@_W@__crt_stdio_output@@@2@@__crt_stdio_output@@AAE_N_W@Z 1000e691 f i libucrt:output.obj
 0001:0000d71c       ?write_string@?$string_output_adapter@D@__crt_stdio_output@@QBEXQBDHQAH1@Z 1000e71c f i libucrt:output.obj
 0001:0000d7af       ?write_string@?$string_output_adapter@_W@__crt_stdio_output@@QBEXQB_WHQAH1@Z 1000e7af f i libucrt:output.obj
 0001:0000d849       ___stdio_common_vsprintf   1000e849 f   libucrt:output.obj
 0001:0000d86d       ___stdio_common_vswprintf  1000e86d f   libucrt:output.obj
 0001:0000d891       _wcsncmp                   1000e891 f   libucrt:wcsncmp.obj
 0001:0000d8cb       ?initialize@?$dual_state_global@P6AHI@Z@__crt_state_management@@QAEXQ6AHI@Z@Z 1000e8cb f i libucrt:new_handler.obj
 0001:0000d8cb       ?initialize@?$dual_state_global@P6AXPB_W00II@Z@__crt_state_management@@QAEXQ6AXPB_W00II@Z@Z 1000e8cb f i libucrt:invalid_parameter.obj
 0001:0000d8cb       ?initialize@?$dual_state_global@PAU__crt_locale_data@@@__crt_state_management@@QAEXQAU__crt_locale_data@@@Z 1000e8cb f i libucrt:initialization.obj
 0001:0000d8cb       ?initialize@?$dual_state_global@P6AXH@Z@__crt_state_management@@QAEXQ6AXH@Z@Z 1000e8cb f i libucrt:signal.obj
 0001:0000d8cb       ?initialize@?$dual_state_global@PAPAD@__crt_state_management@@QAEXQAPAD@Z 1000e8cb f i libucrt:environment_initialization.obj
 0001:0000d8cb       ?initialize@?$dual_state_global@P6AHPAU_exception@@@Z@__crt_state_management@@QAEXQ6AHPAU_exception@@@Z@Z 1000e8cb f i libucrt:matherr.obj
 0001:0000d8fc       ___acrt_call_reportfault   1000e8fc f   libucrt:invalid_parameter.obj
 0001:0000da37       ___acrt_initialize_invalid_parameter_handler 1000ea37 f   libucrt:invalid_parameter.obj
 0001:0000da4b       __invalid_parameter        1000ea4b f   libucrt:invalid_parameter.obj
 0001:0000dac6       __invalid_parameter_noinfo 1000eac6 f   libucrt:invalid_parameter.obj
 0001:0000dad6       __invoke_watson            1000ead6 f   libucrt:invalid_parameter.obj
 0001:0000db09       __initterm                 1000eb09 f   libucrt:initterm.obj
 0001:0000db65       __initterm_e               1000eb65 f   libucrt:initterm.obj
 0001:0000dbaa       __seh_filter_dll           1000ebaa f   libucrt:exception_filter.obj
 0001:0000dbca       __seh_filter_exe           1000ebca f   libucrt:exception_filter.obj
 0001:0000df58       ___acrt_initialize_thread_local_exit_callback 1000ef58 f   libucrt:exit.obj
 0001:0000df67       __cexit                    1000ef67 f   libucrt:exit.obj
 0001:0000df76       __exit                     1000ef76 f   libucrt:exit.obj
 0001:0000df8c       __is_c_termination_complete 1000ef8c f   libucrt:exit.obj
 0001:0000e22b       ___acrt_allocate_buffer_for_argv 1000f22b f   libucrt:argv_parsing.obj
 0001:0000e280       __configure_narrow_argv    1000f280 f   libucrt:argv_parsing.obj
 0001:0000e3e4       ??$uninitialize@A6AXAAPAPAD@Z@?$dual_state_global@PAPAD@__crt_state_management@@QAEXA6AXAAPAPAD@Z@Z 1000f3e4 f i libucrt:environment_initialization.obj
 0001:0000e3e4       ??$uninitialize@A6AXAAPAPA_W@Z@?$dual_state_global@PAPA_W@__crt_state_management@@QAEXA6AXAAPAPA_W@Z@Z 1000f3e4 f i libucrt:environment_initialization.obj
 0001:0000e45a       ___dcrt_uninitialize_environments_nolock 1000f45a f   libucrt:environment_initialization.obj
 0001:0000e491       __initialize_narrow_environment 1000f491 f   libucrt:environment_initialization.obj
 0001:0000e496       ??$?RV<lambda_800076c951b434888f4765a74a194fcc>@@AAV<lambda_4e60a939b0d047cfe11ddc22648dfba9>@@V<lambda_6dbb1268764f43b569ce7b67e331d33a>@@@?$__crt_seh_guarded_call@H@@QAEH$$QAV<lambda_800076c951b434888f4765a74a194fcc>@@AAV<lambda_4e60a939b0d047cfe11ddc22648dfba9>@@$$QAV<lambda_6dbb1268764f43b569ce7b67e331d33a>@@@Z 1000f496 f i libucrt:onexit.obj
 0001:0000e4e7       ??$?RV<lambda_995298e7d72eb4c2aab26c0585b3abe5>@@AAV<lambda_275893d493268fdec8709772e3fcec0e>@@V<lambda_293819299cbf9a7022e18b56a874bb5c>@@@?$__crt_seh_guarded_call@H@@QAEH$$QAV<lambda_995298e7d72eb4c2aab26c0585b3abe5>@@AAV<lambda_275893d493268fdec8709772e3fcec0e>@@$$QAV<lambda_293819299cbf9a7022e18b56a874bb5c>@@@Z 1000f4e7 f i libucrt:onexit.obj
 0001:0000e538       ??$__acrt_lock_and_call@V<lambda_275893d493268fdec8709772e3fcec0e>@@@@YAHW4__acrt_lock_id@@$$QAV<lambda_275893d493268fdec8709772e3fcec0e>@@@Z 1000f538 f i libucrt:onexit.obj
 0001:0000e560       ??$__acrt_lock_and_call@V<lambda_4e60a939b0d047cfe11ddc22648dfba9>@@@@YAHW4__acrt_lock_id@@$$QAV<lambda_4e60a939b0d047cfe11ddc22648dfba9>@@@Z 1000f560 f i libucrt:onexit.obj
 0001:0000e588       ??$__crt_fast_encode_pointer@P6AHXZ@@YAP6AHXZQ6AHXZ@Z 1000f588 f i libucrt:onexit.obj
 0001:0000e808       __crt_atexit               1000f808 f   libucrt:onexit.obj
 0001:0000e81e       __execute_onexit_table     1000f81e f   libucrt:onexit.obj
 0001:0000e83b       __initialize_onexit_table  1000f83b f   libucrt:onexit.obj
 0001:0000e878       __register_onexit_function 1000f878 f   libucrt:onexit.obj
 0001:0000e8c8       ___acrt_uninitialize_command_line 1000f8c8 f   libucrt:argv_data.obj
 0001:0000e990       ___acrt_initialize         1000f990 f   libucrt:initialization.obj
 0001:0000e9a2       ___acrt_thread_attach      1000f9a2 f   libucrt:initialization.obj
 0001:0000e9ad       ___acrt_thread_detach      1000f9ad f   libucrt:initialization.obj
 0001:0000e9b5       ___acrt_uninitialize       1000f9b5 f   libucrt:initialization.obj
 0001:0000e9c7       ___acrt_uninitialize_critical 1000f9c7 f   libucrt:initialization.obj
 0001:0000e9d9       _terminate                 1000f9d9 f   libucrt:terminate.obj
 0001:0000ea15       _free                      1000fa15 f   libucrt:free.obj
 0001:0000ea1a       _malloc                    1000fa1a f   libucrt:malloc.obj
 0001:0000ea25       _strcpy_s                  1000fa25 f   libucrt:strcpy_s.obj
 0001:0000ea7f       _abort                     1000fa7f f   libucrt:abort.obj
 0001:0000eac2       _calloc                    1000fac2 f   libucrt:calloc.obj
 0001:0000ead0       _strncmp                   1000fad0 f   libucrt:strncmp.obj
 0001:0000eb48       ___acrt_errno_from_os_error 1000fb48 f   libucrt:errno.obj
 0001:0000eb8b       ___acrt_errno_map_os_error 1000fb8b f   libucrt:errno.obj
 0001:0000ebae       ___doserrno                1000fbae f   libucrt:errno.obj
 0001:0000ebc1       __errno                    1000fbc1 f   libucrt:errno.obj
 0001:0000ebd4       ___pctype_func             1000fbd4 f   libucrt:ctype.obj
 0001:0000ebfa       _iswctype                  1000fbfa f   libucrt:iswctype.obj
 0001:0000ec59       __isctype_l                1000fc59 f   libucrt:isctype.obj
 0001:0000ed2b       ??$?RV<lambda_3518db117f0e7cdb002338c5d3c47b6c>@@AAV<lambda_b2ea41f6bbb362cd97d94c6828d90b61>@@V<lambda_abdedf541bb04549bc734292b4a045d4>@@@?$__crt_seh_guarded_call@X@@QAEX$$QAV<lambda_3518db117f0e7cdb002338c5d3c47b6c>@@AAV<lambda_b2ea41f6bbb362cd97d94c6828d90b61>@@$$QAV<lambda_abdedf541bb04549bc734292b4a045d4>@@@Z 1000fd2b f i libucrt:per_thread_data.obj
 0001:0000ed7b       ??$?RV<lambda_51b6e8b1eb166f2a3faf91f424b38130>@@AAV<lambda_6250bd4b2a391816dd638c3bf72b0bcb>@@V<lambda_0b5a4a3e68152e1d9b943535f5f47bed>@@@?$__crt_seh_guarded_call@X@@QAEX$$QAV<lambda_51b6e8b1eb166f2a3faf91f424b38130>@@AAV<lambda_6250bd4b2a391816dd638c3bf72b0bcb>@@$$QAV<lambda_0b5a4a3e68152e1d9b943535f5f47bed>@@@Z 1000fd7b f i libucrt:per_thread_data.obj
 0001:0000eddc       ??$?RV<lambda_5b71d36f03204c0beab531769a5b5694>@@AAV<lambda_be2b3da3f62db62e9dad5dc70221a656>@@V<lambda_8f9ce462984622f9bf76b59e2aaaf805>@@@?$__crt_seh_guarded_call@X@@QAEX$$QAV<lambda_5b71d36f03204c0beab531769a5b5694>@@AAV<lambda_be2b3da3f62db62e9dad5dc70221a656>@@$$QAV<lambda_8f9ce462984622f9bf76b59e2aaaf805>@@@Z 1000fddc f i libucrt:per_thread_data.obj
 0001:0000ee27       ??$?RV<lambda_9df27f884b057bc3edfc946cb5b7cf47>@@AAV<lambda_e69574bed617af4e071282c136b37893>@@V<lambda_cc0d902bcbbeb830f749456577db4721>@@@?$__crt_seh_guarded_call@X@@QAEX$$QAV<lambda_9df27f884b057bc3edfc946cb5b7cf47>@@AAV<lambda_e69574bed617af4e071282c136b37893>@@$$QAV<lambda_cc0d902bcbbeb830f749456577db4721>@@@Z 1000fe27 f i libucrt:per_thread_data.obj
 0001:0000ee6f       ??$__acrt_lock_and_call@V<lambda_6250bd4b2a391816dd638c3bf72b0bcb>@@@@YAXW4__acrt_lock_id@@$$QAV<lambda_6250bd4b2a391816dd638c3bf72b0bcb>@@@Z 1000fe6f f i libucrt:per_thread_data.obj
 0001:0000ee97       ??$__acrt_lock_and_call@V<lambda_b2ea41f6bbb362cd97d94c6828d90b61>@@@@YAXW4__acrt_lock_id@@$$QAV<lambda_b2ea41f6bbb362cd97d94c6828d90b61>@@@Z 1000fe97 f i libucrt:per_thread_data.obj
 0001:0000eebf       ??$__acrt_lock_and_call@V<lambda_be2b3da3f62db62e9dad5dc70221a656>@@@@YAXW4__acrt_lock_id@@$$QAV<lambda_be2b3da3f62db62e9dad5dc70221a656>@@@Z 1000febf f i libucrt:per_thread_data.obj
 0001:0000eee7       ??$__acrt_lock_and_call@V<lambda_e69574bed617af4e071282c136b37893>@@@@YAXW4__acrt_lock_id@@$$QAV<lambda_e69574bed617af4e071282c136b37893>@@@Z 1000fee7 f i libucrt:per_thread_data.obj
 0001:0000f09d       ___acrt_freeptd            1001009d f   libucrt:per_thread_data.obj
 0001:0000f0c9       ___acrt_getptd             100100c9 f   libucrt:per_thread_data.obj
 0001:0000f14d       ___acrt_getptd_noexit      1001014d f   libucrt:per_thread_data.obj
 0001:0000f1d2       ___acrt_initialize_ptd     100101d2 f   libucrt:per_thread_data.obj
 0001:0000f1fe       ___acrt_uninitialize_ptd   100101fe f   libucrt:per_thread_data.obj
 0001:0000f218       ___acrt_update_locale_info 10010218 f   libucrt:locale_update.obj
 0001:0000f245       ___acrt_update_multibyte_info 10010245 f   libucrt:locale_update.obj
 0001:0000f272       ___acrt_set_locale_changed 10010272 f   libucrt:wsetlocale.obj
 0001:0000f27d       ___acrt_uninitialize_locale 1001027d f   libucrt:wsetlocale.obj
 0001:0000f2cf       __isdigit_l                100102cf f i libucrt:_ctype.obj
 0001:0000f307       _isdigit                   10010307 f i libucrt:_ctype.obj
 0001:0000f49b       __tolower_l                1001049b f   libucrt:tolower_toupper.obj
 0001:0000f4b5       _tolower                   100104b5 f   libucrt:tolower_toupper.obj
 0001:0000f4e5       __free_base                100104e5 f   libucrt:free_base.obj
 0001:0000f51f       __malloc_base              1001051f f   libucrt:malloc_base.obj
 0001:0000f56d       __mbtowc_l                 1001056d f   libucrt:mbtowc.obj
 0001:0000f667       _mbtowc                    10010667 f   libucrt:mbtowc.obj
 0001:0000f681       __wctomb_s_l               10010681 f   libucrt:wctomb.obj
 0001:0000f7a2       _wctomb_s                  100107a2 f   libucrt:wctomb.obj
 0001:0000f7bf       _strnlen                   100107bf f   libucrt:strnlen.obj
 0001:0000f8e6       _wcsnlen                   100108e6 f   libucrt:strnlen.obj
 0001:0000fa9d       ?__acrt_fp_classify@@YA?AW4__acrt_fp_class@@ABN@Z 10010a9d f i libucrt:cvt.obj
 0001:0000fb09       ?__acrt_fp_is_negative@@YA_NABN@Z 10010b09 f i libucrt:cvt.obj
 0001:00010368       ___acrt_fp_format          10011368 f   libucrt:cvt.obj
 0001:000104b2       __fileno                   100114b2 f   libucrt:fileno.obj
 0001:000104d8       ___acrt_initialize_stdio   100114d8 f   libucrt:_file.obj
 0001:000105a0       ___acrt_uninitialize_stdio 100115a0 f   libucrt:_file.obj
 0001:000105ec       __lock_file                100115ec f   libucrt:_file.obj
 0001:00010600       __unlock_file              10011600 f   libucrt:_file.obj
 0001:00010614       __get_printf_count_output  10011614 f   libucrt:printf_count_output.obj
 0001:00010795       ___acrt_initialize_lowio   10011795 f   libucrt:ioinit.obj
 0001:000107eb       ___acrt_uninitialize_lowio 100117eb f   libucrt:ioinit.obj
 0001:00010817       ___acrt_initialize_locks   10011817 f   libucrt:locks.obj
 0001:00010858       ___acrt_lock               10011858 f   libucrt:locks.obj
 0001:0001086f       ___acrt_uninitialize_locks 1001186f f   libucrt:locks.obj
 0001:000108a0       ___acrt_unlock             100118a0 f   libucrt:locks.obj
 0001:000109ce       ___acrt_FlsAlloc@4         100119ce f   libucrt:winapi_thunks.obj
 0001:00010a24       ___acrt_FlsFree@4          10011a24 f   libucrt:winapi_thunks.obj
 0001:00010a7a       ___acrt_FlsGetValue@4      10011a7a f   libucrt:winapi_thunks.obj
 0001:00010ad0       ___acrt_FlsSetValue@8      10011ad0 f   libucrt:winapi_thunks.obj
 0001:00010b29       ___acrt_InitializeCriticalSectionEx@12 10011b29 f   libucrt:winapi_thunks.obj
 0001:00010b8b       ___acrt_LCMapStringEx@36   10011b8b f   libucrt:winapi_thunks.obj
 0001:00010c13       ___acrt_LocaleNameToLCID@8 10011c13 f   libucrt:winapi_thunks.obj
 0001:00010c6f       ___acrt_initialize_winapi_thunks 10011c6f f   libucrt:winapi_thunks.obj
 0001:00010c95       ___acrt_is_packaged_app    10011c95 f   libucrt:winapi_thunks.obj
 0001:00010d1c       ___acrt_uninitialize_winapi_thunks 10011d1c f   libucrt:winapi_thunks.obj
 0001:00010d52       __calloc_base              10011d52 f   libucrt:calloc_base.obj
 0001:00011171       ??1?$argument_list@D@?A0xb0e4b824@@QAE@XZ 10012171 f i libucrt:argv_wildcards.obj
 0001:00011196       ?append@?$argument_list@D@?A0xb0e4b824@@QAEHQAD@Z 10012196 f i libucrt:argv_wildcards.obj
 0001:000111cb       ?expand_if_necessary@?$argument_list@D@?A0xb0e4b824@@AAEHXZ 100121cb f i libucrt:argv_wildcards.obj
 0001:00011252       ___acrt_expand_narrow_argv_wildcards 10012252 f   libucrt:argv_wildcards.obj
 0001:0001125d       ??$?RV<lambda_978dc153c237d78434369da87b74ff60>@@AAV<lambda_ad1ced32f4ac17aa236e5ef05d6b3b7c>@@V<lambda_4a8533e2866a575feecb8298ce776b0d>@@@?$__crt_seh_guarded_call@X@@QAEX$$QAV<lambda_978dc153c237d78434369da87b74ff60>@@AAV<lambda_ad1ced32f4ac17aa236e5ef05d6b3b7c>@@$$QAV<lambda_4a8533e2866a575feecb8298ce776b0d>@@@Z 1001225d f i libucrt:mbctype.obj
 0001:000112a0       ??$__acrt_lock_and_call@V<lambda_ad1ced32f4ac17aa236e5ef05d6b3b7c>@@@@YAXW4__acrt_lock_id@@$$QAV<lambda_ad1ced32f4ac17aa236e5ef05d6b3b7c>@@@Z 100122a0 f i libucrt:mbctype.obj
 0001:00011737       ___acrt_initialize_multibyte 10012737 f   libucrt:mbctype.obj
 0001:00011755       ___acrt_update_thread_multibyte_data 10012755 f   libucrt:mbctype.obj
 0001:000117f7       __setmbcp_nolock           100127f7 f   libucrt:mbctype.obj
 0001:00011ac2       __ismbblead                10012ac2 f   libucrt:ismbbyte.obj
 0001:00011ada       ___acrt_initialize_command_line 10012ada f   libucrt:argv_data.obj
 0001:00011b2a       ___dcrt_get_narrow_environment_from_os 10012b2a f   libucrt:get_environment_from_os.obj
 0001:00011bad       __recalloc                 10012bad f   libucrt:recalloc.obj
 0001:00011bb8       __recalloc_base            10012bb8 f   libucrt:recalloc.obj
 0001:00011c25       ___acrt_initialize_heap    10012c25 f   libucrt:heap_handle.obj
 0001:00011c36       ___acrt_uninitialize_heap  10012c36 f   libucrt:heap_handle.obj
 0001:00011c40       ___acrt_execute_initializers 10012c40 f   libucrt:shared_initialization.obj
 0001:00011cc3       ___acrt_execute_uninitializers 10012cc3 f   libucrt:shared_initialization.obj
 0001:00011d10       ___acrt_initialize_new_handler 10012d10 f   libucrt:new_handler.obj
 0001:00011d24       __callnewh                 10012d24 f   libucrt:new_handler.obj
 0001:00011d68       __query_new_handler        10012d68 f   libucrt:new_handler.obj
 0001:00011dba       ??$?RV<lambda_a048d3beccc847880fc8490e18b82769>@@AAV<lambda_ec61778202f4f5fc7e7711acc23c3bca>@@V<lambda_f7496a158712204296dd6628a163878e>@@@?$__crt_seh_guarded_call@P6AXH@Z@@QAEP6AXH@Z$$QAV<lambda_a048d3beccc847880fc8490e18b82769>@@AAV<lambda_ec61778202f4f5fc7e7711acc23c3bca>@@$$QAV<lambda_f7496a158712204296dd6628a163878e>@@@Z 10012dba f i libucrt:signal.obj
 0001:00011e14       ??$__acrt_lock_and_call@V<lambda_ec61778202f4f5fc7e7711acc23c3bca>@@@@YAP6AXH@ZW4__acrt_lock_id@@$$QAV<lambda_ec61778202f4f5fc7e7711acc23c3bca>@@@Z 10012e14 f i libucrt:signal.obj
 0001:00011ea6       ___acrt_get_sigabrt_handler 10012ea6 f   libucrt:signal.obj
 0001:00011ebd       ___acrt_initialize_signal_handlers 10012ebd f   libucrt:signal.obj
 0001:00011ef8       ___fpecode                 10012ef8 f   libucrt:signal.obj
 0001:00011f01       _raise                     10012f01 f   libucrt:signal.obj
 0001:00012109       ___acrt_has_user_matherr   10013109 f   libucrt:matherr.obj
 0001:00012122       ___acrt_initialize_user_matherr 10013122 f   libucrt:matherr.obj
 0001:00012136       ___acrt_invoke_user_matherr 10013136 f   libucrt:matherr.obj
 0001:0001217f       __isleadbyte_l             1001317f f i libucrt:_wctype.obj
 0001:000121b8       ___acrt_GetStringTypeA     100131b8 f   libucrt:getstringtypea.obj
 0001:000122d5       __freea_crt                100132d5 f i libucrt:getstringtypea.obj
 0001:000122f5       ___acrt_add_locale_ref     100132f5 f   libucrt:locale_refcounting.obj
 0001:00012372       ___acrt_free_locale        10013372 f   libucrt:locale_refcounting.obj
 0001:000124bc       ___acrt_locale_add_lc_time_reference 100134bc f   libucrt:locale_refcounting.obj
 0001:000124e5       ___acrt_locale_free_lc_time_if_unreferenced 100134e5 f   libucrt:locale_refcounting.obj
 0001:00012515       ___acrt_locale_release_lc_time_reference 10013515 f   libucrt:locale_refcounting.obj
 0001:0001253e       ___acrt_release_locale_ref 1001353e f   libucrt:locale_refcounting.obj
 0001:000125bf       ___acrt_update_thread_locale_data 100135bf f   libucrt:locale_refcounting.obj
 0001:00012636       __updatetlocinfoEx_nolock  10013636 f   libucrt:locale_refcounting.obj
 0001:00012686       ___acrt_locale_free_monetary 10013686 f   libucrt:initmon.obj
 0001:00012784       ___acrt_locale_free_numeric 10013784 f   libucrt:initnum.obj
 0001:00012829       ___acrt_locale_free_time   10013829 f   libucrt:inittime.obj
 0001:00012b2a       ___acrt_LCMapStringA       10013b2a f   libucrt:lcmapstringa.obj
 0001:00012b75       __query_new_mode           10013b75 f   libucrt:new_mode.obj
 0001:00012b7b       ___acrt_fp_strflt_to_string 10013b7b f   libucrt:_fptostr.obj
 0001:00012c37       ??0scoped_fp_state_reset@?A0x48fbfdd4@@QAE@XZ 10013c37 f i libucrt:cfout.obj
 0001:00012c70       ?divide@__crt_strtox@@YA_KAAUbig_integer@1@ABU21@@Z 10013c70 f i libucrt:cfout.obj
 0001:0001311e       ___acrt_fltout             1001411e f   libucrt:cfout.obj
 0001:000144ba       __fcloseall                100154ba f   libucrt:closeall.obj
 0001:0001455a       ___acrt_stdio_flush_nolock 1001555a f   libucrt:fflush.obj
 0001:000145c0       __fflush_nolock            100155c0 f   libucrt:fflush.obj
 0001:00014607       __flushall                 10015607 f   libucrt:fflush.obj
 0001:000146e8       ___acrt_stdio_free_buffer_nolock 100156e8 f   libucrt:_freebuf.obj
 0001:00014726       __isatty                   10015726 f   libucrt:isatty.obj
 0001:0001477c       ___acrt_lowio_create_handle_array 1001577c f   libucrt:osfinfo.obj
 0001:000147f6       ___acrt_lowio_destroy_handle_array 100157f6 f   libucrt:osfinfo.obj
 0001:0001482b       ___acrt_lowio_ensure_fh_exists 1001582b f   libucrt:osfinfo.obj
 0001:000148c3       ___acrt_lowio_lock_fh      100158c3 f   libucrt:osfinfo.obj
 0001:000148e6       ___acrt_lowio_unlock_fh    100158e6 f   libucrt:osfinfo.obj
 0001:00014909       __free_osfhnd              10015909 f   libucrt:osfinfo.obj
 0001:0001499a       __get_osfhandle            1001599a f   libucrt:osfinfo.obj
 0001:00014ac0       ___acrt_DownlevelLocaleNameToLCID 10015ac0 f   libucrt:lcidtoname_downlevel.obj
 0001:00014bd0       _qsort                     10015bd0 f   libucrt:qsort.obj
 0001:0001501b       _strncpy_s                 1001601b f   libucrt:strncpy_s.obj
 0001:00015030       _strpbrk                   10016030 f   libucrt:strpbrk.obj
 0001:00015070       __mbsdec                   10016070 f   libucrt:mbsdec.obj
 0001:00015087       __mbsdec_l                 10016087 f   libucrt:mbsdec.obj
 0001:00015123       __msize                    10016123 f   libucrt:msize.obj
 0001:00015156       __realloc_base             10016156 f   libucrt:realloc_base.obj
 0001:000151bf       ___strncnt                 100161bf f   libucrt:strncnt.obj
 0001:000151db       _fegetenv                  100161db f   libucrt:fegetenv.obj
 0001:000151f8       _fesetenv                  100161f8 f   libucrt:fesetenv.obj
 0001:00015241       _feholdexcept              10016241 f   libucrt:feholdexcept.obj
 0001:00015290       _log10                     10016290 f   libucrt:log10.obj
 0001:000152d0       __CIlog10                  100162d0 f   libucrt:log10.obj
 0001:0001530b       __CIlog10_default          1001630b f   libucrt:log10.obj
 0001:0001531f       __log10_default            1001631f     libucrt:log10.obj
 0001:000153e0       _ceil                      100163e0 f   libucrt:ceil_pentium4.obj
 0001:00015420       __ceil_pentium4            10016420 f   libucrt:ceil_pentium4.obj
 0001:00015a8d       __write                    10016a8d f   libucrt:write.obj
 0001:00015b78       __write_nolock             10016b78 f   libucrt:write.obj
 0001:00015e02       __lseeki64_nolock          10016e02 f   libucrt:lseek.obj
 0001:00015e1d       __fclose_nolock            10016e1d f   libucrt:fclose.obj
 0001:00015e93       _fclose                    10016e93 f   libucrt:fclose.obj
 0001:00015f13       ??$?RV<lambda_61cee617f5178ae960314fd4d05640a0>@@AAV<lambda_6978c1fb23f02e42e1d9e99668cc68aa>@@V<lambda_9cd88cf8ad10232537feb2133f08c833>@@@?$__crt_seh_guarded_call@H@@QAEH$$QAV<lambda_61cee617f5178ae960314fd4d05640a0>@@AAV<lambda_6978c1fb23f02e42e1d9e99668cc68aa>@@$$QAV<lambda_9cd88cf8ad10232537feb2133f08c833>@@@Z 10016f13 f i libucrt:commit.obj
 0001:00015fab       ??$__acrt_lowio_lock_fh_and_call@V<lambda_6978c1fb23f02e42e1d9e99668cc68aa>@@@@YAHH$$QAV<lambda_6978c1fb23f02e42e1d9e99668cc68aa>@@@Z 10016fab f i libucrt:commit.obj
 0001:00015fd3       __commit                   10016fd3 f   libucrt:commit.obj
 0001:00016042       __query_app_type           10017042 f   libucrt:report_runtime_error.obj
 0001:000162eb       __getfpcontrolword         100172eb f   libucrt:_fenvutils.obj
 0001:0001632e       __getfpstatusword          1001732e f   libucrt:_fenvutils.obj
 0001:000163d6       __setfpcontrolword         100173d6 f   libucrt:_fenvutils.obj
 0001:00016456       __setfpstatusword          10017456 f   libucrt:_fenvutils.obj
 0001:000164d6       __clearfp                  100174d6 f   libucrt:ieee87.obj
 0001:000165b4       ___acrt_initialize_sse2    100175b4 f   libucrt:mathfcns.obj
 0001:000165d0       __CIlog10_pentium4         100175d0 f   libucrt:log10_pentium4.obj
 0001:000165e8       __log10_pentium4           100175e8     libucrt:log10_pentium4.obj
 0001:00016871       __fFEXP                    10017871     libucrt:87tran.obj
 0001:000168c8       __rtinfpopse               100178c8     libucrt:87tran.obj
 0001:000168ca       __rtinfnpopse              100178ca     libucrt:87tran.obj
 0001:000168da       __fFLN                     100178da     libucrt:87tran.obj
 0001:0001698f       __rtinfpop                 1001798f     libucrt:87tran.obj
 0001:00016991       __rtinfnpop                10017991     libucrt:87tran.obj
 0001:000169ae       __ffexpm1                  100179ae     libucrt:87tran.obj
 0001:00016a60       __trandisp1                10017a60 f   libucrt:87disp.obj
 0001:00016ac7       __trandisp2                10017ac7 f   libucrt:87disp.obj
 0001:00016b53       __rttospopde               10017b53     libucrt:87disp.obj
 0001:00016b58       __rttospop                 10017b58     libucrt:87disp.obj
 0001:00016b5a       __rtnospop                 10017b5a     libucrt:87disp.obj
 0001:00016b5c       __rttosnpop                10017b5c     libucrt:87disp.obj
 0001:00016b5d       __rtnospopde               10017b5d     libucrt:87disp.obj
 0001:00016b64       __rtzeropop                10017b64     libucrt:87disp.obj
 0001:00016b66       __rtzeronpop               10017b66     libucrt:87disp.obj
 0001:00016b6b       __rtzerospop               10017b6b     libucrt:87disp.obj
 0001:00016b78       __rtonepop                 10017b78     libucrt:87disp.obj
 0001:00016b7a       __rtonenpop                10017b7a     libucrt:87disp.obj
 0001:00016b7f       __tosnan1                  10017b7f     libucrt:87disp.obj
 0001:00016baa       __nosnan2                  10017baa     libucrt:87disp.obj
 0001:00016bac       __tosnan2                  10017bac     libucrt:87disp.obj
 0001:00016bd4       __nan2                     10017bd4     libucrt:87disp.obj
 0001:00016c13       __rtindfpop                10017c13     libucrt:87disp.obj
 0001:00016c15       __rtindfnpop               10017c15     libucrt:87disp.obj
 0001:00016c26       __rttosnpopde              10017c26     libucrt:87disp.obj
 0001:00016c30       __rtatan2inf               10017c30     libucrt:87disp.obj
 0001:00016c4d       __rtchsifneg               10017c4d     libucrt:87disp.obj
 0001:00016c60       __twoToTOS                 10017c60 f   libucrt:common.obj
 0001:00016c75       __load_CW                  10017c75 f   libucrt:common.obj
 0001:00016c8c       __convertTOStoQNaN         10017c8c f   libucrt:common.obj
 0001:00016ca5       __fload_withFB             10017ca5 f   libucrt:common.obj
 0001:00016ce8       __checkTOS_withFB          10017ce8 f   libucrt:common.obj
 0001:00016cfe       __fast_exit                10017cfe f   libucrt:common.obj
 0001:00016d0b       __math_exit                10017d0b f   libucrt:common.obj
 0001:00016d35       __check_overflow_exit      10017d35 f   libucrt:common.obj
 0001:00016d49       __check_range_exit         10017d49 f   libucrt:common.obj
 0001:00016df0       __startTwoArgErrorHandling 10017df0 f   libucrt:genexcep.obj
 0001:00016e07       __startOneArgErrorHandling 10017e07 f   libucrt:genexcep.obj
 0001:00016e43       ___libm_error_support      10017e43 f   libucrt:libm_error.obj
 0001:0001705b       __ceil_default             1001805b f   libucrt:ceil.obj
 0001:00017114       __putwch_nolock            10018114 f   libucrt:putwch.obj
 0001:00017159       ??$?RV<lambda_123407a5e2ac06da108355a851863b7a>@@AAV<lambda_2fe9b910cf3cbf4a0ab98a02ba45b3ec>@@V<lambda_ae55bdf541ad94d75914d381c370e64d>@@@?$__crt_seh_guarded_call@H@@QAEH$$QAV<lambda_123407a5e2ac06da108355a851863b7a>@@AAV<lambda_2fe9b910cf3cbf4a0ab98a02ba45b3ec>@@$$QAV<lambda_ae55bdf541ad94d75914d381c370e64d>@@@Z 10018159 f i libucrt:close.obj
 0001:000171db       ??$__acrt_lowio_lock_fh_and_call@V<lambda_2fe9b910cf3cbf4a0ab98a02ba45b3ec>@@@@YAHH$$QAV<lambda_2fe9b910cf3cbf4a0ab98a02ba45b3ec>@@@Z 100181db f i libucrt:close.obj
 0001:00017203       __close                    10018203 f   libucrt:close.obj
 0001:00017282       __close_nolock             10018282 f   libucrt:close.obj
 0001:0001731e       ?__acrt_stdio_free_stream@@YAXV__crt_stdio_stream@@@Z 1001831e f   libucrt:stream.obj
 0001:00017360       ___ascii_strnicmp          10018360 f   libucrt:_strnicm.obj
 0001:000173c1       __clrfp                    100183c1 f   libucrt:fpctrl.obj
 0001:000173d4       __ctrlfp                   100183d4 f   libucrt:fpctrl.obj
 0001:00017400       __set_statfp               10018400 f   libucrt:fpctrl.obj
 0001:0001745b       __statfp                   1001845b f   libucrt:fpctrl.obj
 0001:0001746d       __d_inttype                1001846d f   libucrt:powhlp.obj
 0001:000174d7       __powhlp                   100184d7 f   libucrt:powhlp.obj
 0001:00017602       __87except                 10018602 f   libucrt:87except.obj
 0001:0001770d       __frnd                     1001870d f   libucrt:frnd.obj
 0001:00017723       __errcode                  10018723 f   libucrt:fpexcept.obj
 0001:00017757       __except1                  10018757 f   libucrt:fpexcept.obj
 0001:00017825       __handle_exc               10018825 f   libucrt:fpexcept.obj
 0001:00017a05       __raise_exc                10018a05 f   libucrt:fpexcept.obj
 0001:00017a28       __raise_exc_ex             10018a28 f   libucrt:fpexcept.obj
 0001:00017d19       __set_errno_from_matherr   10018d19 f   libucrt:fpexcept.obj
 0001:00017d48       __umatherr                 10018d48 f   libucrt:fpexcept.obj
 0001:00017dea       __decomp                   10018dea f   libucrt:util.obj
 0001:00017ebe       __set_exp                  10018ebe f   libucrt:util.obj
 0001:00017eed       __sptype                   10018eed f   libucrt:util.obj
 0001:00017f4b       ___dcrt_lowio_initialize_console_output 10018f4b f   libucrt:initcon.obj
 0001:00017f6a       ___dcrt_terminate_console_output 10018f6a f   libucrt:initcon.obj
 0001:00017f81       __fpclass                  10018f81 f   libucrt:ieeemisc.obj
 0001:00018025       _IsProcessorFeaturePresent@4 10019025 f   kernel32:KERNEL32.dll
 0001:00018030       __FindPESection            10019030 f   LIBCMT:pesect.obj
 0001:00018080       __IsNonwritableInCurrentImage 10019080 f   LIBCMT:pesect.obj
 0001:00018140       __ValidateImageBase        10019140 f   LIBCMT:pesect.obj
 0001:00018180       __aulldvrm                 10019180 f   LIBCMT:ulldvrm.obj
 0001:00018220       __SEH_prolog4_GS           10019220 f   LIBCMT:sehprolg4gs.obj
 0001:00018269       __SEH_epilog4_GS           10019269 f   LIBCMT:sehprolg4gs.obj
 0001:00018280       __alldvrm                  10019280 f   LIBCMT:lldvrm.obj
 0001:00018360       __aullshr                  10019360 f   LIBCMT:ullshr.obj
 0001:00018380       __alloca_probe_16          10019380 f   LIBCMT:alloca16.obj
 0001:00018396       __alloca_probe_8           10019396     LIBCMT:alloca16.obj
 0001:000183b0       __allshl                   100193b0 f   LIBCMT:llshl.obj
 0001:000183d0       __ftol2_sse                100193d0 f   LIBCMT:ftol2.obj
 0001:000183d9       __ftol2_pentium4           100193d9 f   LIBCMT:ftol2.obj
 0001:000183ec       __ftol2_sse_excpt          100193ec f   LIBCMT:ftol2.obj
 0001:00018410       __ftol2                    10019410 f   LIBCMT:ftol2.obj
 0001:00018490       __chkstk                   10019490 f   LIBCMT:chkstk.obj
 0001:00018490       __alloca_probe             10019490 f   LIBCMT:chkstk.obj
 0002:00000000       __imp__RegQueryValueExW@24 1001a000     advapi32:ADVAPI32.dll
 0002:00000004       __imp__RegOpenKeyExW@20    1001a004     advapi32:ADVAPI32.dll
 0002:00000008       __imp__RegCreateKeyExW@36  1001a008     advapi32:ADVAPI32.dll
 0002:0000000c       __imp__RegCloseKey@4       1001a00c     advapi32:ADVAPI32.dll
 0002:00000010       __imp__RegSetValueExW@24   1001a010     advapi32:ADVAPI32.dll
 0002:00000014       \177ADVAPI32_NULL_THUNK_DATA 1001a014     advapi32:ADVAPI32.dll
 0002:00000018       __imp__SetTextColor@8      1001a018     gdi32:GDI32.dll
 0002:0000001c       __imp__StretchBlt@44       1001a01c     gdi32:GDI32.dll
 0002:00000020       __imp__SetBkMode@8         1001a020     gdi32:GDI32.dll
 0002:00000024       __imp__SelectObject@8      1001a024     gdi32:GDI32.dll
 0002:00000028       __imp__DeleteObject@4      1001a028     gdi32:GDI32.dll
 0002:0000002c       __imp__DeleteDC@4          1001a02c     gdi32:GDI32.dll
 0002:00000030       __imp__CreateSolidBrush@4  1001a030     gdi32:GDI32.dll
 0002:00000034       __imp__CreateFontIndirectW@4 1001a034     gdi32:GDI32.dll
 0002:00000038       __imp__CreateCompatibleDC@4 1001a038     gdi32:GDI32.dll
 0002:0000003c       __imp__CreateCompatibleBitmap@12 1001a03c     gdi32:GDI32.dll
 0002:00000040       __imp__BitBlt@36           1001a040     gdi32:GDI32.dll
 0002:00000044       \177GDI32_NULL_THUNK_DATA  1001a044     gdi32:GDI32.dll
 0002:00000048       __imp__GetLocalTime@4      1001a048     kernel32:KERNEL32.dll
 0002:0000004c       __imp__SystemTimeToFileTime@8 1001a04c     kernel32:KERNEL32.dll
 0002:00000050       __imp__lstrcmpW@8          1001a050     kernel32:KERNEL32.dll
 0002:00000054       __imp__lstrcmpiW@8         1001a054     kernel32:KERNEL32.dll
 0002:00000058       __imp__lstrcpynW@12        1001a058     kernel32:KERNEL32.dll
 0002:0000005c       __imp__lstrcpyW@8          1001a05c     kernel32:KERNEL32.dll
 0002:00000060       __imp__lstrlenW@4          1001a060     kernel32:KERNEL32.dll
 0002:00000064       __imp__LoadLibraryW@4      1001a064     kernel32:KERNEL32.dll
 0002:00000068       __imp__GetModuleFileNameW@12 1001a068     kernel32:KERNEL32.dll
 0002:0000006c       __imp__ExpandEnvironmentStringsW@12 1001a06c     kernel32:KERNEL32.dll
 0002:00000070       __imp__OutputDebugStringW@4 1001a070     kernel32:KERNEL32.dll
 0002:00000074       __imp__GetDriveTypeW@4     1001a074     kernel32:KERNEL32.dll
 0002:00000078       __imp__GetTempPathW@8      1001a078     kernel32:KERNEL32.dll
 0002:0000007c       __imp__GetDiskFreeSpaceExW@16 1001a07c     kernel32:KERNEL32.dll
 0002:00000080       __imp__CreateFileW@28      1001a080     kernel32:KERNEL32.dll
 0002:00000084       __imp__FindFirstChangeNotificationW@12 1001a084     kernel32:KERNEL32.dll
 0002:00000088       __imp__CloseHandle@4       1001a088     kernel32:KERNEL32.dll
 0002:0000008c       __imp__FindCloseChangeNotification@4 1001a08c     kernel32:KERNEL32.dll
 0002:00000090       __imp__WideCharToMultiByte@32 1001a090     kernel32:KERNEL32.dll
 0002:00000094       __imp__ReadConsoleOutputW@20 1001a094     kernel32:KERNEL32.dll
 0002:00000098       __imp__GetConsoleScreenBufferInfo@8 1001a098     kernel32:KERNEL32.dll
 0002:0000009c       __imp__lstrcpynA@12        1001a09c     kernel32:KERNEL32.dll
 0002:000000a0       __imp__lstrcpyA@8          1001a0a0     kernel32:KERNEL32.dll
 0002:000000a4       __imp__lstrlenA@4          1001a0a4     kernel32:KERNEL32.dll
 0002:000000a8       __imp__MultiByteToWideChar@24 1001a0a8     kernel32:KERNEL32.dll
 0002:000000ac       __imp__SetFilePointerEx@20 1001a0ac     kernel32:KERNEL32.dll
 0002:000000b0       __imp__GetConsoleMode@8    1001a0b0     kernel32:KERNEL32.dll
 0002:000000b4       __imp__GetConsoleCP@0      1001a0b4     kernel32:KERNEL32.dll
 0002:000000b8       __imp__WriteFile@20        1001a0b8     kernel32:KERNEL32.dll
 0002:000000bc       __imp__HeapSize@12         1001a0bc     kernel32:KERNEL32.dll
 0002:000000c0       __imp__SetStdHandle@8      1001a0c0     kernel32:KERNEL32.dll
 0002:000000c4       __imp__ReadFile@20         1001a0c4     kernel32:KERNEL32.dll
 0002:000000c8       __imp__GetStdHandle@4      1001a0c8     kernel32:KERNEL32.dll
 0002:000000cc       __imp__GetFileInformationByHandle@8 1001a0cc     kernel32:KERNEL32.dll
 0002:000000d0       __imp__WaitForSingleObject@8 1001a0d0     kernel32:KERNEL32.dll
 0002:000000d4       __imp__GetLastError@0      1001a0d4     kernel32:KERNEL32.dll
 0002:000000d8       __imp__GetCurrentProcessId@0 1001a0d8     kernel32:KERNEL32.dll
 0002:000000dc       __imp__GetProcessHeap@0    1001a0dc     kernel32:KERNEL32.dll
 0002:000000e0       __imp__HeapFree@12         1001a0e0     kernel32:KERNEL32.dll
[...]
 0002:000034d0       __mb_locale_names          1001d4d0     libucrt:mbctype.obj
 0002:00003f00       _LcidToLocaleNameTable     1001df00     libucrt:lcidtoname_downlevel.obj
 0002:00005020       _LocaleNameToIndexTable    1001f020     libucrt:lcidtoname_downlevel.obj
 0002:00005f70       LOG_name                   1001ff70     libucrt:log10.obj
 0002:00005f80       _One                       1001ff80     libucrt:ceil_pentium4.obj
 0002:00005f90       _Bns                       1001ff90     libucrt:ceil_pentium4.obj
 0002:00005fa0       _Zero                      1001ffa0     libucrt:ceil_pentium4.obj
 0002:00005fb0       _S                         1001ffb0     libucrt:ceil_pentium4.obj
 0002:00005fc0       _NegZero                   1001ffc0     libucrt:ceil_pentium4.obj
 0002:00005fd0       emask                      1001ffd0     libucrt:log10_pentium4.obj
 0002:00005fe0       CC                         1001ffe0     libucrt:log10_pentium4.obj
 0002:00005ff0       Magic                      1001fff0     libucrt:log10_pentium4.obj
 0002:00006000       hi_mask                    10020000     libucrt:log10_pentium4.obj
 0002:00006010       LOG10_2                    10020010     libucrt:log10_pentium4.obj
 0002:00006020       place_L                    10020020     libucrt:log10_pentium4.obj
 0002:00006040       One                        10020040     libucrt:log10_pentium4.obj
 0002:00006050       Zero                       10020050     libucrt:log10_pentium4.obj
 0002:00006060       Two52                      10020060     libucrt:log10_pentium4.obj
 0002:00006070       Infs                       10020070     libucrt:log10_pentium4.obj
 0002:00006080       NaN                        10020080     libucrt:log10_pentium4.obj
 0002:00006090       coeff                      10020090     libucrt:log10_pentium4.obj
 0002:000060ee       _log2max                   100200ee     libucrt:87tran.obj
 0002:000060f8       _smallarg                  100200f8     libucrt:87tran.obj
 0002:00006102       _half                      10020102     libucrt:87tran.obj
 0002:0000614e       One                        1002014e     libucrt:87disp.obj
 0002:00006156       Three                      10020156     libucrt:87disp.obj
 0002:0000615e       XAMtoTagTab                1002015e     libucrt:87disp.obj
 0002:00006170       One                        10020170     libucrt:common.obj
 0002:00006184       DblMax                     10020184     libucrt:common.obj
 0002:0000618c       DblMin                     1002018c     libucrt:common.obj
 0002:00006194       IeeeAdjO                   10020194     libucrt:common.obj
 0002:0000619c       IeeeAdjU                   1002019c     libucrt:common.obj
 0002:000061a4       _infinity                  100201a4     libucrt:common.obj
 0002:000061ac       _zero                      100201ac     libucrt:common.obj
 0002:000061e8       _over                      100201e8     libucrt:fpctrl.obj
 0002:000061f4       _under                     100201f4     libucrt:fpctrl.obj
 0002:00006ab8       ?_names@?1??_get_fname@@9@9 10020ab8     libucrt:fpexcept.obj
 0002:000072b0       __unwindtable$?CheckXmlFile@@YA_N_N@Z 100212b0     ConEmuBg.obj
 0002:000072b8       __ehfuncinfo$?CheckXmlFile@@YA_N_N@Z 100212b8     ConEmuBg.obj
 0002:000072dc       __unwindtable$?StartPlugin@@YAXH@Z 100212dc     ConEmuBg.obj
 0002:000072e4       __ehfuncinfo$?StartPlugin@@YAXH@Z 100212e4     ConEmuBg.obj
 0002:00007308       __unwindtable$?GdipDone@@YAXXZ 10021308     ConEmuBg.obj
 0002:00007310       __ehfuncinfo$?GdipDone@@YAXXZ 10021310     ConEmuBg.obj
 0002:00007334       __unwindtable$?FillPanelParams@@YAHPAUPaintBackgroundArg@@PAUBkPanelInfo@@PAUDrawInfo@@@Z 10021334     ConEmuBg.obj
 0002:00007344       __ehfuncinfo$?FillPanelParams@@YAHPAUPaintBackgroundArg@@PAUBkPanelInfo@@PAUDrawInfo@@@Z 10021344     ConEmuBg.obj
 0002:00007368       __sehtable$?SetThreadName@@YAXKPAD@Z 10021368     common-kernel32:WThreads.obj
 0002:000073a0       __ehfuncinfo$?__scrt_initialize_thread_safe_statics_platform_specific@@YAXXZ 100213a0     LIBCMT:thread_safe_statics.obj
 0002:000073c8       __sehtable$?dllmain_crt_process_attach@@YAHQAUHINSTANCE__@@QAX@Z 100213c8     LIBCMT:dll_dllmain.obj
 0002:000073e8       __sehtable$?dllmain_crt_process_detach@@YAH_N@Z 100213e8     LIBCMT:dll_dllmain.obj
 0002:00007408       __sehtable$?dllmain_dispatch@@YAHQAUHINSTANCE__@@KQAX@Z 10021408     LIBCMT:dll_dllmain.obj
 0002:00007428       __sehtable$___scrt_is_nonwritable_in_current_image 10021428     LIBCMT:utility.obj
 0002:00007448       __sehtable$?FrameUnwindToState@__FrameHandler3@@SAXPAUEHRegistrationNode@@PAXPBU_s_FuncInfo@@H@Z 10021448     libvcruntime:frame.obj
 0002:00007470       __sehtable$?CallCatchBlock@@YAPAXPAUEHExceptionRecord@@PAUEHRegistrationNode@@PAU_CONTEXT@@PBU_s_FuncInfo@@PAXHK@Z 10021470     libvcruntime:frame.obj
 0002:00007498       __catchsym$?CallUnexpected@@YAXPBU_s_ESTypeList@@@Z$2 10021498     libvcruntime:frame.obj
 0002:000074a8       __unwindtable$?CallUnexpected@@YAXPBU_s_ESTypeList@@@Z 100214a8     libvcruntime:frame.obj
 0002:000074b8       __tryblocktable$?CallUnexpected@@YAXPBU_s_ESTypeList@@@Z 100214b8     libvcruntime:frame.obj
 0002:000074cc       __ehfuncinfo$?CallUnexpected@@YAXPBU_s_ESTypeList@@@Z 100214cc     libvcruntime:frame.obj
 0002:000074f0       __sehtable$??$BuildCatchObjectHelperInternal@$$CBU_s_HandlerType@@@@YAHPAUEHExceptionRecord@@PAXPBU_s_HandlerType@@PBU_s_CatchableType@@@Z 100214f0     libvcruntime:frame.obj
 0002:00007510       __sehtable$??$BuildCatchObjectInternal@$$CBU_s_HandlerType@@@@YAXPAUEHExceptionRecord@@PAXPBU_s_HandlerType@@PBU_s_CatchableType@@@Z 10021510     libvcruntime:frame.obj
 0002:00007568       __sehtable$___DestructExceptionObject 10021568     libvcruntime:ehhelpers.obj
 0002:00007588       __sehtable$?common_exit@@YAXHW4_crt_exit_cleanup_mode@@W4_crt_exit_return_mode@@@Z 10021588     libucrt:exit.obj
 0002:000075b0       __sehtable$??$?RV<lambda_800076c951b434888f4765a74a194fcc>@@AAV<lambda_4e60a939b0d047cfe11ddc22648dfba9>@@V<lambda_6dbb1268764f43b569ce7b67e331d33a>@@@?$__crt_seh_guarded_call@H@@QAEH$$QAV<lambda_800076c951b434888f4765a74a194fcc>@@AAV<lambda_4e60a939b0d047cfe11ddc22648dfba9>@@$$QAV<lambda_6dbb1268764f43b569ce7b67e331d33a>@@@Z 100215b0     libucrt:onexit.obj
 0002:000075d0       __sehtable$??$?RV<lambda_995298e7d72eb4c2aab26c0585b3abe5>@@AAV<lambda_275893d493268fdec8709772e3fcec0e>@@V<lambda_293819299cbf9a7022e18b56a874bb5c>@@@?$__crt_seh_guarded_call@H@@QAEH$$QAV<lambda_995298e7d72eb4c2aab26c0585b3abe5>@@AAV<lambda_275893d493268fdec8709772e3fcec0e>@@$$QAV<lambda_293819299cbf9a7022e18b56a874bb5c>@@@Z 100215d0     libucrt:onexit.obj
 0002:000075f0       __sehtable$_terminate      100215f0     libucrt:terminate.obj
 0002:00007610       __sehtable$??$?RV<lambda_9df27f884b057bc3edfc946cb5b7cf47>@@AAV<lambda_e69574bed617af4e071282c136b37893>@@V<lambda_cc0d902bcbbeb830f749456577db4721>@@@?$__crt_seh_guarded_call@X@@QAEX$$QAV<lambda_9df27f884b057bc3edfc946cb5b7cf47>@@AAV<lambda_e69574bed617af4e071282c136b37893>@@$$QAV<lambda_cc0d902bcbbeb830f749456577db4721>@@@Z 10021610     libucrt:per_thread_data.obj
 0002:00007630       __sehtable$??$?RV<lambda_3518db117f0e7cdb002338c5d3c47b6c>@@AAV<lambda_b2ea41f6bbb362cd97d94c6828d90b61>@@V<lambda_abdedf541bb04549bc734292b4a045d4>@@@?$__crt_seh_guarded_call@X@@QAEX$$QAV<lambda_3518db117f0e7cdb002338c5d3c47b6c>@@AAV<lambda_b2ea41f6bbb362cd97d94c6828d90b61>@@$$QAV<lambda_abdedf541bb04549bc734292b4a045d4>@@@Z 10021630     libucrt:per_thread_data.obj
 0002:00007650       __sehtable$??$?RV<lambda_51b6e8b1eb166f2a3faf91f424b38130>@@AAV<lambda_6250bd4b2a391816dd638c3bf72b0bcb>@@V<lambda_0b5a4a3e68152e1d9b943535f5f47bed>@@@?$__crt_seh_guarded_call@X@@QAEX$$QAV<lambda_51b6e8b1eb166f2a3faf91f424b38130>@@AAV<lambda_6250bd4b2a391816dd638c3bf72b0bcb>@@$$QAV<lambda_0b5a4a3e68152e1d9b943535f5f47bed>@@@Z 10021650     libucrt:per_thread_data.obj
 0002:00007670       __sehtable$??$?RV<lambda_5b71d36f03204c0beab531769a5b5694>@@AAV<lambda_be2b3da3f62db62e9dad5dc70221a656>@@V<lambda_8f9ce462984622f9bf76b59e2aaaf805>@@@?$__crt_seh_guarded_call@X@@QAEX$$QAV<lambda_5b71d36f03204c0beab531769a5b5694>@@AAV<lambda_be2b3da3f62db62e9dad5dc70221a656>@@$$QAV<lambda_8f9ce462984622f9bf76b59e2aaaf805>@@@Z 10021670     libucrt:per_thread_data.obj
 0002:00007690       __sehtable$___acrt_uninitialize_locale 10021690     libucrt:wsetlocale.obj
 0002:000076b0       __sehtable$___acrt_initialize_lowio 100216b0     libucrt:ioinit.obj
 0002:000076d0       __sehtable$___acrt_update_thread_multibyte_data 100216d0     libucrt:mbctype.obj
 0002:000076f0       __sehtable$??$?RV<lambda_978dc153c237d78434369da87b74ff60>@@AAV<lambda_ad1ced32f4ac17aa236e5ef05d6b3b7c>@@V<lambda_4a8533e2866a575feecb8298ce776b0d>@@@?$__crt_seh_guarded_call@X@@QAEX$$QAV<lambda_978dc153c237d78434369da87b74ff60>@@AAV<lambda_ad1ced32f4ac17aa236e5ef05d6b3b7c>@@$$QAV<lambda_4a8533e2866a575feecb8298ce776b0d>@@@Z 100216f0     libucrt:mbctype.obj
 0002:00007710       __sehtable$__query_new_handler 10021710     libucrt:new_handler.obj
 0002:00007730       __sehtable$_raise          10021730     libucrt:signal.obj
 0002:00007750       __sehtable$??$?RV<lambda_a048d3beccc847880fc8490e18b82769>@@AAV<lambda_ec61778202f4f5fc7e7711acc23c3bca>@@V<lambda_f7496a158712204296dd6628a163878e>@@@?$__crt_seh_guarded_call@P6AXH@Z@@QAEP6AXH@Z$$QAV<lambda_a048d3beccc847880fc8490e18b82769>@@AAV<lambda_ec61778202f4f5fc7e7711acc23c3bca>@@$$QAV<lambda_f7496a158712204296dd6628a163878e>@@@Z 10021750     libucrt:signal.obj
 0002:00007770       __sehtable$___acrt_update_thread_locale_data 10021770     libucrt:locale_refcounting.obj
 0002:00007790       __sehtable$__fcloseall     10021790     libucrt:closeall.obj
 0002:000077b0       __sehtable$_common_flush_all 100217b0     libucrt:fflush.obj
 0002:000077d8       __sehtable$___acrt_lowio_ensure_fh_exists 100217d8     libucrt:osfinfo.obj
 0002:000077f8       __sehtable$__write         100217f8     libucrt:write.obj
 0002:00007818       __sehtable$_fclose         10021818     libucrt:fclose.obj
 0002:00007838       __sehtable$??$?RV<lambda_61cee617f5178ae960314fd4d05640a0>@@AAV<lambda_6978c1fb23f02e42e1d9e99668cc68aa>@@V<lambda_9cd88cf8ad10232537feb2133f08c833>@@@?$__crt_seh_guarded_call@H@@QAEH$$QAV<lambda_61cee617f5178ae960314fd4d05640a0>@@AAV<lambda_6978c1fb23f02e42e1d9e99668cc68aa>@@$$QAV<lambda_9cd88cf8ad10232537feb2133f08c833>@@@Z 10021838     libucrt:commit.obj
 0002:00007858       __sehtable$??$?RV<lambda_123407a5e2ac06da108355a851863b7a>@@AAV<lambda_2fe9b910cf3cbf4a0ab98a02ba45b3ec>@@V<lambda_ae55bdf541ad94d75914d381c370e64d>@@@?$__crt_seh_guarded_call@H@@QAEH$$QAV<lambda_123407a5e2ac06da108355a851863b7a>@@AAV<lambda_2fe9b910cf3cbf4a0ab98a02ba45b3ec>@@$$QAV<lambda_ae55bdf541ad94d75914d381c370e64d>@@@Z 10021858     libucrt:close.obj
 0002:00007878       __sehtable$__IsNonwritableInCurrentImage 10021878     LIBCMT:pesect.obj
 0002:000078a0       .edata                     100218a0     ConEmuBg.exp
 0002:000078c8       rgpv                       100218c8     ConEmuBg.exp
 0002:00007904       rgszName                   10021904     ConEmuBg.exp
 0002:00007940       rgwOrd                     10021940     ConEmuBg.exp
 0002:0000795e       szName                     1002195e     ConEmuBg.exp
 0002:0000796b       $N00001                    1002196b     ConEmuBg.exp
 0002:0000797a       $N00002                    1002197a     ConEmuBg.exp
 0002:00007989       $N00003                    10021989     ConEmuBg.exp
 0002:0000798f       $N00004                    1002198f     ConEmuBg.exp
 0002:00007999       $N00005                    10021999     ConEmuBg.exp
 0002:000079a4       $N00006                    100219a4     ConEmuBg.exp
 0002:000079ac       $N00007                    100219ac     ConEmuBg.exp
 0002:000079b5       $N00008                    100219b5     ConEmuBg.exp
 0002:000079c4       $N00009                    100219c4     ConEmuBg.exp
 0002:000079d5       $N00010                    100219d5     ConEmuBg.exp
 0002:000079e7       $N00011                    100219e7     ConEmuBg.exp
 0002:000079f5       $N00012                    100219f5     ConEmuBg.exp
 0002:00007a00       $N00013                    10021a00     ConEmuBg.exp
 0002:00007a0c       $N00014                    10021a0c     ConEmuBg.exp
 0002:00007a1b       $N00015                    10021a1b     ConEmuBg.exp
 0002:00007d26       .idata$6                   10021d26     version:VERSION.dll
 0002:00008000       .idata$6                   10022000     kernel32:KERNEL32.dll
 0002:0000806c       .idata$6                   1002206c     user32:USER32.dll
 0002:00008132       .idata$6                   10022132     gdi32:GDI32.dll
 0002:00008192       .idata$6                   10022192     advapi32:ADVAPI32.dll
 0002:000081c4       .idata$6                   100221c4     ole32:ole32.dll
 0003:00000058       ?items@?1??ConfigureProc@@YAHH@Z@4PAUFarDialogItem@@A 10023058     ConEmuBg1900.obj
 0003:00000258       ?items@?1??ConfigureProc@@YAHH@Z@4PAUFarDialogItem@@A 10023258     ConEmuBg2800.obj
 0003:00000458       ?items@?1??ConfigureProc@@YAHH@Z@4PAUFarDialogItem@@A 10023458     ConEmuBg995.obj
 0003:000005b8       ?items@?1??ConfigureProc@@YAHH@Z@4PAUFarDialogItem@@A 100235b8     ConEmuBgA.obj
 0003:00001700       ?__vcrt_flsindex@@3KA      10024700     libvcruntime:per_thread_data.obj
 0003:00001730       _errno_no_memory           10024730     libucrt:errno.obj
 0003:00001734       _doserrno_no_memory        10024734     libucrt:errno.obj
 0003:0000173c       ___acrt_flsindex           1002473c     libucrt:per_thread_data.obj
 0003:000018b0       ___rgctypeflag             100248b0     libucrt:mbctype.obj
 0003:000018b8       ___rgcode_page_info        100248b8     libucrt:mbctype.obj
 0003:00002164       ?gfRegisterBackground@@3P6GHPAURegisterBackgroundArg@@@ZA 10025164     ConEmuBg.obj
 0003:00002170       ?bWasRegistered@?1??StartPlugin@@YAXH@Z@4_NA 10025170     ConEmuBg.obj
 0003:0000217c       ?szMenu@?1??GetPluginInfoW1900@@YAXPAX@Z@4PAPA_WA 1002517c     ConEmuBg1900.obj
 0003:00002180       ?szMenu1@?1??GetPluginInfoW1900@@YAXPAX@Z@4PA_WA 10025180     ConEmuBg1900.obj
 0003:00002380       ?$TSS0@?1??ConfigureProc@@YAHH@Z@4HA 10025380     ConEmuBg1900.obj
 0003:0000238c       ?szMenu@?1??GetPluginInfoW2800@@YAXPAX@Z@4PAPA_WA 1002538c     ConEmuBg2800.obj
 0003:00002390       ?szMenu1@?1??GetPluginInfoW2800@@YAXPAX@Z@4PA_WA 10025390     ConEmuBg2800.obj
 0003:00002590       ?$TSS0@?1??ConfigureProc@@YAHH@Z@4HA 10025590     ConEmuBg2800.obj
 0003:0000259c       ?gszRootKeyW995@@3PA_WA    1002559c     ConEmuBg995.obj
 0003:000025a0       ?szMenu@?1??GetPluginInfoW995@@YAXPAX@Z@4PAPA_WA 100255a0     ConEmuBg995.obj
 0003:000025a8       ?szMenu1@?1??GetPluginInfoW995@@YAXPAX@Z@4PA_WA 100255a8     ConEmuBg995.obj
 0003:000027a8       ?$TSS0@?1??ConfigureProc@@YAHH@Z@4HA 100257a8     ConEmuBg995.obj
 0003:000027b4       ?gszRootKeyA@@3PA_WA       100257b4     ConEmuBgA.obj
 0003:000027b8       ?szMenu@?1??GetPluginInfo@@9@4@4PAPADA 100257b8     ConEmuBgA.obj
 0003:000027c0       ?szMenu1@?1??GetPluginInfo@@9@4@4PADA 100257c0     ConEmuBgA.obj
 0003:000028c0       ?$TSS0@?1??ConfigureProc@@YAHH@Z@4HA 100258c0     ConEmuBgA.obj
 0003:000028cc       ?gHeapInit@?A0x333b15f0@@3U?$atomic@H@std@@A 100258cc     common-kernel32:Memory.obj
 0003:000028d0       ?gHeapCounter@?A0x333b15f0@@3U?$atomic@H@std@@A 100258d0     common-kernel32:Memory.obj
 0003:000028dc       ?gh_UnknownTerminatedThread@@3PAXA 100258dc     common-kernel32:WThreads.obj
 0003:000028e0       ?g_Threads@@3PAUConEmuThreadInfo@@A 100258e0     common-kernel32:WThreads.obj
 0003:0000a0e0       _GS_ExceptionRecord        1002d0e0     LIBCMT:gs_report.obj
 0003:0000a130       _GS_ContextRecord          1002d130     LIBCMT:gs_report.obj
 0003:0000a3fc       ?_Tss_mutex@@3U_RTL_CRITICAL_SECTION@@A 1002d3fc     LIBCMT:thread_safe_statics.obj
 0003:0000a414       ?_Tss_cv@@3U_RTL_CONDITION_VARIABLE@@A 1002d414     LIBCMT:thread_safe_statics.obj
 0003:0000a418       ?_Tss_event@@3PAXA         1002d418     LIBCMT:thread_safe_statics.obj
 0003:0000a41c       ?encoded_sleep_condition_variable_cs@@3P6GHPAU_RTL_CONDITION_VARIABLE@@PAU_RTL_CRITICAL_SECTION@@K@ZA 1002d41c     LIBCMT:thread_safe_statics.obj
 0003:0000a420       ?encoded_wake_all_condition_variable@@3P6GXPAU_RTL_CONDITION_VARIABLE@@@ZA 1002d420     LIBCMT:thread_safe_statics.obj
 0003:0000a428       ?__proc_attached@@3HA      1002d428     LIBCMT:dll_dllmain.obj
 0003:0000a434       ?is_initialized_as_dll@@3_NA 1002d434     LIBCMT:utility.obj
 0003:0000a435       ?module_local_atexit_table_initialized@@3_NA 1002d435     LIBCMT:utility.obj
 0003:0000a438       ?module_local_atexit_table@@3U_onexit_table_t@@A 1002d438     LIBCMT:utility.obj
 0003:0000a444       ?module_local_at_quick_exit_table@@3U_onexit_table_t@@A 1002d444     LIBCMT:utility.obj
 0003:0000a470       ?__vcrt_startup_thread_ptd@@3U__vcrt_ptd@@A 1002d470     libvcruntime:per_thread_data.obj
 0003:0000a498       ___vcrt_lock_table         1002d498     libvcruntime:locks.obj
 0003:0000a4b0       ___vcrt_locks_initialized  1002d4b0     libvcruntime:locks.obj
 0003:0000a4b4       ?module_handles@@3PAPAUHINSTANCE__@@A 1002d4b4     libvcruntime:winapi_downlevel.obj
 0003:0000a4c0       ?encoded_function_pointers@@3PAPAXA 1002d4c0     libvcruntime:winapi_downlevel.obj
 0003:0000a500       ?heap@@3V_HeapManager@@A   1002d500     libvcruntime:undname.obj
 0003:0000a518       ___acrt_invalid_parameter_handler 1002d518     libucrt:invalid_parameter.obj
 0003:0000a51c       _c_termination_complete    1002d51c     libucrt:exit.obj
 0003:0000a520       _thread_local_exit_callback_func 1002d520     libucrt:exit.obj
 0003:0000a524       ?c_exit_complete@?5??common_exit@@YAXHW4_crt_exit_cleanup_mode@@W4_crt_exit_return_mode@@@Z@4_NA 1002d524     libucrt:exit.obj
 0003:0000a528       ?program_name@?5???$common_configure_argv@D@@YAHW4_crt_argv_mode@@@Z@4PADA 1002d528     libucrt:argv_parsing.obj
 0003:0000a668       _enable_percent_n          1002d668     libucrt:printf_count_output.obj
 0003:0000a880       ___acrt_lock_table         1002d880     libucrt:locks.obj
 0003:0000a9b8       ___acrt_locks_initialized  1002d9b8     libucrt:locks.obj
 0003:0000a9c0       _module_handles            1002d9c0     libucrt:winapi_thunks.obj
 0003:0000aa10       _encoded_function_pointers 1002da10     libucrt:winapi_thunks.obj
 0003:0000aa90       ?state_cache@?1??__acrt_is_packaged_app@@9@4JA 1002da90     libucrt:winapi_thunks.obj
 0003:0000aaac       _fSystemSet                1002daac     libucrt:mbctype.obj
 0003:0000aab0       ?initialized@?1??__acrt_initialize_multibyte@@9@4_NA 1002dab0     libucrt:mbctype.obj
 0003:0000aad0       ___acrt_new_handler        1002dad0     libucrt:new_handler.obj
 0003:0000aad4       _ctrlc_action              1002dad4     libucrt:signal.obj
 0003:0000aad8       _ctrlbreak_action          1002dad8     libucrt:signal.obj
 0003:0000aadc       _abort_action              1002dadc     libucrt:signal.obj
 0003:0000aae0       _term_action               1002dae0     libucrt:signal.obj
 0003:0000aae4       _user_matherr              1002dae4     libucrt:matherr.obj
 0003:0000aaf0       ___acrt_global_new_mode    1002daf0     libucrt:new_mode.obj
 0003:0000aaf4       ___acrt_app_type           1002daf4     libucrt:report_runtime_error.obj
 0003:0000aafc       __pmatherr_set             1002dafc     libucrt:libm_error.obj
 0004:000000a0       $R000000                   1002e0a0     ConEmuBg.res
 0004:000003b8       $R000318                   1002e3b8     ConEmuBg.res
