 ico

 Timestamp is 5f837c4b (Sun Oct 11 23:42:35 2020)

 Preferred load address is 0000000180000000

 Start         Length     Name                   Class
 0001:00000000 00010d00H .text$mn                CODE
 0001:00010d00 00000040H .text$mn$00             CODE
 0001:00010d40 000002e0H .text$x                 CODE
 0002:00000000 000002a8H .idata$5                DATA
 0002:000002a8 00000028H .00cfg                  DATA
 0002:000002d0 00000008H .CRT$XCA                DATA
 0002:000002d8 00000008H .CRT$XCZ                DATA
 0002:000002e0 00000008H .CRT$XIA                DATA
 0002:000002e8 00000018H .CRT$XIC                DATA
 0002:00000300 00000008H .CRT$XIZ                DATA
 0002:00000308 00000008H .CRT$XPA                DATA
 0002:00000310 00000010H .CRT$XPX                DATA
 0002:00000320 00000008H .CRT$XPXA               DATA
 0002:00000328 00000008H .CRT$XPZ                DATA
 0002:00000330 00000008H .CRT$XTA                DATA
 0002:00000338 00000008H .CRT$XTZ                DATA
 0002:00000340 00000000H .gehcont$y              DATA
 0002:00000340 00000000H .gfids$y                DATA
 0002:00000340 00008350H .rdata                  DATA
 0002:00008690 0000038cH .rdata$r                DATA
 0002:00008a1c 00000344H .rdata$zzzdbg           DATA
 0002:00008d60 00000008H .rtc$IAA                DATA
 0002:00008d68 00000008H .rtc$IZZ                DATA
 0002:00008d70 00000008H .rtc$TAA                DATA
 0002:00008d78 00000008H .rtc$TZZ                DATA
 0002:00008d80 00000d40H .xdata                  DATA
 0002:00009ac0 00000000H .xdata$x                DATA
 0002:00009ac0 00000094H .edata                  DATA
 0002:00009b54 0000003cH .idata$2                DATA
 0002:00009b90 00000018H .idata$3                DATA
 0002:00009ba8 000002a8H .idata$4                DATA
 0002:00009e50 00000628H .idata$6                DATA
 0003:00000000 000009f0H .data                   DATA
 0003:000009f0 00000130H .data$r                 DATA
 0003:00000b20 000011f8H .bss                    DATA
 0004:00000000 00001068H .pdata                  DATA
 0005:00000000 00000100H _RDATA                  DATA
 0006:00000000 000000a0H .rsrc$01                DATA
 0006:000000a0 00000488H .rsrc$02                DATA

  Address         Publics by Value              Rva+Base               Lib:Object

 0000:00000000       __x64_code_ranges_to_entry_points 0000000000000000     <absolute>
 0000:00000000       __guard_fids_count         0000000000000000     <absolute>
 0000:00000000       __hybrid_code_map          0000000000000000     <absolute>
 0000:00000000       __guard_iat_count          0000000000000000     <absolute>
 0000:00000000       __guard_eh_cont_count      0000000000000000     <absolute>
 0000:00000000       __arm64x_native_entrypoint 0000000000000000     <absolute>
 0000:00000000       __arm64x_redirection_metadata_count 0000000000000000     <absolute>
 0000:00000000       __volatile_metadata        0000000000000000     <absolute>
 0000:00000000       __guard_longjmp_count      0000000000000000     <absolute>
 0000:00000000       __guard_longjmp_table      0000000000000000     <absolute>
 0000:00000000       __arm64x_redirection_metadata 0000000000000000     <absolute>
 0000:00000000       __dynamic_value_reloc_table 0000000000000000     <absolute>
 0000:00000000       __guard_iat_table          0000000000000000     <absolute>
 0000:00000000       __hybrid_code_map_count    0000000000000000     <absolute>
 0000:00000000       __guard_eh_cont_table      0000000000000000     <absolute>
 0000:00000000       __x64_code_ranges_to_entry_points_count 0000000000000000     <absolute>
 0000:00000000       ___safe_se_handler_count   0000000000000000     <absolute>
 0000:00000000       __enclave_config           0000000000000000     <absolute>
 0000:00000000       __arm64x_extra_rfe_table   0000000000000000     <absolute>
 0000:00000000       __AbsoluteZero             0000000000000000     <absolute>
 0000:00000000       ___safe_se_handler_table   0000000000000000     <absolute>
 0000:00000000       __arm64x_extra_rfe_table_size 0000000000000000     <absolute>
 0000:00000000       __guard_fids_table         0000000000000000     <absolute>
 0000:00000000       __hybrid_auxiliary_iat     0000000000000000     <absolute>
 0000:00000100       __guard_flags              0000000000000100     <absolute>
 0000:00000000       __ImageBase                0000000180000000     <linker-defined>
 0001:00000000       ??$swprintf_c@$0IA@@@YAHAEAY0IA@_WPEB_WZZ 0000000180001000 f i ico.obj
 0001:0000002c       ??_GBitmap@Gdiplus@@UEAAPEAXI@Z 000000018000102c f i ico.obj
 0001:0000002c       ??_GImage@Gdiplus@@UEAAPEAXI@Z 000000018000102c f i ico.obj
 0001:0000002c       ??_EImage@Gdiplus@@UEAAPEAXI@Z 000000018000102c f i ico.obj
 0001:0000002c       ??_EBitmap@Gdiplus@@UEAAPEAXI@Z 000000018000102c f i ico.obj
 0001:0000007c       ??_GMStream@@UEAAPEAXI@Z   000000018000107c f i ico.obj
 0001:0000007c       ??_EMStream@@UEAAPEAXI@Z   000000018000107c f i ico.obj
 0001:000000f4       ?AddRef@MStream@@UEAAKXZ   00000001800010f4 f i ico.obj
 0001:00000108       ?CET_Cancel@@YAXPEAX@Z     0000000180001108 f   ico.obj
 0001:00000120       ?CET_Done@@YAXPEAUCET_Init@@@Z 0000000180001120 f   ico.obj
 0001:00000180       ?CET_Free@@YAXPEAUCET_LoadInfo@@@Z 0000000180001180 f   ico.obj
 0001:000001b4       ?CET_Init@@YAHPEAU0@@Z     00000001800011b4 f   ico.obj
 0001:00000278       ?CET_Load@@YAHPEAUCET_LoadInfo@@@Z 0000000180001278 f   ico.obj
 0001:000003d8       ?Clone@Image@Gdiplus@@UEAAPEAV12@XZ 00000001800013d8 f i ico.obj
 0001:0000042c       ?LockRegion@MStream@@UEAAJT_ULARGE_INTEGER@@0K@Z 000000018000142c f i ico.obj
 0001:0000042c       ?UnlockRegion@MStream@@UEAAJT_ULARGE_INTEGER@@0K@Z 000000018000142c f i ico.obj
 0001:0000042c       ?Clone@MStream@@UEAAJPEAPEAUIStream@@@Z 000000018000142c f i ico.obj
 0001:0000042c       ?Revert@MStream@@UEAAJXZ   000000018000142c f i ico.obj
 0001:0000042c       ?CopyTo@MStream@@UEAAJPEAUIStream@@T_ULARGE_INTEGER@@PEAT3@2@Z 000000018000142c f i ico.obj
 0001:00000434       ?Close@ICOImage@@QEAAXXZ   0000000180001434 f i ico.obj
 0001:000004b4       ?Commit@MStream@@UEAAJK@Z  00000001800014b4 f i ico.obj
 0001:000004c0       ?Decode1BPP@@YAPEAEIIPEAUtagRGBQUAD@@PEAE1AEAK@Z 00000001800014c0 f   ico.obj
 0001:000005cc       ?Decode24BPP@@YAPEAEAEAIIPEAE1AEAK@Z 00000001800015cc f   ico.obj
 0001:000007d0       ?Decode32BPP@@YAPEAEAEAIIPEAE1AEAK@Z 00000001800017d0 f   ico.obj
 0001:000008d8       ?Decode4BPP@@YAPEAEIIPEAUtagRGBQUAD@@PEAE1AEAK@Z 00000001800018d8 f   ico.obj
 0001:00000a04       ?Decode8BPP@@YAPEAEAEAIIPEAUtagRGBQUAD@@PEAE2AEAK@Z 0000000180001a04 f   ico.obj
 0001:00000b18       ?DecodeDummy@@YAPEAEIIAEAK@Z 0000000180001b18 f   ico.obj
 0001:00000b78       ?GetPageBits@ICOImage@@QEAAHPEAUCET_LoadInfo@@@Z 0000000180001b78 f i ico.obj
 0001:00000cb4       ?Init@ICODecoder@@QEAAHPEAUCET_Init@@@Z 0000000180001cb4 f i ico.obj
 0001:00000d2c       ?LoadPageInfo@@YAKPEAUICONCONTEXT@@HAEAI111PEAPEB_W@Z 0000000180001d2c f   ico.obj
 0001:00000eb4       ?Open@ICOImage@@QEAAH_NPEB_WPEBEKU_COORD@@@Z 0000000180001eb4 f i ico.obj
 0001:000010d4       ?PageDecode@ICOImage@@QEAAHPEAUCET_LoadInfo@@@Z 00000001800020d4 f i ico.obj
 0001:000014ec       ?QueryInterface@MStream@@UEAAJAEBU_GUID@@PEAPEAX@Z 00000001800024ec f i ico.obj
 0001:00001554       ?Read@MStream@@UEAAJPEAXKPEAK@Z 0000000180002554 f i ico.obj
 0001:000015c8       ?Release@MStream@@UEAAKXZ  00000001800025c8 f i ico.obj
 0001:000015f8       ?Seek@MStream@@UEAAJT_LARGE_INTEGER@@KPEAT_ULARGE_INTEGER@@@Z 00000001800025f8 f i ico.obj
 0001:0000165c       ?SetSize@MStream@@UEAAJT_ULARGE_INTEGER@@@Z 000000018000265c f i ico.obj
 0001:00001708       ?Stat@MStream@@UEAAJPEAUtagSTATSTG@@K@Z 0000000180002708 f i ico.obj
 0001:00001784       ?StringCchVPrintfW@@YAJPEA_W_KPEB_WPEAD@Z 0000000180002784 f i ico.obj
 0001:00001828       ?Write@MStream@@UEAAJPEBXKPEAK@Z 0000000180002828 f i ico.obj
 0001:000018f4       _guard_check_icall_nop     00000001800028f4 f i LIBCMT:guard_support.obj
 0001:000018f4       ?__empty_global_delete@@YAXPEAX_K@Z 00000001800028f4 f i ico.obj
 0001:000018f4       ?__global_delete@@YAXPEAX_K@Z 00000001800028f4 f i ico.obj
 0001:000018f8       __local_stdio_printf_options 00000001800028f8 f i ico.obj
 0001:00001900       ??3@YAXPEAX@Z              0000000180002900 f   common-kernel64:Memory.obj
 0001:00001908       ?HeapDeinitialize@@YAXXZ   0000000180002908 f   common-kernel64:Memory.obj
 0001:00001968       ?HeapInitialize@@YA_NXZ    0000000180002968 f   common-kernel64:Memory.obj
 0001:000019a4       ?xf_free@@YAXPEAX@Z        00000001800029a4 f   common-kernel64:Memory.obj
 0001:00001a16       GdipAlloc                  0000000180002a16 f   gdiplus:gdiplus.dll
 0001:00001a1c       GdipFree                   0000000180002a1c f   gdiplus:gdiplus.dll
 0001:00001a22       GdiplusStartup             0000000180002a22 f   gdiplus:gdiplus.dll
 0001:00001a28       GdiplusShutdown            0000000180002a28 f   gdiplus:gdiplus.dll
 0001:00001a2e       GdipCloneImage             0000000180002a2e f   gdiplus:gdiplus.dll
 0001:00001a34       GdipDisposeImage           0000000180002a34 f   gdiplus:gdiplus.dll
 0001:00001a3a       GdipGetImagePixelFormat    0000000180002a3a f   gdiplus:gdiplus.dll
 0001:00001a40       GdipCreateBitmapFromStream 0000000180002a40 f   gdiplus:gdiplus.dll
 0001:00001a46       GdipBitmapLockBits         0000000180002a46 f   gdiplus:gdiplus.dll
 0001:00001a4c       GdipBitmapUnlockBits       0000000180002a4c f   gdiplus:gdiplus.dll
 0001:00001a54       ??3@YAXPEAX_K@Z            0000000180002a54 f   LIBCMT:delete_scalar_size.obj
 0001:00001a5c       __GSHandlerCheck           0000000180002a5c f   LIBCMT:gshandler.obj
 0001:00001a7c       __GSHandlerCheckCommon     0000000180002a7c f   LIBCMT:gshandler.obj
 0001:00001af0       __security_check_cookie    0000000180002af0 f   LIBCMT:amdsecgs.obj
 0001:00001b14       ??_Etype_info@@UEAAPEAXI@Z 0000000180002b14 f i LIBCMT:std_type_info_static.obj
 0001:00001b14       ??_Gtype_info@@UEAAPEAXI@Z 0000000180002b14 f i LIBCMT:std_type_info_static.obj
 0001:00001e60       _DllMainCRTStartup         0000000180002e60 f   LIBCMT:dll_dllmain.obj
 0001:00001ea0       __raise_securityfailure    0000000180002ea0 f   LIBCMT:gs_report.obj
 0001:00001ed4       __report_gsfailure         0000000180002ed4 f   LIBCMT:gs_report.obj
 0001:00001fa8       __report_rangecheckfailure 0000000180002fa8 f   LIBCMT:gs_report.obj
 0001:00001fbc       __report_securityfailure   0000000180002fbc f   LIBCMT:gs_report.obj
 0001:0000213c       __security_init_cookie     000000018000313c f   LIBCMT:gs_support.obj
 0001:000021e8       DllMain                    00000001800031e8 f   LIBCMT:dll_dllmain_stub.obj
 0001:000021e8       _get_startup_argv_mode     00000001800031e8 f   LIBCMT:argv_mode.obj
 0001:000021f0       ?__scrt_initialize_type_info@@YAXXZ 00000001800031f0 f   LIBCMT:tncleanup.obj
 0001:00002200       ?__scrt_uninitialize_type_info@@YAXXZ 0000000180003200 f   LIBCMT:tncleanup.obj
 0001:0000220c       __local_stdio_scanf_options 000000018000320c f i LIBCMT:default_local_stdio_options.obj
 0001:00002214       __scrt_initialize_default_local_stdio_options 0000000180003214 f   LIBCMT:default_local_stdio_options.obj
 0001:00002230       __scrt_acquire_startup_lock 0000000180003230 f   LIBCMT:utility.obj
 0001:0000226c       __scrt_dllmain_after_initialize_c 000000018000326c f   LIBCMT:utility.obj
 0001:000022a0       __scrt_dllmain_before_initialize_c 00000001800032a0 f   LIBCMT:utility.obj
 0001:000022b8       __scrt_dllmain_crt_thread_attach 00000001800032b8 f   LIBCMT:utility.obj
 0001:000022e0       __scrt_dllmain_crt_thread_detach 00000001800032e0 f   LIBCMT:utility.obj
 0001:000022f8       __scrt_dllmain_exception_filter 00000001800032f8 f   LIBCMT:utility.obj
 0001:00002358       __scrt_dllmain_uninitialize_c 0000000180003358 f   LIBCMT:utility.obj
 0001:00002388       __scrt_dllmain_uninitialize_critical 0000000180003388 f   LIBCMT:utility.obj
 0001:0000239c       __scrt_initialize_crt      000000018000339c f   LIBCMT:utility.obj
 0001:000023e8       __scrt_initialize_onexit_tables 00000001800033e8 f   LIBCMT:utility.obj
 0001:00002474       __scrt_is_nonwritable_in_current_image 0000000180003474 f   LIBCMT:utility.obj
 0001:0000250c       __scrt_release_startup_lock 000000018000350c f   LIBCMT:utility.obj
 0001:00002530       __scrt_uninitialize_crt    0000000180003530 f   LIBCMT:utility.obj
 0001:0000255c       __scrt_get_dyn_tls_init_callback 000000018000355c f   LIBCMT:dyn_tls_init.obj
 0001:00002564       __crt_debugger_hook        0000000180003564 f   LIBCMT:utility_desktop.obj
 0001:0000256c       __scrt_fastfail            000000018000356c f   LIBCMT:utility_desktop.obj
 0001:000026b8       _RTC_Initialize            00000001800036b8 f   LIBCMT:initsect.obj
 0001:000026f4       _RTC_Terminate             00000001800036f4 f   LIBCMT:initsect.obj
 0001:00002730       __isa_available_init       0000000180003730 f   LIBCMT:cpu_disp.obj
 0001:000028d4       __scrt_is_ucrt_dll_in_use  00000001800038d4 f   LIBCMT:ucrt_detection.obj
 0001:000028f0       memcpy_repmovs             00000001800038f0 f   libvcruntime:memcpy.obj
 0001:00002910       memcpy                     0000000180003910 f   libvcruntime:memcpy.obj
 0001:00002910       memmove                    0000000180003910 f   libvcruntime:memcpy.obj
 0001:00002d00       memset_repmovs             0000000180003d00 f   libvcruntime:memset.obj
 0001:00002d20       memset                     0000000180003d20 f   libvcruntime:memset.obj
 0001:00002ec0       __C_specific_handler       0000000180003ec0 f   libvcruntime:riscchandler.obj
 0001:000030d4       __std_type_info_destroy_list 00000001800040d4 f   libvcruntime:std_type_info.obj
 0001:00003100       __vcrt_initialize          0000000180004100 f   libvcruntime:initialization.obj
 0001:00003128       __vcrt_thread_attach       0000000180004128 f   libvcruntime:initialization.obj
 0001:0000313c       __vcrt_thread_detach       000000018000413c f   libvcruntime:initialization.obj
 0001:00003150       __vcrt_uninitialize        0000000180004150 f   libvcruntime:initialization.obj
 0001:0000316c       __vcrt_uninitialize_critical 000000018000416c f   libvcruntime:initialization.obj
 0001:0000317c       __DestructExceptionObject  000000018000417c f   libvcruntime:ehhelpers.obj
 0001:000031ec       ?_CallMemberFunction0@@YAXQEAX0@Z 00000001800041ec f i libvcruntime:ehhelpers.obj
 0001:00003200       _NLG_Notify                0000000180004200 f   libvcruntime:notify.obj
 0001:00003220       __NLG_Dispatch2            0000000180004220 f   libvcruntime:notify.obj
 0001:00003230       __NLG_Return2              0000000180004230 f   libvcruntime:notify.obj
 0001:00003234       __except_validate_context_record 0000000180004234 f   libvcruntime:jbcxrval.obj
 0001:0000326c       __vcrt_freefls             000000018000426c f   libvcruntime:per_thread_data.obj
 0001:0000328c       __vcrt_freeptd             000000018000428c f   libvcruntime:per_thread_data.obj
 0001:000032dc       __vcrt_getptd              00000001800042dc f   libvcruntime:per_thread_data.obj
 0001:000032f8       __vcrt_getptd_noexit       00000001800042f8 f   libvcruntime:per_thread_data.obj
 0001:000033b8       __vcrt_initialize_ptd      00000001800043b8 f   libvcruntime:per_thread_data.obj
 0001:00003400       __vcrt_uninitialize_ptd    0000000180004400 f   libvcruntime:per_thread_data.obj
 0001:00003424       __vcrt_initialize_locks    0000000180004424 f   libvcruntime:locks.obj
 0001:00003458       __vcrt_uninitialize_locks  0000000180004458 f   libvcruntime:locks.obj
 0001:000035dc       __vcrt_FlsAlloc            00000001800045dc f   libvcruntime:winapi_downlevel.obj
 0001:00003624       __vcrt_FlsFree             0000000180004624 f   libvcruntime:winapi_downlevel.obj
 0001:0000366c       __vcrt_FlsGetValue         000000018000466c f   libvcruntime:winapi_downlevel.obj
 0001:000036b4       __vcrt_FlsSetValue         00000001800046b4 f   libvcruntime:winapi_downlevel.obj
 0001:00003708       __vcrt_InitializeCriticalSectionEx 0000000180004708 f   libvcruntime:winapi_downlevel.obj
 0001:00003780       _CallSettingFrame          0000000180004780 f   libvcruntime:handlers.obj
 0001:000037d0       _CallSettingFrame_LookupContinuationIndex 00000001800047d0 f   libvcruntime:handlers.obj
 0001:00003800       _CallSettingFrame_NotifyContinuationAddr 0000000180004800 f   libvcruntime:handlers.obj
 0001:00003830       _CallSettingFrameEncoded   0000000180004830 f   libvcruntime:handlers.obj
 0001:00003a4c       ??$ensure_buffer_is_big_enough@D@formatting_buffer@__crt_stdio_output@@QEAA_N_K@Z 0000000180004a4c f i libucrt:output.obj
 0001:00003af4       ??$ensure_buffer_is_big_enough@_W@formatting_buffer@__crt_stdio_output@@QEAA_N_K@Z 0000000180004af4 f i libucrt:output.obj
 0001:00003ba0       ??$is_wide_character_specifier@_W@__crt_stdio_output@@YA_N_K_WW4length_modifier@0@@Z 0000000180004ba0 f i libucrt:output.obj
 0001:00003be0       ??$type_case_integer_parse_into_buffer@I@?$output_processor@_WV?$string_output_adapter@_W@__crt_stdio_output@@V?$standard_base@_WV?$string_output_adapter@_W@__crt_stdio_output@@@2@@__crt_stdio_output@@AEAAXII_N@Z 0000000180004be0 f i libucrt:output.obj
 0001:00003c84       ??$type_case_integer_parse_into_buffer@_K@?$output_processor@_WV?$string_output_adapter@_W@__crt_stdio_output@@V?$standard_base@_WV?$string_output_adapter@_W@__crt_stdio_output@@@2@@__crt_stdio_output@@AEAAX_KI_N@Z 0000000180004c84 f i libucrt:output.obj
 0001:00003d28       ??$write_multiple_characters@V?$string_output_adapter@_W@__crt_stdio_output@@D@__crt_stdio_output@@YAXAEBV?$string_output_adapter@_W@0@DHQEAH@Z 0000000180004d28 f i libucrt:output.obj
 0001:00003da4       ??0_LocaleUpdate@@QEAA@QEAU__crt_locale_pointers@@@Z 0000000180004da4 f i libucrt:output.obj
 0001:00003e40       ?crop_zeroes@__crt_stdio_output@@YAXPEADQEAU__crt_locale_pointers@@@Z 0000000180004e40 f i libucrt:output.obj
 0001:00003eac       ?parse_int_from_format_string@?$output_processor@_WV?$string_output_adapter@_W@__crt_stdio_output@@V?$standard_base@_WV?$string_output_adapter@_W@__crt_stdio_output@@@2@@__crt_stdio_output@@AEAA_NQEAH@Z 0000000180004eac f i libucrt:output.obj
 0001:00003f50       ?process@?$output_processor@_WV?$string_output_adapter@_W@__crt_stdio_output@@V?$standard_base@_WV?$string_output_adapter@_W@__crt_stdio_output@@@2@@__crt_stdio_output@@QEAAHXZ 0000000180004f50 f i libucrt:output.obj
 0001:000041cc       ?state_case_size@?$output_processor@_WV?$string_output_adapter@_W@__crt_stdio_output@@V?$standard_base@_WV?$string_output_adapter@_W@__crt_stdio_output@@@2@@__crt_stdio_output@@AEAA_NXZ 00000001800051cc f i libucrt:output.obj
 0001:00004364       ?state_case_type@?$output_processor@_WV?$string_output_adapter@_W@__crt_stdio_output@@V?$standard_base@_WV?$string_output_adapter@_W@__crt_stdio_output@@@2@@__crt_stdio_output@@AEAA_NXZ 0000000180005364 f i libucrt:output.obj
 0001:00004630       ?type_case_Z@?$output_processor@_WV?$string_output_adapter@_W@__crt_stdio_output@@V?$standard_base@_WV?$string_output_adapter@_W@__crt_stdio_output@@@2@@__crt_stdio_output@@AEAA_NXZ 0000000180005630 f i libucrt:output.obj
 0001:000046ac       ?type_case_a@?$output_processor@_WV?$string_output_adapter@_W@__crt_stdio_output@@V?$standard_base@_WV?$string_output_adapter@_W@__crt_stdio_output@@@2@@__crt_stdio_output@@AEAA_NXZ 00000001800056ac f i libucrt:output.obj
 0001:000048e8       ?type_case_c_tchar@?$output_processor@_WV?$string_output_adapter@_W@__crt_stdio_output@@V?$standard_base@_WV?$string_output_adapter@_W@__crt_stdio_output@@@2@@__crt_stdio_output@@AEAA_N_W@Z 00000001800058e8 f i libucrt:output.obj
 0001:00004990       ?type_case_integer@?$output_processor@_WV?$string_output_adapter@_W@__crt_stdio_output@@V?$standard_base@_WV?$string_output_adapter@_W@__crt_stdio_output@@@2@@__crt_stdio_output@@AEAA_NI_N@Z 0000000180005990 f i libucrt:output.obj
 0001:00004b5c       ?type_case_n@?$output_processor@_WV?$string_output_adapter@_W@__crt_stdio_output@@V?$standard_base@_WV?$string_output_adapter@_W@__crt_stdio_output@@@2@@__crt_stdio_output@@AEAA_NXZ 0000000180005b5c f i libucrt:output.obj
 0001:00004c38       ?type_case_s@?$output_processor@_WV?$string_output_adapter@_W@__crt_stdio_output@@V?$standard_base@_WV?$string_output_adapter@_W@__crt_stdio_output@@@2@@__crt_stdio_output@@AEAA_NXZ 0000000180005c38 f i libucrt:output.obj
 0001:00004d00       ?write_stored_string_tchar@?$output_processor@_WV?$string_output_adapter@_W@__crt_stdio_output@@V?$standard_base@_WV?$string_output_adapter@_W@__crt_stdio_output@@@2@@__crt_stdio_output@@AEAA_N_W@Z 0000000180005d00 f i libucrt:output.obj
 0001:00004dec       ?write_string@?$string_output_adapter@_W@__crt_stdio_output@@QEBAXQEB_WHQEAHAEAV__crt_deferred_errno_cache@@@Z 0000000180005dec f i libucrt:output.obj
 0001:00004e94       __stdio_common_vswprintf   0000000180005e94 f   libucrt:output.obj
 0001:00004e9c       _initterm                  0000000180005e9c f   libucrt:initterm.obj
 0001:00004f00       _initterm_e                0000000180005f00 f   libucrt:initterm.obj
 0001:00004f40       _seh_filter_dll            0000000180005f40 f   libucrt:exception_filter.obj
 0001:00004f54       _seh_filter_exe            0000000180005f54 f   libucrt:exception_filter.obj
 0001:00005344       __acrt_initialize_thread_local_exit_callback 0000000180006344 f   libucrt:exit.obj
 0001:0000534c       _cexit                     000000018000634c f   libucrt:exit.obj
 0001:0000535c       _exit                      000000018000635c f   libucrt:exit.obj
 0001:00005368       _is_c_termination_complete 0000000180006368 f   libucrt:exit.obj
 0001:00005534       __acrt_allocate_buffer_for_argv 0000000180006534 f   libucrt:argv_parsing.obj
 0001:00005594       _configure_narrow_argv     0000000180006594 f   libucrt:argv_parsing.obj
 0001:0000590c       __dcrt_uninitialize_environments_nolock 000000018000690c f   libucrt:environment_initialization.obj
 0001:00005944       _initialize_narrow_environment 0000000180006944 f   libucrt:environment_initialization.obj
 0001:00005aa0       _execute_onexit_table      0000000180006aa0 f   libucrt:onexit.obj
 0001:00005adc       _initialize_onexit_table   0000000180006adc f   libucrt:onexit.obj
 0001:00005b3c       __acrt_uninitialize_command_line 0000000180006b3c f   libucrt:argv_data.obj
 0001:00005c34       __acrt_initialize          0000000180006c34 f   libucrt:initialization.obj
 0001:00005c48       __acrt_thread_attach       0000000180006c48 f   libucrt:initialization.obj
 0001:00005c5c       __acrt_thread_detach       0000000180006c5c f   libucrt:initialization.obj
 0001:00005c6c       __acrt_uninitialize        0000000180006c6c f   libucrt:initialization.obj
 0001:00005ca4       __acrt_uninitialize_critical 0000000180006ca4 f   libucrt:initialization.obj
 0001:00005cb4       terminate                  0000000180006cb4 f   libucrt:terminate.obj
 0001:00005cd4       free                       0000000180006cd4 f   libucrt:free.obj
 0001:00005ce8       strcpy_s                   0000000180006ce8 f   libucrt:strcpy_s.obj
 0001:00005d48       abort                      0000000180006d48 f   libucrt:abort.obj
 0001:00005da0       ??$parse_integer@KV?$c_string_character_source@_W@__crt_strtox@@@__crt_strtox@@YAKQEAU__crt_locale_pointers@@V?$c_string_character_source@_W@0@H_N@Z 0000000180006da0 f i libucrt:atox.obj
 0001:00006460       strncmp                    0000000180007460 f   libucrt:strncmp.obj
 0001:000064e0       calloc                     00000001800074e0 f   libucrt:calloc.obj
 0001:000064e8       wcsncmp                    00000001800074e8 f   libucrt:wcsncmp.obj
 0001:00006514       __acrt_call_reportfault    0000000180007514 f   libucrt:invalid_parameter.obj
 0001:00006670       __acrt_initialize_invalid_parameter_handler 0000000180007670 f   libucrt:invalid_parameter.obj
 0001:00006678       _invalid_parameter         0000000180007678 f   libucrt:invalid_parameter.obj
 0001:00006728       _invalid_parameter_noinfo  0000000180007728 f   libucrt:invalid_parameter.obj
 0001:00006748       _invoke_watson             0000000180007748 f   libucrt:invalid_parameter.obj
 0001:00006790       __acrt_errno_from_os_error 0000000180007790 f   libucrt:errno.obj
 0001:000067d8       __acrt_errno_map_os_error  00000001800077d8 f   libucrt:errno.obj
 0001:00006828       __doserrno                 0000000180007828 f   libucrt:errno.obj
 0001:00006848       _errno                     0000000180007848 f   libucrt:errno.obj
 0001:00006868       _free_base                 0000000180007868 f   libucrt:free_base.obj
 0001:000068a8       _malloc_base               00000001800078a8 f   libucrt:malloc_base.obj
 0001:00006908       wcstol                     0000000180007908 f   libucrt:strtox.obj
 0001:00006934       _mbtowc_l                  0000000180007934 f   libucrt:mbtowc.obj
 0001:00006ab4       mbtowc                     0000000180007ab4 f   libucrt:mbtowc.obj
 0001:00006abc       wcsnlen                    0000000180007abc f   libucrt:strnlen.obj
 0001:0000700c       __acrt_freeptd             000000018000800c f   libucrt:per_thread_data.obj
 0001:00007050       __acrt_getptd              0000000180008050 f   libucrt:per_thread_data.obj
 0001:00007124       __acrt_getptd_head         0000000180008124 f   libucrt:per_thread_data.obj
 0001:000071cc       __acrt_getptd_noexit       00000001800081cc f   libucrt:per_thread_data.obj
 0001:00007298       __acrt_initialize_ptd      0000000180008298 f   libucrt:per_thread_data.obj
 0001:000072d4       __acrt_uninitialize_ptd    00000001800082d4 f   libucrt:per_thread_data.obj
 0001:000072f8       __acrt_update_locale_info  00000001800082f8 f   libucrt:locale_update.obj
 0001:0000732c       __acrt_update_multibyte_info 000000018000832c f   libucrt:locale_update.obj
 0001:00007bf8       __acrt_fp_format           0000000180008bf8 f   libucrt:cvt.obj
 0001:00007efc       _fileno                    0000000180008efc f   libucrt:fileno.obj
 0001:00007f24       __acrt_initialize_stdio    0000000180008f24 f   libucrt:_file.obj
 0001:00008044       __acrt_uninitialize_stdio  0000000180009044 f   libucrt:_file.obj
 0001:000080a0       _lock_file                 00000001800090a0 f   libucrt:_file.obj
 0001:000080ac       _unlock_file               00000001800090ac f   libucrt:_file.obj
 0001:000080b8       _get_printf_count_output   00000001800090b8 f   libucrt:printf_count_output.obj
 0001:00008140       __acrt_set_locale_changed  0000000180009140 f   libucrt:wsetlocale.obj
 0001:0000814c       __acrt_uninitialize_locale 000000018000914c f   libucrt:wsetlocale.obj
 0001:00008378       __acrt_initialize_lowio    0000000180009378 f   libucrt:ioinit.obj
 0001:000083b4       __acrt_uninitialize_lowio  00000001800093b4 f   libucrt:ioinit.obj
 0001:000083f4       __acrt_initialize_locks    00000001800093f4 f   libucrt:locks.obj
 0001:0000843c       __acrt_lock                000000018000943c f   libucrt:locks.obj
 0001:00008458       __acrt_uninitialize_locks  0000000180009458 f   libucrt:locks.obj
 0001:00008490       __acrt_unlock              0000000180009490 f   libucrt:locks.obj
 0001:000084ac       __acrt_get_process_end_policy 00000001800094ac f   libucrt:win_policies.obj
 0001:000084e8       _calloc_base               00000001800094e8 f   libucrt:calloc_base.obj
 0001:00008574       ??$__acrt_mbs_to_wcs_cp@U__crt_win32_buffer_internal_dynamic_resizing@@@@YAHQEBDAEAV?$__crt_win32_buffer@_WU__crt_win32_buffer_internal_dynamic_resizing@@@@I@Z 0000000180009574 f i libucrt:argv_wildcards.obj
 0001:000086ec       ??$__acrt_wcs_to_mbs_cp@U__crt_win32_buffer_internal_dynamic_resizing@@@@YAHQEB_WAEAV?$__crt_win32_buffer@DU__crt_win32_buffer_internal_dynamic_resizing@@@@I@Z 00000001800096ec f i libucrt:argv_wildcards.obj
 0001:00008f1c       __acrt_expand_narrow_argv_wildcards 0000000180009f1c f   libucrt:argv_wildcards.obj
 0001:00008f24       ??$__acrt_wcs_to_mbs_cp@U__crt_win32_buffer_no_resizing@@@@YAHQEB_WAEAV?$__crt_win32_buffer@DU__crt_win32_buffer_no_resizing@@@@I@Z 0000000180009f24 f i libucrt:getmodulefilenamea.obj
 0001:00009038       __acrt_GetModuleFileNameA  000000018000a038 f   libucrt:getmodulefilenamea.obj
 0001:00009884       __acrt_initialize_multibyte 000000018000a884 f   libucrt:mbctype.obj
 0001:000098e4       __acrt_update_thread_multibyte_data 000000018000a8e4 f   libucrt:mbctype.obj
 0001:00009900       _setmbcp_nolock            000000018000a900 f   libucrt:mbctype.obj
 0001:00009c34       _ismbblead                 000000018000ac34 f   libucrt:ismbbyte.obj
 0001:00009c48       __acrt_initialize_command_line 000000018000ac48 f   libucrt:argv_data.obj
 0001:00009c70       __acrt_MultiByteToWideChar 000000018000ac70 f   libucrt:multibytetowidechar.obj
 0001:00009ccc       __acrt_WideCharToMultiByte 000000018000accc f   libucrt:widechartomultibyte.obj
 0001:00009d64       __dcrt_get_narrow_environment_from_os 000000018000ad64 f   libucrt:get_environment_from_os.obj
 0001:00009e68       _recalloc_base             000000018000ae68 f   libucrt:recalloc.obj
 0001:0000a0d8       __acrt_AppPolicyGetProcessTerminationMethodInternal 000000018000b0d8 f   libucrt:winapi_thunks.obj
 0001:0000a128       __acrt_AreFileApisANSI     000000018000b128 f   libucrt:winapi_thunks.obj
 0001:0000a164       __acrt_FlsAlloc            000000018000b164 f   libucrt:winapi_thunks.obj
 0001:0000a1ac       __acrt_FlsFree             000000018000b1ac f   libucrt:winapi_thunks.obj
 0001:0000a1f4       __acrt_FlsGetValue         000000018000b1f4 f   libucrt:winapi_thunks.obj
 0001:0000a23c       __acrt_FlsSetValue         000000018000b23c f   libucrt:winapi_thunks.obj
 0001:0000a290       __acrt_InitializeCriticalSectionEx 000000018000b290 f   libucrt:winapi_thunks.obj
 0001:0000a2f4       __acrt_LCMapStringEx       000000018000b2f4 f   libucrt:winapi_thunks.obj
 0001:0000a3d0       __acrt_LocaleNameToLCID    000000018000b3d0 f   libucrt:winapi_thunks.obj
 0001:0000a420       __acrt_initialize_winapi_thunks 000000018000b420 f   libucrt:winapi_thunks.obj
 0001:0000a454       __acrt_uninitialize_winapi_thunks 000000018000b454 f   libucrt:winapi_thunks.obj
 0001:0000a498       __acrt_initialize_heap     000000018000b498 f   libucrt:heap_handle.obj
 0001:0000a4b4       __acrt_uninitialize_heap   000000018000b4b4 f   libucrt:heap_handle.obj
 0001:0000a4c0       __acrt_execute_initializers 000000018000b4c0 f   libucrt:shared_initialization.obj
 0001:0000a540       __acrt_execute_uninitializers 000000018000b540 f   libucrt:shared_initialization.obj
 0001:0000a57c       __acrt_initialize_new_handler 000000018000b57c f   libucrt:new_handler.obj
 0001:0000a584       _callnewh                  000000018000b584 f   libucrt:new_handler.obj
 0001:0000a5b4       _query_new_handler         000000018000b5b4 f   libucrt:new_handler.obj
 0001:0000a630       __acrt_get_sigabrt_handler 000000018000b630 f   libucrt:signal.obj
 0001:0000a660       __acrt_initialize_signal_handlers 000000018000b660 f   libucrt:signal.obj
 0001:0000a680       raise                      000000018000b680 f   libucrt:signal.obj
 0001:0000a8ec       __acrt_has_user_matherr    000000018000b8ec f   libucrt:matherr.obj
 0001:0000a90c       __acrt_initialize_user_matherr 000000018000b90c f   libucrt:matherr.obj
 0001:0000a914       __acrt_invoke_user_matherr 000000018000b914 f   libucrt:matherr.obj
 0001:0000ab20       __acrt_stdio_flush_nolock  000000018000bb20 f   libucrt:fflush.obj
 0001:0000ab9c       _fflush_nolock             000000018000bb9c f   libucrt:fflush.obj
 0001:0000abe8       _flushall                  000000018000bbe8 f   libucrt:fflush.obj
 0001:0000abf0       __pctype_func              000000018000bbf0 f   libucrt:ctype.obj
 0001:0000ac20       iswctype                   000000018000bc20 f   libucrt:iswctype.obj
 0001:0000ac90       _query_new_mode            000000018000bc90 f   libucrt:new_mode.obj
 0001:0000ac98       _isleadbyte_l              000000018000bc98 f i libucrt:_wctype.obj
 0001:0000ace4       ?__mbrtowc_utf8@__crt_mbstring@@YA_KPEA_WPEBD_KPEAU_Mbstatet@@@Z 000000018000bce4 f   libucrt:mbrtowc.obj
 0001:0000ad20       ?__mbsrtowcs_utf8@__crt_mbstring@@YA_KPEA_WPEAPEBD_KPEAU_Mbstatet@@@Z 000000018000bd20 f   libucrt:mbrtowc.obj
 0001:0000ae98       __acrt_add_locale_ref      000000018000be98 f   libucrt:locale_refcounting.obj
 0001:0000af24       __acrt_free_locale         000000018000bf24 f   libucrt:locale_refcounting.obj
 0001:0000b09c       __acrt_locale_add_lc_time_reference 000000018000c09c f   libucrt:locale_refcounting.obj
 0001:0000b0c4       __acrt_locale_free_lc_time_if_unreferenced 000000018000c0c4 f   libucrt:locale_refcounting.obj
 0001:0000b0fc       __acrt_locale_release_lc_time_reference 000000018000c0fc f   libucrt:locale_refcounting.obj
 0001:0000b124       __acrt_release_locale_ref  000000018000c124 f   libucrt:locale_refcounting.obj
 0001:0000b1cc       __acrt_update_thread_locale_data 000000018000c1cc f   libucrt:locale_refcounting.obj
 0001:0000b238       _updatetlocinfoEx_nolock   000000018000c238 f   libucrt:locale_refcounting.obj
 0001:0000b2a0       __acrt_fp_strflt_to_string 000000018000c2a0 f   libucrt:_fptostr.obj
 0001:0000b390       ?divide@__crt_strtox@@YA_KAEAUbig_integer@1@AEBU21@@Z 000000018000c390 f i libucrt:cfout.obj
 0001:0000b7bc       __acrt_fltout              000000018000c7bc f   libucrt:cfout.obj
 0001:0000ca78       _fcloseall                 000000018000da78 f   libucrt:closeall.obj
 0001:0000cb2c       __acrt_stdio_free_buffer_nolock 000000018000db2c f   libucrt:_freebuf.obj
 0001:0000cb6c       _isatty                    000000018000db6c f   libucrt:isatty.obj
 0001:0000cbcc       __acrt_locale_free_monetary 000000018000dbcc f   libucrt:initmon.obj
 0001:0000ccd8       __acrt_locale_free_numeric 000000018000dcd8 f   libucrt:initnum.obj
 0001:0000cd9c       __acrt_locale_free_time    000000018000dd9c f   libucrt:inittime.obj
 0001:0000cea4       __acrt_GetStringTypeA      000000018000dea4 f   libucrt:getstringtypea.obj
 0001:0000d034       __acrt_lowio_create_handle_array 000000018000e034 f   libucrt:osfinfo.obj
 0001:0000d0dc       __acrt_lowio_destroy_handle_array 000000018000e0dc f   libucrt:osfinfo.obj
 0001:0000d12c       __acrt_lowio_ensure_fh_exists 000000018000e12c f   libucrt:osfinfo.obj
 0001:0000d1d4       __acrt_lowio_lock_fh       000000018000e1d4 f   libucrt:osfinfo.obj
 0001:0000d1fc       __acrt_lowio_unlock_fh     000000018000e1fc f   libucrt:osfinfo.obj
 0001:0000d224       _free_osfhnd               000000018000e224 f   libucrt:osfinfo.obj
 0001:0000d2e0       _get_osfhandle             000000018000e2e0 f   libucrt:osfinfo.obj
 0001:0000d360       qsort                      000000018000e360 f   libucrt:qsort.obj
 0001:0000d710       strncpy_s                  000000018000e710 f   libucrt:strncpy_s.obj
 0001:0000d890       strpbrk                    000000018000e890 f   libucrt:strpbrk.obj
 0001:0000dc70       _mbsdec                    000000018000ec70 f   libucrt:mbsdec.obj
 0001:0000dc78       _mbsdec_l                  000000018000ec78 f   libucrt:mbsdec.obj
 0001:0000e024       __acrt_LCMapStringA        000000018000f024 f   libucrt:lcmapstringa.obj
 0001:0000e0d4       _msize_base                000000018000f0d4 f   libucrt:msize.obj
 0001:0000e110       _realloc_base              000000018000f110 f   libucrt:realloc_base.obj
 0001:0000e18c       __acrt_DownlevelLocaleNameToLCID 000000018000f18c f   libucrt:lcidtoname_downlevel.obj
 0001:0000e2c8       _commit                    000000018000f2c8 f   libucrt:commit.obj
 0001:0000ebbc       _write                     000000018000fbbc f   libucrt:write.obj
 0001:0000eca8       _write_nolock              000000018000fca8 f   libucrt:write.obj
 0001:0000ef84       __acrt_GetStringTypeW      000000018000ff84 f   libucrt:getstringtypew.obj
 0001:0000ef8c       ?__mbrtoc32_utf8@__crt_mbstring@@YA_KPEA_UPEBD_KPEAU_Mbstatet@@@Z 000000018000ff8c f   libucrt:mbrtoc32.obj
 0001:0000f168       fegetenv                   0000000180010168 f   libucrt:fegetenv.obj
 0001:0000f188       fesetenv                   0000000180010188 f   libucrt:fesetenv.obj
 0001:0000f1d4       feholdexcept               00000001800101d4 f   libucrt:feholdexcept.obj
 0001:0000f224       ceil                       0000000180010224 f   libucrt:ceil.obj
 0001:0000f2f0       log10                      00000001800102f0 f   libucrt:log10.obj
 0001:0000f938       _lseeki64_nolock           0000000180010938 f   libucrt:lseek.obj
 0001:0000f940       _fclose_nolock             0000000180010940 f   libucrt:fclose.obj
 0001:0000f9c4       fclose                     00000001800109c4 f   libucrt:fclose.obj
 0001:0000fa28       __ascii_wcsnicmp           0000000180010a28 f   libucrt:wcsnicmp.obj
 0001:0000fa74       _query_app_type            0000000180010a74 f   libucrt:report_runtime_error.obj
 0001:0000fa7c       __strncnt                  0000000180010a7c f   libucrt:strncnt.obj
 0001:0000fa94       _putwch_nolock             0000000180010a94 f   libucrt:putwch.obj
 0001:0000fad0       __acrt_fenv_get_control    0000000180010ad0 f   libucrt:_fenvutils.obj
 0001:0000fbc4       __acrt_fenv_get_status     0000000180010bc4 f   libucrt:_fenvutils.obj
 0001:0000fc18       __acrt_fenv_set_control    0000000180010c18 f   libucrt:_fenvutils.obj
 0001:0000fd60       __acrt_fenv_set_status     0000000180010d60 f   libucrt:_fenvutils.obj
 0001:0000fde4       _clearfp                   0000000180010de4 f   libucrt:ieee.obj
 0001:0000ff78       _handle_error              0000000180010f78 f   libucrt:libm_error.obj
 0001:000100a0       _handle_nan                00000001800110a0 f   libucrt:libm_error.obj
 0001:000100c0       __acrt_initialize_fma3     00000001800110c0 f   libucrt:fma3_available.obj
 0001:00010130       _log10_special             0000000180011130 f   libucrt:log_special.obj
 0001:0001025c       _close                     000000018001125c f   libucrt:close.obj
 0001:00010300       _close_nolock              0000000180011300 f   libucrt:close.obj
 0001:000103c0       ?__acrt_stdio_free_stream@@YAXV__crt_stdio_stream@@@Z 00000001800113c0 f   libucrt:stream.obj
 0001:000103dc       __dcrt_lowio_ensure_console_output_initialized 00000001800113dc f   libucrt:initcon.obj
 0001:00010430       __dcrt_terminate_console_output 0000000180011430 f   libucrt:initcon.obj
 0001:0001044c       __dcrt_write_console       000000018001144c f   libucrt:initcon.obj
 0001:00010520       _get_fpsr                  0000000180011520 f   libucrt:fpsr.obj
 0001:00010530       _set_fpsr                  0000000180011530 f   libucrt:fpsr.obj
 0001:0001053a       _fclrf                     000000018001153a f   libucrt:fpsr.obj
 0001:0001054e       _frnd                      000000018001154e f   libucrt:fpsr.obj
 0001:00010570       _raise_exc                 0000000180011570 f   libucrt:fpexcept.obj
 0001:00010598       _raise_exc_ex              0000000180011598 f   libucrt:fpexcept.obj
 0001:000108a8       _set_errno_from_matherr    00000001800118a8 f   libucrt:fpexcept.obj
 0001:000108d8       _clrfp                     00000001800118d8 f   libucrt:fpctrl.obj
 0001:000108f8       _ctrlfp                    00000001800118f8 f   libucrt:fpctrl.obj
 0001:00010974       _set_statfp                0000000180011974 f   libucrt:fpctrl.obj
 0001:00010994       _statfp                    0000000180011994 f   libucrt:fpctrl.obj
 0001:000109a5       IsProcessorFeaturePresent  00000001800119a5 f   kernel32:KERNEL32.dll
 0001:000109b0       _FindPESection             00000001800119b0 f   LIBCMT:pesect.obj
 0001:00010a00       _IsNonwritableInCurrentImage 0000000180011a00 f   LIBCMT:pesect.obj
 0001:00010a50       _ValidateImageBase         0000000180011a50 f   LIBCMT:pesect.obj
 0001:00010a90       _alloca_probe              0000000180011a90 f   LIBCMT:chkstk.obj
 0001:00010a90       __chkstk                   0000000180011a90 f   LIBCMT:chkstk.obj
 0001:00010ae4       strrchr                    0000000180011ae4 f   libvcruntime:strrchr.obj
 0001:00010c30       memcmp                     0000000180011c30 f   libvcruntime:memcmp.obj
 0001:00010d10       _guard_dispatch_icall_nop  0000000180011d10 f   LIBCMT:guard_dispatch.obj
 0001:00010d30       _guard_xfg_dispatch_icall_nop 0000000180011d30 f   LIBCMT:guard_xfg_dispatch.obj
 0002:00000000       __imp_HeapAlloc            0000000180013000     kernel32:KERNEL32.dll
 0002:00000008       __imp_HeapReAlloc          0000000180013008     kernel32:KERNEL32.dll
 0002:00000010       __imp_HeapFree             0000000180013010     kernel32:KERNEL32.dll
 0002:00000018       __imp_GetProcessHeap       0000000180013018     kernel32:KERNEL32.dll
 0002:00000020       __imp_GetLocalTime         0000000180013020     kernel32:KERNEL32.dll
 0002:00000028       __imp_SystemTimeToFileTime 0000000180013028     kernel32:KERNEL32.dll
 0002:00000030       __imp_WriteConsoleW        0000000180013030     kernel32:KERNEL32.dll
 0002:00000038       __imp_CreateFileW          0000000180013038     kernel32:KERNEL32.dll
 0002:00000040       __imp_CloseHandle          0000000180013040     kernel32:KERNEL32.dll
 0002:00000048       __imp_GetConsoleMode       0000000180013048     kernel32:KERNEL32.dll
 0002:00000050       __imp_GetConsoleCP         0000000180013050     kernel32:KERNEL32.dll
 0002:00000058       __imp_WriteFile            0000000180013058     kernel32:KERNEL32.dll
 0002:00000060       __imp_FlushFileBuffers     0000000180013060     kernel32:KERNEL32.dll
 0002:00000068       __imp_HeapSize             0000000180013068     kernel32:KERNEL32.dll
 0002:00000070       __imp_SetStdHandle         0000000180013070     kernel32:KERNEL32.dll
 0002:00000078       __imp_GetStringTypeW       0000000180013078     kernel32:KERNEL32.dll
 0002:00000080       __imp_SetFilePointerEx     0000000180013080     kernel32:KERNEL32.dll
 0002:00000088       __imp_HeapCreate           0000000180013088     kernel32:KERNEL32.dll
 0002:00000090       __imp_HeapDestroy          0000000180013090     kernel32:KERNEL32.dll
 0002:00000098       __imp_RtlCaptureContext    0000000180013098     kernel32:KERNEL32.dll
 0002:000000a0       __imp_RtlLookupFunctionEntry 00000001800130a0     kernel32:KERNEL32.dll
 0002:000000a8       __imp_RtlVirtualUnwind     00000001800130a8     kernel32:KERNEL32.dll
 0002:000000b0       __imp_UnhandledExceptionFilter 00000001800130b0     kernel32:KERNEL32.dll
 0002:000000b8       __imp_SetUnhandledExceptionFilter 00000001800130b8     kernel32:KERNEL32.dll
 0002:000000c0       __imp_GetCurrentProcess    00000001800130c0     kernel32:KERNEL32.dll
 0002:000000c8       __imp_TerminateProcess     00000001800130c8     kernel32:KERNEL32.dll
 0002:000000d0       __imp_IsProcessorFeaturePresent 00000001800130d0     kernel32:KERNEL32.dll
 0002:000000d8       __imp_QueryPerformanceCounter 00000001800130d8     kernel32:KERNEL32.dll
 0002:000000e0       __imp_GetCurrentProcessId  00000001800130e0     kernel32:KERNEL32.dll
 0002:000000e8       __imp_GetCurrentThreadId   00000001800130e8     kernel32:KERNEL32.dll
 0002:000000f0       __imp_GetSystemTimeAsFileTime 00000001800130f0     kernel32:KERNEL32.dll
 0002:000000f8       __imp_InitializeSListHead  00000001800130f8     kernel32:KERNEL32.dll
 0002:00000100       __imp_IsDebuggerPresent    0000000180013100     kernel32:KERNEL32.dll
 0002:00000108       __imp_GetStartupInfoW      0000000180013108     kernel32:KERNEL32.dll
 0002:00000110       __imp_GetModuleHandleW     0000000180013110     kernel32:KERNEL32.dll
 0002:00000118       __imp_RtlUnwindEx          0000000180013118     kernel32:KERNEL32.dll
 0002:00000120       __imp_InterlockedFlushSList 0000000180013120     kernel32:KERNEL32.dll
 0002:00000128       __imp_GetLastError         0000000180013128     kernel32:KERNEL32.dll
 0002:00000130       __imp_SetLastError         0000000180013130     kernel32:KERNEL32.dll
 0002:00000138       __imp_EnterCriticalSection 0000000180013138     kernel32:KERNEL32.dll
 0002:00000140       __imp_LeaveCriticalSection 0000000180013140     kernel32:KERNEL32.dll
 0002:00000148       __imp_DeleteCriticalSection 0000000180013148     kernel32:KERNEL32.dll
 0002:00000150       __imp_InitializeCriticalSectionAndSpinCount 0000000180013150     kernel32:KERNEL32.dll
 0002:00000158       __imp_TlsAlloc             0000000180013158     kernel32:KERNEL32.dll
 0002:00000160       __imp_TlsGetValue          0000000180013160     kernel32:KERNEL32.dll
 0002:00000168       __imp_TlsSetValue          0000000180013168     kernel32:KERNEL32.dll
 0002:00000170       __imp_TlsFree              0000000180013170     kernel32:KERNEL32.dll
 0002:00000178       __imp_FreeLibrary          0000000180013178     kernel32:KERNEL32.dll
 0002:00000180       __imp_GetProcAddress       0000000180013180     kernel32:KERNEL32.dll
 0002:00000188       __imp_LoadLibraryExW       0000000180013188     kernel32:KERNEL32.dll
 0002:00000190       __imp_RaiseException       0000000180013190     kernel32:KERNEL32.dll
 0002:00000198       __imp_ExitProcess          0000000180013198     kernel32:KERNEL32.dll
 0002:000001a0       __imp_GetModuleHandleExW   00000001800131a0     kernel32:KERNEL32.dll
 0002:000001a8       __imp_GetModuleFileNameW   00000001800131a8     kernel32:KERNEL32.dll
 0002:000001b0       __imp_GetStdHandle         00000001800131b0     kernel32:KERNEL32.dll
 0002:000001b8       __imp_GetFileType          00000001800131b8     kernel32:KERNEL32.dll
 0002:000001c0       __imp_FindClose            00000001800131c0     kernel32:KERNEL32.dll
 0002:000001c8       __imp_FindFirstFileExW     00000001800131c8     kernel32:KERNEL32.dll
 0002:000001d0       __imp_FindNextFileW        00000001800131d0     kernel32:KERNEL32.dll
 0002:000001d8       __imp_IsValidCodePage      00000001800131d8     kernel32:KERNEL32.dll
 0002:000001e0       __imp_GetACP               00000001800131e0     kernel32:KERNEL32.dll
 0002:000001e8       __imp_GetOEMCP             00000001800131e8     kernel32:KERNEL32.dll
 0002:000001f0       __imp_GetCPInfo            00000001800131f0     kernel32:KERNEL32.dll
 0002:000001f8       __imp_GetCommandLineA      00000001800131f8     kernel32:KERNEL32.dll
 0002:00000200       __imp_GetCommandLineW      0000000180013200     kernel32:KERNEL32.dll
 0002:00000208       __imp_MultiByteToWideChar  0000000180013208     kernel32:KERNEL32.dll
 0002:00000210       __imp_WideCharToMultiByte  0000000180013210     kernel32:KERNEL32.dll
 0002:00000218       __imp_GetEnvironmentStringsW 0000000180013218     kernel32:KERNEL32.dll
 0002:00000220       __imp_FreeEnvironmentStringsW 0000000180013220     kernel32:KERNEL32.dll
 0002:00000228       __imp_LCMapStringW         0000000180013228     kernel32:KERNEL32.dll
 0002:00000230       \177KERNEL32_NULL_THUNK_DATA 0000000180013230     kernel32:KERNEL32.dll
 0002:00000238       __imp_GdipBitmapLockBits   0000000180013238     gdiplus:gdiplus.dll
 0002:00000240       __imp_GdipCreateBitmapFromStream 0000000180013240     gdiplus:gdiplus.dll
 0002:00000248       __imp_GdipGetImagePixelFormat 0000000180013248     gdiplus:gdiplus.dll
 0002:00000250       __imp_GdipBitmapUnlockBits 0000000180013250     gdiplus:gdiplus.dll
 0002:00000258       __imp_GdipCloneImage       0000000180013258     gdiplus:gdiplus.dll
 0002:00000260       __imp_GdiplusShutdown      0000000180013260     gdiplus:gdiplus.dll
 0002:00000268       __imp_GdiplusStartup       0000000180013268     gdiplus:gdiplus.dll
 0002:00000270       __imp_GdipFree             0000000180013270     gdiplus:gdiplus.dll
 0002:00000278       __imp_GdipAlloc            0000000180013278     gdiplus:gdiplus.dll
 0002:00000280       __imp_GdipDisposeImage     0000000180013280     gdiplus:gdiplus.dll
 0002:00000288       \177gdiplus_NULL_THUNK_DATA 0000000180013288     gdiplus:gdiplus.dll
 0002:00000290       __imp_CoUninitialize       0000000180013290     ole32:ole32.dll
 0002:00000298       __imp_CoInitializeEx       0000000180013298     ole32:ole32.dll
 0002:000002a0       \177ole32_NULL_THUNK_DATA  00000001800132a0     ole32:ole32.dll
 0002:000002a8       __guard_check_icall_fptr   00000001800132a8     LIBCMT:guard_support.obj
 0002:000002b0       __guard_xfg_check_icall_fptr 00000001800132b0     LIBCMT:guard_support.obj
 0002:000002b8       __guard_dispatch_icall_fptr 00000001800132b8     LIBCMT:guard_support.obj
 0002:000002c0       __guard_xfg_dispatch_icall_fptr 00000001800132c0     LIBCMT:guard_support.obj
 0002:000002c8       __guard_xfg_table_dispatch_icall_fptr 00000001800132c8     LIBCMT:guard_support.obj
 0002:000002d0       __xc_a                     00000001800132d0     LIBCMT:initializers.obj
 0002:000002d8       __xc_z                     00000001800132d8     LIBCMT:initializers.obj
 0002:000002e0       __xi_a                     00000001800132e0     LIBCMT:initializers.obj
 0002:000002e8       __acrt_stdio_initializer   00000001800132e8     libucrt:stdio_initializer.obj
 0002:000002f0       __acrt_multibyte_initializer 00000001800132f0     libucrt:multibyte_initializer.obj
 0002:000002f8       __acrt_tran_fma3_initializer 00000001800132f8     libucrt:fma3_initializer.obj
 0002:00000300       __xi_z                     0000000180013300     LIBCMT:initializers.obj
 0002:00000308       __xp_a                     0000000180013308     LIBCMT:initializers.obj
 0002:00000310       __acrt_locale_terminator   0000000180013310     libucrt:locale_initializer.obj
 0002:00000318       __dcrt_console_output_terminator 0000000180013318     libucrt:console_output_initializer.obj
 0002:00000320       __acrt_stdio_terminator    0000000180013320     libucrt:stdio_initializer.obj
 0002:00000328       __xp_z                     0000000180013328     LIBCMT:initializers.obj
 0002:00000330       __xt_a                     0000000180013330     LIBCMT:initializers.obj
 0002:00000338       __xt_z                     0000000180013338     LIBCMT:initializers.obj
 0002:00000340       ??_C@_11LOCGONAA@@         0000000180013340     ico.obj
 0002:00000350       ??_7Image@Gdiplus@@6B@     0000000180013350     ico.obj
 0002:00000368       ??_7Bitmap@Gdiplus@@6B@    0000000180013368     ico.obj
 0002:00000380       ??_7MStream@@6B@           0000000180013380     ico.obj
 0002:000003f8       ??_C@_1BA@KIENHNBI@?$AAI?$AAC?$AAO?$AA?4?$AAP?$AAN?$AAG@ 00000001800133f8     ico.obj
 0002:00000408       ??_C@_1BA@HKGHICED@?$AAI?$AAC?$AAO?$AA?4?$AAD?$AAI?$AAB@ 0000000180013408     ico.obj
 0002:00000418       ??_C@_1O@PALLNO@?$AA?5?$AA?$FL?$AAP?$AAN?$AAG?$AA?$FN@ 0000000180013418     ico.obj
 0002:00000428       ??_C@_17OGLEMJPJ@?$AAI?$AAC?$AAO@ 0000000180013428     ico.obj
 0002:00000430       ??_C@_17IILLPF@?$AAC?$AAU?$AAR@ 0000000180013430     ico.obj
 0002:00000438       ??_C@_1DE@JEFKLGFF@?$AA?$CF?$AAi?$AA?5?$AAx?$AA?5?$AA?$CF?$AAi?$AA?5?$AAx?$AA?5?$AA?$CF?$AAi?$AAb?$AAp?$AAp@ 0000000180013438     ico.obj
 0002:00000470       IID_IUnknown               0000000180013470     uuid:unknwn_i.obj
 0002:00000480       IID_ISequentialStream      0000000180013480     uuid:objidl_i.obj
 0002:00000490       IID_IStream                0000000180013490     uuid:objidl_i.obj
 0002:000004a8       ??_7type_info@@6B@         00000001800134a8     LIBCMT:std_type_info_static.obj
 0002:000004b0       _pDefaultRawDllMain        00000001800134b0     LIBCMT:dll_dllmain.obj
 0002:000004b0       _pRawDllMain               00000001800134b0     LIBCMT:dll_dllmain.obj
 0002:000004d0       __xmm@ffffffffffffffffffffffffffffffff 00000001800134d0     LIBCMT:utility.obj
 0002:000004e0       _pDestructExceptionObject  00000001800134e0     libvcruntime:ehhelpers.obj
 0002:00000bf0       ??_C@_08EHJDFFNH@__based?$CI@ 0000000180013bf0     libvcruntime:undname.obj
 0002:00000c00       ??_C@_07KOLFKCDI@__cdecl@  0000000180013c00     libvcruntime:undname.obj
 0002:00000c08       ??_C@_08GHMPAG@__pascal@   0000000180013c08     libvcruntime:undname.obj
 0002:00000c18       ??_C@_09IFJBGAPI@__stdcall@ 0000000180013c18     libvcruntime:undname.obj
 0002:00000c28       ??_C@_0L@NPHFGOKO@__thiscall@ 0000000180013c28     libvcruntime:undname.obj
 0002:00000c38       ??_C@_0L@JMKHOMEK@__fastcall@ 0000000180013c38     libvcruntime:undname.obj
 0002:00000c48       ??_C@_0N@BCKKPABJ@__vectorcall@ 0000000180013c48     libvcruntime:undname.obj
 0002:00000c58       ??_C@_09HIJEGCPM@__clrcall@ 0000000180013c58     libvcruntime:undname.obj
 0002:00000c64       ??_C@_06GHPCKEAG@__eabi@   0000000180013c64     libvcruntime:undname.obj
 0002:00000c70       ??_C@_09IOPIDJLG@__swift_1@ 0000000180013c70     libvcruntime:undname.obj
 0002:00000c80       ??_C@_09KFNFGKHF@__swift_2@ 0000000180013c80     libvcruntime:undname.obj
 0002:00000c90       ??_C@_07JOMMBBKO@__ptr64@  0000000180013c90     libvcruntime:undname.obj
 0002:00000c98       ??_C@_0L@PILCLIHE@__restrict@ 0000000180013c98     libvcruntime:undname.obj
 0002:00000ca8       ??_C@_0M@GFIIJFMG@__unaligned@ 0000000180013ca8     libvcruntime:undname.obj
 0002:00000cb8       ??_C@_09DHDLOLLB@restrict?$CI@ 0000000180013cb8     libvcruntime:undname.obj
 0002:00000cc2       ??_C@_00CNPNBAHC@@         0000000180013cc2     libvcruntime:undname.obj
 0002:00000cc4       ??_C@_04NIHEBCM@?5new@     0000000180013cc4     libvcruntime:undname.obj
 0002:00000cd0       ??_C@_07FPCDHGMM@?5delete@ 0000000180013cd0     libvcruntime:undname.obj
 0002:00000cd8       ??_C@_01NEMOKFLO@?$DN@     0000000180013cd8     libvcruntime:undname.obj
 0002:00000cdc       ??_C@_02GPIOPFAK@?$DO?$DO@ 0000000180013cdc     libvcruntime:undname.obj
 0002:00000ce0       ??_C@_02FODMEDOG@?$DM?$DM@ 0000000180013ce0     libvcruntime:undname.obj
 0002:00000ce4       ??_C@_01DCLJPIOD@?$CB@     0000000180013ce4     libvcruntime:undname.obj
 0002:00000ce8       ??_C@_02EGOFBIJA@?$DN?$DN@ 0000000180013ce8     libvcruntime:undname.obj
 0002:00000cec       ??_C@_02FDNJECIE@?$CB?$DN@ 0000000180013cec     libvcruntime:undname.obj
 0002:00000cf0       ??_C@_02GPECMEKF@?$FL?$FN@ 0000000180013cf0     libvcruntime:undname.obj
 0002:00000cf8       ??_C@_08LHJFAFGD@operator@ 0000000180013cf8     libvcruntime:undname.obj
 0002:00000d04       ??_C@_02HBOOOICD@?9?$DO@   0000000180013d04     libvcruntime:undname.obj
 0002:00000d08       ??_C@_01NBENCBCI@?$CK@     0000000180013d08     libvcruntime:undname.obj
 0002:00000d0c       ??_C@_02ECNGHCIF@?$CL?$CL@ 0000000180013d0c     libvcruntime:undname.obj
 0002:00000d10       ??_C@_02BAABKJLB@?9?9@     0000000180013d10     libvcruntime:undname.obj
 0002:00000d14       ??_C@_01JOAMLHOP@?9@       0000000180013d14     libvcruntime:undname.obj
 0002:00000d18       ??_C@_01MIFGBAGJ@?$CL@     0000000180013d18     libvcruntime:undname.obj
 0002:00000d1c       ??_C@_01HNPIGOCE@?$CG@     0000000180013d1c     libvcruntime:undname.obj
 0002:00000d20       ??_C@_03MNHNFDLC@?9?$DO?$CK@ 0000000180013d20     libvcruntime:undname.obj
 0002:00000d24       ??_C@_01KMDKNFGN@?1@       0000000180013d24     libvcruntime:undname.obj
 0002:00000d28       ??_C@_01FGNFDNOH@?$CF@     0000000180013d28     libvcruntime:undname.obj
 0002:00000d2c       ??_C@_01MNNFJEPP@?$DM@     0000000180013d2c     libvcruntime:undname.obj
 0002:00000d30       ??_C@_02EHCHHCKH@?$DM?$DN@ 0000000180013d30     libvcruntime:undname.obj
 0002:00000d34       ??_C@_01PPODPGHN@?$DO@     0000000180013d34     libvcruntime:undname.obj
 0002:00000d38       ??_C@_02EEKDKGMJ@?$DO?$DN@ 0000000180013d38     libvcruntime:undname.obj
 0002:00000d3c       ??_C@_01IHBHIGKO@?0@       0000000180013d3c     libvcruntime:undname.obj
 0002:00000d40       ??_C@_02HCKGKOFO@?$CI?$CJ@ 0000000180013d40     libvcruntime:undname.obj
 0002:00000d44       ??_C@_01PJKLJHI@?$HO@      0000000180013d44     libvcruntime:undname.obj
 0002:00000d48       ??_C@_01JKBOJNNK@?$FO@     0000000180013d48     libvcruntime:undname.obj
 0002:00000d4c       ??_C@_01DNKMNLPK@?$HM@     0000000180013d4c     libvcruntime:undname.obj
 0002:00000d50       ??_C@_02PPKAJPJL@?$CG?$CG@ 0000000180013d50     libvcruntime:undname.obj
 0002:00000d54       ??_C@_02NONPIBCD@?$HM?$HM@ 0000000180013d54     libvcruntime:undname.obj
 0002:00000d58       ??_C@_02FPIMKNGF@?$CK?$DN@ 0000000180013d58     libvcruntime:undname.obj
 0002:00000d5c       ??_C@_02FOEOMHFC@?$CL?$DN@ 0000000180013d5c     libvcruntime:undname.obj
 0002:00000d60       ??_C@_02FKMDLLOA@?9?$DN@   0000000180013d60     libvcruntime:undname.obj
 0002:00000d64       ??_C@_02FJEHGPIO@?1?$DN@   0000000180013d64     libvcruntime:undname.obj
 0002:00000d68       ??_C@_02FENAOKFI@?$CF?$DN@ 0000000180013d68     libvcruntime:undname.obj
 0002:00000d6c       ??_C@_03IKFCCPFF@?$DO?$DO?$DN@ 0000000180013d6c     libvcruntime:undname.obj
 0002:00000d70       ??_C@_03CDNPDDLA@?$DM?$DM?$DN@ 0000000180013d70     libvcruntime:undname.obj
 0002:00000d74       ??_C@_02FGJGFEAB@?$CG?$DN@ 0000000180013d74     libvcruntime:undname.obj
 0002:00000d78       ??_C@_02DHLNPPGH@?$HM?$DN@ 0000000180013d78     libvcruntime:undname.obj
 0002:00000d7c       ??_C@_02MHEGNOJ@?$FO?$DN@  0000000180013d7c     libvcruntime:undname.obj
 0002:00000d80       ??_C@_09IFPLHPGF@?$GAvftable?8@ 0000000180013d80     libvcruntime:undname.obj
 0002:00000d90       ??_C@_09BLBHBJP@?$GAvbtable?8@ 0000000180013d90     libvcruntime:undname.obj
 0002:00000da0       ??_C@_07FEEIOKP@?$GAvcall?8@ 0000000180013da0     libvcruntime:undname.obj
 0002:00000da8       ??_C@_08LLFFHHDJ@?$GAtypeof?8@ 0000000180013da8     libvcruntime:undname.obj
 0002:00000db8       ??_C@_0BF@KDPPACIK@?$GAlocal?5static?5guard?8@ 0000000180013db8     libvcruntime:undname.obj
 0002:00000dd0       ??_C@_08OBABFOLI@?$GAstring?8@ 0000000180013dd0     libvcruntime:undname.obj
 0002:00000de0       ??_C@_0BD@JDLKDPAB@?$GAvbase?5destructor?8@ 0000000180013de0     libvcruntime:undname.obj
 0002:00000df8       ??_C@_0BN@DEGPLNFK@?$GAvector?5deleting?5destructor?8@ 0000000180013df8     libvcruntime:undname.obj
 0002:00000e18       ??_C@_0BO@OBMKPJIG@?$GAdefault?5constructor?5closure?8@ 0000000180013e18     libvcruntime:undname.obj
 0002:00000e38       ??_C@_0BN@IMDCHIKM@?$GAscalar?5deleting?5destructor?8@ 0000000180013e38     libvcruntime:undname.obj
 0002:00000e58       ??_C@_0BO@PFGOCPJJ@?$GAvector?5constructor?5iterator?8@ 0000000180013e58     libvcruntime:undname.obj
 0002:00000e78       ??_C@_0BN@LFPFMEDL@?$GAvector?5destructor?5iterator?8@ 0000000180013e78     libvcruntime:undname.obj
 0002:00000e98       ??_C@_0CE@IKBNEHA@?$GAvector?5vbase?5constructor?5itera@ 0000000180013e98     libvcruntime:undname.obj
 0002:00000ec0       ??_C@_0BL@NILFHHPC@?$GAvirtual?5displacement?5map?8@ 0000000180013ec0     libvcruntime:undname.obj
 0002:00000ee0       ??_C@_0CB@JONCMFFK@?$GAeh?5vector?5constructor?5iterator@ 0000000180013ee0     libvcruntime:undname.obj
 0002:00000f08       ??_C@_0CA@GCEOPDGL@?$GAeh?5vector?5destructor?5iterator?8@ 0000000180013f08     libvcruntime:undname.obj
 0002:00000f28       ??_C@_0CH@OOJPLCPH@?$GAeh?5vector?5vbase?5constructor?5it@ 0000000180013f28     libvcruntime:undname.obj
 0002:00000f50       ??_C@_0BL@LLKPOHJI@?$GAcopy?5constructor?5closure?8@ 0000000180013f50     libvcruntime:undname.obj
 0002:00000f70       ??_C@_0BA@KBCDOMBN@?$GAudt?5returning?8@ 0000000180013f70     libvcruntime:undname.obj
 0002:00000f80       ??_C@_03KLGMFNMG@?$GAEH@   0000000180013f80     libvcruntime:undname.obj
 0002:00000f84       ??_C@_05KHLCHHI@?$GARTTI@  0000000180013f84     libvcruntime:undname.obj
 0002:00000f90       ??_C@_0BA@KKLDJDLB@?$GAlocal?5vftable?8@ 0000000180013f90     libvcruntime:undname.obj
 0002:00000fa0       ??_C@_0CE@IIHCMGGL@?$GAlocal?5vftable?5constructor?5clos@ 0000000180013fa0     libvcruntime:undname.obj
 0002:00000fc4       ??_C@_06FHBGPFGH@?5new?$FL?$FN@ 0000000180013fc4     libvcruntime:undname.obj
 0002:00000fd0       ??_C@_09LBNFPBCA@?5delete?$FL?$FN@ 0000000180013fd0     libvcruntime:undname.obj
 0002:00000fe0       ??_C@_0P@HJKNJFNN@?$GAomni?5callsig?8@ 0000000180013fe0     libvcruntime:undname.obj
 0002:00000ff0       ??_C@_0BL@CNOONJFP@?$GAplacement?5delete?5closure?8@ 0000000180013ff0     libvcruntime:undname.obj
 0002:00001010       ??_C@_0BN@CKNJLHMB@?$GAplacement?5delete?$FL?$FN?5closure?8@ 0000000180014010     libvcruntime:undname.obj
 0002:00001030       ??_C@_0CG@CFDHKGGD@?$GAmanaged?5vector?5constructor?5ite@ 0000000180014030     libvcruntime:undname.obj
 0002:00001058       ??_C@_0CF@IMGKMJNO@?$GAmanaged?5vector?5destructor?5iter@ 0000000180014058     libvcruntime:undname.obj
 0002:00001080       ??_C@_0CG@HLDDJMAG@?$GAeh?5vector?5copy?5constructor?5ite@ 0000000180014080     libvcruntime:undname.obj
 0002:000010a8       ??_C@_0CM@FCBBDIGB@?$GAeh?5vector?5vbase?5copy?5construct@ 00000001800140a8     libvcruntime:undname.obj
 0002:000010d8       ??_C@_0BL@CLIPGLGB@?$GAdynamic?5initializer?5for?5?8@ 00000001800140d8     libvcruntime:undname.obj
 0002:000010f8       ??_C@_0CB@PDBIFEP@?$GAdynamic?5atexit?5destructor?5for?5@ 00000001800140f8     libvcruntime:undname.obj
 0002:00001120       ??_C@_0CD@CGAJBKEJ@?$GAvector?5copy?5constructor?5iterat@ 0000000180014120     libvcruntime:undname.obj
 0002:00001148       ??_C@_0CJ@GJELGAMM@?$GAvector?5vbase?5copy?5constructor?5@ 0000000180014148     libvcruntime:undname.obj
 0002:00001178       ??_C@_0CL@FGIJHLCE@?$GAmanaged?5vector?5copy?5constructo@ 0000000180014178     libvcruntime:undname.obj
 0002:000011a8       ??_C@_0BM@PMGGMLDN@?$GAlocal?5static?5thread?5guard?8@ 00000001800141a8     libvcruntime:undname.obj
 0002:000011c8       ??_C@_0N@BDNMDMOL@operator?5?$CC?$CC?5@ 00000001800141c8     libvcruntime:undname.obj
 0002:000011d8       ??_C@_0BC@GGEBGALA@operator?5co_await@ 00000001800141d8     libvcruntime:undname.obj
 0002:000011f0       ??_C@_0M@GAAIMMOH@operator?$DM?$DN?$DO@ 00000001800141f0     libvcruntime:undname.obj
 0002:00001200       ??_C@_0BC@DAFEJGAK@?5Type?5Descriptor?8@ 0000000180014200     libvcruntime:undname.obj
 0002:00001218       ??_C@_0BM@LDKODKLH@?5Base?5Class?5Descriptor?5at?5?$CI@ 0000000180014218     libvcruntime:undname.obj
 0002:00001238       ??_C@_0BD@LGICGFMM@?5Base?5Class?5Array?8@ 0000000180014238     libvcruntime:undname.obj
 0002:00001250       ??_C@_0BN@MECKDCOJ@?5Class?5Hierarchy?5Descriptor?8@ 0000000180014250     libvcruntime:undname.obj
 0002:00001270       ??_C@_0BK@CFCOFLF@?5Complete?5Object?5Locator?8@ 0000000180014270     libvcruntime:undname.obj
 0002:00001290       ??_C@_0BG@JNJLAMPM@?$GAanonymous?5namespace?8@ 0000000180014290     libvcruntime:undname.obj
 0002:000012c0       ??_C@_1DM@KHCHBNEB@?$AAa?$AAp?$AAi?$AA?9?$AAm?$AAs?$AA?9?$AAw?$AAi?$AAn?$AA?9?$AAc?$AAo?$AAr?$AAe@ 00000001800142c0     libvcruntime:winapi_downlevel.obj
 0002:00001300       ??_C@_1DK@LPPGFMPP@?$AAa?$AAp?$AAi?$AA?9?$AAm?$AAs?$AA?9?$AAw?$AAi?$AAn?$AA?9?$AAc?$AAo?$AAr?$AAe@ 0000000180014300     libvcruntime:winapi_downlevel.obj
 0002:00001340       ??_C@_1BC@GDMECMAK@?$AAk?$AAe?$AAr?$AAn?$AAe?$AAl?$AA3?$AA2@ 0000000180014340     libvcruntime:winapi_downlevel.obj
 0002:00001358       ??_C@_1BA@PFFKHIOG@?$AAa?$AAp?$AAi?$AA?9?$AAm?$AAs?$AA?9@ 0000000180014358     libvcruntime:winapi_downlevel.obj
 0002:00001370       ??_C@_08KNHFBNJ@FlsAlloc@  0000000180014370     libvcruntime:winapi_downlevel.obj
 0002:00001388       ??_C@_07PEJMOBNF@FlsFree@  0000000180014388     libvcruntime:winapi_downlevel.obj
 0002:00001398       ??_C@_0M@GDNOONDI@FlsGetValue@ 0000000180014398     libvcruntime:winapi_downlevel.obj
 0002:000013b0       ??_C@_0M@JCPCPOEF@FlsSetValue@ 00000001800143b0     libvcruntime:winapi_downlevel.obj
 0002:000013c8       ??_C@_0BM@HCFOFFN@InitializeCriticalSectionEx@ 00000001800143c8     libvcruntime:winapi_downlevel.obj
 0002:000013f0       standard_lookup_table      00000001800143f0     libucrt:output.obj
 0002:00001450       ??_C@_1O@CEDCILHN@?$AA?$CI?$AAn?$AAu?$AAl?$AAl?$AA?$CJ@ 0000000180014450     libucrt:output.obj
 0002:00001460       ??_C@_06OJHGLDPL@?$CInull?$CJ@ 0000000180014460     libucrt:output.obj
 0002:00001470       __acrt_exception_action_table 0000000180014470     libucrt:exception_filter.obj
 0002:00001530       __acrt_signal_action_table_count 0000000180014530     libucrt:exception_filter.obj
 0002:00001538       __acrt_signal_action_first_fpe_index 0000000180014538     libucrt:exception_filter.obj
 0002:00001540       __acrt_signal_action_fpe_count 0000000180014540     libucrt:exception_filter.obj
 0002:00001548       ??_C@_1BI@BGOHAHKC@?$AAm?$AAs?$AAc?$AAo?$AAr?$AAe?$AAe?$AA?4?$AAd?$AAl?$AAl@ 0000000180014548     libucrt:exit.obj
 0002:00001560       ??_C@_0P@MIGLKIOC@CorExitProcess@ 0000000180014560     libucrt:exit.obj
 0002:00001860       ??_C@_03OEIAHPBN@INF@      0000000180014860     libucrt:cvt.obj
 0002:00001864       ??_C@_03OJHLLCGB@inf@      0000000180014864     libucrt:cvt.obj
 0002:00001868       ??_C@_03LKNCIKJB@NAN@      0000000180014868     libucrt:cvt.obj
 0002:0000186c       ??_C@_03LHCJEHON@nan@      000000018001486c     libucrt:cvt.obj
 0002:00001870       ??_C@_09OFJJIMPC@NAN?$CISNAN?$CJ@ 0000000180014870     libucrt:cvt.obj
 0002:00001880       ??_C@_09IPFBKMDL@nan?$CIsnan?$CJ@ 0000000180014880     libucrt:cvt.obj
 0002:00001890       ??_C@_08IKHNHAJ@NAN?$CIIND?$CJ@ 0000000180014890     libucrt:cvt.obj
 0002:000018a0       ??_C@_08OFCDMILK@nan?$CIind?$CJ@ 00000001800148a0     libucrt:cvt.obj
 0002:000018ac       ??_C@_05KLBDPFGC@e?$CL000@ 00000001800148ac     libucrt:cvt.obj
 0002:000018c0       __lc_time_c                00000001800148c0     libucrt:nlsdata.obj
 0002:00001b80       ??_C@_03KOEHGMDN@Sun@      0000000180014b80     libucrt:nlsdata.obj
 0002:00001b84       ??_C@_03PDAGKDH@Mon@       0000000180014b84     libucrt:nlsdata.obj
 0002:00001b88       ??_C@_03NAGEINEP@Tue@      0000000180014b88     libucrt:nlsdata.obj
 0002:00001b8c       ??_C@_03MHOMLAJA@Wed@      0000000180014b8c     libucrt:nlsdata.obj
 0002:00001b90       ??_C@_03IOFIKPDN@Thu@      0000000180014b90     libucrt:nlsdata.obj
 0002:00001b94       ??_C@_03IDIOELNC@Fri@      0000000180014b94     libucrt:nlsdata.obj
 0002:00001b98       ??_C@_03FEFJNEK@Sat@       0000000180014b98     libucrt:nlsdata.obj
 0002:00001b9c       ??_C@_06OOPIFAJ@Sunday@    0000000180014b9c     libucrt:nlsdata.obj
 0002:00001ba4       ??_C@_06JLEDEDGH@Monday@   0000000180014ba4     libucrt:nlsdata.obj
 0002:00001bb0       ??_C@_07BAAGCFCM@Tuesday@  0000000180014bb0     libucrt:nlsdata.obj
 0002:00001bb8       ??_C@_09DLIGFAKA@Wednesday@ 0000000180014bb8     libucrt:nlsdata.obj
 0002:00001bc8       ??_C@_08HACCIKIA@Thursday@ 0000000180014bc8     libucrt:nlsdata.obj
 0002:00001bd4       ??_C@_06JECMNKMI@Friday@   0000000180014bd4     libucrt:nlsdata.obj
 0002:00001be0       ??_C@_08INBOOONO@Saturday@ 0000000180014be0     libucrt:nlsdata.obj
 0002:00001bec       ??_C@_03JIHJHPIE@Jan@      0000000180014bec     libucrt:nlsdata.obj
 0002:00001bf0       ??_C@_03HJBDCHOM@Feb@      0000000180014bf0     libucrt:nlsdata.obj
 0002:00001bf4       ??_C@_03ODNJBKGA@Mar@      0000000180014bf4     libucrt:nlsdata.obj
 0002:00001bf8       ??_C@_03LEOLGMJP@Apr@      0000000180014bf8     libucrt:nlsdata.obj
 0002:00001bfc       ??_C@_03CNMDKL@May@        0000000180014bfc     libucrt:nlsdata.obj
 0002:00001c00       ??_C@_03IDFGHECI@Jun@      0000000180014c00     libucrt:nlsdata.obj
 0002:00001c04       ??_C@_03LBGABGKK@Jul@      0000000180014c04     libucrt:nlsdata.obj
 0002:00001c08       ??_C@_03IFJFEIGA@Aug@      0000000180014c08     libucrt:nlsdata.obj
 0002:00001c0c       ??_C@_03GGCAPAJC@Sep@      0000000180014c0c     libucrt:nlsdata.obj
 0002:00001c10       ??_C@_03BMAOKBAD@Oct@      0000000180014c10     libucrt:nlsdata.obj
 0002:00001c14       ??_C@_03JPJOFNIA@Nov@      0000000180014c14     libucrt:nlsdata.obj
 0002:00001c18       ??_C@_03MKABNOCG@Dec@      0000000180014c18     libucrt:nlsdata.obj
 0002:00001c20       ??_C@_07CGJPFGJA@January@  0000000180014c20     libucrt:nlsdata.obj
 0002:00001c28       ??_C@_08GNJGEPFN@February@ 0000000180014c28     libucrt:nlsdata.obj
 0002:00001c34       ??_C@_05HPCKOFNC@March@    0000000180014c34     libucrt:nlsdata.obj
 0002:00001c3c       ??_C@_05DMJDNLEJ@April@    0000000180014c3c     libucrt:nlsdata.obj
 0002:00001c44       ??_C@_04CNLMGBGM@June@     0000000180014c44     libucrt:nlsdata.obj
 0002:00001c4c       ??_C@_04MIEPOIFP@July@     0000000180014c4c     libucrt:nlsdata.obj
 0002:00001c54       ??_C@_06LBBHFDDG@August@   0000000180014c54     libucrt:nlsdata.obj
 0002:00001c60       ??_C@_09BHHEALKD@September@ 0000000180014c60     libucrt:nlsdata.obj
 0002:00001c70       ??_C@_07JJNFCEND@October@  0000000180014c70     libucrt:nlsdata.obj
 0002:00001c78       ??_C@_08HCHEGEOA@November@ 0000000180014c78     libucrt:nlsdata.obj
 0002:00001c88       ??_C@_08EDHMEBNP@December@ 0000000180014c88     libucrt:nlsdata.obj
 0002:00001c94       ??_C@_02DEDBPAFC@AM@       0000000180014c94     libucrt:nlsdata.obj
 0002:00001c98       ??_C@_02CJNFDJBF@PM@       0000000180014c98     libucrt:nlsdata.obj
 0002:00001ca0       ??_C@_08BPBNCDIB@MM?1dd?1yy@ 0000000180014ca0     libucrt:nlsdata.obj
 0002:00001cb0       ??_C@_0BE@CKGJFCPC@dddd?0?5MMMM?5dd?0?5yyyy@ 0000000180014cb0     libucrt:nlsdata.obj
 0002:00001cc8       ??_C@_08JCCMCCIL@HH?3mm?3ss@ 0000000180014cc8     libucrt:nlsdata.obj
 0002:00001cd8       ??_C@_17MBGCMIPB@?$AAS?$AAu?$AAn@ 0000000180014cd8     libucrt:nlsdata.obj
 0002:00001ce0       ??_C@_17KBOMKBF@?$AAM?$AAo?$AAn@ 0000000180014ce0     libucrt:nlsdata.obj
 0002:00001ce8       ??_C@_17BMKGEGOJ@?$AAT?$AAu?$AAe@ 0000000180014ce8     libucrt:nlsdata.obj
 0002:00001cf0       ??_C@_17CJEDCEPE@?$AAW?$AAe?$AAd@ 0000000180014cf0     libucrt:nlsdata.obj
 0002:00001cf8       ??_C@_17PDPHAADD@?$AAT?$AAh?$AAu@ 0000000180014cf8     libucrt:nlsdata.obj
 0002:00001d00       ??_C@_17HFOLPPLP@?$AAF?$AAr?$AAi@ 0000000180014d00     libucrt:nlsdata.obj
 0002:00001d08       ??_C@_17GGIBDPIH@?$AAS?$AAa?$AAt@ 0000000180014d08     libucrt:nlsdata.obj
 0002:00001d10       ??_C@_1O@IHNHDHPB@?$AAS?$AAu?$AAn?$AAd?$AAa?$AAy@ 0000000180014d10     libucrt:nlsdata.obj
 0002:00001d20       ??_C@_1O@MMNBFLIA@?$AAM?$AAo?$AAn?$AAd?$AAa?$AAy@ 0000000180014d20     libucrt:nlsdata.obj
 0002:00001d30       ??_C@_1BA@ENFBFFEK@?$AAT?$AAu?$AAe?$AAs?$AAd?$AAa?$AAy@ 0000000180014d30     libucrt:nlsdata.obj
 0002:00001d40       ??_C@_1BE@EBOGMDOH@?$AAW?$AAe?$AAd?$AAn?$AAe?$AAs?$AAd?$AAa?$AAy@ 0000000180014d40     libucrt:nlsdata.obj
 0002:00001d58       ??_C@_1BC@HHMNLIHE@?$AAT?$AAh?$AAu?$AAr?$AAs?$AAd?$AAa?$AAy@ 0000000180014d58     libucrt:nlsdata.obj
 0002:00001d70       ??_C@_1O@PDICJHAG@?$AAF?$AAr?$AAi?$AAd?$AAa?$AAy@ 0000000180014d70     libucrt:nlsdata.obj
 0002:00001d80       ??_C@_1BC@ENMNNPAJ@?$AAS?$AAa?$AAt?$AAu?$AAr?$AAd?$AAa?$AAy@ 0000000180014d80     libucrt:nlsdata.obj
 0002:00001d98       ??_C@_17DKNBKCHM@?$AAJ?$AAa?$AAn@ 0000000180014d98     libucrt:nlsdata.obj
 0002:00001da0       ??_C@_17LMDJEKJN@?$AAF?$AAe?$AAb@ 0000000180014da0     libucrt:nlsdata.obj
 0002:00001da8       ??_C@_17CKNLEDEC@?$AAM?$AAa?$AAr@ 0000000180014da8     libucrt:nlsdata.obj
 0002:00001db0       ??_C@_17LFPOIHDD@?$AAA?$AAp?$AAr@ 0000000180014db0     libucrt:nlsdata.obj
 0002:00001db8       ??_C@_17PNNKMEED@?$AAM?$AAa?$AAy@ 0000000180014db8     libucrt:nlsdata.obj
 0002:00001dc0       ??_C@_17KCJGOCPB@?$AAJ?$AAu?$AAn@ 0000000180014dc0     libucrt:nlsdata.obj
 0002:00001dc8       ??_C@_17IJPCKHK@?$AAJ?$AAu?$AAl@ 0000000180014dc8     libucrt:nlsdata.obj
 0002:00001dd0       ??_C@_17ICPELBCN@?$AAA?$AAu?$AAg@ 0000000180014dd0     libucrt:nlsdata.obj
 0002:00001dd8       ??_C@_17HCHCOKMG@?$AAS?$AAe?$AAp@ 0000000180014dd8     libucrt:nlsdata.obj
 0002:00001de0       ??_C@_17FNLKOI@?$AAO?$AAc?$AAt@ 0000000180014de0     libucrt:nlsdata.obj
 0002:00001de8       ??_C@_17BBDMLCIG@?$AAN?$AAo?$AAv@ 0000000180014de8     libucrt:nlsdata.obj
 0002:00001df0       ??_C@_17EGKACKIF@?$AAD?$AAe?$AAc@ 0000000180014df0     libucrt:nlsdata.obj
 0002:00001df8       ??_C@_1BA@EFMEIEBA@?$AAJ?$AAa?$AAn?$AAu?$AAa?$AAr?$AAy@ 0000000180014df8     libucrt:nlsdata.obj
 0002:00001e08       ??_C@_1BC@JGDDFFAM@?$AAF?$AAe?$AAb?$AAr?$AAu?$AAa?$AAr?$AAy@ 0000000180014e08     libucrt:nlsdata.obj
 0002:00001e20       ??_C@_1M@IKEENEDF@?$AAM?$AAa?$AAr?$AAc?$AAh@ 0000000180014e20     libucrt:nlsdata.obj
 0002:00001e30       ??_C@_1M@GJNLMHFD@?$AAA?$AAp?$AAr?$AAi?$AAl@ 0000000180014e30     libucrt:nlsdata.obj
 0002:00001e40       ??_C@_19EPFLPGAP@?$AAJ?$AAu?$AAn?$AAe@ 0000000180014e40     libucrt:nlsdata.obj
 0002:00001e50       ??_C@_19BIFMLPCD@?$AAJ?$AAu?$AAl?$AAy@ 0000000180014e50     libucrt:nlsdata.obj
 0002:00001e60       ??_C@_1O@PAHLKOAC@?$AAA?$AAu?$AAg?$AAu?$AAs?$AAt@ 0000000180014e60     libucrt:nlsdata.obj
 0002:00001e70       ??_C@_1BE@DKAAMBJL@?$AAS?$AAe?$AAp?$AAt?$AAe?$AAm?$AAb?$AAe?$AAr@ 0000000180014e70     libucrt:nlsdata.obj
 0002:00001e88       ??_C@_1BA@EPANDLNG@?$AAO?$AAc?$AAt?$AAo?$AAb?$AAe?$AAr@ 0000000180014e88     libucrt:nlsdata.obj
 0002:00001e98       ??_C@_1BC@BGLIFPF@?$AAN?$AAo?$AAv?$AAe?$AAm?$AAb?$AAe?$AAr@ 0000000180014e98     libucrt:nlsdata.obj
 0002:00001eb0       ??_C@_1BC@FEMKIFH@?$AAD?$AAe?$AAc?$AAe?$AAm?$AAb?$AAe?$AAr@ 0000000180014eb0     libucrt:nlsdata.obj
 0002:00001ec4       ??_C@_15ODEHAHHF@?$AAA?$AAM@ 0000000180014ec4     libucrt:nlsdata.obj
 0002:00001ecc       ??_C@_15CLMNNGEL@?$AAP?$AAM@ 0000000180014ecc     libucrt:nlsdata.obj
 0002:00001ed8       ??_C@_1BC@IEBCMHCM@?$AAM?$AAM?$AA?1?$AAd?$AAd?$AA?1?$AAy?$AAy@ 0000000180014ed8     libucrt:nlsdata.obj
 0002:00001ef0       ??_C@_1CI@KNAKOEBC@?$AAd?$AAd?$AAd?$AAd?$AA?0?$AA?5?$AAM?$AAM?$AAM?$AAM?$AA?5?$AAd?$AAd?$AA?0?$AA?5@ 0000000180014ef0     libucrt:nlsdata.obj
 0002:00001f18       ??_C@_1BC@GDGBMEMK@?$AAH?$AAH?$AA?3?$AAm?$AAm?$AA?3?$AAs?$AAs@ 0000000180014f18     libucrt:nlsdata.obj
 0002:00001f30       ??_C@_1M@BMHNFIME@?$AAe?$AAn?$AA?9?$AAU?$AAS@ 0000000180014f30     libucrt:nlsdata.obj
 0002:00001f60       ??_C@_1M@HPNHIDJI@?$AAj?$AAa?$AA?9?$AAJ?$AAP@ 0000000180014f60     libucrt:mbctype.obj
 0002:00001f70       ??_C@_1M@BIBDDEMK@?$AAz?$AAh?$AA?9?$AAC?$AAN@ 0000000180014f70     libucrt:mbctype.obj
 0002:00001f80       ??_C@_1M@JLOOOEGK@?$AAk?$AAo?$AA?9?$AAK?$AAR@ 0000000180014f80     libucrt:mbctype.obj
 0002:00001f90       ??_C@_1M@CLNBBOPM@?$AAz?$AAh?$AA?9?$AAT?$AAW@ 0000000180014f90     libucrt:mbctype.obj
 0002:00002040       ??_C@_1EA@JGEFHKEI@?$AAa?$AAp?$AAi?$AA?9?$AAm?$AAs?$AA?9?$AAw?$AAi?$AAn?$AA?9?$AAc?$AAo?$AAr?$AAe@ 0000000180015040     libucrt:winapi_thunks.obj
 0002:00002080       ??_C@_1DI@IJCEHOCB@?$AAa?$AAp?$AAi?$AA?9?$AAm?$AAs?$AA?9?$AAw?$AAi?$AAn?$AA?9?$AAc?$AAo?$AAr?$AAe@ 0000000180015080     libucrt:winapi_thunks.obj
 0002:000020c0       ??_C@_1EI@MPIAOHOC@?$AAa?$AAp?$AAi?$AA?9?$AAm?$AAs?$AA?9?$AAw?$AAi?$AAn?$AA?9?$AAc?$AAo?$AAr?$AAe@ 00000001800150c0     libucrt:winapi_thunks.obj
 0002:00002110       ??_C@_1FK@FPHCKFIE@?$AAa?$AAp?$AAi?$AA?9?$AAm?$AAs?$AA?9?$AAw?$AAi?$AAn?$AA?9?$AAc?$AAo?$AAr?$AAe@ 0000000180015110     libucrt:winapi_thunks.obj
 0002:00002170       ??_C@_1EM@DILCGIIO@?$AAa?$AAp?$AAi?$AA?9?$AAm?$AAs?$AA?9?$AAw?$AAi?$AAn?$AA?9?$AAc?$AAo?$AAr?$AAe@ 0000000180015170     libucrt:winapi_thunks.obj
 0002:000021c0       ??_C@_1DM@LNCGDDPN@?$AAa?$AAp?$AAi?$AA?9?$AAm?$AAs?$AA?9?$AAw?$AAi?$AAn?$AA?9?$AAc?$AAo?$AAr?$AAe@ 00000001800151c0     libucrt:winapi_thunks.obj
 0002:00002200       ??_C@_1DO@FPAPJEMD@?$AAa?$AAp?$AAi?$AA?9?$AAm?$AAs?$AA?9?$AAw?$AAi?$AAn?$AA?9?$AAc?$AAo?$AAr?$AAe@ 0000000180015200     libucrt:winapi_thunks.obj
 0002:00002240       ??_C@_1DK@NDHNAHIO@?$AAa?$AAp?$AAi?$AA?9?$AAm?$AAs?$AA?9?$AAw?$AAi?$AAn?$AA?9?$AAc?$AAo?$AAr?$AAe@ 0000000180015240     libucrt:winapi_thunks.obj
 0002:00002280       ??_C@_1DM@KGHDGBCM@?$AAa?$AAp?$AAi?$AA?9?$AAm?$AAs?$AA?9?$AAw?$AAi?$AAn?$AA?9?$AAc?$AAo?$AAr?$AAe@ 0000000180015280     libucrt:winapi_thunks.obj
 0002:000022c0       ??_C@_1EO@IJIOEFOH@?$AAa?$AAp?$AAi?$AA?9?$AAm?$AAs?$AA?9?$AAw?$AAi?$AAn?$AA?9?$AAr?$AAt?$AAc?$AAo@ 00000001800152c0     libucrt:winapi_thunks.obj
 0002:00002310       ??_C@_1FG@HHGEKANL@?$AAa?$AAp?$AAi?$AA?9?$AAm?$AAs?$AA?9?$AAw?$AAi?$AAn?$AA?9?$AAs?$AAe?$AAc?$AAu@ 0000000180015310     libucrt:winapi_thunks.obj
 0002:00002370       ??_C@_1EG@DBIOJECG@?$AAe?$AAx?$AAt?$AA?9?$AAm?$AAs?$AA?9?$AAw?$AAi?$AAn?$AA?9?$AAn?$AAt?$AAu?$AAs@ 0000000180015370     libucrt:winapi_thunks.obj
 0002:000023c0       ??_C@_1EO@FIHMJCLF@?$AAe?$AAx?$AAt?$AA?9?$AAm?$AAs?$AA?9?$AAw?$AAi?$AAn?$AA?9?$AAn?$AAt?$AAu?$AAs@ 00000001800153c0     libucrt:winapi_thunks.obj
 0002:00002410       ??_C@_1BC@DNHGCMLG@?$AAa?$AAd?$AAv?$AAa?$AAp?$AAi?$AA3?$AA2@ 0000000180015410     libucrt:winapi_thunks.obj
 0002:00002428       ??_C@_1M@OAIMIKLP@?$AAn?$AAt?$AAd?$AAl?$AAl@ 0000000180015428     libucrt:winapi_thunks.obj
 0002:00002440       ??_C@_1EG@DPGNFKGC@?$AAa?$AAp?$AAi?$AA?9?$AAm?$AAs?$AA?9?$AAw?$AAi?$AAn?$AA?9?$AAa?$AAp?$AAp?$AAm@ 0000000180015440     libucrt:winapi_thunks.obj
 0002:00002488       ??_C@_1O@BCCLBEOE@?$AAu?$AAs?$AAe?$AAr?$AA3?$AA2@ 0000000180015488     libucrt:winapi_thunks.obj
 0002:00002498       ??_C@_1BA@IAIFMGEF@?$AAe?$AAx?$AAt?$AA?9?$AAm?$AAs?$AA?9@ 0000000180015498     libucrt:winapi_thunks.obj
 0002:000024b0       ??_C@_0BA@FHFNEAED@AreFileApisANSI@ 00000001800154b0     libucrt:winapi_thunks.obj
 0002:000024f0       ??_C@_0O@KKBNKAPF@LCMapStringEx@ 00000001800154f0     libucrt:winapi_thunks.obj
 0002:00002508       ??_C@_0BB@HBDEELFH@LocaleNameToLCID@ 0000000180015508     libucrt:winapi_thunks.obj
 0002:00002520       ??_C@_0CF@OJOFEIGO@AppPolicyGetProcessTerminationM@ 0000000180015520     libucrt:winapi_thunks.obj
 0002:00002550       __newctype                 0000000180015550     libucrt:ctype.obj
 0002:00002850       __newclmap                 0000000180015850     libucrt:ctype.obj
 0002:000029d0       __newcumap                 00000001800159d0     libucrt:ctype.obj
 0002:00002b50       _wctype                    0000000180015b50     libucrt:ctype.obj
 0002:00002d60       ?large_power_data@?1??multiply_by_power_of_ten@__crt_strtox@@YA_NAEAUbig_integer@2@I@Z@4QBIB 0000000180015d60     libucrt:cfout.obj
 0002:00003708       ?small_powers_of_ten@?1??multiply_by_power_of_ten@__crt_strtox@@YA_NAEAUbig_integer@2@I@Z@4QBIB 0000000180016708     libucrt:cfout.obj
 0002:0000372c       ??_C@_01GBGANLPD@0@        000000018001672c     libucrt:cfout.obj
 0002:00003730       ??_C@_05DNEBIAHO@1?$CDINF@ 0000000180016730     libucrt:cfout.obj
 0002:00003738       ??_C@_06IMKFLFPG@1?$CDQNAN@ 0000000180016738     libucrt:cfout.obj
 0002:00003740       ??_C@_06PGGFOGJG@1?$CDSNAN@ 0000000180016740     libucrt:cfout.obj
 0002:00003748       ??_C@_05PHHOCPM@1?$CDIND@  0000000180016748     libucrt:cfout.obj
 0002:00003750       ??_C@_15PJPFLCCM@?$AAu?$AAk@ 0000000180016750     libucrt:get_qualified_locale.obj
 0002:000045a0       ??_C@_15EMKDOKLE@?$AAa?$AAr@ 00000001800175a0     libucrt:lcidtoname_downlevel.obj
 0002:000045a8       ??_C@_15KNPADPLH@?$AAb?$AAg@ 00000001800175a8     libucrt:lcidtoname_downlevel.obj
[...]
 0002:000092e0       $unwind$?destroy_ptd_array@@YAXQEAU__acrt_ptd@@@Z 000000018001c2e0     libucrt:per_thread_data.obj
 0002:000092e8       $unwind$??$?RV<lambda_0ae27a3a962d80f24befdcbee591983d>@@AEAV<lambda_8d0ee55de4b1038c4002e0adecdf1839>@@V<lambda_dc504788e8f1664fe9b84e20bfb512f2>@@@?$__crt_seh_guarded_call@X@@QEAAX$$QEAV<lambda_0ae27a3a962d80f24befdcbee591983d>@@AEAV<lambda_8d0ee55de4b1038c4002e0adecdf1839>@@$$QEAV<lambda_dc504788e8f1664fe9b84e20bfb512f2>@@@Z 000000018001c2e8     libucrt:per_thread_data.obj
 0002:0000930c       $unwind$??$?RV<lambda_aa87e3671a710a21b5dc78c0bdf72e11>@@AEAV<lambda_92619d2358a28f41a33ba319515a20b9>@@V<lambda_6992ecaafeb10aed2b74cb1fae11a551>@@@?$__crt_seh_guarded_call@X@@QEAAX$$QEAV<lambda_aa87e3671a710a21b5dc78c0bdf72e11>@@AEAV<lambda_92619d2358a28f41a33ba319515a20b9>@@$$QEAV<lambda_6992ecaafeb10aed2b74cb1fae11a551>@@@Z 000000018001c30c     libucrt:per_thread_data.obj
 0002:00009330       $unwind$??$?RV<lambda_f2e299630e499de9f9a165e60fcd3db5>@@AEAV<lambda_2ae9d31cdba2644fcbeaf08da7c24588>@@V<lambda_40d01ff24d0e7b3814fdbdcee8eab3c7>@@@?$__crt_seh_guarded_call@X@@QEAAX$$QEAV<lambda_f2e299630e499de9f9a165e60fcd3db5>@@AEAV<lambda_2ae9d31cdba2644fcbeaf08da7c24588>@@$$QEAV<lambda_40d01ff24d0e7b3814fdbdcee8eab3c7>@@@Z 000000018001c330     libucrt:per_thread_data.obj
 0002:00009354       $unwind$??$?RV<lambda_2d41944a1d46af3157314b8a01080d33>@@AEAV<lambda_8f455de75cd7d7f24b4096f044d8b9e6>@@V<lambda_aa500f224e6afead328df44964fe2772>@@@?$__crt_seh_guarded_call@X@@QEAAX$$QEAV<lambda_2d41944a1d46af3157314b8a01080d33>@@AEAV<lambda_8f455de75cd7d7f24b4096f044d8b9e6>@@$$QEAV<lambda_aa500f224e6afead328df44964fe2772>@@@Z 000000018001c354     libucrt:per_thread_data.obj
 0002:00009378       $unwind$__acrt_fp_format   000000018001c378     libucrt:cvt.obj
 0002:0000938c       $unwind$?fp_format_e_internal@@YAHQEAD_KH_NIQEAU_strflt@@2QEAU__crt_locale_pointers@@@Z 000000018001c38c     libucrt:cvt.obj
 0002:000093a4       $unwind$?fp_format_a@@YAHQEBNPEAD_KQEAD2H_NIQEAU__crt_locale_pointers@@@Z 000000018001c3a4     libucrt:cvt.obj
 0002:000093c0       $unwind$__dcrt_get_narrow_environment_from_os 000000018001c3c0     libucrt:get_environment_from_os.obj
 0002:000093c0       $unwind$?fp_format_f_internal@@YAHQEAD_KHQEAU_strflt@@_NQEAU__crt_locale_pointers@@@Z 000000018001c3c0     libucrt:cvt.obj
 0002:000093c0       $unwind$??$__acrt_wcs_to_mbs_cp@U__crt_win32_buffer_internal_dynamic_resizing@@@@YAHQEB_WAEAV?$__crt_win32_buffer@DU__crt_win32_buffer_internal_dynamic_resizing@@@@I@Z 000000018001c3c0     libucrt:argv_wildcards.obj
 0002:000093d8       $unwind$?fp_format_g@@YAHQEBNQEAD_K12H_NIQEAU__crt_locale_pointers@@@Z 000000018001c3d8     libucrt:cvt.obj
 0002:000093ec       $unwind$?initialize_stdio_handles_nolock@@YAXXZ 000000018001c3ec     libucrt:ioinit.obj
 0002:000093ec       $unwind$__acrt_initialize_stdio 000000018001c3ec     libucrt:_file.obj
 0002:00009404       $unwind$__acrt_uninitialize_locale 000000018001c404     libucrt:wsetlocale.obj
 0002:00009404       $unwind$__acrt_get_sigabrt_handler 000000018001c404     libucrt:signal.obj
 0002:0000940c       $unwind$??$?RV<lambda_410d79af7f07d98d83a3f525b3859a53>@@AEAV<lambda_3e16ef9562a7dcce91392c22ab16ea36>@@V<lambda_38119f0e861e05405d8a144b9b982f0a>@@@?$__crt_seh_guarded_call@X@@QEAAX$$QEAV<lambda_410d79af7f07d98d83a3f525b3859a53>@@AEAV<lambda_3e16ef9562a7dcce91392c22ab16ea36>@@$$QEAV<lambda_38119f0e861e05405d8a144b9b982f0a>@@@Z 000000018001c40c     libucrt:wsetlocale.obj
 0002:00009434       $unwind$__acrt_initialize_lowio 000000018001c434     libucrt:ioinit.obj
 0002:00009454       $unwind$?initialize_inherited_file_handles_nolock@@YAXXZ 000000018001c454     libucrt:ioinit.obj
 0002:00009470       $unwind$??$__acrt_mbs_to_wcs_cp@U__crt_win32_buffer_internal_dynamic_resizing@@@@YAHQEBDAEAV?$__crt_win32_buffer@_WU__crt_win32_buffer_internal_dynamic_resizing@@@@I@Z 000000018001c470     libucrt:argv_wildcards.obj
 0002:00009488       $unwind$??$common_expand_argv_wildcards@D@@YAHQEAPEADQEAPEAPEAD@Z 000000018001c488     libucrt:argv_wildcards.obj
 0002:000094a0       $unwind$??$copy_and_add_argument_to_buffer@D@@YAHQEBD0_KAEAV?$argument_list@D@?A0x5f5c8891@@@Z 000000018001c4a0     libucrt:argv_wildcards.obj
 0002:000094bc       $unwind$??$expand_argument_wildcards@D@@YAHQEAD0AEAV?$argument_list@D@?A0x5f5c8891@@@Z 000000018001c4bc     libucrt:argv_wildcards.obj
 0002:000094e0       $unwind$__acrt_GetModuleFileNameA 000000018001c4e0     libucrt:getmodulefilenamea.obj
 0002:000094fc       $unwind$__dcrt_write_console 000000018001c4fc     libucrt:initcon.obj
 0002:000094fc       $unwind$??$__acrt_wcs_to_mbs_cp@U__crt_win32_buffer_no_resizing@@@@YAHQEB_WAEAV?$__crt_win32_buffer@DU__crt_win32_buffer_no_resizing@@@@I@Z 000000018001c4fc     libucrt:getmodulefilenamea.obj
 0002:00009510       $unwind$_setmbcp_nolock    000000018001c510     libucrt:mbctype.obj
 0002:00009530       $unwind$__dcrt_lowio_ensure_console_output_initialized 000000018001c530     libucrt:initcon.obj
 0002:00009530       $unwind$_isleadbyte_l      000000018001c530     libucrt:_wctype.obj
 0002:00009530       $unwind$?getSystemCP@@YAHH@Z 000000018001c530     libucrt:mbctype.obj
 0002:00009538       $unwind$?update_thread_multibyte_data_internal@@YAPEAU__crt_multibyte_data@@QEAU__acrt_ptd@@QEAPEAU1@@Z 000000018001c538     libucrt:mbctype.obj
 0002:00009560       $unwind$?setmbcp_internal@@YAHH_NQEAU__acrt_ptd@@QEAPEAU__crt_multibyte_data@@@Z 000000018001c560     libucrt:mbctype.obj
 0002:00009570       $unwind$?setSBUpLow@@YAXPEAU__crt_multibyte_data@@@Z 000000018001c570     libucrt:mbctype.obj
 0002:0000958c       $unwind$??$?RV<lambda_efdfa57d1f175319df784efa44bb7b81>@@AEAV<lambda_5f0a4c1567f8adc6734073e5d1e1b35c>@@V<lambda_2e8a7d3640ea6ccb4c2413664c2db6fd>@@@?$__crt_seh_guarded_call@X@@QEAAX$$QEAV<lambda_efdfa57d1f175319df784efa44bb7b81>@@AEAV<lambda_5f0a4c1567f8adc6734073e5d1e1b35c>@@$$QEAV<lambda_2e8a7d3640ea6ccb4c2413664c2db6fd>@@@Z 000000018001c58c     libucrt:mbctype.obj
 0002:000095b0       $unwind$?x_ismbbtype_l@@YAHPEAU__crt_locale_pointers@@IHH@Z 000000018001c5b0     libucrt:ismbbyte.obj
 0002:000095c0       $unwind$__acrt_initialize_winapi_thunks 000000018001c5c0     libucrt:winapi_thunks.obj
 0002:000095c8       $unwind$_query_new_handler 000000018001c5c8     libucrt:new_handler.obj
 0002:000095e8       $unwind$raise              000000018001c5e8     libucrt:signal.obj
 0002:00009624       $unwind$??$?RV<lambda_450d765d439847d4c735a33c368b5fc0>@@AEAV<lambda_44731a7d0e6d81c3e6aa82d741081786>@@V<lambda_601a2a7da3b7a96e9554ac7215c4b07c>@@@?$__crt_seh_guarded_call@P6AXH@Z@@QEAAP6AXH@Z$$QEAV<lambda_450d765d439847d4c735a33c368b5fc0>@@AEAV<lambda_44731a7d0e6d81c3e6aa82d741081786>@@$$QEAV<lambda_601a2a7da3b7a96e9554ac7215c4b07c>@@@Z 000000018001c624     libucrt:signal.obj
 0002:00009648       $unwind$?common_flush_all@@YAH_N@Z 000000018001c648     libucrt:fflush.obj
 0002:00009650       $unwind$??$?RV<lambda_842d9ff0dc9ef11c61343bbaebe7f885>@@AEAV<lambda_c5860995281e5c4ce005b3de8f5874ee>@@V<lambda_d90129c13df834fdcbf8d2b88dafcf2d>@@@?$__crt_seh_guarded_call@X@@QEAAX$$QEAV<lambda_842d9ff0dc9ef11c61343bbaebe7f885>@@AEAV<lambda_c5860995281e5c4ce005b3de8f5874ee>@@$$QEAV<lambda_d90129c13df834fdcbf8d2b88dafcf2d>@@@Z 000000018001c650     libucrt:fflush.obj
 0002:00009674       $unwind$??$?RV<lambda_886d6c58226a84441f68b9f2b8217b83>@@AEAV<lambda_ab61a845afdef5b7c387490eaf3616ee>@@V<lambda_f7f22ab5edc0698d5f6905b0d3f44752>@@@?$__crt_seh_guarded_call@X@@QEAAX$$QEAV<lambda_886d6c58226a84441f68b9f2b8217b83>@@AEAV<lambda_ab61a845afdef5b7c387490eaf3616ee>@@$$QEAV<lambda_f7f22ab5edc0698d5f6905b0d3f44752>@@@Z 000000018001c674     libucrt:fflush.obj
 0002:0000969c       $unwind$iswctype           000000018001c69c     libucrt:iswctype.obj
 0002:000096a8       $unwind$?__mbrtowc_utf8@__crt_mbstring@@YA_KPEA_WPEBD_KPEAU_Mbstatet@@@Z 000000018001c6a8     libucrt:mbrtowc.obj
 0002:000096b0       $unwind$?__mbsrtowcs_utf8@__crt_mbstring@@YA_KPEA_WPEAPEBD_KPEAU_Mbstatet@@@Z 000000018001c6b0     libucrt:mbrtowc.obj
 0002:000096c8       $unwind$__acrt_update_thread_locale_data 000000018001c6c8     libucrt:locale_refcounting.obj
 0002:000096ec       $unwind$__acrt_fltout      000000018001c6ec     libucrt:cfout.obj
 0002:0000970c       $unwind$?divide@__crt_strtox@@YA_KAEAUbig_integer@1@AEBU21@@Z 000000018001c70c     libucrt:cfout.obj
 0002:00009724       $chain$0$?divide@__crt_strtox@@YA_KAEAUbig_integer@1@AEBU21@@Z 000000018001c724     libucrt:cfout.obj
 0002:00009738       $chain$1$?divide@__crt_strtox@@YA_KAEAUbig_integer@1@AEBU21@@Z 000000018001c738     libucrt:cfout.obj
 0002:00009748       $unwind$_fcloseall         000000018001c748     libucrt:closeall.obj
 0002:0000976c       $unwind$__acrt_locale_free_monetary 000000018001c76c     libucrt:initmon.obj
 0002:00009774       $unwind$__acrt_locale_free_time 000000018001c774     libucrt:inittime.obj
 0002:00009784       $unwind$__acrt_GetStringTypeA 000000018001c784     libucrt:getstringtypea.obj
 0002:000097ac       $unwind$_free_osfhnd       000000018001c7ac     libucrt:osfinfo.obj
 0002:000097c0       $unwind$__acrt_lowio_destroy_handle_array 000000018001c7c0     libucrt:osfinfo.obj
 0002:000097d0       $unwind$__acrt_lowio_ensure_fh_exists 000000018001c7d0     libucrt:osfinfo.obj
 0002:000097fc       $unwind$qsort              000000018001c7fc     libucrt:qsort.obj
 0002:00009814       $chain$4$qsort             000000018001c814     libucrt:qsort.obj
 0002:00009838       $chain$5$qsort             000000018001c838     libucrt:qsort.obj
 0002:00009848       $unwind$strpbrk            000000018001c848     libucrt:strpbrk.obj
 0002:00009858       $unwind$fallbackMethod     000000018001c858     libucrt:strpbrk.obj
 0002:00009868       $unwind$__acrt_LCMapStringA 000000018001c868     libucrt:lcmapstringa.obj
 0002:00009878       $unwind$?__acrt_LCMapStringA_stat@@YAHPEAU__crt_locale_pointers@@PEB_WKPEBDHPEADHHH@Z 000000018001c878     libucrt:lcmapstringa.obj
 0002:000098a0       $unwind$_close             000000018001c8a0     libucrt:close.obj
 0002:000098a0       $unwind$_commit            000000018001c8a0     libucrt:commit.obj
 0002:000098a8       $unwind$??$?RV<lambda_a37b2b86f63e897a80ea819b0eb08c01>@@AEAV<lambda_38ce7e780aa69e748d6df282ebc68efe>@@V<lambda_99fb1378e971ab6e7edea83e3a7a83a2>@@@?$__crt_seh_guarded_call@H@@QEAAH$$QEAV<lambda_a37b2b86f63e897a80ea819b0eb08c01>@@AEAV<lambda_38ce7e780aa69e748d6df282ebc68efe>@@$$QEAV<lambda_99fb1378e971ab6e7edea83e3a7a83a2>@@@Z 000000018001c8a8     libucrt:commit.obj
 0002:000098cc       $unwind$_write             000000018001c8cc     libucrt:write.obj
 0002:000098fc       $unwind$_write_nolock      000000018001c8fc     libucrt:write.obj
 0002:00009914       $unwind$?write_double_translated_ansi_nolock@@YA?AUwrite_result@?A0x17268360@@HQEBDI@Z 000000018001c914     libucrt:write.obj
 0002:00009938       $unwind$?write_text_ansi_nolock@@YA?AUwrite_result@?A0x17268360@@HQEBDI@Z 000000018001c938     libucrt:write.obj
 0002:00009938       $unwind$?write_text_utf16le_nolock@@YA?AUwrite_result@?A0x17268360@@HQEBDI@Z 000000018001c938     libucrt:write.obj
 0002:00009958       $unwind$?write_text_utf8_nolock@@YA?AUwrite_result@?A0x17268360@@HQEBDI@Z 000000018001c958     libucrt:write.obj
 0002:0000997c       $unwind$?__mbrtoc32_utf8@__crt_mbstring@@YA_KPEA_UPEBD_KPEAU_Mbstatet@@@Z 000000018001c97c     libucrt:mbrtoc32.obj
 0002:00009998       $xdatasym                  000000018001c998     libucrt:log10.obj
 0002:000099a4       $unwind$fclose             000000018001c9a4     libucrt:fclose.obj
 0002:000099c8       $unwind$_putwch_nolock     000000018001c9c8     libucrt:putwch.obj
 0002:000099d0       $unwind$__acrt_fenv_set_control 000000018001c9d0     libucrt:_fenvutils.obj
 0002:000099e0       $unwind$_call_matherr      000000018001c9e0     libucrt:libm_error.obj
 0002:000099e8       $unwind$_handle_error      000000018001c9e8     libucrt:libm_error.obj
 0002:00009a08       $unwind$__acrt_initialize_fma3 000000018001ca08     libucrt:fma3_available.obj
 0002:00009a10       $unwind$_log_special_common 000000018001ca10     libucrt:log_special.obj
 0002:00009a1c       $unwind$??$?RV<lambda_751a882b2c74d4b022dec766aa51a29a>@@AEAV<lambda_628dfdc04ba53c8bfc02c9951375f3f5>@@V<lambda_f6c7be5f7998530c34de24c7437d6b54>@@@?$__crt_seh_guarded_call@H@@QEAAH$$QEAV<lambda_751a882b2c74d4b022dec766aa51a29a>@@AEAV<lambda_628dfdc04ba53c8bfc02c9951375f3f5>@@$$QEAV<lambda_f6c7be5f7998530c34de24c7437d6b54>@@@Z 000000018001ca1c     libucrt:close.obj
 0002:00009a40       $xdatasym                  000000018001ca40     libucrt:fpsr.obj
 0002:00009a48       $unwind$_raise_exc         000000018001ca48     libucrt:fpexcept.obj
 0002:00009a50       $unwind$_raise_exc_ex      000000018001ca50     libucrt:fpexcept.obj
 0002:00009a64       $unwind$_ctrlfp            000000018001ca64     libucrt:fpctrl.obj
 0002:00009a8c       $unwind$_IsNonwritableInCurrentImage 000000018001ca8c     LIBCMT:pesect.obj
 0002:00009ab0       $xdatasym                  000000018001cab0     LIBCMT:chkstk.obj
 0002:00009ab8       $xdatasym                  000000018001cab8     libvcruntime:memcmp.obj
 0002:00009ac0       .edata                     000000018001cac0     ico.exp
 0002:00009ae8       rgpv                       000000018001cae8     ico.exp
 0002:00009afc       rgszName                   000000018001cafc     ico.exp
 0002:00009b10       rgwOrd                     000000018001cb10     ico.exp
 0002:00009b1a       szName                     000000018001cb1a     ico.exp
 0002:00009b22       $N00001                    000000018001cb22     ico.exp
 0002:00009b2d       $N00002                    000000018001cb2d     ico.exp
 0002:00009b36       $N00003                    000000018001cb36     ico.exp
 0002:00009b3f       $N00004                    000000018001cb3f     ico.exp
 0002:00009b48       $N00005                    000000018001cb48     ico.exp
 0002:00009eb0       .idata$6                   000000018001ceb0     kernel32:KERNEL32.dll
 0002:00009ee2       .idata$6                   000000018001cee2     ole32:ole32.dll
 0002:00009fb4       .idata$6                   000000018001cfb4     gdiplus:gdiplus.dll
 0003:00000030       ?__vcrt_flsindex@@3KA      000000018001e030     libvcruntime:per_thread_data.obj
 0003:00000050       ?errno_no_memory@@3HA      000000018001e050     libucrt:errno.obj
 0003:00000054       ?doserrno_no_memory@@3KA   000000018001e054     libucrt:errno.obj
 0003:00000058       ?__acrt_flsindex@@3KA      000000018001e058     libucrt:per_thread_data.obj
 0003:00000510       _mbctypes                  000000018001e510     libucrt:mbctype.obj
 0003:00000620       _mbcasemaps                000000018001e620     libucrt:mbctype.obj
 0003:00000720       ?__rgctypeflag@@3PADA      000000018001e720     libucrt:mbctype.obj
 0003:00000730       ?__rgcode_page_info@@3PAUcode_page_info@@A 000000018001e730     libucrt:mbctype.obj
 0003:000009d0       ?__dcrt_lowio_console_output_handle@@3PEAXEA 000000018001e9d0     libucrt:initcon.obj
 0003:000009e0       ?dazSupported@?1??_ctrlfp@@9@9 000000018001e9e0     libucrt:fpctrl.obj
 0003:00000b40       ?gHeapInit@?A0x333b15f0@@3U?$atomic@H@std@@A 000000018001eb40     common-kernel64:Memory.obj
 0003:00000b44       ?gHeapCounter@?A0x333b15f0@@3U?$atomic@H@std@@A 000000018001eb44     common-kernel64:Memory.obj
 0003:00000b48       ?ghHeap@?A0x333b15f0@@3PEAXEA 000000018001eb48     common-kernel64:Memory.obj
 0003:00000b50       ?__proc_attached@@3HA      000000018001eb50     LIBCMT:dll_dllmain.obj
 0003:00000b60       GS_ExceptionRecord         000000018001eb60     LIBCMT:gs_report.obj
 0003:00000c00       GS_ContextRecord           000000018001ec00     LIBCMT:gs_report.obj
 0003:000010f8       ?is_initialized_as_dll@@3_NA 000000018001f0f8     LIBCMT:utility.obj
 0003:000010f9       ?module_local_atexit_table_initialized@@3_NA 000000018001f0f9     LIBCMT:utility.obj
 0003:00001100       ?module_local_atexit_table@@3U_onexit_table_t@@A 000000018001f100     LIBCMT:utility.obj
 0003:00001118       ?module_local_at_quick_exit_table@@3U_onexit_table_t@@A 000000018001f118     LIBCMT:utility.obj
 0003:00001180       ?heap@@3V_HeapManager@@A   000000018001f180     libvcruntime:undname.obj
 0003:000011b0       ?__vcrt_startup_thread_ptd@@3U__vcrt_ptd@@A 000000018001f1b0     libvcruntime:per_thread_data.obj
 0003:00001230       __vcrt_lock_table          000000018001f230     libvcruntime:locks.obj
 0003:00001258       __vcrt_locks_initialized   000000018001f258     libvcruntime:locks.obj
 0003:00001260       ?module_handles@@3PAPEAUHINSTANCE__@@A 000000018001f260     libvcruntime:winapi_downlevel.obj
 0003:00001278       ?function_pointers@@3PAPEAXA 000000018001f278     libvcruntime:winapi_downlevel.obj
 0003:000012a8       ?c_termination_complete@@3JA 000000018001f2a8     libucrt:exit.obj
 0003:000012b0       ?thread_local_exit_callback_func@@3P6AXPEAXK0@ZEA 000000018001f2b0     libucrt:exit.obj
 0003:000012c0       ?program_name@?1???$common_configure_argv@D@@YAHW4_crt_argv_mode@@@Z@4PADA 000000018001f2c0     libucrt:argv_parsing.obj
 0003:00001418       ?__acrt_invalid_parameter_handler@@3V?$dual_state_global@P6AXPEB_W00I_K@Z@__crt_state_management@@A 000000018001f418     libucrt:invalid_parameter.obj
 0003:00001420       ?internal_state@?1??_mbtowc_l@@9@4U_Mbstatet@@A 000000018001f420     libucrt:mbtowc.obj
 0003:00001438       ?enable_percent_n@@3_KA    000000018001f438     libucrt:printf_count_output.obj
 0003:00001870       ?__acrt_lock_table@@3PAU_RTL_CRITICAL_SECTION@@A 000000018001f870     libucrt:locks.obj
 0003:00001aa0       ?__acrt_locks_initialized@@3IA 000000018001faa0     libucrt:locks.obj
 0003:00001ac0       ?fSystemSet@@3HA           000000018001fac0     libucrt:mbctype.obj
 0003:00001ac4       ?initialized@?1??__acrt_initialize_multibyte@@9@4_NA 000000018001fac4     libucrt:mbctype.obj
 0003:00001b00       ?module_handles@@3PAPEAUHINSTANCE__@@A 000000018001fb00     libucrt:winapi_thunks.obj
 0003:00001ba0       ?encoded_function_pointers@@3PAPEAXA 000000018001fba0     libucrt:winapi_thunks.obj
 0003:00001cb8       ?__acrt_new_handler@@3V?$dual_state_global@P6AH_K@Z@__crt_state_management@@A 000000018001fcb8     libucrt:new_handler.obj
 0003:00001cc0       ?ctrlc_action@@3V?$dual_state_global@P6AXH@Z@__crt_state_management@@A 000000018001fcc0     libucrt:signal.obj
 0003:00001cc8       ?ctrlbreak_action@@3V?$dual_state_global@P6AXH@Z@__crt_state_management@@A 000000018001fcc8     libucrt:signal.obj
 0003:00001cd0       ?abort_action@@3V?$dual_state_global@P6AXH@Z@__crt_state_management@@A 000000018001fcd0     libucrt:signal.obj
 0003:00001cd8       ?term_action@@3V?$dual_state_global@P6AXH@Z@__crt_state_management@@A 000000018001fcd8     libucrt:signal.obj
 0003:00001ce0       ?user_matherr@@3V?$dual_state_global@P6AHPEAU_exception@@@Z@__crt_state_management@@A 000000018001fce0     libucrt:matherr.obj
 0003:00001ce8       ?__acrt_global_new_mode@@3V?$dual_state_global@J@__crt_state_management@@A 000000018001fce8     libucrt:new_mode.obj
 0003:00001cf8       ?internal_pst@?1??__mbrtoc32_utf8@__crt_mbstring@@YA_KPEA_UPEBD_KPEAU_Mbstatet@@@Z@4U3@A 000000018001fcf8     libucrt:mbrtoc32.obj
 0003:00001d00       ?__acrt_app_type@@3W4_crt_app_type@@A 000000018001fd00     libucrt:report_runtime_error.obj
 0005:00000000       MoveSmall                  0000000180022000     libvcruntime:memcpy.obj
 0005:00000080       MsetTab                    0000000180022080     libvcruntime:memset.obj
 0006:000000a0       $R000000                   00000001800230a0     ico.res
 0006:000003a8       $R000308                   00000001800233a8     ico.res
